Microchip MPLAB XC8 Compiler V2.05 ()

Linker command line:

-W-3 --edf=/opt/microchip/xc8/v2.05/pic/dat/en_msgs.txt -cs \
  -h+dist/default/production/pulsonic.X.production.sym \
  --cmf=dist/default/production/pulsonic.X.production.cmf -z -Q18F4550 \
  -o/tmp/xcXxApEx4 -Mdist/default/production/pulsonic.X.production.map -E1 \
  -ver=XC8 -ASTACK=0144h-07FFh -pstack=STACK -ACODE=00h-07FFFh \
  -ACONST=00h-07FFFh -ASMALLCONST=0800h-08FFhx120 \
  -AMEDIUMCONST=0800h-07FFFh -ACOMRAM=01h-05Fh -AABS1=00h-07FFh \
  -ABIGRAM=01h-07FFh -ARAM=060h-0FFh,0100h-01FFhx7 -ABANK0=060h-0FFh \
  -ABANK1=0100h-01FFh -ABANK2=0200h-02FFh -ABANK3=0300h-03FFh \
  -ABANK4=0400h-04FFh -ABANK5=0500h-05FFh -ABANK6=0600h-06FFh \
  -ABANK7=0700h-07FFh -ASFR=0F60h-0FFFh \
  -preset_vec=00h,intcode=08h,intcodelo,powerup,init -pramtop=0800h \
  -psmallconst=SMALLCONST -pmediumconst=MEDIUMCONST -pconst=CONST \
  -AFARRAM=00h-00h -ACONFIG=0300000h-030000Dh -pconfig=CONFIG \
  -AIDLOC=0200000h-0200007h -pidloc=IDLOC -AEEDATA=0F00000h-0F000FFh \
  -peeprom_data=EEDATA \
  -prdata=COMRAM,nvrram=COMRAM,nvbit=COMRAM,rbss=COMRAM,rbit=COMRAM \
  -pfarbss=FARRAM,fardata=FARRAM,nvFARRAM=FARRAM \
  -pintsave_regs=BIGRAM,bigbss=BIGRAM,bigdata=BIGRAM -pbss=RAM \
  -pidata=CODE,irdata=CODE,ibigdata=CODE,ifardata=CODE -prparam=COMRAM \
  /tmp/xcXpDOWlf.obj dist/default/production/pulsonic.X.production.obj 

Object code version is 3.11

Machine type is 18F4550

Call graph: (short form)




                Name                               Link     Load   Length Selector   Space Scale
/tmp/xcXpDOWlf.obj
                init                                  E        E        4        4       0
                reset_vec                             0        0        4        0       0
                idloc                            200000   200000        8   200000       0
                config                           300000   300000        E   300000       0
dist/default/production/pulsonic.X.production.obj
                intcode                               8        8        6        4       0
                temp                                 53       53        1        1       1
                smallconst                          800      800       12      400       0
                text80                             297C     297C        A     141A       0
                text79                             2972     2972        A     141A       0
                text78                             2968     2968        A     141A       0
                text77                             295E     295E        A     141A       0
                text76                             2954     2954        A     141A       0
                text75                             258A     258A       42      409       0
                text74                             2266     2266       62      409       0
                text73                             246E     246E       4A      409       0
                text72                             2500     2500       48      409       0
                intcode_body                       2424     2424       4A      409       0
                text70                             264C     264C       3E      409       0
                text69                             28C8     28C8       12     141A       0
                text68                             1B32     1B32       AE      409       0
                text67                             12FE     12FE      1A8      409       0
                text66                             2126     2126       74      409       0
                text65                             18B6     18B6       F4      409       0
                text64                             19AA     19AA       D2      409       0
                text63                             2386     2386       52      409       0
                text62                             2548     2548       42      409       0
                text61                             1D1E     1D1E       94      409       0
                text60                             268A     268A       32      409       0
                text59                             10E2     10E2      21C      409       0
                text58                             2834     2834       1E     141A       0
                text57                             27A6     27A6       26      409       0
                text56                             1ECE     1ECE       7E      409       0
                text55                             271C     271C       30      409       0
                text54                             2852     2852       1C     141A       0
                text53                             28A2     28A2       14     141A       0
                text52                             2920     2920        C     141A       0
                text51                             1F4C     1F4C       7A      409       0
                text50                             28FA     28FA        E     141A       0
                text49                             26EC     26EC       30      409       0
                text48                             26BC     26BC       30      409       0
                text47                             28B6     28B6       12     141A       0
                text46                             24B8     24B8       48      409       0
                text45                             28EA     28EA       10     141A       0
                text44                             294A     294A        A     141A       0
                text43                             1C80     1C80       9E      409       0
                text42                             2914     2914        C     141A       0
                text41                             27F0     27F0       22      409       0
                text40                             17AC     17AC      10A      409       0
                text39                             2888     2888       1A     141A       0
                text38                             2908     2908        C     141A       0
                text37                             286E     286E       1A     141A       0
                text36                             28DA     28DA       10     141A       0
                text35                             20B2     20B2       74      409       0
                text34                             260C     260C       40      409       0
                text33                              E42      E42      2A0      409       0
                text32                             274C     274C       2E      409       0
                text31                             29C0     29C0        4     141A       0
                text30                             29BC     29BC        4     141A       0
                text29                             29B8     29B8        4     141A       0
                text28                             29B4     29B4        4     141A       0
                text27                             29B0     29B0        4     141A       0
                text26                             29AC     29AC        4     141A       0
                text25                             29A8     29A8        4     141A       0
                text24                             29A4     29A4        4     141A       0
                text23                             29A0     29A0        4     141A       0
                text22                             299C     299C        4     141A       0
                text21                             25CC     25CC       40      409       0
                text20                             2328     2328       5E      409       0
                text19                             1BE0     1BE0       A0      409       0
                text18                             1FC6     1FC6       78      409       0
                text17                             1A7C     1A7C       B6      409       0
                text16                             27CC     27CC       24      409       0
                text15                             23D8     23D8       4C      409       0
                text14                              812      812      630      409       0
                text13                             298E     298E        8     141A       0
                text12                             2986     2986        8     141A       0
                text11                             2940     2940        A     141A       0
                text10                             2936     2936        A     141A       0
                text9                              2996     2996        6     141A       0
                text8                              14A6     14A6      1A0      409       0
                text7                              292C     292C        A     141A       0
                text6                              1E42     1E42       8C      409       0
                text5                              22C8     22C8       60      409       0
                text4                              219A     219A       68      409       0
                text3                              203E     203E       74      409       0
                text2                              1DB2     1DB2       90      409       0
                text1                              277A     277A       2C      409       0
                text0                              1646     1646      166      409       0
                cstackCOMRAM                          1        1       43        1       1
                cstackBANK0                          EE       EE       11       60       1
                cstackBANK1                         141      141        3      100       1
                bssBANK1                            100      100       41      100       1
                dataBANK0                            CD       CD       21       60       1
                bssBANK0                             60       60       6D       60       1
                dataCOMRAM                           52       52        1        1       1
                bssCOMRAM                            44       44        E        1       1
                cinit                              2202     2202       64      409       0
                idataBANK0                         2812     2812       21      409       0
                idataCOMRAM                        29C4     29C4        1     141A       0

TOTAL           Name                               Link     Load   Length     Space
        CLASS   STACK          

        CLASS   CODE           
                intcode                               8        8        6         0
                init                                  E        E        4         0
                reset_vec                             0        0        4         0
                text80                             297C     297C        A         0
                text79                             2972     2972        A         0
                text78                             2968     2968        A         0
                text77                             295E     295E        A         0
                text76                             2954     2954        A         0
                text75                             258A     258A       42         0
                text74                             2266     2266       62         0
                text73                             246E     246E       4A         0
                text72                             2500     2500       48         0
                intcode_body                       2424     2424       4A         0
                text70                             264C     264C       3E         0
                text69                             28C8     28C8       12         0
                text68                             1B32     1B32       AE         0
                text67                             12FE     12FE      1A8         0
                text66                             2126     2126       74         0
                text65                             18B6     18B6       F4         0
                text64                             19AA     19AA       D2         0
                text63                             2386     2386       52         0
                text62                             2548     2548       42         0
                text61                             1D1E     1D1E       94         0
                text60                             268A     268A       32         0
                text59                             10E2     10E2      21C         0
                text58                             2834     2834       1E         0
                text57                             27A6     27A6       26         0
                text56                             1ECE     1ECE       7E         0
                text55                             271C     271C       30         0
                text54                             2852     2852       1C         0
                text53                             28A2     28A2       14         0
                text52                             2920     2920        C         0
                text51                             1F4C     1F4C       7A         0
                text50                             28FA     28FA        E         0
                text49                             26EC     26EC       30         0
                text48                             26BC     26BC       30         0
                text47                             28B6     28B6       12         0
                text46                             24B8     24B8       48         0
                text45                             28EA     28EA       10         0
                text44                             294A     294A        A         0
                text43                             1C80     1C80       9E         0
                text42                             2914     2914        C         0
                text41                             27F0     27F0       22         0
                text40                             17AC     17AC      10A         0
                text39                             2888     2888       1A         0
                text38                             2908     2908        C         0
                text37                             286E     286E       1A         0
                text36                             28DA     28DA       10         0
                text35                             20B2     20B2       74         0
                text34                             260C     260C       40         0
                text33                              E42      E42      2A0         0
                text32                             274C     274C       2E         0
                text31                             29C0     29C0        4         0
                text30                             29BC     29BC        4         0
                text29                             29B8     29B8        4         0
                text28                             29B4     29B4        4         0
                text27                             29B0     29B0        4         0
                text26                             29AC     29AC        4         0
                text25                             29A8     29A8        4         0
                text24                             29A4     29A4        4         0
                text23                             29A0     29A0        4         0
                text22                             299C     299C        4         0
                text21                             25CC     25CC       40         0
                text20                             2328     2328       5E         0
                text19                             1BE0     1BE0       A0         0
                text18                             1FC6     1FC6       78         0
                text17                             1A7C     1A7C       B6         0
                text16                             27CC     27CC       24         0
                text15                             23D8     23D8       4C         0
                text14                              812      812      630         0
                text13                             298E     298E        8         0
                text12                             2986     2986        8         0
                text11                             2940     2940        A         0
                text10                             2936     2936        A         0
                text9                              2996     2996        6         0
                text8                              14A6     14A6      1A0         0
                text7                              292C     292C        A         0
                text6                              1E42     1E42       8C         0
                text5                              22C8     22C8       60         0
                text4                              219A     219A       68         0
                text3                              203E     203E       74         0
                text2                              1DB2     1DB2       90         0
                text1                              277A     277A       2C         0
                text0                              1646     1646      166         0
                cinit                              2202     2202       64         0
                idataBANK0                         2812     2812       21         0
                idataCOMRAM                        29C4     29C4        1         0

        CLASS   CONST          

        CLASS   SMALLCONST     
                smallconst                          800      800       12         0

        CLASS   MEDIUMCONST    

        CLASS   COMRAM         
                temp                                 53       53        1         1
                cstackCOMRAM                          1        1       43         1
                dataCOMRAM                           52       52        1         1
                bssCOMRAM                            44       44        E         1

        CLASS   ABS1           

        CLASS   BIGRAM         

        CLASS   RAM            

        CLASS   BANK0          
                cstackBANK0                          EE       EE       11         1
                dataBANK0                            CD       CD       21         1
                bssBANK0                             60       60       6D         1

        CLASS   BANK1          
                cstackBANK1                         141      141        3         1
                bssBANK1                            100      100       41         1

        CLASS   BANK2          

        CLASS   BANK3          

        CLASS   BANK4          

        CLASS   BANK5          

        CLASS   BANK6          

        CLASS   BANK7          

        CLASS   SFR            

        CLASS   FARRAM         

        CLASS   CONFIG         
                config                           300000   300000        E         0

        CLASS   IDLOC          
                idloc                            200000   200000        8         0

        CLASS   EEDATA         



SEGMENTS        Name                           Load    Length   Top    Selector   Space  Class

                reset_vec                      000000  000004  000004         0       0  CODE    
                cstackCOMRAM                   000001  000053  000054         1       1  COMRAM  
                intcode                        000008  00000A  000012         4       0  CODE    
                bssBANK0                       000060  00009F  0000FF        60       1  BANK0   
                bssBANK1                       000100  000044  000144       100       1  BANK1   
                smallconst                     000800  000012  000812       400       0  SMALLCON
                text14                         000812  002021  002833       409       0  CODE    
                text58                         002834  000191  0029C5      141A       0  CODE    
                idloc                          200000  000008  200008    200000       0  IDLOC   
                config                         300000  00000E  30000E    300000       0  CONFIG  


UNUSED ADDRESS RANGES

        Name                Unused          Largest block    Delta
        BANK0            0000FF-0000FF                1
        BANK1            000144-0001FF               BC
        BANK2            000200-0002FF              100
        BANK3            000300-0003FF              100
        BANK4            000400-0004FF              100
        BANK5            000500-0005FF              100
        BANK6            000600-0006FF              100
        BANK7            000700-0007FF              100
        BIGRAM           000054-00005F                C
                         0000FF-0000FF                1
                         000144-0007FF              6BC
        CODE             000004-000007                4
                         000012-0007FF              7EE
                         002833-002833                1
                         0029C5-007FFF             563B
        COMRAM           000054-00005F                C
        CONST            000004-000007                4
                         000012-0007FF              7EE
                         002833-002833                1
                         0029C5-007FFF             563B
        EEDATA           F00000-F000FF              100
        MEDIUMCONST      002833-002833                1
                         0029C5-007FFF             563B
        RAM              0000FF-0000FF                1
                         000144-0007FF              100
        SFR              000F60-000FFF               A0
        SMALLCONST       002833-002833                1
                         0029C5-007FFF              100
        STACK            000144-0007FF              6BC

                                  Symbol Table

?___ftadd                               cstackCOMRAM 000013
?___ftmul                               cstackCOMRAM 000013
?___ftpack                              cstackCOMRAM 00000B
?___ftsub                               cstackCOMRAM 00001F
?___fttol                               cstackCOMRAM 000022
?___lwdiv                               cstackCOMRAM 00000B
?___lwmod                               cstackCOMRAM 00000B
?___lwtoft                              cstackCOMRAM 000013
?___wmul                                cstackCOMRAM 00000B
?_pulsonic_getTotalSum_mlh              cstackCOMRAM 00001F
?_strlen                                cstackCOMRAM 00000B
_ADCON1                                 (abs)        000FC1
_CMCON                                  (abs)        000FB4
_DISP7S_CHARS                           smallconst   00080F
_DISP7S_NUMS                            smallconst   000801
_GIE                                    (abs)        007F97
_INTERRUPCION                           intcode      000008
_LATA                                   (abs)        000F89
_LATB                                   (abs)        000F8A
_LATC                                   (abs)        000F8B
_LATD                                   (abs)        000F8C
_LATE                                   (abs)        000F8D
_NOZZLE_QTY_DIFF                        dataBANK0    0000E9
_OIL_VISCOSITY                          smallconst   00080B
_PORTC                                  (abs)        000F82
_PORTD                                  (abs)        000F83
_PORTE                                  (abs)        000F84
_T0CON                                  (abs)        000FD5
_TMR0H                                  (abs)        000FD7
_TMR0IE                                 (abs)        007F95
_TMR0IF                                 (abs)        007F92
_TMR0L                                  (abs)        000FD6
_TRISA                                  (abs)        000F92
_TRISB                                  (abs)        000F93
_TRISC                                  (abs)        000F94
_TRISD                                  (abs)        000F95
_TRISE                                  (abs)        000F96
_UCFG                                   (abs)        000F6F
_UCON                                   (abs)        000F6D
__CFG_BOR$OFF                           (abs)        000000
__CFG_BORV$3                            (abs)        000000
__CFG_CPUDIV$OSC1_PLL2                  (abs)        000000
__CFG_FCMEN$OFF                         (abs)        000000
__CFG_FOSC$HSPLL_HS                     (abs)        000000
__CFG_IESO$OFF                          (abs)        000000
__CFG_LVP$OFF                           (abs)        000000
__CFG_MCLRE$ON                          (abs)        000000
__CFG_PBADEN$OFF                        (abs)        000000
__CFG_PLLDIV$5                          (abs)        000000
__CFG_PWRT$ON                           (abs)        000000
__CFG_USBDIV$2                          (abs)        000000
__CFG_VREGEN$ON                         (abs)        000000
__CFG_WDT$OFF                           (abs)        000000
__HRAM                                  (abs)        000000
__Habs1                                 abs1         000000
__Hbank0                                bank0        000000
__Hbank1                                bank1        000000
__Hbank2                                bank2        000000
__Hbank3                                bank3        000000
__Hbank4                                bank4        000000
__Hbank5                                bank5        000000
__Hbank6                                bank6        000000
__Hbank7                                bank7        000000
__Hbigbss                               bigbss       000000
__Hbigdata                              bigdata      000000
__Hbigram                               bigram       000000
__Hbss                                  bss          000000
__HbssBANK0                             bssBANK0     000000
__HbssBANK1                             bssBANK1     000000
__HbssCOMRAM                            bssCOMRAM    000000
__Hcinit                                cinit        000000
__Hclrtext                              clrtext      000000
__Hcomram                               comram       000000
__Hconfig                               config       30000E
__Hconst                                const        000000
__HcstackBANK0                          cstackBANK0  000000
__HcstackBANK1                          cstackBANK1  000000
__HcstackCOMRAM                         cstackCOMRAM 000000
__Hdata                                 data         000000
__HdataBANK0                            dataBANK0    000000
__HdataCOMRAM                           dataCOMRAM   000000
__Heeprom_data                          eeprom_data  000000
__Hfarbss                               farbss       000000
__Hfardata                              fardata      000000
__Hibigdata                             ibigdata     000000
__Hidata                                idata        000000
__HidataBANK0                           idataBANK0   000000
__HidataCOMRAM                          idataCOMRAM  000000
__Hidloc                                idloc        200008
__Hifardata                             ifardata     000000
__Hinit                                 init         000012
__Hintcode                              intcode      00000E
__Hintcode_body                         intcode_body 000000
__Hintcodelo                            intcodelo    00000E
__Hintentry                             intentry     000000
__Hintret                               intret       000000
__Hintsave_regs                         intsave_regs 000000
__Hirdata                               irdata       000000
__Hmediumconst                          mediumconst  000000
__HnvFARRAM                             nvFARRAM     000000
__Hnvbit                                nvbit        000000
__Hnvrram                               nvrram       000000
__Hparam                                rparam       000000
__Hpowerup                              powerup      00000E
__Hram                                  ram          000000
__Hramtop                               ramtop       000800
__Hrbit                                 rbit         000000
__Hrbss                                 rbss         000000
__Hrdata                                rdata        000000
__Hreset_vec                            reset_vec    000004
__Hrparam                               rparam       000000
__Hsfr                                  sfr          000000
__Hsmallconst                           smallconst   000812
__Hspace_0                              (abs)        30000E
__Hspace_1                              (abs)        000144
__Hspace_2                              (abs)        000000
__Hstack                                stack        000000
__Hstruct                               struct       000000
__Htemp                                 temp         000054
__Htext                                 text         000000
__Htext0                                text0        000000
__Htext1                                text1        000000
__Htext10                               text10       000000
__Htext11                               text11       000000
__Htext12                               text12       000000
__Htext13                               text13       000000
__Htext14                               text14       000000
__Htext15                               text15       000000
__Htext16                               text16       000000
__Htext17                               text17       000000
__Htext18                               text18       000000
__Htext19                               text19       000000
__Htext2                                text2        000000
__Htext20                               text20       000000
__Htext21                               text21       000000
__Htext22                               text22       000000
__Htext23                               text23       000000
__Htext24                               text24       000000
__Htext25                               text25       000000
__Htext26                               text26       000000
__Htext27                               text27       000000
__Htext28                               text28       000000
__Htext29                               text29       000000
__Htext3                                text3        000000
__Htext30                               text30       000000
__Htext31                               text31       000000
__Htext32                               text32       000000
__Htext33                               text33       000000
__Htext34                               text34       000000
__Htext35                               text35       000000
__Htext36                               text36       000000
__Htext37                               text37       000000
__Htext38                               text38       000000
__Htext39                               text39       000000
__Htext4                                text4        000000
__Htext40                               text40       000000
__Htext41                               text41       000000
__Htext42                               text42       000000
__Htext43                               text43       000000
__Htext44                               text44       000000
__Htext45                               text45       000000
__Htext46                               text46       000000
__Htext47                               text47       000000
__Htext48                               text48       000000
__Htext49                               text49       000000
__Htext5                                text5        000000
__Htext50                               text50       000000
__Htext51                               text51       000000
__Htext52                               text52       000000
__Htext53                               text53       000000
__Htext54                               text54       000000
__Htext55                               text55       000000
__Htext56                               text56       000000
__Htext57                               text57       000000
__Htext58                               text58       000000
__Htext59                               text59       000000
__Htext6                                text6        000000
__Htext60                               text60       000000
__Htext61                               text61       000000
__Htext62                               text62       000000
__Htext63                               text63       000000
__Htext64                               text64       000000
__Htext65                               text65       000000
__Htext66                               text66       000000
__Htext67                               text67       000000
__Htext68                               text68       000000
__Htext69                               text69       000000
__Htext7                                text7        000000
__Htext70                               text70       000000
__Htext72                               text72       000000
__Htext73                               text73       000000
__Htext74                               text74       000000
__Htext75                               text75       000000
__Htext76                               text76       000000
__Htext77                               text77       000000
__Htext78                               text78       000000
__Htext79                               text79       000000
__Htext8                                text8        000000
__Htext80                               text80       000000
__Htext81                               text81       000000
__Htext9                                text9        000000
__LRAM                                  (abs)        000001
__Labs1                                 abs1         000000
__Lbank0                                bank0        000000
__Lbank1                                bank1        000000
__Lbank2                                bank2        000000
__Lbank3                                bank3        000000
__Lbank4                                bank4        000000
__Lbank5                                bank5        000000
__Lbank6                                bank6        000000
__Lbank7                                bank7        000000
__Lbigbss                               bigbss       000000
__Lbigdata                              bigdata      000000
__Lbigram                               bigram       000000
__Lbss                                  bss          000000
__LbssBANK0                             bssBANK0     000000
__LbssBANK1                             bssBANK1     000000
__LbssCOMRAM                            bssCOMRAM    000000
__Lcinit                                cinit        000000
__Lclrtext                              clrtext      000000
__Lcomram                               comram       000000
__Lconfig                               config       300000
__Lconst                                const        000000
__LcstackBANK0                          cstackBANK0  000000
__LcstackBANK1                          cstackBANK1  000000
__LcstackCOMRAM                         cstackCOMRAM 000000
__Ldata                                 data         000000
__LdataBANK0                            dataBANK0    000000
__LdataCOMRAM                           dataCOMRAM   000000
__Leeprom_data                          eeprom_data  000000
__Lfarbss                               farbss       000000
__Lfardata                              fardata      000000
__Libigdata                             ibigdata     000000
__Lidata                                idata        000000
__LidataBANK0                           idataBANK0   000000
__LidataCOMRAM                          idataCOMRAM  000000
__Lidloc                                idloc        200000
__Lifardata                             ifardata     000000
__Linit                                 init         00000E
__Lintcode                              intcode      000008
__Lintcode_body                         intcode_body 000000
__Lintcodelo                            intcodelo    00000E
__Lintentry                             intentry     000000
__Lintret                               intret       000000
__Lintsave_regs                         intsave_regs 000000
__Lirdata                               irdata       000000
__Lmediumconst                          mediumconst  000000
__LnvFARRAM                             nvFARRAM     000000
__Lnvbit                                nvbit        000000
__Lnvrram                               nvrram       000000
__Lparam                                rparam       000000
__Lpowerup                              powerup      00000E
__Lram                                  ram          000000
__Lramtop                               ramtop       000800
__Lrbit                                 rbit         000000
__Lrbss                                 rbss         000000
__Lrdata                                rdata        000000
__Lreset_vec                            reset_vec    000000
__Lrparam                               rparam       000000
__Lsfr                                  sfr          000000
__Lsmallconst                           smallconst   000800
__Lspace_0                              (abs)        000000
__Lspace_1                              (abs)        000000
__Lspace_2                              (abs)        000000
__Lstack                                stack        000000
__Lstruct                               struct       000000
__Ltemp                                 temp         000053
__Ltext                                 text         000000
__Ltext0                                text0        000000
__Ltext1                                text1        000000
__Ltext10                               text10       000000
__Ltext11                               text11       000000
__Ltext12                               text12       000000
__Ltext13                               text13       000000
__Ltext14                               text14       000000
__Ltext15                               text15       000000
__Ltext16                               text16       000000
__Ltext17                               text17       000000
__Ltext18                               text18       000000
__Ltext19                               text19       000000
__Ltext2                                text2        000000
__Ltext20                               text20       000000
__Ltext21                               text21       000000
__Ltext22                               text22       000000
__Ltext23                               text23       000000
__Ltext24                               text24       000000
__Ltext25                               text25       000000
__Ltext26                               text26       000000
__Ltext27                               text27       000000
__Ltext28                               text28       000000
__Ltext29                               text29       000000
__Ltext3                                text3        000000
__Ltext30                               text30       000000
__Ltext31                               text31       000000
__Ltext32                               text32       000000
__Ltext33                               text33       000000
__Ltext34                               text34       000000
__Ltext35                               text35       000000
__Ltext36                               text36       000000
__Ltext37                               text37       000000
__Ltext38                               text38       000000
__Ltext39                               text39       000000
__Ltext4                                text4        000000
__Ltext40                               text40       000000
__Ltext41                               text41       000000
__Ltext42                               text42       000000
__Ltext43                               text43       000000
__Ltext44                               text44       000000
__Ltext45                               text45       000000
__Ltext46                               text46       000000
__Ltext47                               text47       000000
__Ltext48                               text48       000000
__Ltext49                               text49       000000
__Ltext5                                text5        000000
__Ltext50                               text50       000000
__Ltext51                               text51       000000
__Ltext52                               text52       000000
__Ltext53                               text53       000000
__Ltext54                               text54       000000
__Ltext55                               text55       000000
__Ltext56                               text56       000000
__Ltext57                               text57       000000
__Ltext58                               text58       000000
__Ltext59                               text59       000000
__Ltext6                                text6        000000
__Ltext60                               text60       000000
__Ltext61                               text61       000000
__Ltext62                               text62       000000
__Ltext63                               text63       000000
__Ltext64                               text64       000000
__Ltext65                               text65       000000
__Ltext66                               text66       000000
__Ltext67                               text67       000000
__Ltext68                               text68       000000
__Ltext69                               text69       000000
__Ltext7                                text7        000000
__Ltext70                               text70       000000
__Ltext72                               text72       000000
__Ltext73                               text73       000000
__Ltext74                               text74       000000
__Ltext75                               text75       000000
__Ltext76                               text76       000000
__Ltext77                               text77       000000
__Ltext78                               text78       000000
__Ltext79                               text79       000000
__Ltext8                                text8        000000
__Ltext80                               text80       000000
__Ltext81                               text81       000000
__Ltext9                                text9        000000
__S0                                    (abs)        30000E
__S1                                    (abs)        000144
__S2                                    (abs)        000000
___ftadd                                text67       0012FE
___ftadd@exp1                           cstackCOMRAM 00001E
___ftadd@exp2                           cstackCOMRAM 00001D
___ftadd@f1                             cstackCOMRAM 000013
___ftadd@f2                             cstackCOMRAM 000016
___ftadd@sign                           cstackCOMRAM 00001C
___ftge                                 text66       002126
___ftge@ff1                             cstackCOMRAM 000016
___ftge@ff2                             cstackCOMRAM 000019
___ftmul                                text65       0018B6
___ftmul@cntr                           cstackCOMRAM 000020
___ftmul@exp                            cstackCOMRAM 00001C
___ftmul@f1                             cstackCOMRAM 000013
___ftmul@f2                             cstackCOMRAM 000016
___ftmul@f3_as_product                  cstackCOMRAM 00001D
___ftmul@sign                           cstackCOMRAM 000021
___ftpack                               text68       001B32
___ftpack@arg                           cstackCOMRAM 00000B
___ftpack@exp                           cstackCOMRAM 00000E
___ftpack@sign                          cstackCOMRAM 00000F
___ftsub                                text34       00260C
___ftsub@f1                             cstackCOMRAM 00001F
___ftsub@f2                             cstackCOMRAM 000022
___fttol                                text64       0019AA
___fttol@exp1                           cstackCOMRAM 000030
___fttol@f1                             cstackCOMRAM 000022
___fttol@lval                           cstackCOMRAM 00002C
___fttol@sign1                          cstackCOMRAM 00002B
___inthi_sp                             stack        000000
___intlo_sp                             stack        000000
___lwdiv                                text63       002386
___lwdiv@counter                        cstackCOMRAM 00000F
___lwdiv@dividend                       cstackCOMRAM 00000B
___lwdiv@divisor                        cstackCOMRAM 00000D
___lwdiv@quotient                       cstackCOMRAM 000010
___lwmod                                text62       002548
___lwmod@counter                        cstackCOMRAM 00000F
___lwmod@dividend                       cstackCOMRAM 00000B
___lwmod@divisor                        cstackCOMRAM 00000D
___lwtoft                               text16       0027CC
___lwtoft@c                             cstackCOMRAM 000013
___param_bank                           (abs)        000000
___rparam_used                          (abs)        000001
___sp                                   stack        000000
___wmul                                 text57       0027A6
___wmul@multiplicand                    cstackCOMRAM 00000D
___wmul@multiplier                      cstackCOMRAM 00000B
___wmul@product                         cstackCOMRAM 00000F
__accesstop                             (abs)        000060
__activetblptr                          (abs)        000002
__end_of_DISP7S_CHARS                   smallconst   000811
__end_of_DISP7S_NUMS                    smallconst   00080B
__end_of_INTERRUPCION                   intcode_body 00246E
__end_of_OIL_VISCOSITY                  smallconst   00080F
__end_of___ftadd                        text67       0014A6
__end_of___ftge                         text66       00219A
__end_of___ftmul                        text65       0019AA
__end_of___ftpack                       text68       001BE0
__end_of___ftsub                        text34       00264C
__end_of___fttol                        text64       001A7C
__end_of___lwdiv                        text63       0023D8
__end_of___lwmod                        text62       00258A
__end_of___lwtoft                       text16       0027F0
__end_of___wmul                         text57       0027CC
__end_of__initialization                cinit        002258
__end_of__mpap_off                      text80       002986
__end_of__mpap_step1                    text78       002972
__end_of__mpap_step2                    text77       002968
__end_of__mpap_step3                    text76       00295E
__end_of__mpap_step4                    text79       00297C
__end_of_autoMode_init                  text55       00274C
__end_of_autoMode_job                   text43       001D1E
__end_of_autoMode_kb                    text51       001FC6
__end_of_configMode_disp                text35       002126
__end_of_configMode_init                text42       002920
__end_of_configMode_job                 text32       00277A
__end_of_configMode_kb                  text33       0010E2
__end_of_disp7s_init                    text20       002386
__end_of_disp7s_job                     text18       00203E
__end_of_disp7s_modeDisp_off            text69       0028DA
__end_of_disp7s_modeDisp_writeInt       text39       0028A2
__end_of_disp7s_modeDisp_writeText_oil  text38       002914
__end_of_disp7s_mux0_off                text30       0029C0
__end_of_disp7s_mux0_on                 text29       0029BC
__end_of_disp7s_mux1_off                text28       0029B8
__end_of_disp7s_mux1_on                 text27       0029B4
__end_of_disp7s_mux2_off                text26       0029B0
__end_of_disp7s_mux2_on                 text25       0029AC
__end_of_disp7s_mux3_off                text24       0029A8
__end_of_disp7s_mux3_on                 text23       0029A4
__end_of_disp7s_mux4_off                text22       0029A0
__end_of_disp7s_mux4_on                 text31       0029C4
__end_of_disp7s_mux_Q                   text19       001C80
__end_of_disp7s_mux_init                text21       00260C
__end_of_disp7s_off                     text70       00268A
__end_of_disp7s_qtyDisp_writeFloat      text58       002852
__end_of_disp7s_qtyDisp_writeInt        text37       002888
__end_of_disp7s_qtyDisp_writeText_OFF   text36       0028EA
__end_of_disp7s_write_f                 text59       0012FE
__end_of_disp7s_write_i                 text40       0018B6
__end_of_ikb_init                       text17       001B32
__end_of_ikb_job                        text7        002936
__end_of_ikb_key_is_ready2read          text54       00286E
__end_of_ikb_key_was_read               text53       0028B6
__end_of_ikey_is_accessible             text15       002424
__end_of_ikey_parsing                   text14       000E42
__end_of_ikey_scan                      text8        001646
__end_of_itoa                           text60       0026BC
__end_of_keyRead_pin_key0               text12       00298E
__end_of_keyRead_pin_key1               text11       00294A
__end_of_keyRead_pin_key2               text10       002940
__end_of_keyRead_pin_key3               text9        00299C
__end_of_keyRead_pin_key4               text13       002996
__end_of_main                           text0        0017AC
__end_of_mpap_do1step                   text75       0025CC
__end_of_mpap_homming                   text74       0022C8
__end_of_mpap_isIdle                    text50       002908
__end_of_mpap_job                       text72       002548
__end_of_mpap_movetoNozzle              text48       0026EC
__end_of_mpap_normal_mode               text73       0024B8
__end_of_mpap_setupToHomming            text47       0028C8
__end_of_mpap_setupToTurn               text49       00271C
__end_of_mpap_sych                      text6        001ECE
__end_of_nozzle_isEnabled               text46       002500
__end_of_pulsonic_getTotalSum_mlh       text56       001F4C
__end_of_pulsonic_init                  text5        002328
__end_of_pump_isIdle                    text45       0028FA
__end_of_pump_job                       text4        002202
__end_of_pump_setTick                   text44       002954
__end_of_strlen                         text41       002812
__end_of_utoa                           text61       001DB2
__end_of_visMode_disp                   text3        0020B2
__end_of_visMode_init                   text52       00292C
__end_of_visMode_job                    text1        0027A6
__end_of_visMode_kb                     text2        001E42
__initialization                        cinit        002202
__mediumconst                           mediumconst  000000
__mpap_off                              text80       00297C
__mpap_step1                            text78       002968
__mpap_step2                            text77       00295E
__mpap_step3                            text76       002954
__mpap_step4                            text79       002972
__pbssBANK0                             bssBANK0     000060
__pbssBANK1                             bssBANK1     000100
__pbssCOMRAM                            bssCOMRAM    000044
__pcinit                                cinit        002202
__pcstackBANK0                          cstackBANK0  0000EE
__pcstackBANK1                          cstackBANK1  000141
__pcstackCOMRAM                         cstackCOMRAM 000001
__pdataBANK0                            dataBANK0    0000CD
__pdataCOMRAM                           dataCOMRAM   000052
__pidataBANK0                           idataBANK0   002812
__pidataCOMRAM                          idataCOMRAM  0029C4
__pintcode                              intcode      000008
__pintcode_body                         intcode_body 002424
__psmallconst                           smallconst   000800
__ptext0                                text0        001646
__ptext1                                text1        00277A
__ptext10                               text10       002936
__ptext11                               text11       002940
__ptext12                               text12       002986
__ptext13                               text13       00298E
__ptext14                               text14       000812
__ptext15                               text15       0023D8
__ptext16                               text16       0027CC
__ptext17                               text17       001A7C
__ptext18                               text18       001FC6
__ptext19                               text19       001BE0
__ptext2                                text2        001DB2
__ptext20                               text20       002328
__ptext21                               text21       0025CC
__ptext22                               text22       00299C
__ptext23                               text23       0029A0
__ptext24                               text24       0029A4
__ptext25                               text25       0029A8
__ptext26                               text26       0029AC
__ptext27                               text27       0029B0
__ptext28                               text28       0029B4
__ptext29                               text29       0029B8
__ptext3                                text3        00203E
__ptext30                               text30       0029BC
__ptext31                               text31       0029C0
__ptext32                               text32       00274C
__ptext33                               text33       000E42
__ptext34                               text34       00260C
__ptext35                               text35       0020B2
__ptext36                               text36       0028DA
__ptext37                               text37       00286E
__ptext38                               text38       002908
__ptext39                               text39       002888
__ptext4                                text4        00219A
__ptext40                               text40       0017AC
__ptext41                               text41       0027F0
__ptext42                               text42       002914
__ptext43                               text43       001C80
__ptext44                               text44       00294A
__ptext45                               text45       0028EA
__ptext46                               text46       0024B8
__ptext47                               text47       0028B6
__ptext48                               text48       0026BC
__ptext49                               text49       0026EC
__ptext5                                text5        0022C8
__ptext50                               text50       0028FA
__ptext51                               text51       001F4C
__ptext52                               text52       002920
__ptext53                               text53       0028A2
__ptext54                               text54       002852
__ptext55                               text55       00271C
__ptext56                               text56       001ECE
__ptext57                               text57       0027A6
__ptext58                               text58       002834
__ptext59                               text59       0010E2
__ptext6                                text6        001E42
__ptext60                               text60       00268A
__ptext61                               text61       001D1E
__ptext62                               text62       002548
__ptext63                               text63       002386
__ptext64                               text64       0019AA
__ptext65                               text65       0018B6
__ptext66                               text66       002126
__ptext67                               text67       0012FE
__ptext68                               text68       001B32
__ptext69                               text69       0028C8
__ptext7                                text7        00292C
__ptext70                               text70       00264C
__ptext72                               text72       002500
__ptext73                               text73       00246E
__ptext74                               text74       002266
__ptext75                               text75       00258A
__ptext76                               text76       002954
__ptext77                               text77       00295E
__ptext78                               text78       002968
__ptext79                               text79       002972
__ptext8                                text8        0014A6
__ptext80                               text80       00297C
__ptext81                               text81       000000
__ptext9                                text9        002996
__ramtop                                ramtop       000800
__size_of_INTERRUPCION                  (abs)        000000
__size_of___ftadd                       (abs)        000000
__size_of___ftge                        (abs)        000000
__size_of___ftmul                       (abs)        000000
__size_of___ftpack                      (abs)        000000
__size_of___ftsub                       (abs)        000000
__size_of___fttol                       (abs)        000000
__size_of___lwdiv                       (abs)        000000
__size_of___lwmod                       (abs)        000000
__size_of___lwtoft                      (abs)        000000
__size_of___wmul                        (abs)        000000
__size_of__mpap_off                     (abs)        000000
__size_of__mpap_step1                   (abs)        000000
__size_of__mpap_step2                   (abs)        000000
__size_of__mpap_step3                   (abs)        000000
__size_of__mpap_step4                   (abs)        000000
__size_of_autoMode_init                 (abs)        000000
__size_of_autoMode_job                  (abs)        000000
__size_of_autoMode_kb                   (abs)        000000
__size_of_configMode_disp               (abs)        000000
__size_of_configMode_init               (abs)        000000
__size_of_configMode_job                (abs)        000000
__size_of_configMode_kb                 (abs)        000000
__size_of_disp7s_init                   (abs)        000000
__size_of_disp7s_job                    (abs)        000000
__size_of_disp7s_modeDisp_off           (abs)        000000
__size_of_disp7s_modeDisp_writeInt      (abs)        000000
__size_of_disp7s_modeDisp_writeText_oil (abs)        000000
__size_of_disp7s_mux0_off               (abs)        000000
__size_of_disp7s_mux0_on                (abs)        000000
__size_of_disp7s_mux1_off               (abs)        000000
__size_of_disp7s_mux1_on                (abs)        000000
__size_of_disp7s_mux2_off               (abs)        000000
__size_of_disp7s_mux2_on                (abs)        000000
__size_of_disp7s_mux3_off               (abs)        000000
__size_of_disp7s_mux3_on                (abs)        000000
__size_of_disp7s_mux4_off               (abs)        000000
__size_of_disp7s_mux4_on                (abs)        000000
__size_of_disp7s_mux_Q                  (abs)        000000
__size_of_disp7s_mux_init               (abs)        000000
__size_of_disp7s_off                    (abs)        000000
__size_of_disp7s_qtyDisp_writeFloat     (abs)        000000
__size_of_disp7s_qtyDisp_writeInt       (abs)        000000
__size_of_disp7s_qtyDisp_writeText_OFF  (abs)        000000
__size_of_disp7s_write_f                (abs)        000000
__size_of_disp7s_write_i                (abs)        000000
__size_of_ikb_init                      (abs)        000000
__size_of_ikb_job                       (abs)        000000
__size_of_ikb_key_is_ready2read         (abs)        000000
__size_of_ikb_key_was_read              (abs)        000000
__size_of_ikey_is_accessible            (abs)        000000
__size_of_ikey_parsing                  (abs)        000000
__size_of_ikey_scan                     (abs)        000000
__size_of_itoa                          (abs)        000000
__size_of_keyRead_pin_key0              (abs)        000000
__size_of_keyRead_pin_key1              (abs)        000000
__size_of_keyRead_pin_key2              (abs)        000000
__size_of_keyRead_pin_key3              (abs)        000000
__size_of_keyRead_pin_key4              (abs)        000000
__size_of_main                          (abs)        000000
__size_of_mpap_do1step                  (abs)        000000
__size_of_mpap_homming                  (abs)        000000
__size_of_mpap_isIdle                   (abs)        000000
__size_of_mpap_job                      (abs)        000000
__size_of_mpap_movetoNozzle             (abs)        000000
__size_of_mpap_normal_mode              (abs)        000000
__size_of_mpap_setupToHomming           (abs)        000000
__size_of_mpap_setupToTurn              (abs)        000000
__size_of_mpap_sych                     (abs)        000000
__size_of_nozzle_isEnabled              (abs)        000000
__size_of_pulsonic_getTotalSum_mlh      (abs)        000000
__size_of_pulsonic_init                 (abs)        000000
__size_of_pump_isIdle                   (abs)        000000
__size_of_pump_job                      (abs)        000000
__size_of_pump_setTick                  (abs)        000000
__size_of_strlen                        (abs)        000000
__size_of_utoa                          (abs)        000000
__size_of_visMode_disp                  (abs)        000000
__size_of_visMode_init                  (abs)        000000
__size_of_visMode_job                   (abs)        000000
__size_of_visMode_kb                    (abs)        000000
__smallconst                            smallconst   000800
_autoMode                               bssCOMRAM    00004B
_autoMode_init                          text55       00271C
_autoMode_job                           text43       001C80
_autoMode_kb                            text51       001F4C
_configMode                             bssCOMRAM    000047
_configMode_disp                        text35       0020B2
_configMode_init                        text42       002914
_configMode_job                         text32       00274C
_configMode_kb                          text33       000E42
_disp7s_init                            text20       002328
_disp7s_job                             text18       001FC6
_disp7s_modeDisp_off                    text69       0028C8
_disp7s_modeDisp_writeInt               text39       002888
_disp7s_modeDisp_writeText_oil          text38       002908
_disp7s_mux                             dataBANK0    0000CD
_disp7s_mux0_off                        text30       0029BC
_disp7s_mux0_on                         text29       0029B8
_disp7s_mux1_off                        text28       0029B4
_disp7s_mux1_on                         text27       0029B0
_disp7s_mux2_off                        text26       0029AC
_disp7s_mux2_on                         text25       0029A8
_disp7s_mux3_off                        text24       0029A4
_disp7s_mux3_on                         text23       0029A0
_disp7s_mux4_off                        text22       00299C
_disp7s_mux4_on                         text31       0029C0
_disp7s_mux_Q                           text19       001BE0
_disp7s_mux_init                        text21       0025CC
_disp7s_off                             text70       00264C
_disp7s_qtyDisp_writeFloat              text58       002834
_disp7s_qtyDisp_writeInt                text37       00286E
_disp7s_qtyDisp_writeText_OFF           text36       0028DA
_disp7s_write_f                         text59       0010E2
_disp7s_write_i                         text40       0017AC
_disp_owner                             bssCOMRAM    000051
_error_grantedToWriteDisp               bssBANK0     0000C8
_error_requestToWriteDisp               bssBANK0     0000C9
_group_x                                bssBANK0     0000B8
_ikb_init                               text17       001A7C
_ikb_job                                text7        00292C
_ikb_key_is_ready2read                  text54       002852
_ikb_key_was_read                       text53       0028A2
_ikey_is_accessible                     text15       0023D8
_ikey_parsing                           text14       000812
_ikey_scan                              text8        0014A6
_isr_flag                               bssBANK0     0000CC
_itoa                                   text60       00268A
_key                                    bssBANK0     000060
_keyRead_pin_key0                       text12       002986
_keyRead_pin_key1                       text11       002940
_keyRead_pin_key2                       text10       002936
_keyRead_pin_key3                       text9        002996
_keyRead_pin_key4                       text13       00298E
_machState                              bssBANK0     0000CA
_main                                   text0        001646
_mpap                                   bssBANK0     0000B0
_mpap_do1step                           text75       00258A
_mpap_homming                           text74       002266
_mpap_isIdle                            text50       0028FA
_mpap_job                               text72       002500
_mpap_movetoNozzle                      text48       0026BC
_mpap_normal_mode                       text73       00246E
_mpap_off                               dataBANK0    0000EC
_mpap_setupToHomming                    text47       0028B6
_mpap_setupToTurn                       text49       0026EC
_mpap_setupToTurn$474                   cstackCOMRAM 000013
_mpap_step                              dataBANK0    0000E1
_mpap_sych                              text6        001E42
_nozzle_isEnabled                       text46       0024B8
_pulsonic                               bssBANK1     000100
_pulsonic_getTotalSum_mlh               text56       001ECE
_pulsonic_init                          text5        0022C8
_pump                                   bssCOMRAM    000044
_pump_isIdle                            text45       0028EA
_pump_job                               text4        00219A
_pump_setTick                           text44       00294A
_smain                                  bssBANK0     0000BD
_strlen                                 text41       0027F0
_unlock                                 bssBANK0     0000CB
_utoa                                   text61       001D1E
_visMode                                bssCOMRAM    000049
_visMode_disp                           text3        00203E
_visMode_init                           text52       002920
_visMode_job                            text1        00277A
_visMode_kb                             text2        001DB2
autoMode_init@init                      cstackCOMRAM 00003C
autoMode_job@cod_ret                    cstackCOMRAM 000021
autoMode_kb@cod_ret                     cstackCOMRAM 00000C
btemp                                   temp         000053
configMode_disp@numRegistro             cstackCOMRAM 00003F
configMode_disp@qty                     cstackCOMRAM 00003C
configMode_init@numRegistro             cstackCOMRAM 00000B
configMode_job@cod_ret                  cstackCOMRAM 000040
configMode_kb@cod_ret                   cstackCOMRAM 000028
disp7s_init@i                           cstackCOMRAM 00000C
disp7s_job@pq                           cstackCOMRAM 000015
disp7s_job@q                            bssCOMRAM    00004D
disp7s_modeDisp_writeInt@num            cstackCOMRAM 000038
disp7s_mux_Q@i                          cstackCOMRAM 000012
disp7s_mux_Q@q                          cstackCOMRAM 000011
disp7s_mux_init@i                       cstackCOMRAM 00000B
disp7s_off@NUM_OF_DISP                  cstackCOMRAM 00000D
disp7s_off@i                            cstackCOMRAM 000010
disp7s_off@pDisp                        cstackCOMRAM 00000B
disp7s_qtyDisp_writeFloat@num           cstackBANK1  000141
disp7s_qtyDisp_writeInt@num             cstackCOMRAM 000038
disp7s_write_f@I                        cstackBANK0  0000F8
disp7s_write_f@K10MULT                  cstackBANK0  0000FB
disp7s_write_f@NUM_OF_DISP              cstackCOMRAM 000033
disp7s_write_f@buff                     cstackBANK0  0000EE
disp7s_write_f@i                        cstackBANK0  0000FE
disp7s_write_f@num                      cstackCOMRAM 000034
disp7s_write_f@pDisp                    cstackCOMRAM 000031
disp7s_write_f@pi                       cstackBANK0  0000FA
disp7s_write_i@K10MULT                  cstackCOMRAM 000035
disp7s_write_i@NUM_OF_DISP              cstackCOMRAM 000022
disp7s_write_i@buff                     cstackCOMRAM 00002A
disp7s_write_i@i                        cstackCOMRAM 000037
disp7s_write_i@num                      cstackCOMRAM 000023
disp7s_write_i@pDisp                    cstackCOMRAM 000020
disp7s_write_i@pi                       cstackCOMRAM 000034
end_of_initialization                   cinit        002258
ikb_init@i                              cstackCOMRAM 00000B
ikb_key_is_ready2read@k                 cstackCOMRAM 00000B
ikb_key_was_read@k                      cstackCOMRAM 00000B
ikey_is_accessible@k                    cstackCOMRAM 00000D
ikey_parsing@k                          cstackCOMRAM 000023
ikey_scan@k                             cstackCOMRAM 00000C
int$flags                               temp         000053
int_func                                intcode_body 002424
intlevel0                               text         000000
intlevel1                               text         000000
intlevel2                               text         000000
intlevel3                               text         000000
itoa@base                               cstackCOMRAM 00001D
itoa@buf                                cstackCOMRAM 00001A
itoa@val                                cstackCOMRAM 00001B
main@c_access_disp                      cstackCOMRAM 000042
main@c_access_kb                        cstackCOMRAM 000041
main@codapp                             cstackCOMRAM 000043
mpap_do1step@KI                         cstackCOMRAM 000001
mpap_do1step@i                          dataCOMRAM   000052
mpap_homming@cod_ret                    cstackCOMRAM 000003
mpap_movetoNozzle@numNozzle             cstackCOMRAM 000015
mpap_normal_mode@cod_ret                cstackCOMRAM 000002
mpap_setupToTurn@numSteps_tomove        cstackCOMRAM 000011
mpap_sych@c                             bssCOMRAM    00004F
mpap_sych@sm0                           bssCOMRAM    000050
nozzle_isEnabled@n                      cstackCOMRAM 00001F
pulsonic_getTotalSum_mlh@acc            cstackCOMRAM 000022
pulsonic_getTotalSum_mlh@i              cstackCOMRAM 000025
pulsonic_init@i                         cstackCOMRAM 00000B
pump_job@c                              bssCOMRAM    00004E
pump_setTick@ticks                      cstackCOMRAM 00000B
stackhi                                 (abs)        0007FF
stacklo                                 (abs)        000144
start                                   init         00000E
start_initialization                    cinit        002202
strlen@cp                               cstackCOMRAM 00000D
strlen@s                                cstackCOMRAM 00000B
ttemp5                                  temp         000054
ttemp6                                  temp         000057
ttemp7                                  temp         00005B
utoa@base                               cstackCOMRAM 000015
utoa@buf                                cstackCOMRAM 000012
utoa@c                                  cstackCOMRAM 000019
utoa@v                                  cstackCOMRAM 000017
utoa@val                                cstackCOMRAM 000013
visMode_disp@numVista                   cstackCOMRAM 00003F
visMode_disp@qty                        cstackCOMRAM 00003C
visMode_init@numVista                   cstackCOMRAM 00000B
visMode_job@cod_ret                     cstackCOMRAM 000040
visMode_kb@cod_ret                      cstackCOMRAM 00000C
wtemp8                                  temp         000054


FUNCTION INFORMATION:

 *************** function _main *****************
 Defined at:
		line 82 in file "main.c"
 Parameters:    Size  Location     Type
		None
 Auto vars:     Size  Location     Type
  codapp          1   66[COMRAM] char 
  c_access_dis    1   65[COMRAM] char 
  c_access_kb     1   64[COMRAM] char 
 Return value:  Size  Location     Type
                  1    wreg      void 
 Registers used:
		wreg, fsr1l, fsr1h, fsr2l, fsr2h, status,2, status,0, pclath, tosl, tblptrl, tblptrh, tblptru, prodl, prodh, cstack
 Tracked objects:
		On entry : 
		On exit  : 
		Unchanged: 
 Data sizes:     COMRAM   BANK0   BANK1   BANK2   BANK3   BANK4   BANK5   BANK6   BANK7
      Params:         0       0       0       0       0       0       0       0       0
      Locals:         3       0       0       0       0       0       0       0       0
      Temps:          0       0       0       0       0       0       0       0       0
      Totals:         3       0       0       0       0       0       0       0       0
Total ram usage:        3 bytes
 Hardware stack levels required when called:   12
 This function calls:
		_autoMode_init
		_autoMode_job
		_configMode_init
		_configMode_job
		_disp7s_init
		_disp7s_job
		_ikb_init
		_ikb_job
		_mpap_sych
		_pulsonic_init
		_pump_job
		_visMode_job
 This function is called by:
		Startup code after reset
 This function uses a non-reentrant model


 *************** function _visMode_job *****************
 Defined at:
		line 26 in file "visualizerMode.c"
 Parameters:    Size  Location     Type
		None
 Auto vars:     Size  Location     Type
  cod_ret         1   63[COMRAM] char 
 Return value:  Size  Location     Type
                  1    wreg      char 
 Registers used:
		wreg, fsr2l, fsr2h, status,2, status,0, tblptrl, tblptrh, tblptru, prodl, prodh, cstack
 Tracked objects:
		On entry : 
		On exit  : 
		Unchanged: 
 Data sizes:     COMRAM   BANK0   BANK1   BANK2   BANK3   BANK4   BANK5   BANK6   BANK7
      Params:         0       0       0       0       0       0       0       0       0
      Locals:         1       0       0       0       0       0       0       0       0
      Temps:          0       0       0       0       0       0       0       0       0
      Totals:         1       0       0       0       0       0       0       0       0
Total ram usage:        1 bytes
 Hardware stack levels used:    1
 Hardware stack levels required when called:   11
 This function calls:
		_visMode_disp
		_visMode_kb
 This function is called by:
		_main
 This function uses a non-reentrant model


 *************** function _visMode_kb *****************
 Defined at:
		line 46 in file "visualizerMode.c"
 Parameters:    Size  Location     Type
		None
 Auto vars:     Size  Location     Type
  cod_ret         1   11[COMRAM] char 
 Return value:  Size  Location     Type
                  1    wreg      char 
 Registers used:
		wreg, fsr2l, fsr2h, status,2, status,0, prodl, prodh, cstack
 Tracked objects:
		On entry : 
		On exit  : 
		Unchanged: 
 Data sizes:     COMRAM   BANK0   BANK1   BANK2   BANK3   BANK4   BANK5   BANK6   BANK7
      Params:         0       0       0       0       0       0       0       0       0
      Locals:         1       0       0       0       0       0       0       0       0
      Temps:          0       0       0       0       0       0       0       0       0
      Totals:         1       0       0       0       0       0       0       0       0
Total ram usage:        1 bytes
 Hardware stack levels used:    1
 Hardware stack levels required when called:    6
 This function calls:
		_ikb_key_is_ready2read
		_ikb_key_was_read
 This function is called by:
		_visMode_job
 This function uses a non-reentrant model


 *************** function _visMode_disp *****************
 Defined at:
		line 96 in file "visualizerMode.c"
 Parameters:    Size  Location     Type
  numVista        1    wreg     char 
 Auto vars:     Size  Location     Type
  numVista        1   62[COMRAM] char 
  qty             3   59[COMRAM] char 
 Return value:  Size  Location     Type
                  1    wreg      void 
 Registers used:
		wreg, fsr2l, fsr2h, status,2, status,0, tblptrl, tblptrh, tblptru, prodl, prodh, cstack
 Tracked objects:
		On entry : 
		On exit  : 
		Unchanged: 
 Data sizes:     COMRAM   BANK0   BANK1   BANK2   BANK3   BANK4   BANK5   BANK6   BANK7
      Params:         0       0       0       0       0       0       0       0       0
      Locals:         4       0       0       0       0       0       0       0       0
      Temps:          0       0       0       0       0       0       0       0       0
      Totals:         4       0       0       0       0       0       0       0       0
Total ram usage:        4 bytes
 Hardware stack levels used:    1
 Hardware stack levels required when called:   10
 This function calls:
		_disp7s_modeDisp_writeInt
		_disp7s_modeDisp_writeText_oil
		_disp7s_qtyDisp_writeFloat
		_disp7s_qtyDisp_writeInt
		_disp7s_qtyDisp_writeText_OFF
 This function is called by:
		_visMode_job
 This function uses a non-reentrant model


 *************** function _pump_job *****************
 Defined at:
		line 22 in file "pump.c"
 Parameters:    Size  Location     Type
		None
 Auto vars:     Size  Location     Type
  cod_ret         1    0        char 
 Return value:  Size  Location     Type
                  1    wreg      char 
 Registers used:
		wreg, status,2, status,0
 Tracked objects:
		On entry : 
		On exit  : 
		Unchanged: 
 Data sizes:     COMRAM   BANK0   BANK1   BANK2   BANK3   BANK4   BANK5   BANK6   BANK7
      Params:         0       0       0       0       0       0       0       0       0
      Locals:         1       0       0       0       0       0       0       0       0
      Temps:          0       0       0       0       0       0       0       0       0
      Totals:         1       0       0       0       0       0       0       0       0
Total ram usage:        1 bytes
 Hardware stack levels used:    1
 Hardware stack levels required when called:    5
 This function calls:
		Nothing
 This function is called by:
		_main
 This function uses a non-reentrant model


 *************** function _pulsonic_init *****************
 Defined at:
		line 7 in file "pulsonic.c"
 Parameters:    Size  Location     Type
		None
 Auto vars:     Size  Location     Type
  i               1   10[COMRAM] char 
 Return value:  Size  Location     Type
                  1    wreg      void 
 Registers used:
		wreg, fsr2l, fsr2h, status,2, status,0, tblptrl, tblptrh, tblptru, prodl, prodh
 Tracked objects:
		On entry : 
		On exit  : 
		Unchanged: 
[...]
      Temps:          3       0       0       0       0       0       0       0       0
      Totals:         8       0       0       0       0       0       0       0       0
Total ram usage:        8 bytes
 Hardware stack levels used:    1
 Hardware stack levels required when called:    5
 This function calls:
		Nothing
 This function is called by:
		___ftadd
		___ftmul
		___lwtoft
 This function uses a non-reentrant model


 *************** function _disp7s_modeDisp_off *****************
 Defined at:
		line 156 in file "display.c"
 Parameters:    Size  Location     Type
		None
 Auto vars:     Size  Location     Type
		None
 Return value:  Size  Location     Type
                  1    wreg      void 
 Registers used:
		wreg, fsr2l, fsr2h, status,2, status,0, tblptrl, tblptrh, tblptru, cstack
 Tracked objects:
		On entry : 
		On exit  : 
		Unchanged: 
 Data sizes:     COMRAM   BANK0   BANK1   BANK2   BANK3   BANK4   BANK5   BANK6   BANK7
      Params:         0       0       0       0       0       0       0       0       0
      Locals:         0       0       0       0       0       0       0       0       0
      Temps:          0       0       0       0       0       0       0       0       0
      Totals:         0       0       0       0       0       0       0       0       0
Total ram usage:        0 bytes
 Hardware stack levels used:    1
 Hardware stack levels required when called:    6
 This function calls:
		_disp7s_off
 This function is called by:
		_autoMode_init
 This function uses a non-reentrant model


 *************** function _disp7s_off *****************
 Defined at:
		line 150 in file "display.c"
 Parameters:    Size  Location     Type
  pDisp           2   10[COMRAM] PTR unsigned char 
		 -> pulsonic.disp7s(5), pulsonic(65), 
  NUM_OF_DISP     1   12[COMRAM] char 
 Auto vars:     Size  Location     Type
  i               1   15[COMRAM] char 
 Return value:  Size  Location     Type
                  1    wreg      void 
 Registers used:
		wreg, fsr2l, fsr2h, status,2, status,0, tblptrl, tblptrh, tblptru
 Tracked objects:
		On entry : 
		On exit  : 
		Unchanged: 
 Data sizes:     COMRAM   BANK0   BANK1   BANK2   BANK3   BANK4   BANK5   BANK6   BANK7
      Params:         3       0       0       0       0       0       0       0       0
      Locals:         1       0       0       0       0       0       0       0       0
      Temps:          2       0       0       0       0       0       0       0       0
      Totals:         6       0       0       0       0       0       0       0       0
Total ram usage:        6 bytes
 Hardware stack levels used:    1
 Hardware stack levels required when called:    5
 This function calls:
		Nothing
 This function is called by:
		_disp7s_modeDisp_off
		_disp7s_write_f
 This function uses a non-reentrant model


 *************** function _INTERRUPCION *****************
 Defined at:
		line 242 in file "main.c"
 Parameters:    Size  Location     Type
		None
 Auto vars:     Size  Location     Type
		None
 Return value:  Size  Location     Type
                  1    wreg      void 
 Registers used:
		wreg, fsr2l, fsr2h, status,2, status,0, pclath, tosl, prodl, prodh, cstack
 Tracked objects:
		On entry : 
		On exit  : 
		Unchanged: 
 Data sizes:     COMRAM   BANK0   BANK1   BANK2   BANK3   BANK4   BANK5   BANK6   BANK7
      Params:         0       0       0       0       0       0       0       0       0
      Locals:         0       0       0       0       0       0       0       0       0
      Temps:          6       0       0       0       0       0       0       0       0
      Totals:         6       0       0       0       0       0       0       0       0
Total ram usage:        6 bytes
 Hardware stack levels used:    1
 Hardware stack levels required when called:    4
 This function calls:
		_mpap_job
 This function is called by:
		Interrupt level 2
 This function uses a non-reentrant model


 *************** function _mpap_job *****************
 Defined at:
		line 139 in file "mpap.c"
 Parameters:    Size  Location     Type
		None
 Auto vars:     Size  Location     Type
  cod_ret         1    0        char 
 Return value:  Size  Location     Type
                  1    wreg      char 
 Registers used:
		wreg, fsr2l, fsr2h, status,2, status,0, pclath, tosl, prodl, prodh, cstack
 Tracked objects:
		On entry : 
		On exit  : 
		Unchanged: 
 Data sizes:     COMRAM   BANK0   BANK1   BANK2   BANK3   BANK4   BANK5   BANK6   BANK7
      Params:         0       0       0       0       0       0       0       0       0
      Locals:         1       0       0       0       0       0       0       0       0
      Temps:          0       0       0       0       0       0       0       0       0
      Totals:         1       0       0       0       0       0       0       0       0
Total ram usage:        1 bytes
 Hardware stack levels used:    1
 Hardware stack levels required when called:    3
 This function calls:
		__mpap_off
		_mpap_homming
		_mpap_normal_mode
 This function is called by:
		_INTERRUPCION
 This function uses a non-reentrant model


 *************** function _mpap_normal_mode *****************
 Defined at:
		line 119 in file "mpap.c"
 Parameters:    Size  Location     Type
		None
 Auto vars:     Size  Location     Type
  cod_ret         1    1[COMRAM] char 
 Return value:  Size  Location     Type
                  1    wreg      char 
 Registers used:
		wreg, fsr2l, fsr2h, status,2, status,0, pclath, tosl, prodl, prodh, cstack
 Tracked objects:
		On entry : 
		On exit  : 
		Unchanged: 
 Data sizes:     COMRAM   BANK0   BANK1   BANK2   BANK3   BANK4   BANK5   BANK6   BANK7
      Params:         0       0       0       0       0       0       0       0       0
      Locals:         1       0       0       0       0       0       0       0       0
      Temps:          0       0       0       0       0       0       0       0       0
      Totals:         1       0       0       0       0       0       0       0       0
Total ram usage:        1 bytes
 Hardware stack levels used:    1
 Hardware stack levels required when called:    2
 This function calls:
		_mpap_do1step
 This function is called by:
		_mpap_job
 This function uses a non-reentrant model


 *************** function _mpap_homming *****************
 Defined at:
		line 94 in file "mpap.c"
 Parameters:    Size  Location     Type
		None
 Auto vars:     Size  Location     Type
  cod_ret         1    2[COMRAM] char 
 Return value:  Size  Location     Type
                  1    wreg      char 
 Registers used:
		wreg, fsr2l, fsr2h, status,2, status,0, pclath, tosl, prodl, prodh, cstack
 Tracked objects:
		On entry : 
		On exit  : 
		Unchanged: 
 Data sizes:     COMRAM   BANK0   BANK1   BANK2   BANK3   BANK4   BANK5   BANK6   BANK7
      Params:         0       0       0       0       0       0       0       0       0
      Locals:         1       0       0       0       0       0       0       0       0
      Temps:          1       0       0       0       0       0       0       0       0
      Totals:         2       0       0       0       0       0       0       0       0
Total ram usage:        2 bytes
 Hardware stack levels used:    1
 Hardware stack levels required when called:    2
 This function calls:
		_mpap_do1step
 This function is called by:
		_mpap_job
 This function uses a non-reentrant model


 *************** function _mpap_do1step *****************
 Defined at:
		line 75 in file "mpap.c"
 Parameters:    Size  Location     Type
  KI              1    wreg     char 
 Auto vars:     Size  Location     Type
  KI              1    0[COMRAM] char 
 Return value:  Size  Location     Type
                  1    wreg      void 
 Registers used:
		wreg, fsr2l, fsr2h, status,2, status,0, pclath, tosl, prodl, prodh, cstack
 Tracked objects:
		On entry : 
		On exit  : 
		Unchanged: 
 Data sizes:     COMRAM   BANK0   BANK1   BANK2   BANK3   BANK4   BANK5   BANK6   BANK7
      Params:         0       0       0       0       0       0       0       0       0
      Locals:         1       0       0       0       0       0       0       0       0
      Temps:          0       0       0       0       0       0       0       0       0
      Totals:         1       0       0       0       0       0       0       0       0
Total ram usage:        1 bytes
 Hardware stack levels used:    1
 Hardware stack levels required when called:    1
 This function calls:
		__mpap_step1
		__mpap_step2
		__mpap_step3
		__mpap_step4
 This function is called by:
		_mpap_homming
		_mpap_normal_mode
 This function uses a non-reentrant model


 *************** function __mpap_step3 *****************
 Defined at:
		line 21 in file "mpap.c"
 Parameters:    Size  Location     Type
		None
 Auto vars:     Size  Location     Type
		None
 Return value:  Size  Location     Type
                  1    wreg      void 
 Registers used:
		status,2, status,0
 Tracked objects:
		On entry : 
		On exit  : 
		Unchanged: 
 Data sizes:     COMRAM   BANK0   BANK1   BANK2   BANK3   BANK4   BANK5   BANK6   BANK7
      Params:         0       0       0       0       0       0       0       0       0
      Locals:         0       0       0       0       0       0       0       0       0
      Temps:          0       0       0       0       0       0       0       0       0
      Totals:         0       0       0       0       0       0       0       0       0
Total ram usage:        0 bytes
 Hardware stack levels used:    1
 This function calls:
		Nothing
 This function is called by:
		_mpap_do1step
 This function uses a non-reentrant model


 *************** function __mpap_step2 *****************
 Defined at:
		line 13 in file "mpap.c"
 Parameters:    Size  Location     Type
		None
 Auto vars:     Size  Location     Type
		None
 Return value:  Size  Location     Type
                  1    wreg      void 
 Registers used:
		status,2, status,0
 Tracked objects:
		On entry : 
		On exit  : 
		Unchanged: 
 Data sizes:     COMRAM   BANK0   BANK1   BANK2   BANK3   BANK4   BANK5   BANK6   BANK7
      Params:         0       0       0       0       0       0       0       0       0
      Locals:         0       0       0       0       0       0       0       0       0
      Temps:          0       0       0       0       0       0       0       0       0
      Totals:         0       0       0       0       0       0       0       0       0
Total ram usage:        0 bytes
 Hardware stack levels used:    1
 This function calls:
		Nothing
 This function is called by:
		_mpap_do1step
 This function uses a non-reentrant model


 *************** function __mpap_step1 *****************
 Defined at:
		line 5 in file "mpap.c"
 Parameters:    Size  Location     Type
		None
 Auto vars:     Size  Location     Type
		None
 Return value:  Size  Location     Type
                  1    wreg      void 
 Registers used:
		status,2, status,0
 Tracked objects:
		On entry : 
		On exit  : 
		Unchanged: 
 Data sizes:     COMRAM   BANK0   BANK1   BANK2   BANK3   BANK4   BANK5   BANK6   BANK7
      Params:         0       0       0       0       0       0       0       0       0
      Locals:         0       0       0       0       0       0       0       0       0
      Temps:          0       0       0       0       0       0       0       0       0
      Totals:         0       0       0       0       0       0       0       0       0
Total ram usage:        0 bytes
 Hardware stack levels used:    1
 This function calls:
		Nothing
 This function is called by:
		_mpap_do1step
 This function uses a non-reentrant model


 *************** function __mpap_step4 *****************
 Defined at:
		line 29 in file "mpap.c"
 Parameters:    Size  Location     Type
		None
 Auto vars:     Size  Location     Type
		None
 Return value:  Size  Location     Type
                  1    wreg      void 
 Registers used:
		status,2, status,0
 Tracked objects:
		On entry : 
		On exit  : 
		Unchanged: 
 Data sizes:     COMRAM   BANK0   BANK1   BANK2   BANK3   BANK4   BANK5   BANK6   BANK7
      Params:         0       0       0       0       0       0       0       0       0
      Locals:         0       0       0       0       0       0       0       0       0
      Temps:          0       0       0       0       0       0       0       0       0
      Totals:         0       0       0       0       0       0       0       0       0
Total ram usage:        0 bytes
 Hardware stack levels used:    1
 This function calls:
		Nothing
 This function is called by:
		_mpap_do1step
 This function uses a non-reentrant model


 *************** function __mpap_off *****************
 Defined at:
		line 43 in file "mpap.c"
 Parameters:    Size  Location     Type
		None
 Auto vars:     Size  Location     Type
		None
 Return value:  Size  Location     Type
                  1    wreg      void 
 Registers used:
		status,2, status,0
 Tracked objects:
		On entry : 
		On exit  : 
		Unchanged: 
 Data sizes:     COMRAM   BANK0   BANK1   BANK2   BANK3   BANK4   BANK5   BANK6   BANK7
      Params:         0       0       0       0       0       0       0       0       0
      Locals:         0       0       0       0       0       0       0       0       0
      Temps:          0       0       0       0       0       0       0       0       0
      Totals:         0       0       0       0       0       0       0       0       0
Total ram usage:        0 bytes
 Hardware stack levels used:    1
 This function calls:
		Nothing
 This function is called by:
		_mpap_job
 This function uses a non-reentrant model



MODULE INFORMATION

Module		Function		Class		Link	Load	Size
pump.c
		_pump_job      		CODE           	219A	0000	105
		_pump_setTick  		CODE           	294A	0000	11
		_pump_isIdle   		CODE           	28EA	0000	17

pump.c estimated size: 133

/opt/microchip/xc8/v2.05/pic/sources/c90/common/ftadd.c
		___ftadd       		CODE           	12FE	0000	425

/opt/microchip/xc8/v2.05/pic/sources/c90/common/ftadd.c estimated size: 425

/opt/microchip/xc8/v2.05/pic/sources/c90/common/ftsub.c
		___ftsub       		CODE           	260C	0000	65

/opt/microchip/xc8/v2.05/pic/sources/c90/common/ftsub.c estimated size: 65

visualizerMode.c
		_visMode_kb    		CODE           	1DB2	0000	145
		_visMode_job   		CODE           	277A	0000	45
		_visMode_disp  		CODE           	203E	0000	117
		_visMode_init  		CODE           	2920	0000	13

visualizerMode.c estimated size: 320

/opt/microchip/xc8/v2.05/pic/sources/c90/common/lwtoft.c
		___lwtoft      		CODE           	27CC	0000	37

/opt/microchip/xc8/v2.05/pic/sources/c90/common/lwtoft.c estimated size: 37

mpap.c
		_mpap_setupToTurn		CODE           	26EC	0000	49
		_mpap_isIdle   		CODE           	28FA	0000	15
		_mpap_normal_mode		CODE           	246E	0000	75
		_mpap_sych     		CODE           	1E42	0000	141
		_mpap_job      		CODE           	2500	0000	73
		_mpap_do1step  		CODE           	258A	0000	67
		__mpap_step1   		CODE           	2968	0000	11
		__mpap_step2   		CODE           	295E	0000	11
		__mpap_step3   		CODE           	2954	0000	11
		__mpap_step4   		CODE           	2972	0000	11
		_mpap_setupToHomming		CODE           	28B6	0000	19
		__mpap_off     		CODE           	297C	0000	11
		_mpap_movetoNozzle		CODE           	26BC	0000	49
		_mpap_homming  		CODE           	2266	0000	99

mpap.c estimated size: 642

automode.c
		_autoMode_kb   		CODE           	1F4C	0000	123
		_autoMode_job  		CODE           	1C80	0000	159
		_autoMode_init 		CODE           	271C	0000	49

automode.c estimated size: 331

/opt/microchip/xc8/v2.05/pic/sources/c90/common/ftge.c
		___ftge        		CODE           	2126	0000	117

/opt/microchip/xc8/v2.05/pic/sources/c90/common/ftge.c estimated size: 117

configMode.c
		_configMode_disp		CODE           	20B2	0000	117
		_configMode_init		CODE           	2914	0000	13
		_configMode_kb 		CODE           	0E42	0000	673
		_configMode_job		CODE           	274C	0000	47

configMode.c estimated size: 850

/opt/microchip/xc8/v2.05/pic/sources/c90/common/float.c
		___ftpack      		CODE           	1B32	0000	175

/opt/microchip/xc8/v2.05/pic/sources/c90/common/float.c estimated size: 175

../../../../../../FIRWAR/eslibrary/ikb/ikb.c
		_ikb_init      		CODE           	1A7C	0000	183
		_keyRead_pin_key0		CODE           	2986	0000	9
		_keyRead_pin_key1		CODE           	2940	0000	11
		_keyRead_pin_key2		CODE           	2936	0000	11
		_keyRead_pin_key3		CODE           	2996	0000	7
		_keyRead_pin_key4		CODE           	298E	0000	9
		_ikey_is_accessible		CODE           	23D8	0000	77
		_ikey_scan     		CODE           	14A6	0000	417
		_ikb_key_is_ready2read		CODE           	2852	0000	29
		_ikb_key_was_read		CODE           	28A2	0000	21
		_ikb_job       		CODE           	292C	0000	11
		_ikey_parsing  		CODE           	0812	0000	1585

../../../../../../FIRWAR/eslibrary/ikb/ikb.c estimated size: 2370

/opt/microchip/xc8/v2.05/pic/sources/c90/common/lwmod.c
		___lwmod       		CODE           	2548	0000	67

/opt/microchip/xc8/v2.05/pic/sources/c90/common/lwmod.c estimated size: 67

/opt/microchip/xc8/v2.05/pic/sources/c90/common/ftmul.c
		___ftmul       		CODE           	18B6	0000	245

/opt/microchip/xc8/v2.05/pic/sources/c90/common/ftmul.c estimated size: 245

/opt/microchip/xc8/v2.05/pic/sources/c90/common/Umul16.c
		___wmul        		CODE           	27A6	0000	39

/opt/microchip/xc8/v2.05/pic/sources/c90/common/Umul16.c estimated size: 39

shared
		_OIL_VISCOSITY 		SMALLCONST     	080B	0000	5
		_DISP7S_NUMS   		SMALLCONST     	0801	0000	11
		_DISP7S_CHARS  		SMALLCONST     	080F	0000	3
		__initialization		CODE           	2202	0000	87

shared estimated size: 106

/opt/microchip/xc8/v2.05/pic/sources/c90/common/fttol.c
		___fttol       		CODE           	19AA	0000	211

/opt/microchip/xc8/v2.05/pic/sources/c90/common/fttol.c estimated size: 211

nozzle.c
		_nozzle_isEnabled		CODE           	24B8	0000	73

nozzle.c estimated size: 73

display.c
		_disp7s_modeDisp_off		CODE           	28C8	0000	19
		_disp7s_qtyDisp_writeFloat		CODE           	2834	0000	31
		_disp7s_job    		CODE           	1FC6	0000	121
		_disp7s_off    		CODE           	264C	0000	63
		_disp7s_init   		CODE           	2328	0000	95
		_disp7s_mux_Q  		CODE           	1BE0	0000	161
		_disp7s_qtyDisp_writeText_OFF		CODE           	28DA	0000	17
		_disp7s_modeDisp_writeText_oil		CODE           	2908	0000	13
		_disp7s_write_f		CODE           	10E2	0000	541
		_disp7s_write_i		CODE           	17AC	0000	267
		_disp7s_mux0_on		CODE           	29B8	0000	5
		_disp7s_mux1_on		CODE           	29B0	0000	5
		_disp7s_mux2_on		CODE           	29A8	0000	5
		_disp7s_mux3_on		CODE           	29A0	0000	5
		_disp7s_mux4_on		CODE           	29C0	0000	5
		_disp7s_modeDisp_writeInt		CODE           	2888	0000	27
		_disp7s_mux0_off		CODE           	29BC	0000	5
		_disp7s_mux1_off		CODE           	29B4	0000	5
		_disp7s_mux2_off		CODE           	29AC	0000	5
		_disp7s_mux3_off		CODE           	29A4	0000	5
		_disp7s_mux4_off		CODE           	299C	0000	5
		_disp7s_qtyDisp_writeInt		CODE           	286E	0000	27
		_disp7s_mux_init		CODE           	25CC	0000	65

display.c estimated size: 1497

/opt/microchip/xc8/v2.05/pic/sources/c90/common/lwdiv.c
		___lwdiv       		CODE           	2386	0000	83

/opt/microchip/xc8/v2.05/pic/sources/c90/common/lwdiv.c estimated size: 83

pulsonic.c
		_pulsonic_getTotalSum_mlh		CODE           	1ECE	0000	127
		_pulsonic_init 		CODE           	22C8	0000	97

pulsonic.c estimated size: 224

/opt/microchip/xc8/v2.05/pic/sources/c90/common/itoa.c
		_itoa          		CODE           	268A	0000	51
		_utoa          		CODE           	1D1E	0000	149

/opt/microchip/xc8/v2.05/pic/sources/c90/common/itoa.c estimated size: 200

main.c
		_main          		CODE           	1646	0000	359
		_INTERRUPCION  		CODE           	0008	0000	81

main.c estimated size: 440

/opt/microchip/xc8/v2.05/pic/sources/c90/common/strlen.c
		_strlen        		CODE           	27F0	0000	35

/opt/microchip/xc8/v2.05/pic/sources/c90/common/strlen.c estimated size: 35

