Microchip MPLAB XC8 Compiler V2.05 ()

Linker command line:

-W-3 --edf=/opt/microchip/xc8/v2.05/pic/dat/en_msgs.txt -cs \
  -h+dist/default/production/pulsonic.X.production.sym \
  --cmf=dist/default/production/pulsonic.X.production.cmf -z -Q18F4550 \
  -o/tmp/xcX6GEj6Q -Mdist/default/production/pulsonic.X.production.map -E1 \
  -ver=XC8 -ASTACK=0140h-07FFh -pstack=STACK -ACODE=00h-07FFFh \
  -ACONST=00h-07FFFh -ASMALLCONST=0800h-08FFhx120 \
  -AMEDIUMCONST=0800h-07FFFh -ACOMRAM=01h-05Fh -AABS1=00h-07FFh \
  -ABIGRAM=01h-07FFh -ARAM=060h-0FFh,0100h-01FFhx7 -ABANK0=060h-0FFh \
  -ABANK1=0100h-01FFh -ABANK2=0200h-02FFh -ABANK3=0300h-03FFh \
  -ABANK4=0400h-04FFh -ABANK5=0500h-05FFh -ABANK6=0600h-06FFh \
  -ABANK7=0700h-07FFh -ASFR=0F60h-0FFFh \
  -preset_vec=00h,intcode=08h,intcodelo,powerup,init -pramtop=0800h \
  -psmallconst=SMALLCONST -pmediumconst=MEDIUMCONST -pconst=CONST \
  -AFARRAM=00h-00h -ACONFIG=0300000h-030000Dh -pconfig=CONFIG \
  -AIDLOC=0200000h-0200007h -pidloc=IDLOC -AEEDATA=0F00000h-0F000FFh \
  -peeprom_data=EEDATA \
  -prdata=COMRAM,nvrram=COMRAM,nvbit=COMRAM,rbss=COMRAM,rbit=COMRAM \
  -pfarbss=FARRAM,fardata=FARRAM,nvFARRAM=FARRAM \
  -pintsave_regs=BIGRAM,bigbss=BIGRAM,bigdata=BIGRAM -pbss=RAM \
  -pidata=CODE,irdata=CODE,ibigdata=CODE,ifardata=CODE -prparam=COMRAM \
  /tmp/xcXxJiDVR.obj dist/default/production/pulsonic.X.production.obj 

Object code version is 3.11

Machine type is 18F4550

Call graph: (short form)




                Name                               Link     Load   Length Selector   Space Scale
/tmp/xcXxJiDVR.obj
                init                                  E        E        4        4       0
                reset_vec                             0        0        4        0       0
                idloc                            200000   200000        8   200000       0
                config                           300000   300000        E   300000       0
dist/default/production/pulsonic.X.production.obj
                intcode                               8        8        6        4       0
                temp                                 51       51        1        1       1
                smallconst                          800      800        E      400       0
                text68                             2342     2342        A      407       0
                text67                             2338     2338        A      407       0
                text66                             232E     232E        A      407       0
                text65                             2324     2324        A      407       0
                text64                             231A     231A        A      407       0
                text63                             2058     2058       42      407       0
                text62                             1DFE     1DFE       58      407       0
                text61                             1FCE     1FCE       48      407       0
                text60                             1F86     1F86       48      407       0
                intcode_body                       1EF4     1EF4       4A      407       0
                text58                             22D8     22D8        E      407       0
                text57                             21A2     21A2       26      407       0
                text56                             2144     2144       30      407       0
                text55                             2174     2174       2E      407       0
                text54                             22B6     22B6       12      407       0
                text53                             1B88     1B88       74      407       0
                text52                             1F3E     1F3E       48      407       0
                text51                             22C8     22C8       10      407       0
                text50                             2310     2310        A      407       0
                text49                             1964     1964       96      407       0
                text48                             238C     238C        4      407       0
                text47                             2388     2388        4      407       0
                text46                             2384     2384        4      407       0
                text45                             2380     2380        4      407       0
                text44                             237C     237C        4      407       0
                text43                             2378     2378        4      407       0
                text42                             2374     2374        4      407       0
                text41                             2370     2370        4      407       0
                text40                             236C     236C        4      407       0
                text39                             2368     2368        4      407       0
                text38                             209A     209A       40      407       0
                text37                             1DA0     1DA0       5E      407       0
                text36                             18C4     18C4       A0      407       0
                text35                             1B10     1B10       78      407       0
                text34                             2266     2266       1C      407       0
                text33                             2362     2362        6      407       0
                text32                             1760     1760       B6      407       0
                text31                             1816     1816       AE      407       0
                text30                             21C8     21C8       24      407       0
                text29                             1EA8     1EA8       4C      407       0
                text28                              80E      80E      630      407       0
                text27                             2354     2354        8      407       0
                text26                             234C     234C        8      407       0
                text25                             2306     2306        A      407       0
                text24                             22FC     22FC        A      407       0
                text23                             235C     235C        6      407       0
                text22                             122E     122E      1A0      407       0
                text21                             22F2     22F2        A      407       0
                text20                             1A8E     1A8E       82      407       0
                text19                             20DA     20DA       38      407       0
                text18                             1D3C     1D3C       64      407       0
                text17                             22E6     22E6        C      407       0
                text16                             224A     224A       1C      407       0
                text15                             1E56     1E56       52      407       0
                text14                             2016     2016       42      407       0
                text13                             19FA     19FA       94      407       0
                text12                             2112     2112       32      407       0
                text11                             21EC     21EC       22      407       0
                text10                             13CE     13CE      10A      407       0
                text9                              229C     229C       1A      407       0
                text8                              1086     1086      1A8      407       0
                text7                              14D8     14D8       F4      407       0
                text6                              15CC     15CC       D2      407       0
                text5                               E3E      E3E      248      407       0
                text4                              222C     222C       1E      407       0
                text3                              2282     2282       1A      407       0
                text2                              1C6E     1C6E       6A      407       0
                text1                              1BFC     1BFC       72      407       0
                text0                              169E     169E       C2      407       0
                cstackCOMRAM                          1        1       45        1       1
                cstackBANK0                          EB       EB       11       60       1
                bssBANK1                            100      100       40      100       1
                dataBANK0                            CD       CD       1E       60       1
                bssBANK0                             60       60       6D       60       1
                dataCOMRAM                           50       50        1        1       1
                bssCOMRAM                            46       46        A        1       1
                cinit                              1CD8     1CD8       64      407       0
                idataBANK0                         220E     220E       1E      407       0
                idataCOMRAM                        2390     2390        1      407       0

TOTAL           Name                               Link     Load   Length     Space
        CLASS   STACK          

        CLASS   CODE           
                intcode                               8        8        6         0
                init                                  E        E        4         0
                reset_vec                             0        0        4         0
                text68                             2342     2342        A         0
                text67                             2338     2338        A         0
                text66                             232E     232E        A         0
                text65                             2324     2324        A         0
                text64                             231A     231A        A         0
                text63                             2058     2058       42         0
                text62                             1DFE     1DFE       58         0
                text61                             1FCE     1FCE       48         0
                text60                             1F86     1F86       48         0
                intcode_body                       1EF4     1EF4       4A         0
                text58                             22D8     22D8        E         0
                text57                             21A2     21A2       26         0
                text56                             2144     2144       30         0
                text55                             2174     2174       2E         0
                text54                             22B6     22B6       12         0
                text53                             1B88     1B88       74         0
                text52                             1F3E     1F3E       48         0
                text51                             22C8     22C8       10         0
                text50                             2310     2310        A         0
                text49                             1964     1964       96         0
                text48                             238C     238C        4         0
                text47                             2388     2388        4         0
                text46                             2384     2384        4         0
                text45                             2380     2380        4         0
                text44                             237C     237C        4         0
                text43                             2378     2378        4         0
                text42                             2374     2374        4         0
                text41                             2370     2370        4         0
                text40                             236C     236C        4         0
                text39                             2368     2368        4         0
                text38                             209A     209A       40         0
                text37                             1DA0     1DA0       5E         0
                text36                             18C4     18C4       A0         0
                text35                             1B10     1B10       78         0
                text34                             2266     2266       1C         0
                text33                             2362     2362        6         0
                text32                             1760     1760       B6         0
                text31                             1816     1816       AE         0
                text30                             21C8     21C8       24         0
                text29                             1EA8     1EA8       4C         0
                text28                              80E      80E      630         0
                text27                             2354     2354        8         0
                text26                             234C     234C        8         0
                text25                             2306     2306        A         0
                text24                             22FC     22FC        A         0
                text23                             235C     235C        6         0
                text22                             122E     122E      1A0         0
                text21                             22F2     22F2        A         0
                text20                             1A8E     1A8E       82         0
                text19                             20DA     20DA       38         0
                text18                             1D3C     1D3C       64         0
                text17                             22E6     22E6        C         0
                text16                             224A     224A       1C         0
                text15                             1E56     1E56       52         0
                text14                             2016     2016       42         0
                text13                             19FA     19FA       94         0
                text12                             2112     2112       32         0
                text11                             21EC     21EC       22         0
                text10                             13CE     13CE      10A         0
                text9                              229C     229C       1A         0
                text8                              1086     1086      1A8         0
                text7                              14D8     14D8       F4         0
                text6                              15CC     15CC       D2         0
                text5                               E3E      E3E      248         0
                text4                              222C     222C       1E         0
                text3                              2282     2282       1A         0
                text2                              1C6E     1C6E       6A         0
                text1                              1BFC     1BFC       72         0
                text0                              169E     169E       C2         0
                cinit                              1CD8     1CD8       64         0
                idataBANK0                         220E     220E       1E         0
                idataCOMRAM                        2390     2390        1         0

        CLASS   CONST          

        CLASS   SMALLCONST     
                smallconst                          800      800        E         0

        CLASS   MEDIUMCONST    

        CLASS   COMRAM         
                temp                                 51       51        1         1
                cstackCOMRAM                          1        1       45         1
                dataCOMRAM                           50       50        1         1
                bssCOMRAM                            46       46        A         1

        CLASS   ABS1           

        CLASS   BIGRAM         

        CLASS   RAM            

        CLASS   BANK0          
                cstackBANK0                          EB       EB       11         1
                dataBANK0                            CD       CD       1E         1
                bssBANK0                             60       60       6D         1

        CLASS   BANK1          
                bssBANK1                            100      100       40         1

        CLASS   BANK2          

        CLASS   BANK3          

        CLASS   BANK4          

        CLASS   BANK5          

        CLASS   BANK6          

        CLASS   BANK7          

        CLASS   SFR            

        CLASS   FARRAM         

        CLASS   CONFIG         
                config                           300000   300000        E         0

        CLASS   IDLOC          
                idloc                            200000   200000        8         0

        CLASS   EEDATA         



SEGMENTS        Name                           Load    Length   Top    Selector   Space  Class

                reset_vec                      000000  000004  000004         0       0  CODE    
                cstackCOMRAM                   000001  000051  000052         1       1  COMRAM  
                intcode                        000008  00000A  000012         4       0  CODE    
                bssBANK0                       000060  00009C  0000FC        60       1  BANK0   
                bssBANK1                       000100  000040  000140       100       1  BANK1   
                smallconst                     000800  00000E  00080E       400       0  SMALLCON
                text28                         00080E  001B83  002391       407       0  CODE    
                idloc                          200000  000008  200008    200000       0  IDLOC   
                config                         300000  00000E  30000E    300000       0  CONFIG  


UNUSED ADDRESS RANGES

        Name                Unused          Largest block    Delta
        BANK0            0000FC-0000FF                4
        BANK1            000140-0001FF               C0
        BANK2            000200-0002FF              100
        BANK3            000300-0003FF              100
        BANK4            000400-0004FF              100
        BANK5            000500-0005FF              100
        BANK6            000600-0006FF              100
        BANK7            000700-0007FF              100
        BIGRAM           000052-00005F                E
                         0000FC-0000FF                4
                         000140-0007FF              6C0
        CODE             000004-000007                4
                         000012-0007FF              7EE
                         002391-007FFF             5C6F
        COMRAM           000052-00005F                E
        CONST            000004-000007                4
                         000012-0007FF              7EE
                         002391-007FFF             5C6F
        EEDATA           F00000-F000FF              100
        MEDIUMCONST      002391-007FFF             5C6F
        RAM              0000FC-0000FF                4
                         000140-0007FF              100
        SFR              000F60-000FFF               A0
        SMALLCONST       002391-007FFF              100
        STACK            000140-0007FF              6C0

                                  Symbol Table

?___ftadd                           cstackCOMRAM 000013
?___ftmul                           cstackCOMRAM 000013
?___ftpack                          cstackCOMRAM 00000B
?___fttol                           cstackCOMRAM 000022
?___lwdiv                           cstackCOMRAM 00000B
?___lwmod                           cstackCOMRAM 00000B
?___lwtoft                          cstackCOMRAM 000013
?___wmul                            cstackCOMRAM 00000B
?_strlen                            cstackCOMRAM 00000B
_ADCON1                             (abs)        000FC1
_CMCON                              (abs)        000FB4
_DISP7S_CHARS                       smallconst   00080B
_DISP7S_NUMS                        smallconst   000801
_GIE                                (abs)        007F97
_INTERRUPCION                       intcode      000008
_LATA                               (abs)        000F89
_LATB                               (abs)        000F8A
_LATC                               (abs)        000F8B
_LATD                               (abs)        000F8C
_LATE                               (abs)        000F8D
_PORTC                              (abs)        000F82
_PORTD                              (abs)        000F83
_PORTE                              (abs)        000F84
_T0CON                              (abs)        000FD5
_TMR0H                              (abs)        000FD7
_TMR0IE                             (abs)        007F95
_TMR0IF                             (abs)        007F92
_TMR0L                              (abs)        000FD6
_TRISA                              (abs)        000F92
_TRISB                              (abs)        000F93
_TRISC                              (abs)        000F94
_TRISD                              (abs)        000F95
_TRISE                              (abs)        000F96
_UCFG                               (abs)        000F6F
_UCON                               (abs)        000F6D
__CFG_BOR$OFF                       (abs)        000000
__CFG_BORV$3                        (abs)        000000
__CFG_CPUDIV$OSC1_PLL2              (abs)        000000
__CFG_FCMEN$OFF                     (abs)        000000
__CFG_FOSC$HSPLL_HS                 (abs)        000000
__CFG_IESO$OFF                      (abs)        000000
__CFG_LVP$OFF                       (abs)        000000
__CFG_MCLRE$ON                      (abs)        000000
__CFG_PBADEN$OFF                    (abs)        000000
__CFG_PLLDIV$5                      (abs)        000000
__CFG_PWRT$ON                       (abs)        000000
__CFG_USBDIV$2                      (abs)        000000
__CFG_VREGEN$ON                     (abs)        000000
__CFG_WDT$OFF                       (abs)        000000
__HRAM                              (abs)        000000
__Habs1                             abs1         000000
__Hbank0                            bank0        000000
__Hbank1                            bank1        000000
__Hbank2                            bank2        000000
__Hbank3                            bank3        000000
__Hbank4                            bank4        000000
__Hbank5                            bank5        000000
__Hbank6                            bank6        000000
__Hbank7                            bank7        000000
__Hbigbss                           bigbss       000000
__Hbigdata                          bigdata      000000
__Hbigram                           bigram       000000
__Hbss                              bss          000000
__HbssBANK0                         bssBANK0     000000
__HbssBANK1                         bssBANK1     000000
__HbssCOMRAM                        bssCOMRAM    000000
__Hcinit                            cinit        000000
__Hclrtext                          clrtext      000000
__Hcomram                           comram       000000
__Hconfig                           config       30000E
__Hconst                            const        000000
__HcstackBANK0                      cstackBANK0  000000
__HcstackCOMRAM                     cstackCOMRAM 000000
__Hdata                             data         000000
__HdataBANK0                        dataBANK0    000000
__HdataCOMRAM                       dataCOMRAM   000000
__Heeprom_data                      eeprom_data  000000
__Hfarbss                           farbss       000000
__Hfardata                          fardata      000000
__Hibigdata                         ibigdata     000000
__Hidata                            idata        000000
__HidataBANK0                       idataBANK0   000000
__HidataCOMRAM                      idataCOMRAM  000000
__Hidloc                            idloc        200008
__Hifardata                         ifardata     000000
__Hinit                             init         000012
__Hintcode                          intcode      00000E
__Hintcode_body                     intcode_body 000000
__Hintcodelo                        intcodelo    00000E
__Hintentry                         intentry     000000
__Hintret                           intret       000000
__Hintsave_regs                     intsave_regs 000000
__Hirdata                           irdata       000000
__Hmediumconst                      mediumconst  000000
__HnvFARRAM                         nvFARRAM     000000
__Hnvbit                            nvbit        000000
__Hnvrram                           nvrram       000000
__Hparam                            rparam       000000
__Hpowerup                          powerup      00000E
__Hram                              ram          000000
__Hramtop                           ramtop       000800
__Hrbit                             rbit         000000
__Hrbss                             rbss         000000
__Hrdata                            rdata        000000
__Hreset_vec                        reset_vec    000004
__Hrparam                           rparam       000000
__Hsfr                              sfr          000000
__Hsmallconst                       smallconst   00080E
__Hspace_0                          (abs)        30000E
__Hspace_1                          (abs)        000140
__Hspace_2                          (abs)        000000
__Hstack                            stack        000000
__Hstruct                           struct       000000
__Htemp                             temp         000052
__Htext                             text         000000
__Htext0                            text0        000000
__Htext1                            text1        000000
__Htext10                           text10       000000
__Htext11                           text11       000000
__Htext12                           text12       000000
__Htext13                           text13       000000
__Htext14                           text14       000000
__Htext15                           text15       000000
__Htext16                           text16       000000
__Htext17                           text17       000000
__Htext18                           text18       000000
__Htext19                           text19       000000
__Htext2                            text2        000000
__Htext20                           text20       000000
__Htext21                           text21       000000
__Htext22                           text22       000000
__Htext23                           text23       000000
__Htext24                           text24       000000
__Htext25                           text25       000000
__Htext26                           text26       000000
__Htext27                           text27       000000
__Htext28                           text28       000000
__Htext29                           text29       000000
__Htext3                            text3        000000
__Htext30                           text30       000000
__Htext31                           text31       000000
__Htext32                           text32       000000
__Htext33                           text33       000000
__Htext34                           text34       000000
__Htext35                           text35       000000
__Htext36                           text36       000000
__Htext37                           text37       000000
__Htext38                           text38       000000
__Htext39                           text39       000000
__Htext4                            text4        000000
__Htext40                           text40       000000
__Htext41                           text41       000000
__Htext42                           text42       000000
__Htext43                           text43       000000
__Htext44                           text44       000000
__Htext45                           text45       000000
__Htext46                           text46       000000
__Htext47                           text47       000000
__Htext48                           text48       000000
__Htext49                           text49       000000
__Htext5                            text5        000000
__Htext50                           text50       000000
__Htext51                           text51       000000
__Htext52                           text52       000000
__Htext53                           text53       000000
__Htext54                           text54       000000
__Htext55                           text55       000000
__Htext56                           text56       000000
__Htext57                           text57       000000
__Htext58                           text58       000000
__Htext6                            text6        000000
__Htext60                           text60       000000
__Htext61                           text61       000000
__Htext62                           text62       000000
__Htext63                           text63       000000
__Htext64                           text64       000000
__Htext65                           text65       000000
__Htext66                           text66       000000
__Htext67                           text67       000000
__Htext68                           text68       000000
__Htext69                           text69       000000
__Htext7                            text7        000000
__Htext8                            text8        000000
__Htext9                            text9        000000
__LRAM                              (abs)        000001
__Labs1                             abs1         000000
__Lbank0                            bank0        000000
__Lbank1                            bank1        000000
__Lbank2                            bank2        000000
__Lbank3                            bank3        000000
__Lbank4                            bank4        000000
__Lbank5                            bank5        000000
__Lbank6                            bank6        000000
__Lbank7                            bank7        000000
__Lbigbss                           bigbss       000000
__Lbigdata                          bigdata      000000
__Lbigram                           bigram       000000
__Lbss                              bss          000000
__LbssBANK0                         bssBANK0     000000
__LbssBANK1                         bssBANK1     000000
__LbssCOMRAM                        bssCOMRAM    000000
__Lcinit                            cinit        000000
__Lclrtext                          clrtext      000000
__Lcomram                           comram       000000
__Lconfig                           config       300000
__Lconst                            const        000000
__LcstackBANK0                      cstackBANK0  000000
__LcstackCOMRAM                     cstackCOMRAM 000000
__Ldata                             data         000000
__LdataBANK0                        dataBANK0    000000
__LdataCOMRAM                       dataCOMRAM   000000
__Leeprom_data                      eeprom_data  000000
__Lfarbss                           farbss       000000
__Lfardata                          fardata      000000
__Libigdata                         ibigdata     000000
__Lidata                            idata        000000
__LidataBANK0                       idataBANK0   000000
__LidataCOMRAM                      idataCOMRAM  000000
__Lidloc                            idloc        200000
__Lifardata                         ifardata     000000
__Linit                             init         00000E
__Lintcode                          intcode      000008
__Lintcode_body                     intcode_body 000000
__Lintcodelo                        intcodelo    00000E
__Lintentry                         intentry     000000
__Lintret                           intret       000000
__Lintsave_regs                     intsave_regs 000000
__Lirdata                           irdata       000000
__Lmediumconst                      mediumconst  000000
__LnvFARRAM                         nvFARRAM     000000
__Lnvbit                            nvbit        000000
__Lnvrram                           nvrram       000000
__Lparam                            rparam       000000
__Lpowerup                          powerup      00000E
__Lram                              ram          000000
__Lramtop                           ramtop       000800
__Lrbit                             rbit         000000
__Lrbss                             rbss         000000
__Lrdata                            rdata        000000
__Lreset_vec                        reset_vec    000000
__Lrparam                           rparam       000000
__Lsfr                              sfr          000000
__Lsmallconst                       smallconst   000800
__Lspace_0                          (abs)        000000
__Lspace_1                          (abs)        000000
__Lspace_2                          (abs)        000000
__Lstack                            stack        000000
__Lstruct                           struct       000000
__Ltemp                             temp         000051
__Ltext                             text         000000
__Ltext0                            text0        000000
__Ltext1                            text1        000000
__Ltext10                           text10       000000
__Ltext11                           text11       000000
__Ltext12                           text12       000000
__Ltext13                           text13       000000
__Ltext14                           text14       000000
__Ltext15                           text15       000000
__Ltext16                           text16       000000
__Ltext17                           text17       000000
__Ltext18                           text18       000000
__Ltext19                           text19       000000
__Ltext2                            text2        000000
__Ltext20                           text20       000000
__Ltext21                           text21       000000
__Ltext22                           text22       000000
__Ltext23                           text23       000000
__Ltext24                           text24       000000
__Ltext25                           text25       000000
__Ltext26                           text26       000000
__Ltext27                           text27       000000
__Ltext28                           text28       000000
__Ltext29                           text29       000000
__Ltext3                            text3        000000
__Ltext30                           text30       000000
__Ltext31                           text31       000000
__Ltext32                           text32       000000
__Ltext33                           text33       000000
__Ltext34                           text34       000000
__Ltext35                           text35       000000
__Ltext36                           text36       000000
__Ltext37                           text37       000000
__Ltext38                           text38       000000
__Ltext39                           text39       000000
__Ltext4                            text4        000000
__Ltext40                           text40       000000
__Ltext41                           text41       000000
__Ltext42                           text42       000000
__Ltext43                           text43       000000
__Ltext44                           text44       000000
__Ltext45                           text45       000000
__Ltext46                           text46       000000
__Ltext47                           text47       000000
__Ltext48                           text48       000000
__Ltext49                           text49       000000
__Ltext5                            text5        000000
__Ltext50                           text50       000000
__Ltext51                           text51       000000
__Ltext52                           text52       000000
__Ltext53                           text53       000000
__Ltext54                           text54       000000
__Ltext55                           text55       000000
__Ltext56                           text56       000000
__Ltext57                           text57       000000
__Ltext58                           text58       000000
__Ltext6                            text6        000000
__Ltext60                           text60       000000
__Ltext61                           text61       000000
__Ltext62                           text62       000000
__Ltext63                           text63       000000
__Ltext64                           text64       000000
__Ltext65                           text65       000000
__Ltext66                           text66       000000
__Ltext67                           text67       000000
__Ltext68                           text68       000000
__Ltext69                           text69       000000
__Ltext7                            text7        000000
__Ltext8                            text8        000000
__Ltext9                            text9        000000
__S0                                (abs)        30000E
__S1                                (abs)        000140
__S2                                (abs)        000000
___ftadd                            text8        001086
___ftadd@exp1                       cstackCOMRAM 00001E
___ftadd@exp2                       cstackCOMRAM 00001D
___ftadd@f1                         cstackCOMRAM 000013
___ftadd@f2                         cstackCOMRAM 000016
___ftadd@sign                       cstackCOMRAM 00001C
___ftge                             text53       001B88
___ftge@ff1                         cstackCOMRAM 000016
___ftge@ff2                         cstackCOMRAM 000019
___ftmul                            text7        0014D8
___ftmul@cntr                       cstackCOMRAM 000020
___ftmul@exp                        cstackCOMRAM 00001C
___ftmul@f1                         cstackCOMRAM 000013
___ftmul@f2                         cstackCOMRAM 000016
___ftmul@f3_as_product              cstackCOMRAM 00001D
___ftmul@sign                       cstackCOMRAM 000021
___ftpack                           text31       001816
___ftpack@arg                       cstackCOMRAM 00000B
___ftpack@exp                       cstackCOMRAM 00000E
___ftpack@sign                      cstackCOMRAM 00000F
___fttol                            text6        0015CC
___fttol@exp1                       cstackCOMRAM 000030
___fttol@f1                         cstackCOMRAM 000022
___fttol@lval                       cstackCOMRAM 00002C
___fttol@sign1                      cstackCOMRAM 00002B
___inthi_sp                         stack        000000
___intlo_sp                         stack        000000
___lwdiv                            text15       001E56
___lwdiv@counter                    cstackCOMRAM 00000F
___lwdiv@dividend                   cstackCOMRAM 00000B
___lwdiv@divisor                    cstackCOMRAM 00000D
___lwdiv@quotient                   cstackCOMRAM 000010
___lwmod                            text14       002016
___lwmod@counter                    cstackCOMRAM 00000F
___lwmod@dividend                   cstackCOMRAM 00000B
___lwmod@divisor                    cstackCOMRAM 00000D
___lwtoft                           text30       0021C8
___lwtoft@c                         cstackCOMRAM 000013
___param_bank                       (abs)        000000
___rparam_used                      (abs)        000001
___sp                               stack        000000
___wmul                             text57       0021A2
___wmul@multiplicand                cstackCOMRAM 00000D
___wmul@multiplier                  cstackCOMRAM 00000B
___wmul@product                     cstackCOMRAM 00000F
__accesstop                         (abs)        000060
__activetblptr                      (abs)        000002
__end_of_DISP7S_CHARS               smallconst   00080D
__end_of_DISP7S_NUMS                smallconst   00080B
__end_of_INTERRUPCION               intcode_body 001F3E
__end_of___ftadd                    text8        00122E
__end_of___ftge                     text53       001BFC
__end_of___ftmul                    text7        0015CC
__end_of___ftpack                   text31       0018C4
__end_of___fttol                    text6        00169E
__end_of___lwdiv                    text15       001EA8
__end_of___lwmod                    text14       002058
__end_of___lwtoft                   text30       0021EC
__end_of___wmul                     text57       0021C8
__end_of__initialization            cinit        001D2E
__end_of__mpap_off                  text68       00234C
__end_of__mpap_step1                text66       002338
__end_of__mpap_step2                text65       00232E
__end_of__mpap_step3                text64       002324
__end_of__mpap_step4                text67       002342
__end_of_autoMode_job               text49       0019FA
__end_of_disp7s_init                text37       001DFE
__end_of_disp7s_job                 text35       001B88
__end_of_disp7s_modeDisp_writeInt   text9        0022B6
__end_of_disp7s_mux0_off            text47       00238C
__end_of_disp7s_mux0_on             text46       002388
__end_of_disp7s_mux1_off            text45       002384
__end_of_disp7s_mux1_on             text44       002380
__end_of_disp7s_mux2_off            text43       00237C
__end_of_disp7s_mux2_on             text42       002378
__end_of_disp7s_mux3_off            text41       002374
__end_of_disp7s_mux3_on             text40       002370
__end_of_disp7s_mux4_off            text39       00236C
__end_of_disp7s_mux4_on             text48       002390
__end_of_disp7s_mux_Q               text36       001964
__end_of_disp7s_mux_init            text38       0020DA
__end_of_disp7s_qtyDisp_writeFloat  text4        00224A
__end_of_disp7s_qtyDisp_writeInt    text3        00229C
__end_of_disp7s_write_f             text5        001086
__end_of_disp7s_write_i             text10       0014D8
__end_of_ikb_flush                  text33       002368
__end_of_ikb_init                   text32       001816
__end_of_ikb_job                    text21       0022FC
__end_of_ikb_key_is_ready2read      text16       002266
__end_of_ikey_clear_all_flag        text34       002282
__end_of_ikey_is_accessible         text29       001EF4
__end_of_ikey_parsing               text28       000E3E
__end_of_ikey_scan                  text22       0013CE
__end_of_itoa                       text12       002144
__end_of_keyRead_pin_key0           text26       002354
__end_of_keyRead_pin_key1           text25       002310
__end_of_keyRead_pin_key2           text24       002306
__end_of_keyRead_pin_key3           text23       002362
__end_of_keyRead_pin_key4           text27       00235C
__end_of_main                       text0        001760
__end_of_mpap_do1step               text63       00209A
__end_of_mpap_homming               text62       001E56
__end_of_mpap_isIdle                text58       0022E6
__end_of_mpap_job                   text60       001FCE
__end_of_mpap_movetoNozzle          text55       0021A2
__end_of_mpap_normal_mode           text61       002016
__end_of_mpap_setupToHomming        text54       0022C8
__end_of_mpap_setupToTurn           text56       002174
__end_of_mpap_sych                  text20       001B10
__end_of_nozzle_isEnabled           text52       001F86
__end_of_pulsonic_init              text19       002112
__end_of_pump_isIdle                text51       0022D8
__end_of_pump_job                   text18       001DA0
__end_of_pump_setTick               text50       00231A
__end_of_strlen                     text11       00220E
__end_of_utoa                       text13       001A8E
__end_of_visMode_disp               text2        001CD8
__end_of_visMode_init               text17       0022F2
__end_of_visMode_job                text1        001C6E
__initialization                    cinit        001CD8
__mediumconst                       mediumconst  000000
__mpap_off                          text68       002342
__mpap_step1                        text66       00232E
__mpap_step2                        text65       002324
__mpap_step3                        text64       00231A
__mpap_step4                        text67       002338
__pbssBANK0                         bssBANK0     000060
__pbssBANK1                         bssBANK1     000100
__pbssCOMRAM                        bssCOMRAM    000046
__pcinit                            cinit        001CD8
__pcstackBANK0                      cstackBANK0  0000EB
__pcstackCOMRAM                     cstackCOMRAM 000001
__pdataBANK0                        dataBANK0    0000CD
__pdataCOMRAM                       dataCOMRAM   000050
__pidataBANK0                       idataBANK0   00220E
__pidataCOMRAM                      idataCOMRAM  002390
__pintcode                          intcode      000008
__pintcode_body                     intcode_body 001EF4
__psmallconst                       smallconst   000800
__ptext0                            text0        00169E
__ptext1                            text1        001BFC
__ptext10                           text10       0013CE
__ptext11                           text11       0021EC
__ptext12                           text12       002112
__ptext13                           text13       0019FA
__ptext14                           text14       002016
__ptext15                           text15       001E56
__ptext16                           text16       00224A
__ptext17                           text17       0022E6
__ptext18                           text18       001D3C
__ptext19                           text19       0020DA
__ptext2                            text2        001C6E
__ptext20                           text20       001A8E
__ptext21                           text21       0022F2
__ptext22                           text22       00122E
__ptext23                           text23       00235C
__ptext24                           text24       0022FC
__ptext25                           text25       002306
__ptext26                           text26       00234C
__ptext27                           text27       002354
__ptext28                           text28       00080E
__ptext29                           text29       001EA8
__ptext3                            text3        002282
__ptext30                           text30       0021C8
__ptext31                           text31       001816
__ptext32                           text32       001760
__ptext33                           text33       002362
__ptext34                           text34       002266
__ptext35                           text35       001B10
__ptext36                           text36       0018C4
__ptext37                           text37       001DA0
__ptext38                           text38       00209A
__ptext39                           text39       002368
__ptext4                            text4        00222C
__ptext40                           text40       00236C
__ptext41                           text41       002370
__ptext42                           text42       002374
__ptext43                           text43       002378
__ptext44                           text44       00237C
__ptext45                           text45       002380
__ptext46                           text46       002384
__ptext47                           text47       002388
__ptext48                           text48       00238C
__ptext49                           text49       001964
__ptext5                            text5        000E3E
__ptext50                           text50       002310
__ptext51                           text51       0022C8
__ptext52                           text52       001F3E
__ptext53                           text53       001B88
__ptext54                           text54       0022B6
__ptext55                           text55       002174
__ptext56                           text56       002144
__ptext57                           text57       0021A2
__ptext58                           text58       0022D8
__ptext6                            text6        0015CC
__ptext60                           text60       001F86
__ptext61                           text61       001FCE
__ptext62                           text62       001DFE
__ptext63                           text63       002058
__ptext64                           text64       00231A
__ptext65                           text65       002324
__ptext66                           text66       00232E
__ptext67                           text67       002338
__ptext68                           text68       002342
__ptext69                           text69       000000
__ptext7                            text7        0014D8
__ptext8                            text8        001086
__ptext9                            text9        00229C
__ramtop                            ramtop       000800
__size_of_INTERRUPCION              (abs)        000000
__size_of___ftadd                   (abs)        000000
__size_of___ftge                    (abs)        000000
__size_of___ftmul                   (abs)        000000
__size_of___ftpack                  (abs)        000000
__size_of___fttol                   (abs)        000000
__size_of___lwdiv                   (abs)        000000
__size_of___lwmod                   (abs)        000000
__size_of___lwtoft                  (abs)        000000
__size_of___wmul                    (abs)        000000
__size_of__mpap_off                 (abs)        000000
__size_of__mpap_step1               (abs)        000000
__size_of__mpap_step2               (abs)        000000
__size_of__mpap_step3               (abs)        000000
__size_of__mpap_step4               (abs)        000000
__size_of_autoMode_job              (abs)        000000
__size_of_disp7s_init               (abs)        000000
__size_of_disp7s_job                (abs)        000000
__size_of_disp7s_modeDisp_writeInt  (abs)        000000
__size_of_disp7s_mux0_off           (abs)        000000
__size_of_disp7s_mux0_on            (abs)        000000
__size_of_disp7s_mux1_off           (abs)        000000
__size_of_disp7s_mux1_on            (abs)        000000
__size_of_disp7s_mux2_off           (abs)        000000
__size_of_disp7s_mux2_on            (abs)        000000
__size_of_disp7s_mux3_off           (abs)        000000
__size_of_disp7s_mux3_on            (abs)        000000
__size_of_disp7s_mux4_off           (abs)        000000
__size_of_disp7s_mux4_on            (abs)        000000
__size_of_disp7s_mux_Q              (abs)        000000
__size_of_disp7s_mux_init           (abs)        000000
__size_of_disp7s_qtyDisp_writeFloat (abs)        000000
__size_of_disp7s_qtyDisp_writeInt   (abs)        000000
__size_of_disp7s_write_f            (abs)        000000
__size_of_disp7s_write_i            (abs)        000000
__size_of_ikb_flush                 (abs)        000000
__size_of_ikb_init                  (abs)        000000
__size_of_ikb_job                   (abs)        000000
__size_of_ikb_key_is_ready2read     (abs)        000000
__size_of_ikey_clear_all_flag       (abs)        000000
__size_of_ikey_is_accessible        (abs)        000000
__size_of_ikey_parsing              (abs)        000000
__size_of_ikey_scan                 (abs)        000000
__size_of_itoa                      (abs)        000000
__size_of_keyRead_pin_key0          (abs)        000000
__size_of_keyRead_pin_key1          (abs)        000000
__size_of_keyRead_pin_key2          (abs)        000000
__size_of_keyRead_pin_key3          (abs)        000000
__size_of_keyRead_pin_key4          (abs)        000000
__size_of_main                      (abs)        000000
__size_of_mpap_do1step              (abs)        000000
__size_of_mpap_homming              (abs)        000000
__size_of_mpap_isIdle               (abs)        000000
__size_of_mpap_job                  (abs)        000000
__size_of_mpap_movetoNozzle         (abs)        000000
__size_of_mpap_normal_mode          (abs)        000000
__size_of_mpap_setupToHomming       (abs)        000000
__size_of_mpap_setupToTurn          (abs)        000000
__size_of_mpap_sych                 (abs)        000000
__size_of_nozzle_isEnabled          (abs)        000000
__size_of_pulsonic_init             (abs)        000000
__size_of_pump_isIdle               (abs)        000000
__size_of_pump_job                  (abs)        000000
__size_of_pump_setTick              (abs)        000000
__size_of_strlen                    (abs)        000000
__size_of_utoa                      (abs)        000000
__size_of_visMode_disp              (abs)        000000
__size_of_visMode_init              (abs)        000000
__size_of_visMode_job               (abs)        000000
__smallconst                        smallconst   000800
_autoMode                           bssBANK0     0000BA
_autoMode_job                       text49       001964
_disp7s_init                        text37       001DA0
_disp7s_job                         text35       001B10
_disp7s_modeDisp_writeInt           text9        00229C
_disp7s_mux                         dataBANK0    0000CD
_disp7s_mux0_off                    text47       002388
_disp7s_mux0_on                     text46       002384
_disp7s_mux1_off                    text45       002380
_disp7s_mux1_on                     text44       00237C
_disp7s_mux2_off                    text43       002378
_disp7s_mux2_on                     text42       002374
_disp7s_mux3_off                    text41       002370
_disp7s_mux3_on                     text40       00236C
_disp7s_mux4_off                    text39       002368
_disp7s_mux4_on                     text48       00238C
_disp7s_mux_Q                       text36       0018C4
_disp7s_mux_init                    text38       00209A
_disp7s_qtyDisp_writeFloat          text4        00222C
_disp7s_qtyDisp_writeInt            text3        002282
_disp7s_write_f                     text5        000E3E
_disp7s_write_i                     text10       0013CE
_disp_owner                         bssBANK0     0000C9
_error_grantedToWriteDisp           bssBANK0     0000C7
_error_requestToWriteDisp           bssBANK0     0000C8
_group_x                            bssBANK0     0000B0
_ikb_flush                          text33       002362
_ikb_init                           text32       001760
_ikb_job                            text21       0022F2
_ikb_key_is_ready2read              text16       00224A
_ikey_clear_all_flag                text34       002266
_ikey_is_accessible                 text29       001EA8
_ikey_parsing                       text28       00080E
_ikey_scan                          text22       00122E
_isr_flag                           bssBANK0     0000CC
_itoa                               text12       002112
_key                                bssBANK0     000060
_keyRead_pin_key0                   text26       00234C
_keyRead_pin_key1                   text25       002306
_keyRead_pin_key2                   text24       0022FC
_keyRead_pin_key3                   text23       00235C
_keyRead_pin_key4                   text27       002354
_lock                               bssBANK0     0000CB
_machineState                       bssBANK0     0000CA
_main                               text0        00169E
_main_flag                          bssCOMRAM    00004F
_mpap                               bssCOMRAM    000046
_mpap_do1step                       text63       002058
_mpap_homming                       text62       001DFE
_mpap_isIdle                        text58       0022D8
_mpap_job                           text60       001F86
_mpap_movetoNozzle                  text55       002174
_mpap_normal_mode                   text61       001FCE
_mpap_off                           dataBANK0    0000E9
_mpap_setupToHomming                text54       0022B6
_mpap_setupToTurn                   text56       002144
_mpap_setupToTurn$427               cstackCOMRAM 000013
_mpap_step                          dataBANK0    0000E1
_mpap_sych                          text20       001A8E
_nozzle_isEnabled                   text52       001F3E
_pulsonic                           bssBANK1     000100
_pulsonic_init                      text19       0020DA
_pump                               bssBANK0     0000B5
_pump_isIdle                        text51       0022C8
_pump_job                           text18       001D3C
_pump_setTick                       text50       002310
_strlen                             text11       0021EC
_utoa                               text13       0019FA
_visMode                            bssBANK0     0000B8
_visMode_disp                       text2        001C6E
_visMode_init                       text17       0022E6
_visMode_job                        text1        001BFC
btemp                               temp         000051
disp7s_init@i                       cstackCOMRAM 00000C
disp7s_job@pq                       cstackCOMRAM 000015
disp7s_job@q                        bssCOMRAM    00004E
disp7s_modeDisp_writeInt@num        cstackCOMRAM 000038
disp7s_mux_Q@i                      cstackCOMRAM 000012
disp7s_mux_Q@q                      cstackCOMRAM 000011
disp7s_mux_init@i                   cstackCOMRAM 00000B
disp7s_qtyDisp_writeFloat@num       cstackCOMRAM 00003C
disp7s_qtyDisp_writeInt@num         cstackCOMRAM 000038
disp7s_write_f@I                    cstackBANK0  0000F5
disp7s_write_f@K10MULT              cstackBANK0  0000F8
disp7s_write_f@NUM_OF_DISP          cstackCOMRAM 000033
disp7s_write_f@buff                 cstackBANK0  0000EB
disp7s_write_f@i                    cstackBANK0  0000FB
disp7s_write_f@num                  cstackCOMRAM 000034
disp7s_write_f@pDisp                cstackCOMRAM 000031
disp7s_write_f@pi                   cstackBANK0  0000F7
disp7s_write_i@K10MULT              cstackCOMRAM 000035
disp7s_write_i@NUM_OF_DISP          cstackCOMRAM 000022
disp7s_write_i@buff                 cstackCOMRAM 00002A
disp7s_write_i@i                    cstackCOMRAM 000037
disp7s_write_i@num                  cstackCOMRAM 000023
disp7s_write_i@pDisp                cstackCOMRAM 000020
disp7s_write_i@pi                   cstackCOMRAM 000034
end_of_initialization               cinit        001D2E
ikb_init@i                          cstackCOMRAM 00000B
ikb_key_is_ready2read@k             cstackCOMRAM 00000B
ikey_clear_all_flag@i               cstackCOMRAM 00000B
ikey_is_accessible@k                cstackCOMRAM 00000D
ikey_parsing@k                      cstackCOMRAM 000023
ikey_scan@k                         cstackCOMRAM 00000C
int$flags                           temp         000051
int_func                            intcode_body 001EF4
intlevel0                           text         000000
intlevel1                           text         000000
intlevel2                           text         000000
intlevel3                           text         000000
itoa@base                           cstackCOMRAM 00001D
itoa@buf                            cstackCOMRAM 00001A
itoa@val                            cstackCOMRAM 00001B
main@c_access_disp                  cstackCOMRAM 000045
main@c_access_kb                    cstackCOMRAM 000044
mpap_do1step@KI                     cstackCOMRAM 000001
mpap_do1step@i                      dataCOMRAM   000050
mpap_homming@cod_ret                cstackCOMRAM 000003
mpap_movetoNozzle@n                 cstackCOMRAM 000015
mpap_normal_mode@cod_ret            cstackCOMRAM 000002
mpap_setupToTurn@numSteps_tomove    cstackCOMRAM 000011
mpap_sych@c                         bssBANK0     0000BF
mpap_sych@sm0                       bssBANK0     0000C0
nozzle_isEnabled@n                  cstackCOMRAM 00001F
pulsonic_init@i                     cstackCOMRAM 00000B
pump_job@c                          bssBANK0     0000BE
pump_setTick@ticks                  cstackCOMRAM 00000B
stackhi                             (abs)        0007FF
stacklo                             (abs)        000140
start                               init         00000E
start_initialization                cinit        001CD8
strlen@cp                           cstackCOMRAM 00000D
strlen@s                            cstackCOMRAM 00000B
ttemp5                              temp         000052
ttemp6                              temp         000055
ttemp7                              temp         000059
utoa@base                           cstackCOMRAM 000015
utoa@buf                            cstackCOMRAM 000012
utoa@c                              cstackCOMRAM 000019
utoa@v                              cstackCOMRAM 000017
utoa@val                            cstackCOMRAM 000013
visMode_disp@c                      cstackCOMRAM 000042
visMode_disp@qty                    cstackCOMRAM 00003F
visMode_job@cod_ret                 cstackCOMRAM 000043
wtemp8                              temp         000052


FUNCTION INFORMATION:

 *************** function _main *****************
 Defined at:
		line 79 in file "main.c"
 Parameters:    Size  Location     Type
		None
 Auto vars:     Size  Location     Type
  c_access_dis    1   68[COMRAM] char 
  c_access_kb     1   67[COMRAM] char 
 Return value:  Size  Location     Type
                  1    wreg      void 
 Registers used:
		wreg, fsr1l, fsr1h, fsr2l, fsr2h, status,2, status,0, pclath, tosl, tblptrl, tblptrh, tblptru, prodl, prodh, cstack
 Tracked objects:
		On entry : 
		On exit  : 
		Unchanged: 
 Data sizes:     COMRAM   BANK0   BANK1   BANK2   BANK3   BANK4   BANK5   BANK6   BANK7
      Params:         0       0       0       0       0       0       0       0       0
      Locals:         2       0       0       0       0       0       0       0       0
      Temps:          0       0       0       0       0       0       0       0       0
      Totals:         2       0       0       0       0       0       0       0       0
Total ram usage:        2 bytes
 Hardware stack levels required when called:   12
 This function calls:
		_autoMode_job
		_disp7s_init
		_disp7s_job
		_ikb_flush
		_ikb_init
		_ikb_job
		_mpap_sych
		_pulsonic_init
		_pump_job
		_visMode_init
		_visMode_job
 This function is called by:
		Startup code after reset
 This function uses a non-reentrant model


 *************** function _visMode_job *****************
 Defined at:
		line 19 in file "visualizerMode.c"
 Parameters:    Size  Location     Type
		None
 Auto vars:     Size  Location     Type
  cod_ret         1   66[COMRAM] char 
 Return value:  Size  Location     Type
                  1    wreg      char 
 Registers used:
		wreg, fsr2l, fsr2h, status,2, status,0, tblptrl, tblptrh, tblptru, prodl, prodh, cstack
 Tracked objects:
		On entry : 
		On exit  : 
		Unchanged: 
 Data sizes:     COMRAM   BANK0   BANK1   BANK2   BANK3   BANK4   BANK5   BANK6   BANK7
      Params:         0       0       0       0       0       0       0       0       0
      Locals:         1       0       0       0       0       0       0       0       0
      Temps:          0       0       0       0       0       0       0       0       0
      Totals:         1       0       0       0       0       0       0       0       0
Total ram usage:        1 bytes
 Hardware stack levels used:    1
 Hardware stack levels required when called:   11
 This function calls:
		_ikb_key_is_ready2read
		_visMode_disp
 This function is called by:
		_main
 This function uses a non-reentrant model


 *************** function _visMode_disp *****************
 Defined at:
		line 70 in file "visualizerMode.c"
 Parameters:    Size  Location     Type
  c               1    wreg     char 
 Auto vars:     Size  Location     Type
  c               1   65[COMRAM] char 
  qty             3   62[COMRAM] char 
 Return value:  Size  Location     Type
                  1    wreg      void 
 Registers used:
		wreg, fsr2l, fsr2h, status,2, status,0, tblptrl, tblptrh, tblptru, prodl, prodh, cstack
 Tracked objects:
		On entry : 
		On exit  : 
		Unchanged: 
 Data sizes:     COMRAM   BANK0   BANK1   BANK2   BANK3   BANK4   BANK5   BANK6   BANK7
      Params:         0       0       0       0       0       0       0       0       0
      Locals:         4       0       0       0       0       0       0       0       0
      Temps:          0       0       0       0       0       0       0       0       0
      Totals:         4       0       0       0       0       0       0       0       0
Total ram usage:        4 bytes
 Hardware stack levels used:    1
 Hardware stack levels required when called:   10
 This function calls:
		_disp7s_modeDisp_writeInt
		_disp7s_qtyDisp_writeFloat
		_disp7s_qtyDisp_writeInt
 This function is called by:
		_visMode_job
 This function uses a non-reentrant model


 *************** function _disp7s_qtyDisp_writeInt *****************
 Defined at:
		line 254 in file "display.c"
 Parameters:    Size  Location     Type
  num             2   55[COMRAM] int 
 Auto vars:     Size  Location     Type
		None
 Return value:  Size  Location     Type
                  1    wreg      void 
 Registers used:
		wreg, fsr2l, fsr2h, status,2, status,0, tblptrl, tblptrh, tblptru, prodl, prodh, cstack
 Tracked objects:
		On entry : 
		On exit  : 
		Unchanged: 
 Data sizes:     COMRAM   BANK0   BANK1   BANK2   BANK3   BANK4   BANK5   BANK6   BANK7
      Params:         2       0       0       0       0       0       0       0       0
      Locals:         0       0       0       0       0       0       0       0       0
      Temps:          0       0       0       0       0       0       0       0       0
      Totals:         2       0       0       0       0       0       0       0       0
Total ram usage:        2 bytes
 Hardware stack levels used:    1
 Hardware stack levels required when called:    9
 This function calls:
		_disp7s_write_i
 This function is called by:
		_visMode_disp
 This function uses a non-reentrant model


 *************** function _disp7s_qtyDisp_writeFloat *****************
 Defined at:
		line 215 in file "display.c"
 Parameters:    Size  Location     Type
  num             3   59[COMRAM] float 
 Auto vars:     Size  Location     Type
		None
 Return value:  Size  Location     Type
                  1    wreg      void 
 Registers used:
		wreg, fsr2l, fsr2h, status,2, status,0, tblptrl, tblptrh, tblptru, cstack
 Tracked objects:
		On entry : 
		On exit  : 
		Unchanged: 
 Data sizes:     COMRAM   BANK0   BANK1   BANK2   BANK3   BANK4   BANK5   BANK6   BANK7
      Params:         3       0       0       0       0       0       0       0       0
      Locals:         0       0       0       0       0       0       0       0       0
      Temps:          0       0       0       0       0       0       0       0       0
      Totals:         3       0       0       0       0       0       0       0       0
Total ram usage:        3 bytes
 Hardware stack levels used:    1
 Hardware stack levels required when called:    9
 This function calls:
		_disp7s_write_f
 This function is called by:
		_visMode_disp
 This function uses a non-reentrant model


 *************** function _disp7s_write_f *****************
 Defined at:
		line 161 in file "display.c"
 Parameters:    Size  Location     Type
  pDisp           2   48[COMRAM] PTR unsigned char 
		 -> pulsonic.disp7s(5), pulsonic(64), 
  NUM_OF_DISP     1   50[COMRAM] char 
  num             3   51[COMRAM] char 
 Auto vars:     Size  Location     Type
  buff           10    0[BANK0 ] unsigned char [10]
  K10MULT         3   13[BANK0 ] unsigned char [10]
  I               2   10[BANK0 ] int 
  i               1   16[BANK0 ] char 
  pi              1   12[BANK0 ] char 
 Return value:  Size  Location     Type
                  1    wreg      void 
 Registers used:
		wreg, fsr2l, fsr2h, status,2, status,0, tblptrl, tblptrh, tblptru, cstack
 Tracked objects:
		On entry : 
		On exit  : 
		Unchanged: 
 Data sizes:     COMRAM   BANK0   BANK1   BANK2   BANK3   BANK4   BANK5   BANK6   BANK7
      Params:         6       0       0       0       0       0       0       0       0
      Locals:         0      17       0       0       0       0       0       0       0
      Temps:          5       0       0       0       0       0       0       0       0
      Totals:        11      17       0       0       0       0       0       0       0
Total ram usage:       28 bytes
 Hardware stack levels used:    1
 Hardware stack levels required when called:    8
 This function calls:
		___ftadd
		___ftge
		___ftmul
		___fttol
		_itoa
 This function is called by:
		_disp7s_qtyDisp_writeFloat
 This function uses a non-reentrant model


 *************** function ___fttol *****************
 Defined at:
		line 44 in file "/opt/microchip/xc8/v2.05/pic/sources/c90/common/fttol.c"
 Parameters:    Size  Location     Type
  f1              3   33[COMRAM] float 
 Auto vars:     Size  Location     Type
  lval            4   43[COMRAM] unsigned long 
  exp1            1   47[COMRAM] unsigned char 
  sign1           1   42[COMRAM] unsigned char 
 Return value:  Size  Location     Type
                  4   33[COMRAM] long 
 Registers used:
		wreg, status,2, status,0
 Tracked objects:
		On entry : 
		On exit  : 
		Unchanged: 
 Data sizes:     COMRAM   BANK0   BANK1   BANK2   BANK3   BANK4   BANK5   BANK6   BANK7
      Params:         4       0       0       0       0       0       0       0       0
      Locals:         6       0       0       0       0       0       0       0       0
      Temps:          5       0       0       0       0       0       0       0       0
      Totals:        15       0       0       0       0       0       0       0       0
Total ram usage:       15 bytes
 Hardware stack levels used:    1
 Hardware stack levels required when called:    5
 This function calls:
		Nothing
 This function is called by:
		_disp7s_write_f
 This function uses a non-reentrant model


 *************** function ___ftmul *****************
 Defined at:
		line 62 in file "/opt/microchip/xc8/v2.05/pic/sources/c90/common/ftmul.c"
 Parameters:    Size  Location     Type
  f1              3   18[COMRAM] float 
  f2              3   21[COMRAM] float 
 Auto vars:     Size  Location     Type
  f3_as_produc    3   28[COMRAM] unsigned um
  sign            1   32[COMRAM] unsigned char 
  cntr            1   31[COMRAM] unsigned char 
  exp             1   27[COMRAM] unsigned char 
 Return value:  Size  Location     Type
                  3   18[COMRAM] float 
 Registers used:
		wreg, status,2, status,0, cstack
 Tracked objects:
		On entry : 
		On exit  : 
		Unchanged: 
 Data sizes:     COMRAM   BANK0   BANK1   BANK2   BANK3   BANK4   BANK5   BANK6   BANK7
      Params:         6       0       0       0       0       0       0       0       0
      Locals:         6       0       0       0       0       0       0       0       0
      Temps:          3       0       0       0       0       0       0       0       0
      Totals:        15       0       0       0       0       0       0       0       0
Total ram usage:       15 bytes
 Hardware stack levels used:    1
 Hardware stack levels required when called:    6
 This function calls:
		___ftpack
 This function is called by:
		_disp7s_write_f
 This function uses a non-reentrant model


 *************** function ___ftadd *****************
 Defined at:
		line 86 in file "/opt/microchip/xc8/v2.05/pic/sources/c90/common/ftadd.c"
 Parameters:    Size  Location     Type
  f1              3   18[COMRAM] float 
  f2              3   21[COMRAM] float 
 Auto vars:     Size  Location     Type
  exp1            1   29[COMRAM] unsigned char 
  exp2            1   28[COMRAM] unsigned char 
  sign            1   27[COMRAM] unsigned char 
 Return value:  Size  Location     Type
                  3   18[COMRAM] float 
 Registers used:
		wreg, status,2, status,0, cstack
 Tracked objects:
		On entry : 
		On exit  : 
		Unchanged: 
 Data sizes:     COMRAM   BANK0   BANK1   BANK2   BANK3   BANK4   BANK5   BANK6   BANK7
      Params:         6       0       0       0       0       0       0       0       0
      Locals:         3       0       0       0       0       0       0       0       0
      Temps:          3       0       0       0       0       0       0       0       0
      Totals:        12       0       0       0       0       0       0       0       0
Total ram usage:       12 bytes
 Hardware stack levels used:    1
 Hardware stack levels required when called:    6
 This function calls:
		___ftpack
 This function is called by:
		_disp7s_write_f
 This function uses a non-reentrant model


 *************** function _disp7s_modeDisp_writeInt *****************
 Defined at:
		line 258 in file "display.c"
 Parameters:    Size  Location     Type
  num             2   55[COMRAM] int 
 Auto vars:     Size  Location     Type
		None
 Return value:  Size  Location     Type
                  1    wreg      void 
 Registers used:
		wreg, fsr2l, fsr2h, status,2, status,0, tblptrl, tblptrh, tblptru, prodl, prodh, cstack
 Tracked objects:
		On entry : 
		On exit  : 
		Unchanged: 
 Data sizes:     COMRAM   BANK0   BANK1   BANK2   BANK3   BANK4   BANK5   BANK6   BANK7
      Params:         2       0       0       0       0       0       0       0       0
      Locals:         0       0       0       0       0       0       0       0       0
      Temps:          0       0       0       0       0       0       0       0       0
      Totals:         2       0       0       0       0       0       0       0       0
Total ram usage:        2 bytes
 Hardware stack levels used:    1
 Hardware stack levels required when called:    9
 This function calls:
		_disp7s_write_i
 This function is called by:
		_visMode_disp
 This function uses a non-reentrant model


 *************** function _disp7s_write_i *****************
 Defined at:
		line 224 in file "display.c"
 Parameters:    Size  Location     Type
  pDisp           2   31[COMRAM] PTR unsigned char 
		 -> pulsonic.disp7s(5), pulsonic(64), 
  NUM_OF_DISP     1   33[COMRAM] char 
  num             2   34[COMRAM] int 
 Auto vars:     Size  Location     Type
  buff           10   41[COMRAM] unsigned char [10]
  K10MULT         2   52[COMRAM] int 
  i               1   54[COMRAM] char 
  pi              1   51[COMRAM] char 
 Return value:  Size  Location     Type
                  1    wreg      void 
 Registers used:
		wreg, fsr2l, fsr2h, status,2, status,0, tblptrl, tblptrh, tblptru, prodl, prodh, cstack
 Tracked objects:
		On entry : 
		On exit  : 
		Unchanged: 
 Data sizes:     COMRAM   BANK0   BANK1   BANK2   BANK3   BANK4   BANK5   BANK6   BANK7
      Params:         5       0       0       0       0       0       0       0       0
      Locals:        14       0       0       0       0       0       0       0       0
      Temps:          5       0       0       0       0       0       0       0       0
      Totals:        24       0       0       0       0       0       0       0       0
Total ram usage:       24 bytes
 Hardware stack levels used:    1
 Hardware stack levels required when called:    8
 This function calls:
		___wmul
		_itoa
		_strlen
 This function is called by:
		_disp7s_qtyDisp_writeInt
		_disp7s_modeDisp_writeInt
 This function uses a non-reentrant model


 *************** function _strlen *****************
 Defined at:
		line 4 in file "/opt/microchip/xc8/v2.05/pic/sources/c90/common/strlen.c"
 Parameters:    Size  Location     Type
  s               1   10[COMRAM] PTR const unsigned char 
		 -> disp7s_write_i@buff(10), 
 Auto vars:     Size  Location     Type
  cp              1   12[COMRAM] PTR const unsigned char 
		 -> disp7s_write_i@buff(10), 
 Return value:  Size  Location     Type
                  2   10[COMRAM] unsigned int 
 Registers used:
		wreg, fsr2l, fsr2h, status,2, status,0
 Tracked objects:
		On entry : 
		On exit  : 
		Unchanged: 
 Data sizes:     COMRAM   BANK0   BANK1   BANK2   BANK3   BANK4   BANK5   BANK6   BANK7
      Params:         2       0       0       0       0       0       0       0       0
      Locals:         1       0       0       0       0       0       0       0       0
      Temps:          0       0       0       0       0       0       0       0       0
      Totals:         3       0       0       0       0       0       0       0       0
Total ram usage:        3 bytes
 Hardware stack levels used:    1
 Hardware stack levels required when called:    5
 This function calls:
		Nothing
 This function is called by:
		_disp7s_write_i
 This function uses a non-reentrant model


 *************** function _itoa *****************
 Defined at:
		line 4 in file "/opt/microchip/xc8/v2.05/pic/sources/c90/common/itoa.c"
 Parameters:    Size  Location     Type
  buf             1   25[COMRAM] PTR unsigned char 
		 -> disp7s_write_i@buff(10), disp7s_write_f@buff(10), 
  val             2   26[COMRAM] int 
  base            2   28[COMRAM] int 
 Auto vars:     Size  Location     Type
  cp              1    0        PTR unsigned char 
		 -> disp7s_write_i@buff(10), disp7s_write_f@buff(10), 
 Return value:  Size  Location     Type
                  1    wreg      PTR unsigned char 
 Registers used:
		wreg, fsr2l, fsr2h, status,2, status,0, cstack
 Tracked objects:
		On entry : 
		On exit  : 
		Unchanged: 
 Data sizes:     COMRAM   BANK0   BANK1   BANK2   BANK3   BANK4   BANK5   BANK6   BANK7
      Params:         5       0       0       0       0       0       0       0       0
      Locals:         1       0       0       0       0       0       0       0       0
      Temps:          0       0       0       0       0       0       0       0       0
      Totals:         6       0       0       0       0       0       0       0       0
Total ram usage:        6 bytes
 Hardware stack levels used:    1
 Hardware stack levels required when called:    7
 This function calls:
		_utoa
 This function is called by:
		_disp7s_write_f
		_disp7s_write_i
 This function uses a non-reentrant model


 *************** function _utoa *****************
 Defined at:
		line 17 in file "/opt/microchip/xc8/v2.05/pic/sources/c90/common/itoa.c"
 Parameters:    Size  Location     Type
  buf             1   17[COMRAM] PTR unsigned char 
		 -> disp7s_write_i@buff(10), disp7s_write_f@buff(10), 
  val             2   18[COMRAM] unsigned int 
  base            2   20[COMRAM] int 
 Auto vars:     Size  Location     Type
  v               2   22[COMRAM] unsigned int 
  c               1   24[COMRAM] unsigned char 
 Return value:  Size  Location     Type
                  1    wreg      PTR unsigned char 
 Registers used:
		wreg, fsr2l, fsr2h, status,2, status,0, cstack
 Tracked objects:
		On entry : 
		On exit  : 
		Unchanged: 
 Data sizes:     COMRAM   BANK0   BANK1   BANK2   BANK3   BANK4   BANK5   BANK6   BANK7
      Params:         5       0       0       0       0       0       0       0       0
      Locals:         3       0       0       0       0       0       0       0       0
      Temps:          0       0       0       0       0       0       0       0       0
      Totals:         8       0       0       0       0       0       0       0       0
[...]
 Hardware stack levels used:    1
 Hardware stack levels required when called:    6
 This function calls:
		___wmul
		_mpap_setupToTurn
 This function is called by:
		_autoMode_job
 This function uses a non-reentrant model


 *************** function _mpap_setupToTurn *****************
 Defined at:
		line 55 in file "mpap.c"
 Parameters:    Size  Location     Type
  numSteps_tom    2   16[COMRAM] int 
 Auto vars:     Size  Location     Type
		None
 Return value:  Size  Location     Type
                  1    wreg      void 
 Registers used:
		wreg, status,2, status,0
 Tracked objects:
		On entry : 
		On exit  : 
		Unchanged: 
 Data sizes:     COMRAM   BANK0   BANK1   BANK2   BANK3   BANK4   BANK5   BANK6   BANK7
      Params:         2       0       0       0       0       0       0       0       0
      Locals:         2       0       0       0       0       0       0       0       0
      Temps:          0       0       0       0       0       0       0       0       0
      Totals:         4       0       0       0       0       0       0       0       0
Total ram usage:        4 bytes
 Hardware stack levels used:    1
 Hardware stack levels required when called:    5
 This function calls:
		Nothing
 This function is called by:
		_mpap_setupToHomming
		_mpap_movetoNozzle
 This function uses a non-reentrant model


 *************** function ___wmul *****************
 Defined at:
		line 15 in file "/opt/microchip/xc8/v2.05/pic/sources/c90/common/Umul16.c"
 Parameters:    Size  Location     Type
  multiplier      2   10[COMRAM] unsigned int 
  multiplicand    2   12[COMRAM] unsigned int 
 Auto vars:     Size  Location     Type
  product         2   14[COMRAM] unsigned int 
 Return value:  Size  Location     Type
                  2   10[COMRAM] unsigned int 
 Registers used:
		wreg, status,2, status,0, prodl, prodh
 Tracked objects:
		On entry : 
		On exit  : 
		Unchanged: 
 Data sizes:     COMRAM   BANK0   BANK1   BANK2   BANK3   BANK4   BANK5   BANK6   BANK7
      Params:         4       0       0       0       0       0       0       0       0
      Locals:         2       0       0       0       0       0       0       0       0
      Temps:          0       0       0       0       0       0       0       0       0
      Totals:         6       0       0       0       0       0       0       0       0
Total ram usage:        6 bytes
 Hardware stack levels used:    1
 Hardware stack levels required when called:    5
 This function calls:
		Nothing
 This function is called by:
		_mpap_movetoNozzle
		_disp7s_write_i
		_nozzle_isEnabled
 This function uses a non-reentrant model


 *************** function _mpap_isIdle *****************
 Defined at:
		line 222 in file "mpap.c"
 Parameters:    Size  Location     Type
		None
 Auto vars:     Size  Location     Type
		None
 Return value:  Size  Location     Type
                  1    wreg      char 
 Registers used:
		wreg, status,2
 Tracked objects:
		On entry : 
		On exit  : 
		Unchanged: 
 Data sizes:     COMRAM   BANK0   BANK1   BANK2   BANK3   BANK4   BANK5   BANK6   BANK7
      Params:         0       0       0       0       0       0       0       0       0
      Locals:         0       0       0       0       0       0       0       0       0
      Temps:          0       0       0       0       0       0       0       0       0
      Totals:         0       0       0       0       0       0       0       0       0
Total ram usage:        0 bytes
 Hardware stack levels used:    1
 Hardware stack levels required when called:    5
 This function calls:
		Nothing
 This function is called by:
		_autoMode_job
 This function uses a non-reentrant model


 *************** function _INTERRUPCION *****************
 Defined at:
		line 214 in file "main.c"
 Parameters:    Size  Location     Type
		None
 Auto vars:     Size  Location     Type
		None
 Return value:  Size  Location     Type
                  1    wreg      void 
 Registers used:
		wreg, fsr2l, fsr2h, status,2, status,0, pclath, tosl, prodl, prodh, cstack
 Tracked objects:
		On entry : 
		On exit  : 
		Unchanged: 
 Data sizes:     COMRAM   BANK0   BANK1   BANK2   BANK3   BANK4   BANK5   BANK6   BANK7
      Params:         0       0       0       0       0       0       0       0       0
      Locals:         0       0       0       0       0       0       0       0       0
      Temps:          6       0       0       0       0       0       0       0       0
      Totals:         6       0       0       0       0       0       0       0       0
Total ram usage:        6 bytes
 Hardware stack levels used:    1
 Hardware stack levels required when called:    4
 This function calls:
		_mpap_job
 This function is called by:
		Interrupt level 2
 This function uses a non-reentrant model


 *************** function _mpap_job *****************
 Defined at:
		line 140 in file "mpap.c"
 Parameters:    Size  Location     Type
		None
 Auto vars:     Size  Location     Type
  cod_ret         1    0        char 
 Return value:  Size  Location     Type
                  1    wreg      char 
 Registers used:
		wreg, fsr2l, fsr2h, status,2, status,0, pclath, tosl, prodl, prodh, cstack
 Tracked objects:
		On entry : 
		On exit  : 
		Unchanged: 
 Data sizes:     COMRAM   BANK0   BANK1   BANK2   BANK3   BANK4   BANK5   BANK6   BANK7
      Params:         0       0       0       0       0       0       0       0       0
      Locals:         1       0       0       0       0       0       0       0       0
      Temps:          0       0       0       0       0       0       0       0       0
      Totals:         1       0       0       0       0       0       0       0       0
Total ram usage:        1 bytes
 Hardware stack levels used:    1
 Hardware stack levels required when called:    3
 This function calls:
		__mpap_off
		_mpap_homming
		_mpap_normal_mode
 This function is called by:
		_INTERRUPCION
 This function uses a non-reentrant model


 *************** function _mpap_normal_mode *****************
 Defined at:
		line 120 in file "mpap.c"
 Parameters:    Size  Location     Type
		None
 Auto vars:     Size  Location     Type
  cod_ret         1    1[COMRAM] char 
 Return value:  Size  Location     Type
                  1    wreg      char 
 Registers used:
		wreg, fsr2l, fsr2h, status,2, status,0, pclath, tosl, prodl, prodh, cstack
 Tracked objects:
		On entry : 
		On exit  : 
		Unchanged: 
 Data sizes:     COMRAM   BANK0   BANK1   BANK2   BANK3   BANK4   BANK5   BANK6   BANK7
      Params:         0       0       0       0       0       0       0       0       0
      Locals:         1       0       0       0       0       0       0       0       0
      Temps:          0       0       0       0       0       0       0       0       0
      Totals:         1       0       0       0       0       0       0       0       0
Total ram usage:        1 bytes
 Hardware stack levels used:    1
 Hardware stack levels required when called:    2
 This function calls:
		_mpap_do1step
 This function is called by:
		_mpap_job
 This function uses a non-reentrant model


 *************** function _mpap_homming *****************
 Defined at:
		line 96 in file "mpap.c"
 Parameters:    Size  Location     Type
		None
 Auto vars:     Size  Location     Type
  cod_ret         1    2[COMRAM] char 
 Return value:  Size  Location     Type
                  1    wreg      char 
 Registers used:
		wreg, fsr2l, fsr2h, status,2, status,0, pclath, tosl, prodl, prodh, cstack
 Tracked objects:
		On entry : 
		On exit  : 
		Unchanged: 
 Data sizes:     COMRAM   BANK0   BANK1   BANK2   BANK3   BANK4   BANK5   BANK6   BANK7
      Params:         0       0       0       0       0       0       0       0       0
      Locals:         1       0       0       0       0       0       0       0       0
      Temps:          1       0       0       0       0       0       0       0       0
      Totals:         2       0       0       0       0       0       0       0       0
Total ram usage:        2 bytes
 Hardware stack levels used:    1
 Hardware stack levels required when called:    2
 This function calls:
		_mpap_do1step
 This function is called by:
		_mpap_job
 This function uses a non-reentrant model


 *************** function _mpap_do1step *****************
 Defined at:
		line 76 in file "mpap.c"
 Parameters:    Size  Location     Type
  KI              1    wreg     char 
 Auto vars:     Size  Location     Type
  KI              1    0[COMRAM] char 
 Return value:  Size  Location     Type
                  1    wreg      void 
 Registers used:
		wreg, fsr2l, fsr2h, status,2, status,0, pclath, tosl, prodl, prodh, cstack
 Tracked objects:
		On entry : 
		On exit  : 
		Unchanged: 
 Data sizes:     COMRAM   BANK0   BANK1   BANK2   BANK3   BANK4   BANK5   BANK6   BANK7
      Params:         0       0       0       0       0       0       0       0       0
      Locals:         1       0       0       0       0       0       0       0       0
      Temps:          0       0       0       0       0       0       0       0       0
      Totals:         1       0       0       0       0       0       0       0       0
Total ram usage:        1 bytes
 Hardware stack levels used:    1
 Hardware stack levels required when called:    1
 This function calls:
		__mpap_step1
		__mpap_step2
		__mpap_step3
		__mpap_step4
 This function is called by:
		_mpap_homming
		_mpap_normal_mode
 This function uses a non-reentrant model


 *************** function __mpap_step3 *****************
 Defined at:
		line 21 in file "mpap.c"
 Parameters:    Size  Location     Type
		None
 Auto vars:     Size  Location     Type
		None
 Return value:  Size  Location     Type
                  1    wreg      void 
 Registers used:
		status,2, status,0
 Tracked objects:
		On entry : 
		On exit  : 
		Unchanged: 
 Data sizes:     COMRAM   BANK0   BANK1   BANK2   BANK3   BANK4   BANK5   BANK6   BANK7
      Params:         0       0       0       0       0       0       0       0       0
      Locals:         0       0       0       0       0       0       0       0       0
      Temps:          0       0       0       0       0       0       0       0       0
      Totals:         0       0       0       0       0       0       0       0       0
Total ram usage:        0 bytes
 Hardware stack levels used:    1
 This function calls:
		Nothing
 This function is called by:
		_mpap_do1step
 This function uses a non-reentrant model


 *************** function __mpap_step2 *****************
 Defined at:
		line 13 in file "mpap.c"
 Parameters:    Size  Location     Type
		None
 Auto vars:     Size  Location     Type
		None
 Return value:  Size  Location     Type
                  1    wreg      void 
 Registers used:
		status,2, status,0
 Tracked objects:
		On entry : 
		On exit  : 
		Unchanged: 
 Data sizes:     COMRAM   BANK0   BANK1   BANK2   BANK3   BANK4   BANK5   BANK6   BANK7
      Params:         0       0       0       0       0       0       0       0       0
      Locals:         0       0       0       0       0       0       0       0       0
      Temps:          0       0       0       0       0       0       0       0       0
      Totals:         0       0       0       0       0       0       0       0       0
Total ram usage:        0 bytes
 Hardware stack levels used:    1
 This function calls:
		Nothing
 This function is called by:
		_mpap_do1step
 This function uses a non-reentrant model


 *************** function __mpap_step1 *****************
 Defined at:
		line 5 in file "mpap.c"
 Parameters:    Size  Location     Type
		None
 Auto vars:     Size  Location     Type
		None
 Return value:  Size  Location     Type
                  1    wreg      void 
 Registers used:
		status,2, status,0
 Tracked objects:
		On entry : 
		On exit  : 
		Unchanged: 
 Data sizes:     COMRAM   BANK0   BANK1   BANK2   BANK3   BANK4   BANK5   BANK6   BANK7
      Params:         0       0       0       0       0       0       0       0       0
      Locals:         0       0       0       0       0       0       0       0       0
      Temps:          0       0       0       0       0       0       0       0       0
      Totals:         0       0       0       0       0       0       0       0       0
Total ram usage:        0 bytes
 Hardware stack levels used:    1
 This function calls:
		Nothing
 This function is called by:
		_mpap_do1step
 This function uses a non-reentrant model


 *************** function __mpap_step4 *****************
 Defined at:
		line 29 in file "mpap.c"
 Parameters:    Size  Location     Type
		None
 Auto vars:     Size  Location     Type
		None
 Return value:  Size  Location     Type
                  1    wreg      void 
 Registers used:
		status,2, status,0
 Tracked objects:
		On entry : 
		On exit  : 
		Unchanged: 
 Data sizes:     COMRAM   BANK0   BANK1   BANK2   BANK3   BANK4   BANK5   BANK6   BANK7
      Params:         0       0       0       0       0       0       0       0       0
      Locals:         0       0       0       0       0       0       0       0       0
      Temps:          0       0       0       0       0       0       0       0       0
      Totals:         0       0       0       0       0       0       0       0       0
Total ram usage:        0 bytes
 Hardware stack levels used:    1
 This function calls:
		Nothing
 This function is called by:
		_mpap_do1step
 This function uses a non-reentrant model


 *************** function __mpap_off *****************
 Defined at:
		line 43 in file "mpap.c"
 Parameters:    Size  Location     Type
		None
 Auto vars:     Size  Location     Type
		None
 Return value:  Size  Location     Type
                  1    wreg      void 
 Registers used:
		status,2, status,0
 Tracked objects:
		On entry : 
		On exit  : 
		Unchanged: 
 Data sizes:     COMRAM   BANK0   BANK1   BANK2   BANK3   BANK4   BANK5   BANK6   BANK7
      Params:         0       0       0       0       0       0       0       0       0
      Locals:         0       0       0       0       0       0       0       0       0
      Temps:          0       0       0       0       0       0       0       0       0
      Totals:         0       0       0       0       0       0       0       0       0
Total ram usage:        0 bytes
 Hardware stack levels used:    1
 This function calls:
		Nothing
 This function is called by:
		_mpap_job
 This function uses a non-reentrant model



MODULE INFORMATION

Module		Function		Class		Link	Load	Size
/opt/microchip/xc8/v2.05/pic/sources/c90/common/ftadd.c
		___ftadd       		CODE           	1086	0000	425

/opt/microchip/xc8/v2.05/pic/sources/c90/common/ftadd.c estimated size: 425

pump.c
		_pump_job      		CODE           	1D3C	0000	101
		_pump_setTick  		CODE           	2310	0000	11
		_pump_isIdle   		CODE           	22C8	0000	17

pump.c estimated size: 129

visualizerMode.c
		_visMode_job   		CODE           	1BFC	0000	115
		_visMode_disp  		CODE           	1C6E	0000	107
		_visMode_init  		CODE           	22E6	0000	13

visualizerMode.c estimated size: 235

/opt/microchip/xc8/v2.05/pic/sources/c90/common/lwtoft.c
		___lwtoft      		CODE           	21C8	0000	37

/opt/microchip/xc8/v2.05/pic/sources/c90/common/lwtoft.c estimated size: 37

mpap.c
		_mpap_setupToTurn		CODE           	2144	0000	49
		_mpap_isIdle   		CODE           	22D8	0000	15
		_mpap_normal_mode		CODE           	1FCE	0000	73
		_mpap_sych     		CODE           	1A8E	0000	131
		_mpap_job      		CODE           	1F86	0000	73
		_mpap_do1step  		CODE           	2058	0000	67
		__mpap_step1   		CODE           	232E	0000	11
		__mpap_step2   		CODE           	2324	0000	11
		__mpap_step3   		CODE           	231A	0000	11
		__mpap_step4   		CODE           	2338	0000	11
		_mpap_setupToHomming		CODE           	22B6	0000	19
		__mpap_off     		CODE           	2342	0000	11
		_mpap_movetoNozzle		CODE           	2174	0000	47
		_mpap_homming  		CODE           	1DFE	0000	89

mpap.c estimated size: 618

automode.c
		_autoMode_job  		CODE           	1964	0000	151

automode.c estimated size: 151

/opt/microchip/xc8/v2.05/pic/sources/c90/common/ftge.c
		___ftge        		CODE           	1B88	0000	117

/opt/microchip/xc8/v2.05/pic/sources/c90/common/ftge.c estimated size: 117

/opt/microchip/xc8/v2.05/pic/sources/c90/common/float.c
		___ftpack      		CODE           	1816	0000	175

/opt/microchip/xc8/v2.05/pic/sources/c90/common/float.c estimated size: 175

../../../../../../FIRWAR/eslibrary/ikb/ikb.c
		_ikb_init      		CODE           	1760	0000	183
		_keyRead_pin_key0		CODE           	234C	0000	9
		_keyRead_pin_key1		CODE           	2306	0000	11
		_keyRead_pin_key2		CODE           	22FC	0000	11
		_keyRead_pin_key3		CODE           	235C	0000	7
		_keyRead_pin_key4		CODE           	2354	0000	9
		_ikb_flush     		CODE           	2362	0000	7
		_ikey_is_accessible		CODE           	1EA8	0000	77
		_ikey_scan     		CODE           	122E	0000	417
		_ikb_key_is_ready2read		CODE           	224A	0000	29
		_ikey_clear_all_flag		CODE           	2266	0000	29
		_ikb_job       		CODE           	22F2	0000	11
		_ikey_parsing  		CODE           	080E	0000	1585

../../../../../../FIRWAR/eslibrary/ikb/ikb.c estimated size: 2385

/opt/microchip/xc8/v2.05/pic/sources/c90/common/lwmod.c
		___lwmod       		CODE           	2016	0000	67

/opt/microchip/xc8/v2.05/pic/sources/c90/common/lwmod.c estimated size: 67

/opt/microchip/xc8/v2.05/pic/sources/c90/common/ftmul.c
		___ftmul       		CODE           	14D8	0000	245

/opt/microchip/xc8/v2.05/pic/sources/c90/common/ftmul.c estimated size: 245

/opt/microchip/xc8/v2.05/pic/sources/c90/common/Umul16.c
		___wmul        		CODE           	21A2	0000	39

/opt/microchip/xc8/v2.05/pic/sources/c90/common/Umul16.c estimated size: 39

shared
		_DISP7S_NUMS   		SMALLCONST     	0801	0000	11
		_DISP7S_CHARS  		SMALLCONST     	080B	0000	3
		__initialization		CODE           	1CD8	0000	87

shared estimated size: 101

/opt/microchip/xc8/v2.05/pic/sources/c90/common/fttol.c
		___fttol       		CODE           	15CC	0000	211

/opt/microchip/xc8/v2.05/pic/sources/c90/common/fttol.c estimated size: 211

nozzle.c
		_nozzle_isEnabled		CODE           	1F3E	0000	73

nozzle.c estimated size: 73

display.c
		_disp7s_qtyDisp_writeFloat		CODE           	222C	0000	31
		_disp7s_job    		CODE           	1B10	0000	121
		_disp7s_init   		CODE           	1DA0	0000	95
		_disp7s_mux_Q  		CODE           	18C4	0000	161
		_disp7s_write_f		CODE           	0E3E	0000	585
		_disp7s_write_i		CODE           	13CE	0000	267
		_disp7s_mux0_on		CODE           	2384	0000	5
		_disp7s_mux1_on		CODE           	237C	0000	5
		_disp7s_mux2_on		CODE           	2374	0000	5
		_disp7s_mux3_on		CODE           	236C	0000	5
		_disp7s_mux4_on		CODE           	238C	0000	5
		_disp7s_modeDisp_writeInt		CODE           	229C	0000	27
		_disp7s_mux0_off		CODE           	2388	0000	5
		_disp7s_mux1_off		CODE           	2380	0000	5
		_disp7s_mux2_off		CODE           	2378	0000	5
		_disp7s_mux3_off		CODE           	2370	0000	5
		_disp7s_mux4_off		CODE           	2368	0000	5
		_disp7s_qtyDisp_writeInt		CODE           	2282	0000	27
		_disp7s_mux_init		CODE           	209A	0000	65

display.c estimated size: 1429

/opt/microchip/xc8/v2.05/pic/sources/c90/common/lwdiv.c
		___lwdiv       		CODE           	1E56	0000	83

/opt/microchip/xc8/v2.05/pic/sources/c90/common/lwdiv.c estimated size: 83

pulsonic.c
		_pulsonic_init 		CODE           	20DA	0000	57

pulsonic.c estimated size: 57

/opt/microchip/xc8/v2.05/pic/sources/c90/common/itoa.c
		_itoa          		CODE           	2112	0000	51
		_utoa          		CODE           	19FA	0000	149

/opt/microchip/xc8/v2.05/pic/sources/c90/common/itoa.c estimated size: 200

main.c
		_main          		CODE           	169E	0000	195
		_INTERRUPCION  		CODE           	0008	0000	81

main.c estimated size: 276

/opt/microchip/xc8/v2.05/pic/sources/c90/common/strlen.c
		_strlen        		CODE           	21EC	0000	35

/opt/microchip/xc8/v2.05/pic/sources/c90/common/strlen.c estimated size: 35

