Microchip MPLAB XC8 Compiler V2.05 ()

Linker command line:

-W-3 --edf=/opt/microchip/xc8/v2.05/pic/dat/en_msgs.txt -cs \
  -h+dist/default/production/pulsonic.X.production.sym \
  --cmf=dist/default/production/pulsonic.X.production.cmf -z -Q18F4550 \
  -o/tmp/xcXQwDBzo -Mdist/default/production/pulsonic.X.production.map -E1 \
  -ver=XC8 -ASTACK=0144h-07FFh -pstack=STACK -ACODE=00h-07FFFh \
  -ACONST=00h-07FFFh -ASMALLCONST=0800h-08FFhx120 \
  -AMEDIUMCONST=0800h-07FFFh -ACOMRAM=01h-05Fh -AABS1=00h-07FFh \
  -ABIGRAM=01h-07FFh -ARAM=060h-0FFh,0100h-01FFhx7 -ABANK0=060h-0FFh \
  -ABANK1=0100h-01FFh -ABANK2=0200h-02FFh -ABANK3=0300h-03FFh \
  -ABANK4=0400h-04FFh -ABANK5=0500h-05FFh -ABANK6=0600h-06FFh \
  -ABANK7=0700h-07FFh -ASFR=0F60h-0FFFh \
  -preset_vec=00h,intcode=08h,intcodelo,powerup,init -pramtop=0800h \
  -psmallconst=SMALLCONST -pmediumconst=MEDIUMCONST -pconst=CONST \
  -AFARRAM=00h-00h -ACONFIG=0300000h-030000Dh -pconfig=CONFIG \
  -AIDLOC=0200000h-0200007h -pidloc=IDLOC -AEEDATA=0F00000h-0F000FFh \
  -peeprom_data=EEDATA \
  -prdata=COMRAM,nvrram=COMRAM,nvbit=COMRAM,rbss=COMRAM,rbit=COMRAM \
  -pfarbss=FARRAM,fardata=FARRAM,nvFARRAM=FARRAM \
  -pintsave_regs=BIGRAM,bigbss=BIGRAM,bigdata=BIGRAM -pbss=RAM \
  -pidata=CODE,irdata=CODE,ibigdata=CODE,ifardata=CODE -prparam=COMRAM \
  /tmp/xcXClKld3.obj dist/default/production/pulsonic.X.production.obj 

Object code version is 3.11

Machine type is 18F4550

Call graph: (short form)




                Name                               Link     Load   Length Selector   Space Scale
/tmp/xcXClKld3.obj
                init                                  E        E        4        4       0
                reset_vec                             0        0        4        0       0
                idloc                            200000   200000        8   200000       0
                config                           300000   300000        E   300000       0
dist/default/production/pulsonic.X.production.obj
                intcode                               8        8        6        4       0
                temp                                 53       53        1        1       1
                smallconst                          800      800       12      400       0
                text84                             2A0A     2A0A        A      409       0
                text83                             2A00     2A00        A      409       0
                text82                             29F6     29F6        A      409       0
                text81                             29EC     29EC        A      409       0
                text80                             29E2     29E2        A      409       0
                text79                             25A0     25A0       42      409       0
                text78                             227C     227C       62      409       0
                text77                             2484     2484       4A      409       0
                text76                             2516     2516       48      409       0
                intcode_body                       243A     243A       4A      409       0
                text74                             28C6     28C6       1C      409       0
                text73                             28AA     28AA       1C      409       0
                text72                             293E     293E       14      409       0
                text71                             2994     2994        E      409       0
                text70                             1DB2     1DB2       92      409       0
                text69                             2984     2984       10      409       0
                text68                             27C2     27C2       26      409       0
                text67                             2704     2704       32      409       0
                text66                             26D2     26D2       32      409       0
                text65                             292A     292A       14      409       0
                text64                             2140     2140       74      409       0
                text63                             24CE     24CE       48      409       0
                text62                             2974     2974       10      409       0
                text61                             29D8     29D8        A      409       0
                text60                             2916     2916       14      409       0
                text59                             29AE     29AE        C      409       0
                text58                             239C     239C       52      409       0
                text57                             255E     255E       42      409       0
                text56                             1D1E     1D1E       94      409       0
                text55                             26A0     26A0       32      409       0
                text54                             282E     282E       22      409       0
                text53                             182A     182A      10A      409       0
                text52                             28FC     28FC       1A      409       0
                text51                             29A2     29A2        C      409       0
                text50                             1BD0     1BD0       AE      409       0
                text49                             1396     1396      1A8      409       0
                text48                             1934     1934       F4      409       0
                text47                             1AFE     1AFE       D2      409       0
                text46                             2662     2662       3E      409       0
                text45                             117A     117A      21C      409       0
                text44                             2870     2870       1E      409       0
                text43                             28E2     28E2       1A      409       0
                text42                             2964     2964       10      409       0
                text41                             20CC     20CC       74      409       0
                text40                             2622     2622       40      409       0
                text39                              EDA      EDA      2A0      409       0
                text38                             2794     2794       2E      409       0
                text37                             2A54     2A54        4      409       0
                text36                             2A50     2A50        4      409       0
                text35                             2A4C     2A4C        4      409       0
                text34                             2A48     2A48        4      409       0
                text33                             2A44     2A44        4      409       0
                text32                             2A40     2A40        4      409       0
                text31                             2A3C     2A3C        4      409       0
                text30                             2A38     2A38        4      409       0
                text29                             2A34     2A34        4      409       0
                text28                             2A30     2A30        4      409       0
                text27                             25E2     25E2       40      409       0
                text26                             233E     233E       5E      409       0
                text25                             1C7E     1C7E       A0      409       0
                text24                             1FE0     1FE0       78      409       0
                text23                             1A28     1A28       D6      409       0
                text22                             27E8     27E8       24      409       0
                text21                             23EE     23EE       4C      409       0
                text20                              812      812      6C8      409       0
                text19                             2A1C     2A1C        8      409       0
                text18                             2A14     2A14        8      409       0
                text17                             29CE     29CE        A      409       0
                text16                             29C4     29C4        A      409       0
                text15                             2A2A     2A2A        6      409       0
                text14                             153E     153E      1A2      409       0
                text13                             29BA     29BA        A      409       0
                text12                             1ED4     1ED4       8E      409       0
                text11                             2952     2952       12      409       0
                text10                             1F62     1F62       7E      409       0
                text9                              2736     2736       30      409       0
                text8                              288E     288E       1C      409       0
                text7                              2A24     2A24        6      409       0
                text6                              2850     2850       20      409       0
                text5                              22DE     22DE       60      409       0
                text4                              2218     2218       64      409       0
                text3                              2058     2058       74      409       0
                text2                              1E44     1E44       90      409       0
                text1                              2766     2766       2E      409       0
                text0                              16E0     16E0      14A      409       0
                cstackCOMRAM                          1        1       43        1       1
                cstackBANK0                          EF       EF       11       60       1
                cstackBANK1                         141      141        3      100       1
                bssBANK1                            100      100       41      100       1
                dataBANK0                            CD       CD       22       60       1
                bssBANK0                             60       60       6D       60       1
                dataCOMRAM                           52       52        1        1       1
                bssCOMRAM                            44       44        E        1       1
                cinit                              21B4     21B4       64      409       0
                idataBANK0                         280C     280C       22      409       0
                idataCOMRAM                        2A58     2A58        1      409       0

TOTAL           Name                               Link     Load   Length     Space
        CLASS   STACK          

        CLASS   CODE           
                intcode                               8        8        6         0
                init                                  E        E        4         0
                reset_vec                             0        0        4         0
                text84                             2A0A     2A0A        A         0
                text83                             2A00     2A00        A         0
                text82                             29F6     29F6        A         0
                text81                             29EC     29EC        A         0
                text80                             29E2     29E2        A         0
                text79                             25A0     25A0       42         0
                text78                             227C     227C       62         0
                text77                             2484     2484       4A         0
                text76                             2516     2516       48         0
                intcode_body                       243A     243A       4A         0
                text74                             28C6     28C6       1C         0
                text73                             28AA     28AA       1C         0
                text72                             293E     293E       14         0
                text71                             2994     2994        E         0
                text70                             1DB2     1DB2       92         0
                text69                             2984     2984       10         0
                text68                             27C2     27C2       26         0
                text67                             2704     2704       32         0
                text66                             26D2     26D2       32         0
                text65                             292A     292A       14         0
                text64                             2140     2140       74         0
                text63                             24CE     24CE       48         0
                text62                             2974     2974       10         0
                text61                             29D8     29D8        A         0
                text60                             2916     2916       14         0
                text59                             29AE     29AE        C         0
                text58                             239C     239C       52         0
                text57                             255E     255E       42         0
                text56                             1D1E     1D1E       94         0
                text55                             26A0     26A0       32         0
                text54                             282E     282E       22         0
                text53                             182A     182A      10A         0
                text52                             28FC     28FC       1A         0
                text51                             29A2     29A2        C         0
                text50                             1BD0     1BD0       AE         0
                text49                             1396     1396      1A8         0
                text48                             1934     1934       F4         0
                text47                             1AFE     1AFE       D2         0
                text46                             2662     2662       3E         0
                text45                             117A     117A      21C         0
                text44                             2870     2870       1E         0
                text43                             28E2     28E2       1A         0
                text42                             2964     2964       10         0
                text41                             20CC     20CC       74         0
                text40                             2622     2622       40         0
                text39                              EDA      EDA      2A0         0
                text38                             2794     2794       2E         0
                text37                             2A54     2A54        4         0
                text36                             2A50     2A50        4         0
                text35                             2A4C     2A4C        4         0
                text34                             2A48     2A48        4         0
                text33                             2A44     2A44        4         0
                text32                             2A40     2A40        4         0
                text31                             2A3C     2A3C        4         0
                text30                             2A38     2A38        4         0
                text29                             2A34     2A34        4         0
                text28                             2A30     2A30        4         0
                text27                             25E2     25E2       40         0
                text26                             233E     233E       5E         0
                text25                             1C7E     1C7E       A0         0
                text24                             1FE0     1FE0       78         0
                text23                             1A28     1A28       D6         0
                text22                             27E8     27E8       24         0
                text21                             23EE     23EE       4C         0
                text20                              812      812      6C8         0
                text19                             2A1C     2A1C        8         0
                text18                             2A14     2A14        8         0
                text17                             29CE     29CE        A         0
                text16                             29C4     29C4        A         0
                text15                             2A2A     2A2A        6         0
                text14                             153E     153E      1A2         0
                text13                             29BA     29BA        A         0
                text12                             1ED4     1ED4       8E         0
                text11                             2952     2952       12         0
                text10                             1F62     1F62       7E         0
                text9                              2736     2736       30         0
                text8                              288E     288E       1C         0
                text7                              2A24     2A24        6         0
                text6                              2850     2850       20         0
                text5                              22DE     22DE       60         0
                text4                              2218     2218       64         0
                text3                              2058     2058       74         0
                text2                              1E44     1E44       90         0
                text1                              2766     2766       2E         0
                text0                              16E0     16E0      14A         0
                cinit                              21B4     21B4       64         0
                idataBANK0                         280C     280C       22         0
                idataCOMRAM                        2A58     2A58        1         0

        CLASS   CONST          

        CLASS   SMALLCONST     
                smallconst                          800      800       12         0

        CLASS   MEDIUMCONST    

        CLASS   COMRAM         
                temp                                 53       53        1         1
                cstackCOMRAM                          1        1       43         1
                dataCOMRAM                           52       52        1         1
                bssCOMRAM                            44       44        E         1

        CLASS   ABS1           

        CLASS   BIGRAM         

        CLASS   RAM            

        CLASS   BANK0          
                cstackBANK0                          EF       EF       11         1
                dataBANK0                            CD       CD       22         1
                bssBANK0                             60       60       6D         1

        CLASS   BANK1          
                cstackBANK1                         141      141        3         1
                bssBANK1                            100      100       41         1

        CLASS   BANK2          

        CLASS   BANK3          

        CLASS   BANK4          

        CLASS   BANK5          

        CLASS   BANK6          

        CLASS   BANK7          

        CLASS   SFR            

        CLASS   FARRAM         

        CLASS   CONFIG         
                config                           300000   300000        E         0

        CLASS   IDLOC          
                idloc                            200000   200000        8         0

        CLASS   EEDATA         



SEGMENTS        Name                           Load    Length   Top    Selector   Space  Class

                reset_vec                      000000  000004  000004         0       0  CODE    
                cstackCOMRAM                   000001  000053  000054         1       1  COMRAM  
                intcode                        000008  00000A  000012         4       0  CODE    
                bssBANK0                       000060  0000A0  000100        60       1  BANK0   
                bssBANK1                       000100  000044  000144       100       1  BANK1   
                smallconst                     000800  000012  000812       400       0  SMALLCON
                text20                         000812  002247  002A59       409       0  CODE    
                idloc                          200000  000008  200008    200000       0  IDLOC   
                config                         300000  00000E  30000E    300000       0  CONFIG  


UNUSED ADDRESS RANGES

        Name                Unused          Largest block    Delta
        BANK1            000144-0001FF               BC
        BANK2            000200-0002FF              100
        BANK3            000300-0003FF              100
        BANK4            000400-0004FF              100
        BANK5            000500-0005FF              100
        BANK6            000600-0006FF              100
        BANK7            000700-0007FF              100
        BIGRAM           000054-00005F                C
                         000144-0007FF              6BC
        CODE             000004-000007                4
                         000012-0007FF              7EE
                         002A59-007FFF             55A7
        COMRAM           000054-00005F                C
        CONST            000004-000007                4
                         000012-0007FF              7EE
                         002A59-007FFF             55A7
        EEDATA           F00000-F000FF              100
        MEDIUMCONST      002A59-007FFF             55A7
        RAM              000144-0007FF              100
        SFR              000F60-000FFF               A0
        SMALLCONST       002A59-007FFF              100
        STACK            000144-0007FF              6BC

                                  Symbol Table

?___ftadd                                     cstackCOMRAM 000013
?___ftmul                                     cstackCOMRAM 000013
?___ftpack                                    cstackCOMRAM 00000B
?___ftsub                                     cstackCOMRAM 00001F
?___fttol                                     cstackCOMRAM 000022
?___lwdiv                                     cstackCOMRAM 00000B
?___lwmod                                     cstackCOMRAM 00000B
?___lwtoft                                    cstackCOMRAM 000013
?___wmul                                      cstackCOMRAM 00000B
?_pulsonic_getTotalSum_mlh                    cstackCOMRAM 00001F
?_strlen                                      cstackCOMRAM 00000B
_ADCON1                                       (abs)        000FC1
_CMCON                                        (abs)        000FB4
_DISP7S_CHARS                                 smallconst   00080F
_DISP7S_NUMS                                  smallconst   000801
_GIE                                          (abs)        007F97
_INTERRUPCION                                 intcode      000008
_LATA                                         (abs)        000F89
_LATB                                         (abs)        000F8A
_LATC                                         (abs)        000F8B
_LATD                                         (abs)        000F8C
_LATE                                         (abs)        000F8D
_NOZZLE_QTY_DIFF                              dataBANK0    0000E9
_OIL_VISCOSITY                                smallconst   00080B
_PORTC                                        (abs)        000F82
_PORTD                                        (abs)        000F83
_PORTE                                        (abs)        000F84
_T0CON                                        (abs)        000FD5
_TMR0H                                        (abs)        000FD7
_TMR0IE                                       (abs)        007F95
_TMR0IF                                       (abs)        007F92
_TMR0L                                        (abs)        000FD6
_TRISA                                        (abs)        000F92
_TRISB                                        (abs)        000F93
_TRISC                                        (abs)        000F94
_TRISD                                        (abs)        000F95
_TRISE                                        (abs)        000F96
_UCFG                                         (abs)        000F6F
_UCON                                         (abs)        000F6D
__CFG_BOR$OFF                                 (abs)        000000
__CFG_BORV$3                                  (abs)        000000
__CFG_CPUDIV$OSC1_PLL2                        (abs)        000000
__CFG_FCMEN$OFF                               (abs)        000000
__CFG_FOSC$HSPLL_HS                           (abs)        000000
__CFG_IESO$OFF                                (abs)        000000
__CFG_LVP$OFF                                 (abs)        000000
__CFG_MCLRE$ON                                (abs)        000000
__CFG_PBADEN$OFF                              (abs)        000000
__CFG_PLLDIV$5                                (abs)        000000
__CFG_PWRT$ON                                 (abs)        000000
__CFG_USBDIV$2                                (abs)        000000
__CFG_VREGEN$ON                               (abs)        000000
__CFG_WDT$OFF                                 (abs)        000000
__HRAM                                        (abs)        000000
__Habs1                                       abs1         000000
__Hbank0                                      bank0        000000
__Hbank1                                      bank1        000000
__Hbank2                                      bank2        000000
__Hbank3                                      bank3        000000
__Hbank4                                      bank4        000000
__Hbank5                                      bank5        000000
__Hbank6                                      bank6        000000
__Hbank7                                      bank7        000000
__Hbigbss                                     bigbss       000000
__Hbigdata                                    bigdata      000000
__Hbigram                                     bigram       000000
__Hbss                                        bss          000000
__HbssBANK0                                   bssBANK0     000000
__HbssBANK1                                   bssBANK1     000000
__HbssCOMRAM                                  bssCOMRAM    000000
__Hcinit                                      cinit        000000
__Hclrtext                                    clrtext      000000
__Hcomram                                     comram       000000
__Hconfig                                     config       30000E
__Hconst                                      const        000000
__HcstackBANK0                                cstackBANK0  000000
__HcstackBANK1                                cstackBANK1  000000
__HcstackCOMRAM                               cstackCOMRAM 000000
__Hdata                                       data         000000
__HdataBANK0                                  dataBANK0    000000
__HdataCOMRAM                                 dataCOMRAM   000000
__Heeprom_data                                eeprom_data  000000
__Hfarbss                                     farbss       000000
__Hfardata                                    fardata      000000
__Hibigdata                                   ibigdata     000000
__Hidata                                      idata        000000
__HidataBANK0                                 idataBANK0   000000
__HidataCOMRAM                                idataCOMRAM  000000
__Hidloc                                      idloc        200008
__Hifardata                                   ifardata     000000
__Hinit                                       init         000012
__Hintcode                                    intcode      00000E
__Hintcode_body                               intcode_body 000000
__Hintcodelo                                  intcodelo    00000E
__Hintentry                                   intentry     000000
__Hintret                                     intret       000000
__Hintsave_regs                               intsave_regs 000000
__Hirdata                                     irdata       000000
__Hmediumconst                                mediumconst  000000
__HnvFARRAM                                   nvFARRAM     000000
__Hnvbit                                      nvbit        000000
__Hnvrram                                     nvrram       000000
__Hparam                                      rparam       000000
__Hpowerup                                    powerup      00000E
__Hram                                        ram          000000
__Hramtop                                     ramtop       000800
__Hrbit                                       rbit         000000
__Hrbss                                       rbss         000000
__Hrdata                                      rdata        000000
__Hreset_vec                                  reset_vec    000004
__Hrparam                                     rparam       000000
__Hsfr                                        sfr          000000
__Hsmallconst                                 smallconst   000812
__Hspace_0                                    (abs)        30000E
__Hspace_1                                    (abs)        000144
__Hspace_2                                    (abs)        000000
__Hstack                                      stack        000000
__Hstruct                                     struct       000000
__Htemp                                       temp         000054
__Htext                                       text         000000
__Htext0                                      text0        000000
__Htext1                                      text1        000000
__Htext10                                     text10       000000
__Htext11                                     text11       000000
__Htext12                                     text12       000000
__Htext13                                     text13       000000
__Htext14                                     text14       000000
__Htext15                                     text15       000000
__Htext16                                     text16       000000
__Htext17                                     text17       000000
__Htext18                                     text18       000000
__Htext19                                     text19       000000
__Htext2                                      text2        000000
__Htext20                                     text20       000000
__Htext21                                     text21       000000
__Htext22                                     text22       000000
__Htext23                                     text23       000000
__Htext24                                     text24       000000
__Htext25                                     text25       000000
__Htext26                                     text26       000000
__Htext27                                     text27       000000
__Htext28                                     text28       000000
__Htext29                                     text29       000000
__Htext3                                      text3        000000
__Htext30                                     text30       000000
__Htext31                                     text31       000000
__Htext32                                     text32       000000
__Htext33                                     text33       000000
__Htext34                                     text34       000000
__Htext35                                     text35       000000
__Htext36                                     text36       000000
__Htext37                                     text37       000000
__Htext38                                     text38       000000
__Htext39                                     text39       000000
__Htext4                                      text4        000000
__Htext40                                     text40       000000
__Htext41                                     text41       000000
__Htext42                                     text42       000000
__Htext43                                     text43       000000
__Htext44                                     text44       000000
__Htext45                                     text45       000000
__Htext46                                     text46       000000
__Htext47                                     text47       000000
__Htext48                                     text48       000000
__Htext49                                     text49       000000
__Htext5                                      text5        000000
__Htext50                                     text50       000000
__Htext51                                     text51       000000
__Htext52                                     text52       000000
__Htext53                                     text53       000000
__Htext54                                     text54       000000
__Htext55                                     text55       000000
__Htext56                                     text56       000000
__Htext57                                     text57       000000
__Htext58                                     text58       000000
__Htext59                                     text59       000000
__Htext6                                      text6        000000
__Htext60                                     text60       000000
__Htext61                                     text61       000000
__Htext62                                     text62       000000
__Htext63                                     text63       000000
__Htext64                                     text64       000000
__Htext65                                     text65       000000
__Htext66                                     text66       000000
__Htext67                                     text67       000000
__Htext68                                     text68       000000
__Htext69                                     text69       000000
__Htext7                                      text7        000000
__Htext70                                     text70       000000
__Htext71                                     text71       000000
__Htext72                                     text72       000000
__Htext73                                     text73       000000
__Htext74                                     text74       000000
__Htext76                                     text76       000000
__Htext77                                     text77       000000
__Htext78                                     text78       000000
__Htext79                                     text79       000000
__Htext8                                      text8        000000
__Htext80                                     text80       000000
__Htext81                                     text81       000000
__Htext82                                     text82       000000
__Htext83                                     text83       000000
__Htext84                                     text84       000000
__Htext85                                     text85       000000
__Htext9                                      text9        000000
__LRAM                                        (abs)        000001
__Labs1                                       abs1         000000
__Lbank0                                      bank0        000000
__Lbank1                                      bank1        000000
__Lbank2                                      bank2        000000
__Lbank3                                      bank3        000000
__Lbank4                                      bank4        000000
__Lbank5                                      bank5        000000
__Lbank6                                      bank6        000000
__Lbank7                                      bank7        000000
__Lbigbss                                     bigbss       000000
__Lbigdata                                    bigdata      000000
__Lbigram                                     bigram       000000
__Lbss                                        bss          000000
__LbssBANK0                                   bssBANK0     000000
__LbssBANK1                                   bssBANK1     000000
__LbssCOMRAM                                  bssCOMRAM    000000
__Lcinit                                      cinit        000000
__Lclrtext                                    clrtext      000000
__Lcomram                                     comram       000000
__Lconfig                                     config       300000
__Lconst                                      const        000000
__LcstackBANK0                                cstackBANK0  000000
__LcstackBANK1                                cstackBANK1  000000
__LcstackCOMRAM                               cstackCOMRAM 000000
__Ldata                                       data         000000
__LdataBANK0                                  dataBANK0    000000
__LdataCOMRAM                                 dataCOMRAM   000000
__Leeprom_data                                eeprom_data  000000
__Lfarbss                                     farbss       000000
__Lfardata                                    fardata      000000
__Libigdata                                   ibigdata     000000
__Lidata                                      idata        000000
__LidataBANK0                                 idataBANK0   000000
__LidataCOMRAM                                idataCOMRAM  000000
__Lidloc                                      idloc        200000
__Lifardata                                   ifardata     000000
__Linit                                       init         00000E
__Lintcode                                    intcode      000008
__Lintcode_body                               intcode_body 000000
__Lintcodelo                                  intcodelo    00000E
__Lintentry                                   intentry     000000
__Lintret                                     intret       000000
__Lintsave_regs                               intsave_regs 000000
__Lirdata                                     irdata       000000
__Lmediumconst                                mediumconst  000000
__LnvFARRAM                                   nvFARRAM     000000
__Lnvbit                                      nvbit        000000
__Lnvrram                                     nvrram       000000
__Lparam                                      rparam       000000
__Lpowerup                                    powerup      00000E
__Lram                                        ram          000000
__Lramtop                                     ramtop       000800
__Lrbit                                       rbit         000000
__Lrbss                                       rbss         000000
__Lrdata                                      rdata        000000
__Lreset_vec                                  reset_vec    000000
__Lrparam                                     rparam       000000
__Lsfr                                        sfr          000000
__Lsmallconst                                 smallconst   000800
__Lspace_0                                    (abs)        000000
__Lspace_1                                    (abs)        000000
__Lspace_2                                    (abs)        000000
__Lstack                                      stack        000000
__Lstruct                                     struct       000000
__Ltemp                                       temp         000053
__Ltext                                       text         000000
__Ltext0                                      text0        000000
__Ltext1                                      text1        000000
__Ltext10                                     text10       000000
__Ltext11                                     text11       000000
__Ltext12                                     text12       000000
__Ltext13                                     text13       000000
__Ltext14                                     text14       000000
__Ltext15                                     text15       000000
__Ltext16                                     text16       000000
__Ltext17                                     text17       000000
__Ltext18                                     text18       000000
__Ltext19                                     text19       000000
__Ltext2                                      text2        000000
__Ltext20                                     text20       000000
__Ltext21                                     text21       000000
__Ltext22                                     text22       000000
__Ltext23                                     text23       000000
__Ltext24                                     text24       000000
__Ltext25                                     text25       000000
__Ltext26                                     text26       000000
__Ltext27                                     text27       000000
__Ltext28                                     text28       000000
__Ltext29                                     text29       000000
__Ltext3                                      text3        000000
__Ltext30                                     text30       000000
__Ltext31                                     text31       000000
__Ltext32                                     text32       000000
__Ltext33                                     text33       000000
__Ltext34                                     text34       000000
__Ltext35                                     text35       000000
__Ltext36                                     text36       000000
__Ltext37                                     text37       000000
__Ltext38                                     text38       000000
__Ltext39                                     text39       000000
__Ltext4                                      text4        000000
__Ltext40                                     text40       000000
__Ltext41                                     text41       000000
__Ltext42                                     text42       000000
__Ltext43                                     text43       000000
__Ltext44                                     text44       000000
__Ltext45                                     text45       000000
__Ltext46                                     text46       000000
__Ltext47                                     text47       000000
__Ltext48                                     text48       000000
__Ltext49                                     text49       000000
__Ltext5                                      text5        000000
__Ltext50                                     text50       000000
__Ltext51                                     text51       000000
__Ltext52                                     text52       000000
__Ltext53                                     text53       000000
__Ltext54                                     text54       000000
__Ltext55                                     text55       000000
__Ltext56                                     text56       000000
__Ltext57                                     text57       000000
__Ltext58                                     text58       000000
__Ltext59                                     text59       000000
__Ltext6                                      text6        000000
__Ltext60                                     text60       000000
__Ltext61                                     text61       000000
__Ltext62                                     text62       000000
__Ltext63                                     text63       000000
__Ltext64                                     text64       000000
__Ltext65                                     text65       000000
__Ltext66                                     text66       000000
__Ltext67                                     text67       000000
__Ltext68                                     text68       000000
__Ltext69                                     text69       000000
__Ltext7                                      text7        000000
__Ltext70                                     text70       000000
__Ltext71                                     text71       000000
__Ltext72                                     text72       000000
__Ltext73                                     text73       000000
__Ltext74                                     text74       000000
__Ltext76                                     text76       000000
__Ltext77                                     text77       000000
__Ltext78                                     text78       000000
__Ltext79                                     text79       000000
__Ltext8                                      text8        000000
__Ltext80                                     text80       000000
__Ltext81                                     text81       000000
__Ltext82                                     text82       000000
__Ltext83                                     text83       000000
__Ltext84                                     text84       000000
__Ltext85                                     text85       000000
__Ltext9                                      text9        000000
__S0                                          (abs)        30000E
__S1                                          (abs)        000144
__S2                                          (abs)        000000
___ftadd                                      text49       001396
___ftadd@exp1                                 cstackCOMRAM 00001E
___ftadd@exp2                                 cstackCOMRAM 00001D
___ftadd@f1                                   cstackCOMRAM 000013
___ftadd@f2                                   cstackCOMRAM 000016
___ftadd@sign                                 cstackCOMRAM 00001C
___ftge                                       text64       002140
___ftge@ff1                                   cstackCOMRAM 000016
___ftge@ff2                                   cstackCOMRAM 000019
___ftmul                                      text48       001934
___ftmul@cntr                                 cstackCOMRAM 000020
___ftmul@exp                                  cstackCOMRAM 00001C
___ftmul@f1                                   cstackCOMRAM 000013
___ftmul@f2                                   cstackCOMRAM 000016
___ftmul@f3_as_product                        cstackCOMRAM 00001D
___ftmul@sign                                 cstackCOMRAM 000021
___ftpack                                     text50       001BD0
___ftpack@arg                                 cstackCOMRAM 00000B
___ftpack@exp                                 cstackCOMRAM 00000E
___ftpack@sign                                cstackCOMRAM 00000F
___ftsub                                      text40       002622
___ftsub@f1                                   cstackCOMRAM 00001F
___ftsub@f2                                   cstackCOMRAM 000022
___fttol                                      text47       001AFE
___fttol@exp1                                 cstackCOMRAM 000030
___fttol@f1                                   cstackCOMRAM 000022
___fttol@lval                                 cstackCOMRAM 00002C
___fttol@sign1                                cstackCOMRAM 00002B
___inthi_sp                                   stack        000000
___intlo_sp                                   stack        000000
___lwdiv                                      text58       00239C
___lwdiv@counter                              cstackCOMRAM 00000F
___lwdiv@dividend                             cstackCOMRAM 00000B
___lwdiv@divisor                              cstackCOMRAM 00000D
___lwdiv@quotient                             cstackCOMRAM 000010
___lwmod                                      text57       00255E
___lwmod@counter                              cstackCOMRAM 00000F
___lwmod@dividend                             cstackCOMRAM 00000B
___lwmod@divisor                              cstackCOMRAM 00000D
___lwtoft                                     text22       0027E8
___lwtoft@c                                   cstackCOMRAM 000013
___param_bank                                 (abs)        000000
___rparam_used                                (abs)        000001
___sp                                         stack        000000
___wmul                                       text68       0027C2
___wmul@multiplicand                          cstackCOMRAM 00000D
___wmul@multiplier                            cstackCOMRAM 00000B
___wmul@product                               cstackCOMRAM 00000F
__accesstop                                   (abs)        000060
__activetblptr                                (abs)        000002
__end_of_DISP7S_CHARS                         smallconst   000811
__end_of_DISP7S_NUMS                          smallconst   00080B
__end_of_INTERRUPCION                         intcode_body 002484
__end_of_OIL_VISCOSITY                        smallconst   00080F
__end_of___ftadd                              text49       00153E
__end_of___ftge                               text64       0021B4
__end_of___ftmul                              text48       001A28
__end_of___ftpack                             text50       001C7E
__end_of___ftsub                              text40       002662
__end_of___fttol                              text47       001BD0
__end_of___lwdiv                              text58       0023EE
__end_of___lwmod                              text57       0025A0
__end_of___lwtoft                             text22       00280C
__end_of___wmul                               text68       0027E8
__end_of__initialization                      cinit        00220A
__end_of__mpap_off                            text84       002A14
__end_of__mpap_step1                          text82       002A00
__end_of__mpap_step2                          text81       0029F6
__end_of__mpap_step3                          text80       0029EC
__end_of__mpap_step4                          text83       002A0A
__end_of_autoMode_init                        text9        002766
__end_of_autoMode_job                         text60       00292A
__end_of_autoMode_kb                          text70       001E44
__end_of_configMode_disp                      text41       002140
__end_of_configMode_init                      text59       0029BA
__end_of_configMode_job                       text38       0027C2
__end_of_configMode_kb                        text39       00117A
__end_of_disp7s_init                          text26       00239C
__end_of_disp7s_job                           text24       002058
__end_of_disp7s_modeDisp_off                  text11       002964
__end_of_disp7s_modeDisp_writeInt             text52       002916
__end_of_disp7s_modeDisp_writeText_oil        text51       0029AE
__end_of_disp7s_mux0_off                      text36       002A54
__end_of_disp7s_mux0_on                       text35       002A50
__end_of_disp7s_mux1_off                      text34       002A4C
__end_of_disp7s_mux1_on                       text33       002A48
__end_of_disp7s_mux2_off                      text32       002A44
__end_of_disp7s_mux2_on                       text31       002A40
__end_of_disp7s_mux3_off                      text30       002A3C
__end_of_disp7s_mux3_on                       text29       002A38
__end_of_disp7s_mux4_off                      text28       002A34
__end_of_disp7s_mux4_on                       text37       002A58
__end_of_disp7s_mux_Q                         text25       001D1E
__end_of_disp7s_mux_init                      text27       002622
__end_of_disp7s_off                           text46       0026A0
__end_of_disp7s_qtyDisp_writeFloat            text44       00288E
__end_of_disp7s_qtyDisp_writeInt              text43       0028FC
__end_of_disp7s_qtyDisp_writeText_OFF         text42       002974
__end_of_disp7s_write_f                       text45       001396
__end_of_disp7s_write_i                       text53       001934
__end_of_ikb_flush                            text7        002A2A
__end_of_ikb_get_AtTimeExpired_BeforeOrAfter  text74       0028E2
__end_of_ikb_init                             text23       001AFE
__end_of_ikb_job                              text13       0029C4
__end_of_ikb_key_is_ready2read                text73       0028C6
__end_of_ikb_key_was_read                     text72       002952
__end_of_ikey_clear_all_flag                  text8        0028AA
__end_of_ikey_is_accessible                   text21       00243A
__end_of_ikey_parsing                         text20       000EDA
__end_of_ikey_scan                            text14       0016E0
__end_of_itoa                                 text55       0026D2
__end_of_keyRead_pin_key0                     text18       002A1C
__end_of_keyRead_pin_key1                     text17       0029D8
__end_of_keyRead_pin_key2                     text16       0029CE
__end_of_keyRead_pin_key3                     text15       002A30
__end_of_keyRead_pin_key4                     text19       002A24
__end_of_main                                 text0        00182A
__end_of_mpap_do1step                         text79       0025E2
__end_of_mpap_homming                         text78       0022DE
__end_of_mpap_isIdle                          text69       002994
__end_of_mpap_job                             text76       00255E
__end_of_mpap_movetoNozzle                    text66       002704
__end_of_mpap_normal_mode                     text77       0024CE
__end_of_mpap_setupToHomming                  text65       00293E
__end_of_mpap_setupToTurn                     text67       002736
__end_of_mpap_sych                            text12       001F62
__end_of_nozzle_isEnabled                     text63       002516
__end_of_ps_autoMode_start                    text6        002870
__end_of_pulsonic_getTotalSum_mlh             text10       001FE0
__end_of_pulsonic_init                        text5        00233E
__end_of_pump_isIdle                          text62       002984
__end_of_pump_job                             text4        00227C
__end_of_pump_setTick                         text61       0029E2
__end_of_strlen                               text54       002850
__end_of_utoa                                 text56       001DB2
__end_of_visMode_disp                         text3        0020CC
__end_of_visMode_init                         text71       0029A2
__end_of_visMode_job                          text1        002794
__end_of_visMode_kb                           text2        001ED4
__initialization                              cinit        0021B4
__mediumconst                                 mediumconst  000000
__mpap_off                                    text84       002A0A
__mpap_step1                                  text82       0029F6
__mpap_step2                                  text81       0029EC
__mpap_step3                                  text80       0029E2
__mpap_step4                                  text83       002A00
__pbssBANK0                                   bssBANK0     000060
__pbssBANK1                                   bssBANK1     000100
__pbssCOMRAM                                  bssCOMRAM    000044
__pcinit                                      cinit        0021B4
__pcstackBANK0                                cstackBANK0  0000EF
__pcstackBANK1                                cstackBANK1  000141
__pcstackCOMRAM                               cstackCOMRAM 000001
__pdataBANK0                                  dataBANK0    0000CD
__pdataCOMRAM                                 dataCOMRAM   000052
__pidataBANK0                                 idataBANK0   00280C
__pidataCOMRAM                                idataCOMRAM  002A58
__pintcode                                    intcode      000008
__pintcode_body                               intcode_body 00243A
__psmallconst                                 smallconst   000800
__ptext0                                      text0        0016E0
__ptext1                                      text1        002766
__ptext10                                     text10       001F62
__ptext11                                     text11       002952
__ptext12                                     text12       001ED4
__ptext13                                     text13       0029BA
__ptext14                                     text14       00153E
__ptext15                                     text15       002A2A
__ptext16                                     text16       0029C4
__ptext17                                     text17       0029CE
__ptext18                                     text18       002A14
__ptext19                                     text19       002A1C
__ptext2                                      text2        001E44
__ptext20                                     text20       000812
__ptext21                                     text21       0023EE
__ptext22                                     text22       0027E8
__ptext23                                     text23       001A28
__ptext24                                     text24       001FE0
__ptext25                                     text25       001C7E
__ptext26                                     text26       00233E
__ptext27                                     text27       0025E2
__ptext28                                     text28       002A30
__ptext29                                     text29       002A34
__ptext3                                      text3        002058
__ptext30                                     text30       002A38
__ptext31                                     text31       002A3C
__ptext32                                     text32       002A40
__ptext33                                     text33       002A44
__ptext34                                     text34       002A48
__ptext35                                     text35       002A4C
__ptext36                                     text36       002A50
__ptext37                                     text37       002A54
__ptext38                                     text38       002794
__ptext39                                     text39       000EDA
__ptext4                                      text4        002218
__ptext40                                     text40       002622
__ptext41                                     text41       0020CC
__ptext42                                     text42       002964
__ptext43                                     text43       0028E2
__ptext44                                     text44       002870
__ptext45                                     text45       00117A
__ptext46                                     text46       002662
__ptext47                                     text47       001AFE
__ptext48                                     text48       001934
__ptext49                                     text49       001396
__ptext5                                      text5        0022DE
__ptext50                                     text50       001BD0
__ptext51                                     text51       0029A2
__ptext52                                     text52       0028FC
__ptext53                                     text53       00182A
__ptext54                                     text54       00282E
__ptext55                                     text55       0026A0
__ptext56                                     text56       001D1E
__ptext57                                     text57       00255E
__ptext58                                     text58       00239C
__ptext59                                     text59       0029AE
__ptext6                                      text6        002850
__ptext60                                     text60       002916
__ptext61                                     text61       0029D8
__ptext62                                     text62       002974
__ptext63                                     text63       0024CE
__ptext64                                     text64       002140
__ptext65                                     text65       00292A
__ptext66                                     text66       0026D2
__ptext67                                     text67       002704
__ptext68                                     text68       0027C2
__ptext69                                     text69       002984
__ptext7                                      text7        002A24
__ptext70                                     text70       001DB2
__ptext71                                     text71       002994
__ptext72                                     text72       00293E
__ptext73                                     text73       0028AA
__ptext74                                     text74       0028C6
__ptext76                                     text76       002516
__ptext77                                     text77       002484
__ptext78                                     text78       00227C
__ptext79                                     text79       0025A0
__ptext8                                      text8        00288E
__ptext80                                     text80       0029E2
__ptext81                                     text81       0029EC
__ptext82                                     text82       0029F6
__ptext83                                     text83       002A00
__ptext84                                     text84       002A0A
__ptext85                                     text85       000000
__ptext9                                      text9        002736
__ramtop                                      ramtop       000800
__size_of_INTERRUPCION                        (abs)        000000
__size_of___ftadd                             (abs)        000000
__size_of___ftge                              (abs)        000000
__size_of___ftmul                             (abs)        000000
__size_of___ftpack                            (abs)        000000
__size_of___ftsub                             (abs)        000000
__size_of___fttol                             (abs)        000000
__size_of___lwdiv                             (abs)        000000
__size_of___lwmod                             (abs)        000000
__size_of___lwtoft                            (abs)        000000
__size_of___wmul                              (abs)        000000
__size_of__mpap_off                           (abs)        000000
__size_of__mpap_step1                         (abs)        000000
__size_of__mpap_step2                         (abs)        000000
__size_of__mpap_step3                         (abs)        000000
__size_of__mpap_step4                         (abs)        000000
__size_of_autoMode_init                       (abs)        000000
__size_of_autoMode_job                        (abs)        000000
__size_of_autoMode_kb                         (abs)        000000
__size_of_configMode_disp                     (abs)        000000
__size_of_configMode_init                     (abs)        000000
__size_of_configMode_job                      (abs)        000000
__size_of_configMode_kb                       (abs)        000000
__size_of_disp7s_init                         (abs)        000000
__size_of_disp7s_job                          (abs)        000000
__size_of_disp7s_modeDisp_off                 (abs)        000000
__size_of_disp7s_modeDisp_writeInt            (abs)        000000
__size_of_disp7s_modeDisp_writeText_oil       (abs)        000000
__size_of_disp7s_mux0_off                     (abs)        000000
__size_of_disp7s_mux0_on                      (abs)        000000
__size_of_disp7s_mux1_off                     (abs)        000000
__size_of_disp7s_mux1_on                      (abs)        000000
__size_of_disp7s_mux2_off                     (abs)        000000
__size_of_disp7s_mux2_on                      (abs)        000000
__size_of_disp7s_mux3_off                     (abs)        000000
__size_of_disp7s_mux3_on                      (abs)        000000
__size_of_disp7s_mux4_off                     (abs)        000000
__size_of_disp7s_mux4_on                      (abs)        000000
__size_of_disp7s_mux_Q                        (abs)        000000
__size_of_disp7s_mux_init                     (abs)        000000
__size_of_disp7s_off                          (abs)        000000
__size_of_disp7s_qtyDisp_writeFloat           (abs)        000000
__size_of_disp7s_qtyDisp_writeInt             (abs)        000000
__size_of_disp7s_qtyDisp_writeText_OFF        (abs)        000000
__size_of_disp7s_write_f                      (abs)        000000
__size_of_disp7s_write_i                      (abs)        000000
__size_of_ikb_flush                           (abs)        000000
__size_of_ikb_get_AtTimeExpired_BeforeOrAfter (abs)        000000
__size_of_ikb_init                            (abs)        000000
__size_of_ikb_job                             (abs)        000000
__size_of_ikb_key_is_ready2read               (abs)        000000
__size_of_ikb_key_was_read                    (abs)        000000
__size_of_ikey_clear_all_flag                 (abs)        000000
__size_of_ikey_is_accessible                  (abs)        000000
__size_of_ikey_parsing                        (abs)        000000
__size_of_ikey_scan                           (abs)        000000
__size_of_itoa                                (abs)        000000
__size_of_keyRead_pin_key0                    (abs)        000000
__size_of_keyRead_pin_key1                    (abs)        000000
__size_of_keyRead_pin_key2                    (abs)        000000
__size_of_keyRead_pin_key3                    (abs)        000000
__size_of_keyRead_pin_key4                    (abs)        000000
__size_of_main                                (abs)        000000
__size_of_mpap_do1step                        (abs)        000000
__size_of_mpap_homming                        (abs)        000000
__size_of_mpap_isIdle                         (abs)        000000
__size_of_mpap_job                            (abs)        000000
__size_of_mpap_movetoNozzle                   (abs)        000000
__size_of_mpap_normal_mode                    (abs)        000000
__size_of_mpap_setupToHomming                 (abs)        000000
__size_of_mpap_setupToTurn                    (abs)        000000
__size_of_mpap_sych                           (abs)        000000
__size_of_nozzle_isEnabled                    (abs)        000000
__size_of_ps_autoMode_start                   (abs)        000000
__size_of_pulsonic_getTotalSum_mlh            (abs)        000000
__size_of_pulsonic_init                       (abs)        000000
__size_of_pump_isIdle                         (abs)        000000
__size_of_pump_job                            (abs)        000000
__size_of_pump_setTick                        (abs)        000000
__size_of_strlen                              (abs)        000000
__size_of_utoa                                (abs)        000000
__size_of_visMode_disp                        (abs)        000000
__size_of_visMode_init                        (abs)        000000
__size_of_visMode_job                         (abs)        000000
__size_of_visMode_kb                          (abs)        000000
__smallconst                                  smallconst   000800
_autoMode                                     bssCOMRAM    00004C
_autoMode_init                                text9        002736
_autoMode_job                                 text60       002916
_autoMode_kb                                  text70       001DB2
_configMode                                   bssCOMRAM    00004A
_configMode_disp                              text41       0020CC
_configMode_init                              text59       0029AE
_configMode_job                               text38       002794
_configMode_kb                                text39       000EDA
_disp7s_init                                  text26       00233E
_disp7s_job                                   text24       001FE0
_disp7s_modeDisp_off                          text11       002952
_disp7s_modeDisp_writeInt                     text52       0028FC
_disp7s_modeDisp_writeText_oil                text51       0029A2
_disp7s_mux                                   dataBANK0    0000CD
_disp7s_mux0_off                              text36       002A50
_disp7s_mux0_on                               text35       002A4C
_disp7s_mux1_off                              text34       002A48
_disp7s_mux1_on                               text33       002A44
_disp7s_mux2_off                              text32       002A40
_disp7s_mux2_on                               text31       002A3C
_disp7s_mux3_off                              text30       002A38
_disp7s_mux3_on                               text29       002A34
_disp7s_mux4_off                              text28       002A30
_disp7s_mux4_on                               text37       002A54
_disp7s_mux_Q                                 text25       001C7E
_disp7s_mux_init                              text27       0025E2
_disp7s_off                                   text46       002662
_disp7s_qtyDisp_writeFloat                    text44       002870
_disp7s_qtyDisp_writeInt                      text43       0028E2
_disp7s_qtyDisp_writeText_OFF                 text42       002964
_disp7s_write_f                               text45       00117A
_disp7s_write_i                               text53       00182A
_disp_owner                                   bssCOMRAM    000051
_error_grantedToWriteDisp                     bssBANK0     0000C8
_error_requestToWriteDisp                     bssBANK0     0000C9
_funcMach                                     bssBANK0     0000CA
_group_x                                      bssBANK0     0000B8
_ikb_flush                                    text7        002A24
_ikb_get_AtTimeExpired_BeforeOrAfter          text74       0028C6
_ikb_init                                     text23       001A28
_ikb_job                                      text13       0029BA
_ikb_key_is_ready2read                        text73       0028AA
_ikb_key_was_read                             text72       00293E
_ikey_clear_all_flag                          text8        00288E
_ikey_is_accessible                           text21       0023EE
_ikey_parsing                                 text20       000812
_ikey_scan                                    text14       00153E
_isr_flag                                     bssBANK0     0000CC
_itoa                                         text55       0026A0
_key                                          bssBANK0     000060
_keyRead_pin_key0                             text18       002A14
_keyRead_pin_key1                             text17       0029CE
_keyRead_pin_key2                             text16       0029C4
_keyRead_pin_key3                             text15       002A2A
_keyRead_pin_key4                             text19       002A1C
_main                                         text0        0016E0
_mpap                                         bssBANK0     0000B0
_mpap_do1step                                 text79       0025A0
_mpap_homming                                 text78       00227C
_mpap_isIdle                                  text69       002984
_mpap_job                                     text76       002516
_mpap_movetoNozzle                            text66       0026D2
_mpap_normal_mode                             text77       002484
_mpap_off                                     dataBANK0    0000EC
_mpap_setupToHomming                          text65       00292A
_mpap_setupToTurn                             text67       002704
_mpap_setupToTurn$522                         cstackCOMRAM 000013
_mpap_step                                    dataBANK0    0000E1
_mpap_sych                                    text12       001ED4
_nozzle_isEnabled                             text63       0024CE
_ps_autoMode_start                            text6        002850
_pulsonic                                     bssBANK1     000100
_pulsonic_getTotalSum_mlh                     text10       001F62
_pulsonic_init                                text5        0022DE
_pump                                         bssCOMRAM    000044
_pump_isIdle                                  text62       002974
_pump_job                                     text4        002218
_pump_setTick                                 text61       0029D8
_smain                                        bssCOMRAM    000047
_strlen                                       text54       00282E
_unlock                                       bssBANK0     0000CB
_utoa                                         text56       001D1E
_visMode                                      bssBANK0     0000BD
_visMode_disp                                 text3        002058
_visMode_init                                 text71       002994
_visMode_job                                  text1        002766
_visMode_kb                                   text2        001E44
autoMode_init@init                            cstackCOMRAM 00003C
autoMode_job@cod_ret                          cstackCOMRAM 000021
autoMode_kb@cod_ret                           cstackCOMRAM 00000C
btemp                                         temp         000053
configMode_disp@numRegistro                   cstackCOMRAM 00003F
configMode_disp@qty                           cstackCOMRAM 00003C
configMode_init@numRegistro                   cstackCOMRAM 00000B
configMode_job@cod_ret                        cstackCOMRAM 000040
configMode_kb@cod_ret                         cstackCOMRAM 000028
disp7s_init@i                                 cstackCOMRAM 00000C
disp7s_job@pq                                 cstackCOMRAM 000015
disp7s_job@q                                  bssCOMRAM    00004E
disp7s_modeDisp_writeInt@num                  cstackCOMRAM 000038
disp7s_mux_Q@i                                cstackCOMRAM 000012
disp7s_mux_Q@q                                cstackCOMRAM 000011
disp7s_mux_init@i                             cstackCOMRAM 00000B
disp7s_off@NUM_OF_DISP                        cstackCOMRAM 00000D
disp7s_off@i                                  cstackCOMRAM 000010
disp7s_off@pDisp                              cstackCOMRAM 00000B
disp7s_qtyDisp_writeFloat@num                 cstackBANK1  000141
disp7s_qtyDisp_writeInt@num                   cstackCOMRAM 000038
disp7s_write_f@I                              cstackBANK0  0000F9
disp7s_write_f@K10MULT                        cstackBANK0  0000FC
disp7s_write_f@NUM_OF_DISP                    cstackCOMRAM 000033
disp7s_write_f@buff                           cstackBANK0  0000EF
disp7s_write_f@i                              cstackBANK0  0000FF
disp7s_write_f@num                            cstackCOMRAM 000034
disp7s_write_f@pDisp                          cstackCOMRAM 000031
disp7s_write_f@pi                             cstackBANK0  0000FB
disp7s_write_i@K10MULT                        cstackCOMRAM 000035
disp7s_write_i@NUM_OF_DISP                    cstackCOMRAM 000022
disp7s_write_i@buff                           cstackCOMRAM 00002A
disp7s_write_i@i                              cstackCOMRAM 000037
disp7s_write_i@num                            cstackCOMRAM 000023
disp7s_write_i@pDisp                          cstackCOMRAM 000020
disp7s_write_i@pi                             cstackCOMRAM 000034
end_of_initialization                         cinit        00220A
ikb_get_AtTimeExpired_BeforeOrAfter@k         cstackCOMRAM 00000B
ikb_key_is_ready2read@k                       cstackCOMRAM 00000B
ikb_key_was_read@k                            cstackCOMRAM 00000B
ikey_clear_all_flag@i                         cstackCOMRAM 00000B
ikey_is_accessible@k                          cstackCOMRAM 00000D
ikey_parsing@k                                cstackCOMRAM 000023
ikey_scan@k                                   cstackCOMRAM 00000C
int$flags                                     temp         000053
int_func                                      intcode_body 00243A
intlevel0                                     text         000000
intlevel1                                     text         000000
intlevel2                                     text         000000
intlevel3                                     text         000000
itoa@base                                     cstackCOMRAM 00001D
itoa@buf                                      cstackCOMRAM 00001A
itoa@val                                      cstackCOMRAM 00001B
main@c_access_disp                            cstackCOMRAM 000042
main@c_access_kb                              cstackCOMRAM 000041
main@codapp                                   cstackCOMRAM 000043
mpap_do1step@KI                               cstackCOMRAM 000001
mpap_do1step@i                                dataCOMRAM   000052
mpap_homming@cod_ret                          cstackCOMRAM 000003
mpap_movetoNozzle@numNozzle                   cstackCOMRAM 000015
mpap_normal_mode@cod_ret                      cstackCOMRAM 000002
mpap_setupToTurn@numSteps_tomove              cstackCOMRAM 000011
mpap_sych@c                                   bssBANK0     0000C1
mpap_sych@sm0                                 bssCOMRAM    000050
nozzle_isEnabled@n                            cstackCOMRAM 00001F
pulsonic_getTotalSum_mlh@acc                  cstackCOMRAM 000022
pulsonic_getTotalSum_mlh@i                    cstackCOMRAM 000025
pulsonic_init@i                               cstackCOMRAM 00000B
pump_job@c                                    bssCOMRAM    00004F
pump_setTick@ticks                            cstackCOMRAM 00000B
stackhi                                       (abs)        0007FF
stacklo                                       (abs)        000144
start                                         init         00000E
start_initialization                          cinit        0021B4
strlen@cp                                     cstackCOMRAM 00000D
strlen@s                                      cstackCOMRAM 00000B
ttemp5                                        temp         000054
ttemp6                                        temp         000057
ttemp7                                        temp         00005B
utoa@base                                     cstackCOMRAM 000015
utoa@buf                                      cstackCOMRAM 000012
utoa@c                                        cstackCOMRAM 000019
utoa@v                                        cstackCOMRAM 000017
utoa@val                                      cstackCOMRAM 000013
visMode_disp@numVista                         cstackCOMRAM 00003F
visMode_disp@qty                              cstackCOMRAM 00003C
[...]
		Nothing
 This function is called by:
		_autoMode_kb
		_visMode_kb
		_configMode_kb
 This function uses a non-reentrant model


 *************** function _ikb_key_is_ready2read *****************
 Defined at:
		line 481 in file "../../../../../../FIRWAR/eslibrary/ikb/ikb.c"
 Parameters:    Size  Location     Type
  k               1    wreg     unsigned char 
 Auto vars:     Size  Location     Type
  k               1   10[COMRAM] unsigned char 
 Return value:  Size  Location     Type
                  1    wreg      unsigned char 
 Registers used:
		wreg, fsr2l, fsr2h, status,2, status,0, prodl, prodh
 Tracked objects:
		On entry : 
		On exit  : 
		Unchanged: 
 Data sizes:     COMRAM   BANK0   BANK1   BANK2   BANK3   BANK4   BANK5   BANK6   BANK7
      Params:         0       0       0       0       0       0       0       0       0
      Locals:         1       0       0       0       0       0       0       0       0
      Temps:          0       0       0       0       0       0       0       0       0
      Totals:         1       0       0       0       0       0       0       0       0
Total ram usage:        1 bytes
 Hardware stack levels used:    1
 Hardware stack levels required when called:    5
 This function calls:
		Nothing
 This function is called by:
		_autoMode_kb
		_visMode_kb
		_configMode_kb
 This function uses a non-reentrant model


 *************** function _ikb_get_AtTimeExpired_BeforeOrAfter *****************
 Defined at:
		line 477 in file "../../../../../../FIRWAR/eslibrary/ikb/ikb.c"
 Parameters:    Size  Location     Type
  k               1    wreg     unsigned char 
 Auto vars:     Size  Location     Type
  k               1   10[COMRAM] unsigned char 
 Return value:  Size  Location     Type
                  1    wreg      unsigned char 
 Registers used:
		wreg, fsr2l, fsr2h, status,2, status,0, prodl, prodh
 Tracked objects:
		On entry : 
		On exit  : 
		Unchanged: 
 Data sizes:     COMRAM   BANK0   BANK1   BANK2   BANK3   BANK4   BANK5   BANK6   BANK7
      Params:         0       0       0       0       0       0       0       0       0
      Locals:         1       0       0       0       0       0       0       0       0
      Temps:          0       0       0       0       0       0       0       0       0
      Totals:         1       0       0       0       0       0       0       0       0
Total ram usage:        1 bytes
 Hardware stack levels used:    1
 Hardware stack levels required when called:    5
 This function calls:
		Nothing
 This function is called by:
		_autoMode_kb
 This function uses a non-reentrant model


 *************** function _INTERRUPCION *****************
 Defined at:
		line 243 in file "main.c"
 Parameters:    Size  Location     Type
		None
 Auto vars:     Size  Location     Type
		None
 Return value:  Size  Location     Type
                  1    wreg      void 
 Registers used:
		wreg, fsr2l, fsr2h, status,2, status,0, pclath, tosl, prodl, prodh, cstack
 Tracked objects:
		On entry : 
		On exit  : 
		Unchanged: 
 Data sizes:     COMRAM   BANK0   BANK1   BANK2   BANK3   BANK4   BANK5   BANK6   BANK7
      Params:         0       0       0       0       0       0       0       0       0
      Locals:         0       0       0       0       0       0       0       0       0
      Temps:          6       0       0       0       0       0       0       0       0
      Totals:         6       0       0       0       0       0       0       0       0
Total ram usage:        6 bytes
 Hardware stack levels used:    1
 Hardware stack levels required when called:    4
 This function calls:
		_mpap_job
 This function is called by:
		Interrupt level 2
 This function uses a non-reentrant model


 *************** function _mpap_job *****************
 Defined at:
		line 139 in file "mpap.c"
 Parameters:    Size  Location     Type
		None
 Auto vars:     Size  Location     Type
  cod_ret         1    0        char 
 Return value:  Size  Location     Type
                  1    wreg      char 
 Registers used:
		wreg, fsr2l, fsr2h, status,2, status,0, pclath, tosl, prodl, prodh, cstack
 Tracked objects:
		On entry : 
		On exit  : 
		Unchanged: 
 Data sizes:     COMRAM   BANK0   BANK1   BANK2   BANK3   BANK4   BANK5   BANK6   BANK7
      Params:         0       0       0       0       0       0       0       0       0
      Locals:         1       0       0       0       0       0       0       0       0
      Temps:          0       0       0       0       0       0       0       0       0
      Totals:         1       0       0       0       0       0       0       0       0
Total ram usage:        1 bytes
 Hardware stack levels used:    1
 Hardware stack levels required when called:    3
 This function calls:
		__mpap_off
		_mpap_homming
		_mpap_normal_mode
 This function is called by:
		_INTERRUPCION
 This function uses a non-reentrant model


 *************** function _mpap_normal_mode *****************
 Defined at:
		line 119 in file "mpap.c"
 Parameters:    Size  Location     Type
		None
 Auto vars:     Size  Location     Type
  cod_ret         1    1[COMRAM] char 
 Return value:  Size  Location     Type
                  1    wreg      char 
 Registers used:
		wreg, fsr2l, fsr2h, status,2, status,0, pclath, tosl, prodl, prodh, cstack
 Tracked objects:
		On entry : 
		On exit  : 
		Unchanged: 
 Data sizes:     COMRAM   BANK0   BANK1   BANK2   BANK3   BANK4   BANK5   BANK6   BANK7
      Params:         0       0       0       0       0       0       0       0       0
      Locals:         1       0       0       0       0       0       0       0       0
      Temps:          0       0       0       0       0       0       0       0       0
      Totals:         1       0       0       0       0       0       0       0       0
Total ram usage:        1 bytes
 Hardware stack levels used:    1
 Hardware stack levels required when called:    2
 This function calls:
		_mpap_do1step
 This function is called by:
		_mpap_job
 This function uses a non-reentrant model


 *************** function _mpap_homming *****************
 Defined at:
		line 94 in file "mpap.c"
 Parameters:    Size  Location     Type
		None
 Auto vars:     Size  Location     Type
  cod_ret         1    2[COMRAM] char 
 Return value:  Size  Location     Type
                  1    wreg      char 
 Registers used:
		wreg, fsr2l, fsr2h, status,2, status,0, pclath, tosl, prodl, prodh, cstack
 Tracked objects:
		On entry : 
		On exit  : 
		Unchanged: 
 Data sizes:     COMRAM   BANK0   BANK1   BANK2   BANK3   BANK4   BANK5   BANK6   BANK7
      Params:         0       0       0       0       0       0       0       0       0
      Locals:         1       0       0       0       0       0       0       0       0
      Temps:          1       0       0       0       0       0       0       0       0
      Totals:         2       0       0       0       0       0       0       0       0
Total ram usage:        2 bytes
 Hardware stack levels used:    1
 Hardware stack levels required when called:    2
 This function calls:
		_mpap_do1step
 This function is called by:
		_mpap_job
 This function uses a non-reentrant model


 *************** function _mpap_do1step *****************
 Defined at:
		line 75 in file "mpap.c"
 Parameters:    Size  Location     Type
  KI              1    wreg     char 
 Auto vars:     Size  Location     Type
  KI              1    0[COMRAM] char 
 Return value:  Size  Location     Type
                  1    wreg      void 
 Registers used:
		wreg, fsr2l, fsr2h, status,2, status,0, pclath, tosl, prodl, prodh, cstack
 Tracked objects:
		On entry : 
		On exit  : 
		Unchanged: 
 Data sizes:     COMRAM   BANK0   BANK1   BANK2   BANK3   BANK4   BANK5   BANK6   BANK7
      Params:         0       0       0       0       0       0       0       0       0
      Locals:         1       0       0       0       0       0       0       0       0
      Temps:          0       0       0       0       0       0       0       0       0
      Totals:         1       0       0       0       0       0       0       0       0
Total ram usage:        1 bytes
 Hardware stack levels used:    1
 Hardware stack levels required when called:    1
 This function calls:
		__mpap_step1
		__mpap_step2
		__mpap_step3
		__mpap_step4
 This function is called by:
		_mpap_homming
		_mpap_normal_mode
 This function uses a non-reentrant model


 *************** function __mpap_step3 *****************
 Defined at:
		line 21 in file "mpap.c"
 Parameters:    Size  Location     Type
		None
 Auto vars:     Size  Location     Type
		None
 Return value:  Size  Location     Type
                  1    wreg      void 
 Registers used:
		status,2, status,0
 Tracked objects:
		On entry : 
		On exit  : 
		Unchanged: 
 Data sizes:     COMRAM   BANK0   BANK1   BANK2   BANK3   BANK4   BANK5   BANK6   BANK7
      Params:         0       0       0       0       0       0       0       0       0
      Locals:         0       0       0       0       0       0       0       0       0
      Temps:          0       0       0       0       0       0       0       0       0
      Totals:         0       0       0       0       0       0       0       0       0
Total ram usage:        0 bytes
 Hardware stack levels used:    1
 This function calls:
		Nothing
 This function is called by:
		_mpap_do1step
 This function uses a non-reentrant model


 *************** function __mpap_step2 *****************
 Defined at:
		line 13 in file "mpap.c"
 Parameters:    Size  Location     Type
		None
 Auto vars:     Size  Location     Type
		None
 Return value:  Size  Location     Type
                  1    wreg      void 
 Registers used:
		status,2, status,0
 Tracked objects:
		On entry : 
		On exit  : 
		Unchanged: 
 Data sizes:     COMRAM   BANK0   BANK1   BANK2   BANK3   BANK4   BANK5   BANK6   BANK7
      Params:         0       0       0       0       0       0       0       0       0
      Locals:         0       0       0       0       0       0       0       0       0
      Temps:          0       0       0       0       0       0       0       0       0
      Totals:         0       0       0       0       0       0       0       0       0
Total ram usage:        0 bytes
 Hardware stack levels used:    1
 This function calls:
		Nothing
 This function is called by:
		_mpap_do1step
 This function uses a non-reentrant model


 *************** function __mpap_step1 *****************
 Defined at:
		line 5 in file "mpap.c"
 Parameters:    Size  Location     Type
		None
 Auto vars:     Size  Location     Type
		None
 Return value:  Size  Location     Type
                  1    wreg      void 
 Registers used:
		status,2, status,0
 Tracked objects:
		On entry : 
		On exit  : 
		Unchanged: 
 Data sizes:     COMRAM   BANK0   BANK1   BANK2   BANK3   BANK4   BANK5   BANK6   BANK7
      Params:         0       0       0       0       0       0       0       0       0
      Locals:         0       0       0       0       0       0       0       0       0
      Temps:          0       0       0       0       0       0       0       0       0
      Totals:         0       0       0       0       0       0       0       0       0
Total ram usage:        0 bytes
 Hardware stack levels used:    1
 This function calls:
		Nothing
 This function is called by:
		_mpap_do1step
 This function uses a non-reentrant model


 *************** function __mpap_step4 *****************
 Defined at:
		line 29 in file "mpap.c"
 Parameters:    Size  Location     Type
		None
 Auto vars:     Size  Location     Type
		None
 Return value:  Size  Location     Type
                  1    wreg      void 
 Registers used:
		status,2, status,0
 Tracked objects:
		On entry : 
		On exit  : 
		Unchanged: 
 Data sizes:     COMRAM   BANK0   BANK1   BANK2   BANK3   BANK4   BANK5   BANK6   BANK7
      Params:         0       0       0       0       0       0       0       0       0
      Locals:         0       0       0       0       0       0       0       0       0
      Temps:          0       0       0       0       0       0       0       0       0
      Totals:         0       0       0       0       0       0       0       0       0
Total ram usage:        0 bytes
 Hardware stack levels used:    1
 This function calls:
		Nothing
 This function is called by:
		_mpap_do1step
 This function uses a non-reentrant model


 *************** function __mpap_off *****************
 Defined at:
		line 43 in file "mpap.c"
 Parameters:    Size  Location     Type
		None
 Auto vars:     Size  Location     Type
		None
 Return value:  Size  Location     Type
                  1    wreg      void 
 Registers used:
		status,2, status,0
 Tracked objects:
		On entry : 
		On exit  : 
		Unchanged: 
 Data sizes:     COMRAM   BANK0   BANK1   BANK2   BANK3   BANK4   BANK5   BANK6   BANK7
      Params:         0       0       0       0       0       0       0       0       0
      Locals:         0       0       0       0       0       0       0       0       0
      Temps:          0       0       0       0       0       0       0       0       0
      Totals:         0       0       0       0       0       0       0       0       0
Total ram usage:        0 bytes
 Hardware stack levels used:    1
 This function calls:
		Nothing
 This function is called by:
		_mpap_job
 This function uses a non-reentrant model



MODULE INFORMATION

Module		Function		Class		Link	Load	Size
pump.c
		_pump_job      		CODE           	2218	0000	101
		_pump_setTick  		CODE           	29D8	0000	11
		_pump_isIdle   		CODE           	2974	0000	17

pump.c estimated size: 129

/opt/microchip/xc8/v2.05/pic/sources/c90/common/ftadd.c
		___ftadd       		CODE           	1396	0000	425

/opt/microchip/xc8/v2.05/pic/sources/c90/common/ftadd.c estimated size: 425

/opt/microchip/xc8/v2.05/pic/sources/c90/common/ftsub.c
		___ftsub       		CODE           	2622	0000	65

/opt/microchip/xc8/v2.05/pic/sources/c90/common/ftsub.c estimated size: 65

visualizerMode.c
		_visMode_kb    		CODE           	1E44	0000	145
		_visMode_job   		CODE           	2766	0000	47
		_visMode_disp  		CODE           	2058	0000	117
		_visMode_init  		CODE           	2994	0000	15

visualizerMode.c estimated size: 324

/opt/microchip/xc8/v2.05/pic/sources/c90/common/lwtoft.c
		___lwtoft      		CODE           	27E8	0000	37

/opt/microchip/xc8/v2.05/pic/sources/c90/common/lwtoft.c estimated size: 37

mpap.c
		_mpap_setupToTurn		CODE           	2704	0000	51
		_mpap_isIdle   		CODE           	2984	0000	17
		_mpap_normal_mode		CODE           	2484	0000	75
		_mpap_sych     		CODE           	1ED4	0000	143
		_mpap_job      		CODE           	2516	0000	73
		_mpap_do1step  		CODE           	25A0	0000	67
		__mpap_step1   		CODE           	29F6	0000	11
		__mpap_step2   		CODE           	29EC	0000	11
		__mpap_step3   		CODE           	29E2	0000	11
		__mpap_step4   		CODE           	2A00	0000	11
		_mpap_setupToHomming		CODE           	292A	0000	21
		__mpap_off     		CODE           	2A0A	0000	11
		_mpap_movetoNozzle		CODE           	26D2	0000	51
		_mpap_homming  		CODE           	227C	0000	99

mpap.c estimated size: 652

automode.c
		_autoMode_kb   		CODE           	1DB2	0000	147
		_autoMode_job  		CODE           	2916	0000	21
		_autoMode_init 		CODE           	2736	0000	49

automode.c estimated size: 217

/opt/microchip/xc8/v2.05/pic/sources/c90/common/ftge.c
		___ftge        		CODE           	2140	0000	117

/opt/microchip/xc8/v2.05/pic/sources/c90/common/ftge.c estimated size: 117

configMode.c
		_configMode_disp		CODE           	20CC	0000	117
		_configMode_init		CODE           	29AE	0000	13
		_configMode_kb 		CODE           	0EDA	0000	673
		_configMode_job		CODE           	2794	0000	47

configMode.c estimated size: 850

/opt/microchip/xc8/v2.05/pic/sources/c90/common/float.c
		___ftpack      		CODE           	1BD0	0000	175

/opt/microchip/xc8/v2.05/pic/sources/c90/common/float.c estimated size: 175

../../../../../../FIRWAR/eslibrary/ikb/ikb.c
		_ikb_init      		CODE           	1A28	0000	215
		_keyRead_pin_key0		CODE           	2A14	0000	9
		_keyRead_pin_key1		CODE           	29CE	0000	11
		_keyRead_pin_key2		CODE           	29C4	0000	11
		_keyRead_pin_key3		CODE           	2A2A	0000	7
		_keyRead_pin_key4		CODE           	2A1C	0000	9
		_ikb_flush     		CODE           	2A24	0000	7
		_ikey_is_accessible		CODE           	23EE	0000	77
		_ikey_scan     		CODE           	153E	0000	419
		_ikb_key_is_ready2read		CODE           	28AA	0000	29
		_ikb_key_was_read		CODE           	293E	0000	21
		_ikey_clear_all_flag		CODE           	288E	0000	29
		_ikb_job       		CODE           	29BA	0000	11
		_ikb_get_AtTimeExpired_BeforeOrAfter		CODE           	28C6	0000	29
		_ikey_parsing  		CODE           	0812	0000	1737

../../../../../../FIRWAR/eslibrary/ikb/ikb.c estimated size: 2621

/opt/microchip/xc8/v2.05/pic/sources/c90/common/lwmod.c
		___lwmod       		CODE           	255E	0000	67

/opt/microchip/xc8/v2.05/pic/sources/c90/common/lwmod.c estimated size: 67

/opt/microchip/xc8/v2.05/pic/sources/c90/common/ftmul.c
		___ftmul       		CODE           	1934	0000	245

/opt/microchip/xc8/v2.05/pic/sources/c90/common/ftmul.c estimated size: 245

/opt/microchip/xc8/v2.05/pic/sources/c90/common/Umul16.c
		___wmul        		CODE           	27C2	0000	39

/opt/microchip/xc8/v2.05/pic/sources/c90/common/Umul16.c estimated size: 39

shared
		_OIL_VISCOSITY 		SMALLCONST     	080B	0000	5
		_DISP7S_NUMS   		SMALLCONST     	0801	0000	11
		_DISP7S_CHARS  		SMALLCONST     	080F	0000	3
		__initialization		CODE           	21B4	0000	87

shared estimated size: 106

/opt/microchip/xc8/v2.05/pic/sources/c90/common/fttol.c
		___fttol       		CODE           	1AFE	0000	211

/opt/microchip/xc8/v2.05/pic/sources/c90/common/fttol.c estimated size: 211

nozzle.c
		_nozzle_isEnabled		CODE           	24CE	0000	73

nozzle.c estimated size: 73

display.c
		_disp7s_modeDisp_off		CODE           	2952	0000	19
		_disp7s_qtyDisp_writeFloat		CODE           	2870	0000	31
		_disp7s_job    		CODE           	1FE0	0000	121
		_disp7s_off    		CODE           	2662	0000	63
		_disp7s_init   		CODE           	233E	0000	95
		_disp7s_mux_Q  		CODE           	1C7E	0000	161
		_disp7s_qtyDisp_writeText_OFF		CODE           	2964	0000	17
		_disp7s_modeDisp_writeText_oil		CODE           	29A2	0000	13
		_disp7s_write_f		CODE           	117A	0000	541
		_disp7s_write_i		CODE           	182A	0000	267
		_disp7s_mux0_on		CODE           	2A4C	0000	5
		_disp7s_mux1_on		CODE           	2A44	0000	5
		_disp7s_mux2_on		CODE           	2A3C	0000	5
		_disp7s_mux3_on		CODE           	2A34	0000	5
		_disp7s_mux4_on		CODE           	2A54	0000	5
		_disp7s_modeDisp_writeInt		CODE           	28FC	0000	27
		_disp7s_mux0_off		CODE           	2A50	0000	5
		_disp7s_mux1_off		CODE           	2A48	0000	5
		_disp7s_mux2_off		CODE           	2A40	0000	5
		_disp7s_mux3_off		CODE           	2A38	0000	5
		_disp7s_mux4_off		CODE           	2A30	0000	5
		_disp7s_qtyDisp_writeInt		CODE           	28E2	0000	27
		_disp7s_mux_init		CODE           	25E2	0000	65

display.c estimated size: 1497

/opt/microchip/xc8/v2.05/pic/sources/c90/common/lwdiv.c
		___lwdiv       		CODE           	239C	0000	83

/opt/microchip/xc8/v2.05/pic/sources/c90/common/lwdiv.c estimated size: 83

pulsonic.c
		_pulsonic_getTotalSum_mlh		CODE           	1F62	0000	127
		_pulsonic_init 		CODE           	22DE	0000	97

pulsonic.c estimated size: 224

/opt/microchip/xc8/v2.05/pic/sources/c90/common/itoa.c
		_itoa          		CODE           	26A0	0000	51
		_utoa          		CODE           	1D1E	0000	149

/opt/microchip/xc8/v2.05/pic/sources/c90/common/itoa.c estimated size: 200

main.c
		_main          		CODE           	16E0	0000	331
		_INTERRUPCION  		CODE           	0008	0000	81
		_ps_autoMode_start		CODE           	2850	0000	33

main.c estimated size: 445

/opt/microchip/xc8/v2.05/pic/sources/c90/common/strlen.c
		_strlen        		CODE           	282E	0000	35

/opt/microchip/xc8/v2.05/pic/sources/c90/common/strlen.c estimated size: 35

