Microchip MPLAB XC8 Compiler V2.05 ()

Linker command line:

-W-3 --edf=/opt/microchip/xc8/v2.05/pic/dat/en_msgs.txt -cs \
  -h+dist/default/production/pulsonic.X.production.sym \
  --cmf=dist/default/production/pulsonic.X.production.cmf -z -Q18F4550 \
  -o/tmp/xcXEOLDh0 -Mdist/default/production/pulsonic.X.production.map -E1 \
  -ver=XC8 -ASTACK=0140h-07FFh -pstack=STACK -ACODE=00h-07FFFh \
  -ACONST=00h-07FFFh -ASMALLCONST=0800h-08FFhx120 \
  -AMEDIUMCONST=0800h-07FFFh -ACOMRAM=01h-05Fh -AABS1=00h-07FFh \
  -ABIGRAM=01h-07FFh -ARAM=060h-0FFh,0100h-01FFhx7 -ABANK0=060h-0FFh \
  -ABANK1=0100h-01FFh -ABANK2=0200h-02FFh -ABANK3=0300h-03FFh \
  -ABANK4=0400h-04FFh -ABANK5=0500h-05FFh -ABANK6=0600h-06FFh \
  -ABANK7=0700h-07FFh -ASFR=0F60h-0FFFh \
  -preset_vec=00h,intcode=08h,intcodelo,powerup,init -pramtop=0800h \
  -psmallconst=SMALLCONST -pmediumconst=MEDIUMCONST -pconst=CONST \
  -AFARRAM=00h-00h -ACONFIG=0300000h-030000Dh -pconfig=CONFIG \
  -AIDLOC=0200000h-0200007h -pidloc=IDLOC -AEEDATA=0F00000h-0F000FFh \
  -peeprom_data=EEDATA \
  -prdata=COMRAM,nvrram=COMRAM,nvbit=COMRAM,rbss=COMRAM,rbit=COMRAM \
  -pfarbss=FARRAM,fardata=FARRAM,nvFARRAM=FARRAM \
  -pintsave_regs=BIGRAM,bigbss=BIGRAM,bigdata=BIGRAM -pbss=RAM \
  -pidata=CODE,irdata=CODE,ibigdata=CODE,ifardata=CODE -prparam=COMRAM \
  /tmp/xcXJlU0pI.obj dist/default/production/pulsonic.X.production.obj 

Object code version is 3.11

Machine type is 18F4550

Call graph: (short form)




                Name                               Link     Load   Length Selector   Space Scale
/tmp/xcXJlU0pI.obj
                init                                  E        E        4        4       0
                reset_vec                             0        0        4        0       0
                idloc                            200000   200000        8   200000       0
                config                           300000   300000        E   300000       0
dist/default/production/pulsonic.X.production.obj
                intcode                               8        8        6        4       0
                temp                                 55       55        1        1       1
                smallconst                          800      800       12      400       0
                text74                             257A     257A        A      409       0
                text73                             2570     2570        A      409       0
                text72                             2566     2566        A      409       0
                text71                             255C     255C        A      409       0
                text70                             2552     2552        A      409       0
                text69                             2262     2262       42      409       0
                text68                             1FC6     1FC6       58      409       0
                text67                             2196     2196       48      409       0
                text66                             214E     214E       48      409       0
                intcode_body                       20BC     20BC       4A      409       0
                text64                             22E4     22E4       3E      409       0
                text63                             24D0     24D0       12      409       0
                text62                             183C     183C       AE      409       0
                text61                             105E     105E      1A8      409       0
                text60                             1DCC     1DCC       74      409       0
                text59                             15C0     15C0       F4      409       0
                text58                             16B4     16B4       D2      409       0
                text57                             201E     201E       52      409       0
                text56                             2220     2220       42      409       0
                text55                             1A2C     1A2C       94      409       0
                text54                             2322     2322       32      409       0
                text53                              E42      E42      21C      409       0
                text52                             243C     243C       1E      409       0
                text51                             23D8     23D8       24      409       0
                text50                             23B2     23B2       26      409       0
                text49                             1B4E     1B4E       8E      409       0
                text48                             21DE     21DE       42      409       0
                text47                             2510     2510        E      409       0
                text46                             2354     2354       30      409       0
                text45                             2384     2384       2E      409       0
                text44                             24BE     24BE       12      409       0
                text43                             2106     2106       48      409       0
                text42                             24F2     24F2       10      409       0
                text41                             2548     2548        A      409       0
                text40                             1AC0     1AC0       8E      409       0
                text39                             245A     245A       1C      409       0
                text38                             24AA     24AA       14      409       0
                text37                             2502     2502        E      409       0
                text36                             1CDA     1CDA       7A      409       0
                text35                             25BE     25BE        4      409       0
                text34                             25BA     25BA        4      409       0
                text33                             25B6     25B6        4      409       0
                text32                             25B2     25B2        4      409       0
                text31                             25AE     25AE        4      409       0
                text30                             25AA     25AA        4      409       0
                text29                             25A6     25A6        4      409       0
                text28                             25A2     25A2        4      409       0
                text27                             259E     259E        4      409       0
                text26                             259A     259A        4      409       0
                text25                             22A4     22A4       40      409       0
                text24                             1F68     1F68       5E      409       0
                text23                             198C     198C       A0      409       0
                text22                             1D54     1D54       78      409       0
                text21                             1786     1786       B6      409       0
                text20                             2070     2070       4C      409       0
                text19                              812      812      630      409       0
                text18                             258C     258C        8      409       0
                text17                             2584     2584        8      409       0
                text16                             253E     253E        A      409       0
                text15                             2534     2534        A      409       0
                text14                             2594     2594        6      409       0
                text13                             1206     1206      1A0      409       0
                text12                             252A     252A        A      409       0
                text11                             1BDC     1BDC       82      409       0
                text10                             1F08     1F08       60      409       0
                text9                              1EA4     1EA4       64      409       0
                text8                              23FC     23FC       22      409       0
                text7                              14B6     14B6      10A      409       0
                text6                              2490     2490       1A      409       0
                text5                              251E     251E        C      409       0
                text4                              2476     2476       1A      409       0
                text3                              24E2     24E2       10      409       0
                text2                              1C5E     1C5E       7C      409       0
                text1                              18EA     18EA       A2      409       0
                text0                              13A6     13A6      110      409       0
                cstackCOMRAM                          1        1       47        1       1
                cstackBANK0                          E9       E9       11       60       1
                bssBANK1                            100      100       40      100       1
                dataBANK0                            CB       CB       1E       60       1
                bssBANK0                             60       60       6B       60       1
                dataCOMRAM                           54       54        1        1       1
                bssCOMRAM                            48       48        C        1       1
                cinit                              1E40     1E40       64      409       0
                idataBANK0                         241E     241E       1E      409       0
                idataCOMRAM                        25C2     25C2        1      409       0

TOTAL           Name                               Link     Load   Length     Space
        CLASS   STACK          

        CLASS   CODE           
                intcode                               8        8        6         0
                init                                  E        E        4         0
                reset_vec                             0        0        4         0
                text74                             257A     257A        A         0
                text73                             2570     2570        A         0
                text72                             2566     2566        A         0
                text71                             255C     255C        A         0
                text70                             2552     2552        A         0
                text69                             2262     2262       42         0
                text68                             1FC6     1FC6       58         0
                text67                             2196     2196       48         0
                text66                             214E     214E       48         0
                intcode_body                       20BC     20BC       4A         0
                text64                             22E4     22E4       3E         0
                text63                             24D0     24D0       12         0
                text62                             183C     183C       AE         0
                text61                             105E     105E      1A8         0
                text60                             1DCC     1DCC       74         0
                text59                             15C0     15C0       F4         0
                text58                             16B4     16B4       D2         0
                text57                             201E     201E       52         0
                text56                             2220     2220       42         0
                text55                             1A2C     1A2C       94         0
                text54                             2322     2322       32         0
                text53                              E42      E42      21C         0
                text52                             243C     243C       1E         0
                text51                             23D8     23D8       24         0
                text50                             23B2     23B2       26         0
                text49                             1B4E     1B4E       8E         0
                text48                             21DE     21DE       42         0
                text47                             2510     2510        E         0
                text46                             2354     2354       30         0
                text45                             2384     2384       2E         0
                text44                             24BE     24BE       12         0
                text43                             2106     2106       48         0
                text42                             24F2     24F2       10         0
                text41                             2548     2548        A         0
                text40                             1AC0     1AC0       8E         0
                text39                             245A     245A       1C         0
                text38                             24AA     24AA       14         0
                text37                             2502     2502        E         0
                text36                             1CDA     1CDA       7A         0
                text35                             25BE     25BE        4         0
                text34                             25BA     25BA        4         0
                text33                             25B6     25B6        4         0
                text32                             25B2     25B2        4         0
                text31                             25AE     25AE        4         0
                text30                             25AA     25AA        4         0
                text29                             25A6     25A6        4         0
                text28                             25A2     25A2        4         0
                text27                             259E     259E        4         0
                text26                             259A     259A        4         0
                text25                             22A4     22A4       40         0
                text24                             1F68     1F68       5E         0
                text23                             198C     198C       A0         0
                text22                             1D54     1D54       78         0
                text21                             1786     1786       B6         0
                text20                             2070     2070       4C         0
                text19                              812      812      630         0
                text18                             258C     258C        8         0
                text17                             2584     2584        8         0
                text16                             253E     253E        A         0
                text15                             2534     2534        A         0
                text14                             2594     2594        6         0
                text13                             1206     1206      1A0         0
                text12                             252A     252A        A         0
                text11                             1BDC     1BDC       82         0
                text10                             1F08     1F08       60         0
                text9                              1EA4     1EA4       64         0
                text8                              23FC     23FC       22         0
                text7                              14B6     14B6      10A         0
                text6                              2490     2490       1A         0
                text5                              251E     251E        C         0
                text4                              2476     2476       1A         0
                text3                              24E2     24E2       10         0
                text2                              1C5E     1C5E       7C         0
                text1                              18EA     18EA       A2         0
                text0                              13A6     13A6      110         0
                cinit                              1E40     1E40       64         0
                idataBANK0                         241E     241E       1E         0
                idataCOMRAM                        25C2     25C2        1         0

        CLASS   CONST          

        CLASS   SMALLCONST     
                smallconst                          800      800       12         0

        CLASS   MEDIUMCONST    

        CLASS   COMRAM         
                temp                                 55       55        1         1
                cstackCOMRAM                          1        1       47         1
                dataCOMRAM                           54       54        1         1
                bssCOMRAM                            48       48        C         1

        CLASS   ABS1           

        CLASS   BIGRAM         

        CLASS   RAM            

        CLASS   BANK0          
                cstackBANK0                          E9       E9       11         1
                dataBANK0                            CB       CB       1E         1
                bssBANK0                             60       60       6B         1

        CLASS   BANK1          
                bssBANK1                            100      100       40         1

        CLASS   BANK2          

        CLASS   BANK3          

        CLASS   BANK4          

        CLASS   BANK5          

        CLASS   BANK6          

        CLASS   BANK7          

        CLASS   SFR            

        CLASS   FARRAM         

        CLASS   CONFIG         
                config                           300000   300000        E         0

        CLASS   IDLOC          
                idloc                            200000   200000        8         0

        CLASS   EEDATA         



SEGMENTS        Name                           Load    Length   Top    Selector   Space  Class

                reset_vec                      000000  000004  000004         0       0  CODE    
                cstackCOMRAM                   000001  000055  000056         1       1  COMRAM  
                intcode                        000008  00000A  000012         4       0  CODE    
                bssBANK0                       000060  00009A  0000FA        60       1  BANK0   
                bssBANK1                       000100  000040  000140       100       1  BANK1   
                smallconst                     000800  000012  000812       400       0  SMALLCON
                text19                         000812  001DB1  0025C3       409       0  CODE    
                idloc                          200000  000008  200008    200000       0  IDLOC   
                config                         300000  00000E  30000E    300000       0  CONFIG  


UNUSED ADDRESS RANGES

        Name                Unused          Largest block    Delta
        BANK0            0000FA-0000FF                6
        BANK1            000140-0001FF               C0
        BANK2            000200-0002FF              100
        BANK3            000300-0003FF              100
        BANK4            000400-0004FF              100
        BANK5            000500-0005FF              100
        BANK6            000600-0006FF              100
        BANK7            000700-0007FF              100
        BIGRAM           000056-00005F                A
                         0000FA-0000FF                6
                         000140-0007FF              6C0
        CODE             000004-000007                4
                         000012-0007FF              7EE
                         0025C3-007FFF             5A3D
        COMRAM           000056-00005F                A
        CONST            000004-000007                4
                         000012-0007FF              7EE
                         0025C3-007FFF             5A3D
        EEDATA           F00000-F000FF              100
        MEDIUMCONST      0025C3-007FFF             5A3D
        RAM              0000FA-0000FF                6
                         000140-0007FF              100
        SFR              000F60-000FFF               A0
        SMALLCONST       0025C3-007FFF              100
        STACK            000140-0007FF              6C0

                                  Symbol Table

?___ftadd                               cstackCOMRAM 000016
?___ftmul                               cstackCOMRAM 000013
?___ftpack                              cstackCOMRAM 00000B
?___fttol                               cstackCOMRAM 000022
?___lwdiv                               cstackCOMRAM 00000B
?___lwmod                               cstackCOMRAM 00000B
?___lwtoft                              cstackCOMRAM 000013
?___wmul                                cstackCOMRAM 00000B
?_pulsonic_getTotalSum_mlh              cstackCOMRAM 000031
?_strlen                                cstackCOMRAM 00000B
_ADCON1                                 (abs)        000FC1
_CMCON                                  (abs)        000FB4
_DISP7S_CHARS                           smallconst   00080F
_DISP7S_NUMS                            smallconst   000801
_GIE                                    (abs)        007F97
_INTERRUPCION                           intcode      000008
_LATA                                   (abs)        000F89
_LATB                                   (abs)        000F8A
_LATC                                   (abs)        000F8B
_LATD                                   (abs)        000F8C
_LATE                                   (abs)        000F8D
_OIL_VISCOSITY                          smallconst   00080B
_PORTC                                  (abs)        000F82
_PORTD                                  (abs)        000F83
_PORTE                                  (abs)        000F84
_T0CON                                  (abs)        000FD5
_TMR0H                                  (abs)        000FD7
_TMR0IE                                 (abs)        007F95
_TMR0IF                                 (abs)        007F92
_TMR0L                                  (abs)        000FD6
_TRISA                                  (abs)        000F92
_TRISB                                  (abs)        000F93
_TRISC                                  (abs)        000F94
_TRISD                                  (abs)        000F95
_TRISE                                  (abs)        000F96
_UCFG                                   (abs)        000F6F
_UCON                                   (abs)        000F6D
__CFG_BOR$OFF                           (abs)        000000
__CFG_BORV$3                            (abs)        000000
__CFG_CPUDIV$OSC1_PLL2                  (abs)        000000
__CFG_FCMEN$OFF                         (abs)        000000
__CFG_FOSC$HSPLL_HS                     (abs)        000000
__CFG_IESO$OFF                          (abs)        000000
__CFG_LVP$OFF                           (abs)        000000
__CFG_MCLRE$ON                          (abs)        000000
__CFG_PBADEN$OFF                        (abs)        000000
__CFG_PLLDIV$5                          (abs)        000000
__CFG_PWRT$ON                           (abs)        000000
__CFG_USBDIV$2                          (abs)        000000
__CFG_VREGEN$ON                         (abs)        000000
__CFG_WDT$OFF                           (abs)        000000
__HRAM                                  (abs)        000000
__Habs1                                 abs1         000000
__Hbank0                                bank0        000000
__Hbank1                                bank1        000000
__Hbank2                                bank2        000000
__Hbank3                                bank3        000000
__Hbank4                                bank4        000000
__Hbank5                                bank5        000000
__Hbank6                                bank6        000000
__Hbank7                                bank7        000000
__Hbigbss                               bigbss       000000
__Hbigdata                              bigdata      000000
__Hbigram                               bigram       000000
__Hbss                                  bss          000000
__HbssBANK0                             bssBANK0     000000
__HbssBANK1                             bssBANK1     000000
__HbssCOMRAM                            bssCOMRAM    000000
__Hcinit                                cinit        000000
__Hclrtext                              clrtext      000000
__Hcomram                               comram       000000
__Hconfig                               config       30000E
__Hconst                                const        000000
__HcstackBANK0                          cstackBANK0  000000
__HcstackCOMRAM                         cstackCOMRAM 000000
__Hdata                                 data         000000
__HdataBANK0                            dataBANK0    000000
__HdataCOMRAM                           dataCOMRAM   000000
__Heeprom_data                          eeprom_data  000000
__Hfarbss                               farbss       000000
__Hfardata                              fardata      000000
__Hibigdata                             ibigdata     000000
__Hidata                                idata        000000
__HidataBANK0                           idataBANK0   000000
__HidataCOMRAM                          idataCOMRAM  000000
__Hidloc                                idloc        200008
__Hifardata                             ifardata     000000
__Hinit                                 init         000012
__Hintcode                              intcode      00000E
__Hintcode_body                         intcode_body 000000
__Hintcodelo                            intcodelo    00000E
__Hintentry                             intentry     000000
__Hintret                               intret       000000
__Hintsave_regs                         intsave_regs 000000
__Hirdata                               irdata       000000
__Hmediumconst                          mediumconst  000000
__HnvFARRAM                             nvFARRAM     000000
__Hnvbit                                nvbit        000000
__Hnvrram                               nvrram       000000
__Hparam                                rparam       000000
__Hpowerup                              powerup      00000E
__Hram                                  ram          000000
__Hramtop                               ramtop       000800
__Hrbit                                 rbit         000000
__Hrbss                                 rbss         000000
__Hrdata                                rdata        000000
__Hreset_vec                            reset_vec    000004
__Hrparam                               rparam       000000
__Hsfr                                  sfr          000000
__Hsmallconst                           smallconst   000812
__Hspace_0                              (abs)        30000E
__Hspace_1                              (abs)        000140
__Hspace_2                              (abs)        000000
__Hstack                                stack        000000
__Hstruct                               struct       000000
__Htemp                                 temp         000056
__Htext                                 text         000000
__Htext0                                text0        000000
__Htext1                                text1        000000
__Htext10                               text10       000000
__Htext11                               text11       000000
__Htext12                               text12       000000
__Htext13                               text13       000000
__Htext14                               text14       000000
__Htext15                               text15       000000
__Htext16                               text16       000000
__Htext17                               text17       000000
__Htext18                               text18       000000
__Htext19                               text19       000000
__Htext2                                text2        000000
__Htext20                               text20       000000
__Htext21                               text21       000000
__Htext22                               text22       000000
__Htext23                               text23       000000
__Htext24                               text24       000000
__Htext25                               text25       000000
__Htext26                               text26       000000
__Htext27                               text27       000000
__Htext28                               text28       000000
__Htext29                               text29       000000
__Htext3                                text3        000000
__Htext30                               text30       000000
__Htext31                               text31       000000
__Htext32                               text32       000000
__Htext33                               text33       000000
__Htext34                               text34       000000
__Htext35                               text35       000000
__Htext36                               text36       000000
__Htext37                               text37       000000
__Htext38                               text38       000000
__Htext39                               text39       000000
__Htext4                                text4        000000
__Htext40                               text40       000000
__Htext41                               text41       000000
__Htext42                               text42       000000
__Htext43                               text43       000000
__Htext44                               text44       000000
__Htext45                               text45       000000
__Htext46                               text46       000000
__Htext47                               text47       000000
__Htext48                               text48       000000
__Htext49                               text49       000000
__Htext5                                text5        000000
__Htext50                               text50       000000
__Htext51                               text51       000000
__Htext52                               text52       000000
__Htext53                               text53       000000
__Htext54                               text54       000000
__Htext55                               text55       000000
__Htext56                               text56       000000
__Htext57                               text57       000000
__Htext58                               text58       000000
__Htext59                               text59       000000
__Htext6                                text6        000000
__Htext60                               text60       000000
__Htext61                               text61       000000
__Htext62                               text62       000000
__Htext63                               text63       000000
__Htext64                               text64       000000
__Htext66                               text66       000000
__Htext67                               text67       000000
__Htext68                               text68       000000
__Htext69                               text69       000000
__Htext7                                text7        000000
__Htext70                               text70       000000
__Htext71                               text71       000000
__Htext72                               text72       000000
__Htext73                               text73       000000
__Htext74                               text74       000000
__Htext75                               text75       000000
__Htext8                                text8        000000
__Htext9                                text9        000000
__LRAM                                  (abs)        000001
__Labs1                                 abs1         000000
__Lbank0                                bank0        000000
__Lbank1                                bank1        000000
__Lbank2                                bank2        000000
__Lbank3                                bank3        000000
__Lbank4                                bank4        000000
__Lbank5                                bank5        000000
__Lbank6                                bank6        000000
__Lbank7                                bank7        000000
__Lbigbss                               bigbss       000000
__Lbigdata                              bigdata      000000
__Lbigram                               bigram       000000
__Lbss                                  bss          000000
__LbssBANK0                             bssBANK0     000000
__LbssBANK1                             bssBANK1     000000
__LbssCOMRAM                            bssCOMRAM    000000
__Lcinit                                cinit        000000
__Lclrtext                              clrtext      000000
__Lcomram                               comram       000000
__Lconfig                               config       300000
__Lconst                                const        000000
__LcstackBANK0                          cstackBANK0  000000
__LcstackCOMRAM                         cstackCOMRAM 000000
__Ldata                                 data         000000
__LdataBANK0                            dataBANK0    000000
__LdataCOMRAM                           dataCOMRAM   000000
__Leeprom_data                          eeprom_data  000000
__Lfarbss                               farbss       000000
__Lfardata                              fardata      000000
__Libigdata                             ibigdata     000000
__Lidata                                idata        000000
__LidataBANK0                           idataBANK0   000000
__LidataCOMRAM                          idataCOMRAM  000000
__Lidloc                                idloc        200000
__Lifardata                             ifardata     000000
__Linit                                 init         00000E
__Lintcode                              intcode      000008
__Lintcode_body                         intcode_body 000000
__Lintcodelo                            intcodelo    00000E
__Lintentry                             intentry     000000
__Lintret                               intret       000000
__Lintsave_regs                         intsave_regs 000000
__Lirdata                               irdata       000000
__Lmediumconst                          mediumconst  000000
__LnvFARRAM                             nvFARRAM     000000
__Lnvbit                                nvbit        000000
__Lnvrram                               nvrram       000000
__Lparam                                rparam       000000
__Lpowerup                              powerup      00000E
__Lram                                  ram          000000
__Lramtop                               ramtop       000800
__Lrbit                                 rbit         000000
__Lrbss                                 rbss         000000
__Lrdata                                rdata        000000
__Lreset_vec                            reset_vec    000000
__Lrparam                               rparam       000000
__Lsfr                                  sfr          000000
__Lsmallconst                           smallconst   000800
__Lspace_0                              (abs)        000000
__Lspace_1                              (abs)        000000
__Lspace_2                              (abs)        000000
__Lstack                                stack        000000
__Lstruct                               struct       000000
__Ltemp                                 temp         000055
__Ltext                                 text         000000
__Ltext0                                text0        000000
__Ltext1                                text1        000000
__Ltext10                               text10       000000
__Ltext11                               text11       000000
__Ltext12                               text12       000000
__Ltext13                               text13       000000
__Ltext14                               text14       000000
__Ltext15                               text15       000000
__Ltext16                               text16       000000
__Ltext17                               text17       000000
__Ltext18                               text18       000000
__Ltext19                               text19       000000
__Ltext2                                text2        000000
__Ltext20                               text20       000000
__Ltext21                               text21       000000
__Ltext22                               text22       000000
__Ltext23                               text23       000000
__Ltext24                               text24       000000
__Ltext25                               text25       000000
__Ltext26                               text26       000000
__Ltext27                               text27       000000
__Ltext28                               text28       000000
__Ltext29                               text29       000000
__Ltext3                                text3        000000
__Ltext30                               text30       000000
__Ltext31                               text31       000000
__Ltext32                               text32       000000
__Ltext33                               text33       000000
__Ltext34                               text34       000000
__Ltext35                               text35       000000
__Ltext36                               text36       000000
__Ltext37                               text37       000000
__Ltext38                               text38       000000
__Ltext39                               text39       000000
__Ltext4                                text4        000000
__Ltext40                               text40       000000
__Ltext41                               text41       000000
__Ltext42                               text42       000000
__Ltext43                               text43       000000
__Ltext44                               text44       000000
__Ltext45                               text45       000000
__Ltext46                               text46       000000
__Ltext47                               text47       000000
__Ltext48                               text48       000000
__Ltext49                               text49       000000
__Ltext5                                text5        000000
__Ltext50                               text50       000000
__Ltext51                               text51       000000
__Ltext52                               text52       000000
__Ltext53                               text53       000000
__Ltext54                               text54       000000
__Ltext55                               text55       000000
__Ltext56                               text56       000000
__Ltext57                               text57       000000
__Ltext58                               text58       000000
__Ltext59                               text59       000000
__Ltext6                                text6        000000
__Ltext60                               text60       000000
__Ltext61                               text61       000000
__Ltext62                               text62       000000
__Ltext63                               text63       000000
__Ltext64                               text64       000000
__Ltext66                               text66       000000
__Ltext67                               text67       000000
__Ltext68                               text68       000000
__Ltext69                               text69       000000
__Ltext7                                text7        000000
__Ltext70                               text70       000000
__Ltext71                               text71       000000
__Ltext72                               text72       000000
__Ltext73                               text73       000000
__Ltext74                               text74       000000
__Ltext75                               text75       000000
__Ltext8                                text8        000000
__Ltext9                                text9        000000
__S0                                    (abs)        30000E
__S1                                    (abs)        000140
__S2                                    (abs)        000000
___ftadd                                text61       00105E
___ftadd@exp1                           cstackCOMRAM 000021
___ftadd@exp2                           cstackCOMRAM 000020
___ftadd@f1                             cstackCOMRAM 000016
___ftadd@f2                             cstackCOMRAM 000019
___ftadd@sign                           cstackCOMRAM 00001F
___ftge                                 text60       001DCC
___ftge@ff1                             cstackCOMRAM 000016
___ftge@ff2                             cstackCOMRAM 000019
___ftmul                                text59       0015C0
___ftmul@cntr                           cstackCOMRAM 000020
___ftmul@exp                            cstackCOMRAM 00001C
___ftmul@f1                             cstackCOMRAM 000013
___ftmul@f2                             cstackCOMRAM 000016
___ftmul@f3_as_product                  cstackCOMRAM 00001D
___ftmul@sign                           cstackCOMRAM 000021
___ftpack                               text62       00183C
___ftpack@arg                           cstackCOMRAM 00000B
___ftpack@exp                           cstackCOMRAM 00000E
___ftpack@sign                          cstackCOMRAM 00000F
___fttol                                text58       0016B4
___fttol@exp1                           cstackCOMRAM 000030
___fttol@f1                             cstackCOMRAM 000022
___fttol@lval                           cstackCOMRAM 00002C
___fttol@sign1                          cstackCOMRAM 00002B
___inthi_sp                             stack        000000
___intlo_sp                             stack        000000
___lwdiv                                text57       00201E
___lwdiv@counter                        cstackCOMRAM 00000F
___lwdiv@dividend                       cstackCOMRAM 00000B
___lwdiv@divisor                        cstackCOMRAM 00000D
___lwdiv@quotient                       cstackCOMRAM 000010
___lwmod                                text56       002220
___lwmod@counter                        cstackCOMRAM 00000F
___lwmod@dividend                       cstackCOMRAM 00000B
___lwmod@divisor                        cstackCOMRAM 00000D
___lwtoft                               text51       0023D8
___lwtoft@c                             cstackCOMRAM 000013
___param_bank                           (abs)        000000
___rparam_used                          (abs)        000001
___sp                                   stack        000000
___wmul                                 text50       0023B2
___wmul@multiplicand                    cstackCOMRAM 00000D
___wmul@multiplier                      cstackCOMRAM 00000B
___wmul@product                         cstackCOMRAM 00000F
__accesstop                             (abs)        000060
__activetblptr                          (abs)        000002
__end_of_DISP7S_CHARS                   smallconst   000811
__end_of_DISP7S_NUMS                    smallconst   00080B
__end_of_INTERRUPCION                   intcode_body 002106
__end_of_OIL_VISCOSITY                  smallconst   00080F
__end_of___ftadd                        text61       001206
__end_of___ftge                         text60       001E40
__end_of___ftmul                        text59       0016B4
__end_of___ftpack                       text62       0018EA
__end_of___fttol                        text58       001786
__end_of___lwdiv                        text57       002070
__end_of___lwmod                        text56       002262
__end_of___lwtoft                       text51       0023FC
__end_of___wmul                         text50       0023D8
__end_of__initialization                cinit        001E96
__end_of__mpap_off                      text74       002584
__end_of__mpap_step1                    text72       002570
__end_of__mpap_step2                    text71       002566
__end_of__mpap_step3                    text70       00255C
__end_of__mpap_step4                    text73       00257A
__end_of_autoMode_init                  text48       002220
__end_of_autoMode_job                   text40       001B4E
__end_of_autoMode_kb                    text36       001D54
__end_of_disp7s_init                    text24       001FC6
__end_of_disp7s_job                     text22       001DCC
__end_of_disp7s_modeDisp_off            text63       0024E2
__end_of_disp7s_modeDisp_writeInt       text6        0024AA
__end_of_disp7s_modeDisp_writeText_oil  text5        00252A
__end_of_disp7s_mux0_off                text34       0025BE
__end_of_disp7s_mux0_on                 text33       0025BA
__end_of_disp7s_mux1_off                text32       0025B6
__end_of_disp7s_mux1_on                 text31       0025B2
__end_of_disp7s_mux2_off                text30       0025AE
__end_of_disp7s_mux2_on                 text29       0025AA
__end_of_disp7s_mux3_off                text28       0025A6
__end_of_disp7s_mux3_on                 text27       0025A2
__end_of_disp7s_mux4_off                text26       00259E
__end_of_disp7s_mux4_on                 text35       0025C2
__end_of_disp7s_mux_Q                   text23       001A2C
__end_of_disp7s_mux_init                text25       0022E4
__end_of_disp7s_off                     text64       002322
__end_of_disp7s_qtyDisp_writeFloat      text52       00245A
__end_of_disp7s_qtyDisp_writeInt        text4        002490
__end_of_disp7s_qtyDisp_writeText_OFF   text3        0024F2
__end_of_disp7s_write_f                 text53       00105E
__end_of_disp7s_write_i                 text7        0015C0
__end_of_ikb_init                       text21       00183C
__end_of_ikb_job                        text12       002534
__end_of_ikb_key_is_ready2read          text39       002476
__end_of_ikb_key_was_read               text38       0024BE
__end_of_ikey_is_accessible             text20       0020BC
__end_of_ikey_parsing                   text19       000E42
__end_of_ikey_scan                      text13       0013A6
__end_of_itoa                           text54       002354
__end_of_keyRead_pin_key0               text17       00258C
__end_of_keyRead_pin_key1               text16       002548
__end_of_keyRead_pin_key2               text15       00253E
__end_of_keyRead_pin_key3               text14       00259A
__end_of_keyRead_pin_key4               text18       002594
__end_of_main                           text0        0014B6
__end_of_mpap_do1step                   text69       0022A4
__end_of_mpap_homming                   text68       00201E
__end_of_mpap_isIdle                    text47       00251E
__end_of_mpap_job                       text66       002196
__end_of_mpap_movetoNozzle              text45       0023B2
__end_of_mpap_normal_mode               text67       0021DE
__end_of_mpap_setupToHomming            text44       0024D0
__end_of_mpap_setupToTurn               text46       002384
__end_of_mpap_sych                      text11       001C5E
__end_of_nozzle_isEnabled               text43       00214E
__end_of_pulsonic_getTotalSum_mlh       text49       001BDC
__end_of_pulsonic_init                  text10       001F68
__end_of_pump_isIdle                    text42       002502
__end_of_pump_job                       text9        001F08
__end_of_pump_setTick                   text41       002552
__end_of_strlen                         text8        00241E
__end_of_utoa                           text55       001AC0
__end_of_visMode_disp                   text2        001CDA
__end_of_visMode_init                   text37       002510
__end_of_visMode_job                    text1        00198C
__initialization                        cinit        001E40
__mediumconst                           mediumconst  000000
__mpap_off                              text74       00257A
__mpap_step1                            text72       002566
__mpap_step2                            text71       00255C
__mpap_step3                            text70       002552
__mpap_step4                            text73       002570
__pbssBANK0                             bssBANK0     000060
__pbssBANK1                             bssBANK1     000100
__pbssCOMRAM                            bssCOMRAM    000048
__pcinit                                cinit        001E40
__pcstackBANK0                          cstackBANK0  0000E9
__pcstackCOMRAM                         cstackCOMRAM 000001
__pdataBANK0                            dataBANK0    0000CB
__pdataCOMRAM                           dataCOMRAM   000054
__pidataBANK0                           idataBANK0   00241E
__pidataCOMRAM                          idataCOMRAM  0025C2
__pintcode                              intcode      000008
__pintcode_body                         intcode_body 0020BC
__psmallconst                           smallconst   000800
__ptext0                                text0        0013A6
__ptext1                                text1        0018EA
__ptext10                               text10       001F08
__ptext11                               text11       001BDC
__ptext12                               text12       00252A
__ptext13                               text13       001206
__ptext14                               text14       002594
__ptext15                               text15       002534
__ptext16                               text16       00253E
__ptext17                               text17       002584
__ptext18                               text18       00258C
__ptext19                               text19       000812
__ptext2                                text2        001C5E
__ptext20                               text20       002070
__ptext21                               text21       001786
__ptext22                               text22       001D54
__ptext23                               text23       00198C
__ptext24                               text24       001F68
__ptext25                               text25       0022A4
__ptext26                               text26       00259A
__ptext27                               text27       00259E
__ptext28                               text28       0025A2
__ptext29                               text29       0025A6
__ptext3                                text3        0024E2
__ptext30                               text30       0025AA
__ptext31                               text31       0025AE
__ptext32                               text32       0025B2
__ptext33                               text33       0025B6
__ptext34                               text34       0025BA
__ptext35                               text35       0025BE
__ptext36                               text36       001CDA
__ptext37                               text37       002502
__ptext38                               text38       0024AA
__ptext39                               text39       00245A
__ptext4                                text4        002476
__ptext40                               text40       001AC0
__ptext41                               text41       002548
__ptext42                               text42       0024F2
__ptext43                               text43       002106
__ptext44                               text44       0024BE
__ptext45                               text45       002384
__ptext46                               text46       002354
__ptext47                               text47       002510
__ptext48                               text48       0021DE
__ptext49                               text49       001B4E
__ptext5                                text5        00251E
__ptext50                               text50       0023B2
__ptext51                               text51       0023D8
__ptext52                               text52       00243C
__ptext53                               text53       000E42
__ptext54                               text54       002322
__ptext55                               text55       001A2C
__ptext56                               text56       002220
__ptext57                               text57       00201E
__ptext58                               text58       0016B4
__ptext59                               text59       0015C0
__ptext6                                text6        002490
__ptext60                               text60       001DCC
__ptext61                               text61       00105E
__ptext62                               text62       00183C
__ptext63                               text63       0024D0
__ptext64                               text64       0022E4
__ptext66                               text66       00214E
__ptext67                               text67       002196
__ptext68                               text68       001FC6
__ptext69                               text69       002262
__ptext7                                text7        0014B6
__ptext70                               text70       002552
__ptext71                               text71       00255C
__ptext72                               text72       002566
__ptext73                               text73       002570
__ptext74                               text74       00257A
__ptext75                               text75       000000
__ptext8                                text8        0023FC
__ptext9                                text9        001EA4
__ramtop                                ramtop       000800
__size_of_INTERRUPCION                  (abs)        000000
__size_of___ftadd                       (abs)        000000
__size_of___ftge                        (abs)        000000
__size_of___ftmul                       (abs)        000000
__size_of___ftpack                      (abs)        000000
__size_of___fttol                       (abs)        000000
__size_of___lwdiv                       (abs)        000000
__size_of___lwmod                       (abs)        000000
__size_of___lwtoft                      (abs)        000000
__size_of___wmul                        (abs)        000000
__size_of__mpap_off                     (abs)        000000
__size_of__mpap_step1                   (abs)        000000
__size_of__mpap_step2                   (abs)        000000
__size_of__mpap_step3                   (abs)        000000
__size_of__mpap_step4                   (abs)        000000
__size_of_autoMode_init                 (abs)        000000
__size_of_autoMode_job                  (abs)        000000
__size_of_autoMode_kb                   (abs)        000000
__size_of_disp7s_init                   (abs)        000000
__size_of_disp7s_job                    (abs)        000000
__size_of_disp7s_modeDisp_off           (abs)        000000
__size_of_disp7s_modeDisp_writeInt      (abs)        000000
__size_of_disp7s_modeDisp_writeText_oil (abs)        000000
__size_of_disp7s_mux0_off               (abs)        000000
__size_of_disp7s_mux0_on                (abs)        000000
__size_of_disp7s_mux1_off               (abs)        000000
__size_of_disp7s_mux1_on                (abs)        000000
__size_of_disp7s_mux2_off               (abs)        000000
__size_of_disp7s_mux2_on                (abs)        000000
__size_of_disp7s_mux3_off               (abs)        000000
__size_of_disp7s_mux3_on                (abs)        000000
__size_of_disp7s_mux4_off               (abs)        000000
__size_of_disp7s_mux4_on                (abs)        000000
__size_of_disp7s_mux_Q                  (abs)        000000
__size_of_disp7s_mux_init               (abs)        000000
__size_of_disp7s_off                    (abs)        000000
__size_of_disp7s_qtyDisp_writeFloat     (abs)        000000
__size_of_disp7s_qtyDisp_writeInt       (abs)        000000
__size_of_disp7s_qtyDisp_writeText_OFF  (abs)        000000
__size_of_disp7s_write_f                (abs)        000000
__size_of_disp7s_write_i                (abs)        000000
__size_of_ikb_init                      (abs)        000000
__size_of_ikb_job                       (abs)        000000
__size_of_ikb_key_is_ready2read         (abs)        000000
__size_of_ikb_key_was_read              (abs)        000000
__size_of_ikey_is_accessible            (abs)        000000
__size_of_ikey_parsing                  (abs)        000000
__size_of_ikey_scan                     (abs)        000000
__size_of_itoa                          (abs)        000000
__size_of_keyRead_pin_key0              (abs)        000000
__size_of_keyRead_pin_key1              (abs)        000000
__size_of_keyRead_pin_key2              (abs)        000000
__size_of_keyRead_pin_key3              (abs)        000000
__size_of_keyRead_pin_key4              (abs)        000000
__size_of_main                          (abs)        000000
__size_of_mpap_do1step                  (abs)        000000
__size_of_mpap_homming                  (abs)        000000
__size_of_mpap_isIdle                   (abs)        000000
__size_of_mpap_job                      (abs)        000000
__size_of_mpap_movetoNozzle             (abs)        000000
__size_of_mpap_normal_mode              (abs)        000000
__size_of_mpap_setupToHomming           (abs)        000000
__size_of_mpap_setupToTurn              (abs)        000000
__size_of_mpap_sych                     (abs)        000000
__size_of_nozzle_isEnabled              (abs)        000000
__size_of_pulsonic_getTotalSum_mlh      (abs)        000000
__size_of_pulsonic_init                 (abs)        000000
__size_of_pump_isIdle                   (abs)        000000
__size_of_pump_job                      (abs)        000000
__size_of_pump_setTick                  (abs)        000000
__size_of_strlen                        (abs)        000000
__size_of_utoa                          (abs)        000000
__size_of_visMode_disp                  (abs)        000000
__size_of_visMode_init                  (abs)        000000
__size_of_visMode_job                   (abs)        000000
__smallconst                            smallconst   000800
_autoMode                               bssCOMRAM    000050
_autoMode_init                          text48       0021DE
_autoMode_init$1551                     cstackCOMRAM 000040
_autoMode_job                           text40       001AC0
_autoMode_kb                            text36       001CDA
_disp7s_init                            text24       001F68
_disp7s_job                             text22       001D54
_disp7s_modeDisp_off                    text63       0024D0
_disp7s_modeDisp_writeInt               text6        002490
_disp7s_modeDisp_writeText_oil          text5        00251E
_disp7s_mux                             dataBANK0    0000CB
_disp7s_mux0_off                        text34       0025BA
_disp7s_mux0_on                         text33       0025B6
_disp7s_mux1_off                        text32       0025B2
_disp7s_mux1_on                         text31       0025AE
_disp7s_mux2_off                        text30       0025AA
_disp7s_mux2_on                         text29       0025A6
_disp7s_mux3_off                        text28       0025A2
_disp7s_mux3_on                         text27       00259E
_disp7s_mux4_off                        text26       00259A
_disp7s_mux4_on                         text35       0025BE
_disp7s_mux_Q                           text23       00198C
_disp7s_mux_init                        text25       0022A4
_disp7s_off                             text64       0022E4
_disp7s_qtyDisp_writeFloat              text52       00243C
_disp7s_qtyDisp_writeInt                text4        002476
_disp7s_qtyDisp_writeText_OFF           text3        0024E2
_disp7s_write_f                         text53       000E42
_disp7s_write_i                         text7        0014B6
_disp_owner                             bssBANK0     0000C6
_error_grantedToWriteDisp               bssBANK0     0000C4
_error_requestToWriteDisp               bssBANK0     0000C5
_group_x                                bssBANK0     0000B0
_ikb_init                               text21       001786
_ikb_job                                text12       00252A
_ikb_key_is_ready2read                  text39       00245A
_ikb_key_was_read                       text38       0024AA
_ikey_is_accessible                     text20       002070
_ikey_parsing                           text19       000812
_ikey_scan                              text13       001206
_isr_flag                               bssBANK0     0000CA
_itoa                                   text54       002322
_key                                    bssBANK0     000060
_keyRead_pin_key0                       text17       002584
_keyRead_pin_key1                       text16       00253E
_keyRead_pin_key2                       text15       002534
_keyRead_pin_key3                       text14       002594
_keyRead_pin_key4                       text18       00258C
_machState                              bssBANK0     0000C7
_main                                   text0        0013A6
_main_flag                              bssBANK0     0000C9
_mpap                                   bssCOMRAM    000048
_mpap_do1step                           text69       002262
_mpap_homming                           text68       001FC6
_mpap_isIdle                            text47       002510
_mpap_job                               text66       00214E
_mpap_movetoNozzle                      text45       002384
_mpap_normal_mode                       text67       002196
_mpap_off                               dataBANK0    0000E7
_mpap_setupToHomming                    text44       0024BE
_mpap_setupToTurn                       text46       002354
_mpap_setupToTurn$438                   cstackCOMRAM 000013
_mpap_step                              dataBANK0    0000DF
_mpap_sych                              text11       001BDC
_nozzle_isEnabled                       text43       002106
_pulsonic                               bssBANK1     000100
_pulsonic_getTotalSum_mlh               text49       001B4E
_pulsonic_init                          text10       001F08
_pump                                   bssBANK0     0000B5
_pump_isIdle                            text42       0024F2
_pump_job                               text9        001EA4
_pump_setTick                           text41       002548
_strlen                                 text8        0023FC
_unlock                                 bssBANK0     0000C8
_utoa                                   text55       001A2C
_visMode                                bssBANK0     0000B8
_visMode_disp                           text2        001C5E
_visMode_init                           text37       002502
_visMode_job                            text1        0018EA
autoMode_init@init                      cstackCOMRAM 00003F
autoMode_kb@cod_ret                     cstackCOMRAM 00000C
btemp                                   temp         000055
disp7s_init@i                           cstackCOMRAM 00000C
disp7s_job@pq                           cstackCOMRAM 000015
disp7s_job@q                            bssCOMRAM    000052
disp7s_modeDisp_writeInt@num            cstackCOMRAM 000038
disp7s_mux_Q@i                          cstackCOMRAM 000012
disp7s_mux_Q@q                          cstackCOMRAM 000011
disp7s_mux_init@i                       cstackCOMRAM 00000B
disp7s_off@NUM_OF_DISP                  cstackCOMRAM 00000D
disp7s_off@i                            cstackCOMRAM 000010
disp7s_off@pDisp                        cstackCOMRAM 00000B
disp7s_qtyDisp_writeFloat@num           cstackCOMRAM 00003C
disp7s_qtyDisp_writeInt@num             cstackCOMRAM 000038
disp7s_write_f@I                        cstackBANK0  0000F3
disp7s_write_f@K10MULT                  cstackBANK0  0000F6
disp7s_write_f@NUM_OF_DISP              cstackCOMRAM 000033
disp7s_write_f@buff                     cstackBANK0  0000E9
disp7s_write_f@i                        cstackBANK0  0000F9
disp7s_write_f@num                      cstackCOMRAM 000034
disp7s_write_f@pDisp                    cstackCOMRAM 000031
disp7s_write_f@pi                       cstackBANK0  0000F5
disp7s_write_i@K10MULT                  cstackCOMRAM 000035
disp7s_write_i@NUM_OF_DISP              cstackCOMRAM 000022
disp7s_write_i@buff                     cstackCOMRAM 00002A
disp7s_write_i@i                        cstackCOMRAM 000037
disp7s_write_i@num                      cstackCOMRAM 000023
disp7s_write_i@pDisp                    cstackCOMRAM 000020
disp7s_write_i@pi                       cstackCOMRAM 000034
end_of_initialization                   cinit        001E96
ikb_init@i                              cstackCOMRAM 00000B
ikb_key_is_ready2read@k                 cstackCOMRAM 00000B
ikb_key_was_read@k                      cstackCOMRAM 00000B
ikey_is_accessible@k                    cstackCOMRAM 00000D
ikey_parsing@k                          cstackCOMRAM 000023
ikey_scan@k                             cstackCOMRAM 00000C
int$flags                               temp         000055
int_func                                intcode_body 0020BC
intlevel0                               text         000000
intlevel1                               text         000000
intlevel2                               text         000000
intlevel3                               text         000000
itoa@base                               cstackCOMRAM 00001D
itoa@buf                                cstackCOMRAM 00001A
itoa@val                                cstackCOMRAM 00001B
main@c_access_disp                      cstackCOMRAM 000045
main@c_access_kb                        cstackCOMRAM 000044
main@codapp                             cstackCOMRAM 000046
main@kb_mode                            cstackCOMRAM 000047
mpap_do1step@KI                         cstackCOMRAM 000001
mpap_do1step@i                          dataCOMRAM   000054
mpap_homming@cod_ret                    cstackCOMRAM 000003
mpap_movetoNozzle@n                     cstackCOMRAM 000015
mpap_normal_mode@cod_ret                cstackCOMRAM 000002
mpap_setupToTurn@numSteps_tomove        cstackCOMRAM 000011
mpap_sych@c                             bssBANK0     0000BD
mpap_sych@sm0                           bssCOMRAM    000053
nozzle_isEnabled@n                      cstackCOMRAM 00001F
pulsonic_getTotalSum_mlh@acc            cstackCOMRAM 000033
pulsonic_getTotalSum_mlh@i              cstackCOMRAM 000035
pulsonic_init@i                         cstackCOMRAM 00000B
pump_job@c                              bssBANK0     0000BC
pump_setTick@ticks                      cstackCOMRAM 00000B
stackhi                                 (abs)        0007FF
stacklo                                 (abs)        000140
start                                   init         00000E
start_initialization                    cinit        001E40
strlen@cp                               cstackCOMRAM 00000D
strlen@s                                cstackCOMRAM 00000B
ttemp5                                  temp         000056
ttemp6                                  temp         000059
ttemp7                                  temp         00005D
utoa@base                               cstackCOMRAM 000015
utoa@buf                                cstackCOMRAM 000012
utoa@c                                  cstackCOMRAM 000019
utoa@v                                  cstackCOMRAM 000017
utoa@val                                cstackCOMRAM 000013
visMode_disp@c                          cstackCOMRAM 000042
visMode_disp@qty                        cstackCOMRAM 00003F
visMode_init@numVista                   cstackCOMRAM 00000B
visMode_job@cod_ret                     cstackCOMRAM 000043
wtemp8                                  temp         000056


FUNCTION INFORMATION:

 *************** function _main *****************
 Defined at:
		line 79 in file "main.c"
 Parameters:    Size  Location     Type
		None
 Auto vars:     Size  Location     Type
  kb_mode         1   70[COMRAM] char 
  codapp          1   69[COMRAM] char 
  c_access_dis    1   68[COMRAM] char 
  c_access_kb     1   67[COMRAM] char 
 Return value:  Size  Location     Type
                  1    wreg      void 
 Registers used:
		wreg, fsr1l, fsr1h, fsr2l, fsr2h, status,2, status,0, pclath, tosl, tblptrl, tblptrh, tblptru, prodl, prodh, cstack
 Tracked objects:
		On entry : 
		On exit  : 
		Unchanged: 
 Data sizes:     COMRAM   BANK0   BANK1   BANK2   BANK3   BANK4   BANK5   BANK6   BANK7
      Params:         0       0       0       0       0       0       0       0       0
      Locals:         4       0       0       0       0       0       0       0       0
      Temps:          0       0       0       0       0       0       0       0       0
      Totals:         4       0       0       0       0       0       0       0       0
Total ram usage:        4 bytes
 Hardware stack levels required when called:   12
 This function calls:
		_autoMode_init
		_autoMode_job
		_autoMode_kb
		_disp7s_init
		_disp7s_job
		_ikb_init
		_ikb_job
		_mpap_sych
		_pulsonic_init
		_pump_job
		_visMode_job
 This function is called by:
		Startup code after reset
 This function uses a non-reentrant model


 *************** function _visMode_job *****************
 Defined at:
		line 20 in file "visualizerMode.c"
 Parameters:    Size  Location     Type
		None
 Auto vars:     Size  Location     Type
  cod_ret         1   66[COMRAM] char 
 Return value:  Size  Location     Type
                  1    wreg      char 
 Registers used:
		wreg, fsr2l, fsr2h, status,2, status,0, tblptrl, tblptrh, tblptru, prodl, prodh, cstack
 Tracked objects:
		On entry : 
		On exit  : 
		Unchanged: 
 Data sizes:     COMRAM   BANK0   BANK1   BANK2   BANK3   BANK4   BANK5   BANK6   BANK7
      Params:         0       0       0       0       0       0       0       0       0
      Locals:         1       0       0       0       0       0       0       0       0
      Temps:          0       0       0       0       0       0       0       0       0
      Totals:         1       0       0       0       0       0       0       0       0
Total ram usage:        1 bytes
 Hardware stack levels used:    1
 Hardware stack levels required when called:   11
 This function calls:
		_ikb_key_is_ready2read
		_ikb_key_was_read
		_visMode_disp
 This function is called by:
		_main
 This function uses a non-reentrant model


 *************** function _visMode_disp *****************
 Defined at:
		line 79 in file "visualizerMode.c"
 Parameters:    Size  Location     Type
  c               1    wreg     char 
 Auto vars:     Size  Location     Type
  c               1   65[COMRAM] char 
  qty             3   62[COMRAM] char 
 Return value:  Size  Location     Type
                  1    wreg      void 
 Registers used:
		wreg, fsr2l, fsr2h, status,2, status,0, tblptrl, tblptrh, tblptru, prodl, prodh, cstack
 Tracked objects:
		On entry : 
		On exit  : 
		Unchanged: 
 Data sizes:     COMRAM   BANK0   BANK1   BANK2   BANK3   BANK4   BANK5   BANK6   BANK7
      Params:         0       0       0       0       0       0       0       0       0
      Locals:         4       0       0       0       0       0       0       0       0
      Temps:          0       0       0       0       0       0       0       0       0
      Totals:         4       0       0       0       0       0       0       0       0
Total ram usage:        4 bytes
 Hardware stack levels used:    1
 Hardware stack levels required when called:   10
 This function calls:
		_disp7s_modeDisp_writeInt
		_disp7s_modeDisp_writeText_oil
		_disp7s_qtyDisp_writeFloat
		_disp7s_qtyDisp_writeInt
		_disp7s_qtyDisp_writeText_OFF
 This function is called by:
		_visMode_job
 This function uses a non-reentrant model


 *************** function _disp7s_qtyDisp_writeText_OFF *****************
 Defined at:
		line 169 in file "display.c"
 Parameters:    Size  Location     Type
		None
 Auto vars:     Size  Location     Type
		None
 Return value:  Size  Location     Type
                  1    wreg      void 
 Registers used:
		wreg, status,2
 Tracked objects:
		On entry : 
		On exit  : 
		Unchanged: 
 Data sizes:     COMRAM   BANK0   BANK1   BANK2   BANK3   BANK4   BANK5   BANK6   BANK7
      Params:         0       0       0       0       0       0       0       0       0
      Locals:         0       0       0       0       0       0       0       0       0
      Temps:          0       0       0       0       0       0       0       0       0
      Totals:         0       0       0       0       0       0       0       0       0
Total ram usage:        0 bytes
 Hardware stack levels used:    1
 Hardware stack levels required when called:    5
 This function calls:
		Nothing
 This function is called by:
		_visMode_disp
 This function uses a non-reentrant model


 *************** function _disp7s_qtyDisp_writeInt *****************
 Defined at:
		line 281 in file "display.c"
 Parameters:    Size  Location     Type
  num             2   55[COMRAM] int 
 Auto vars:     Size  Location     Type
		None
 Return value:  Size  Location     Type
                  1    wreg      void 
 Registers used:
		wreg, fsr2l, fsr2h, status,2, status,0, tblptrl, tblptrh, tblptru, prodl, prodh, cstack
 Tracked objects:
		On entry : 
		On exit  : 
		Unchanged: 
 Data sizes:     COMRAM   BANK0   BANK1   BANK2   BANK3   BANK4   BANK5   BANK6   BANK7
      Params:         2       0       0       0       0       0       0       0       0
      Locals:         0       0       0       0       0       0       0       0       0
      Temps:          0       0       0       0       0       0       0       0       0
      Totals:         2       0       0       0       0       0       0       0       0
Total ram usage:        2 bytes
 Hardware stack levels used:    1
 Hardware stack levels required when called:    9
 This function calls:
		_disp7s_write_i
 This function is called by:
		_visMode_disp
 This function uses a non-reentrant model


 *************** function _disp7s_modeDisp_writeText_oil *****************
 Defined at:
		line 164 in file "display.c"
 Parameters:    Size  Location     Type
		None
 Auto vars:     Size  Location     Type
		None
 Return value:  Size  Location     Type
                  1    wreg      void 
 Registers used:
		wreg, status,2
 Tracked objects:
		On entry : 
		On exit  : 
		Unchanged: 
 Data sizes:     COMRAM   BANK0   BANK1   BANK2   BANK3   BANK4   BANK5   BANK6   BANK7
      Params:         0       0       0       0       0       0       0       0       0
      Locals:         0       0       0       0       0       0       0       0       0
      Temps:          0       0       0       0       0       0       0       0       0
      Totals:         0       0       0       0       0       0       0       0       0
Total ram usage:        0 bytes
 Hardware stack levels used:    1
 Hardware stack levels required when called:    5
 This function calls:
		Nothing
 This function is called by:
		_visMode_disp
 This function uses a non-reentrant model


 *************** function _disp7s_modeDisp_writeInt *****************
 Defined at:
		line 285 in file "display.c"
 Parameters:    Size  Location     Type
  num             2   55[COMRAM] int 
 Auto vars:     Size  Location     Type
		None
 Return value:  Size  Location     Type
                  1    wreg      void 
 Registers used:
		wreg, fsr2l, fsr2h, status,2, status,0, tblptrl, tblptrh, tblptru, prodl, prodh, cstack
 Tracked objects:
		On entry : 
		On exit  : 
		Unchanged: 
 Data sizes:     COMRAM   BANK0   BANK1   BANK2   BANK3   BANK4   BANK5   BANK6   BANK7
      Params:         2       0       0       0       0       0       0       0       0
      Locals:         0       0       0       0       0       0       0       0       0
      Temps:          0       0       0       0       0       0       0       0       0
      Totals:         2       0       0       0       0       0       0       0       0
Total ram usage:        2 bytes
 Hardware stack levels used:    1
 Hardware stack levels required when called:    9
 This function calls:
		_disp7s_write_i
 This function is called by:
		_visMode_disp
 This function uses a non-reentrant model


 *************** function _disp7s_write_i *****************
 Defined at:
		line 251 in file "display.c"
 Parameters:    Size  Location     Type
  pDisp           2   31[COMRAM] PTR unsigned char 
		 -> pulsonic.disp7s(5), pulsonic(64), 
  NUM_OF_DISP     1   33[COMRAM] char 
  num             2   34[COMRAM] int 
 Auto vars:     Size  Location     Type
  buff           10   41[COMRAM] unsigned char [10]
  K10MULT         2   52[COMRAM] int 
  i               1   54[COMRAM] char 
  pi              1   51[COMRAM] char 
 Return value:  Size  Location     Type
                  1    wreg      void 
 Registers used:
		wreg, fsr2l, fsr2h, status,2, status,0, tblptrl, tblptrh, tblptru, prodl, prodh, cstack
 Tracked objects:
		On entry : 
		On exit  : 
		Unchanged: 
 Data sizes:     COMRAM   BANK0   BANK1   BANK2   BANK3   BANK4   BANK5   BANK6   BANK7
      Params:         5       0       0       0       0       0       0       0       0
      Locals:        14       0       0       0       0       0       0       0       0
      Temps:          5       0       0       0       0       0       0       0       0
      Totals:        24       0       0       0       0       0       0       0       0
Total ram usage:       24 bytes
 Hardware stack levels used:    1
 Hardware stack levels required when called:    8
 This function calls:
		___wmul
		_itoa
		_strlen
 This function is called by:
		_disp7s_qtyDisp_writeInt
		_disp7s_modeDisp_writeInt
 This function uses a non-reentrant model


 *************** function _strlen *****************
 Defined at:
		line 4 in file "/opt/microchip/xc8/v2.05/pic/sources/c90/common/strlen.c"
 Parameters:    Size  Location     Type
  s               1   10[COMRAM] PTR const unsigned char 
		 -> disp7s_write_i@buff(10), 
 Auto vars:     Size  Location     Type
  cp              1   12[COMRAM] PTR const unsigned char 
		 -> disp7s_write_i@buff(10), 
 Return value:  Size  Location     Type
                  2   10[COMRAM] unsigned int 
 Registers used:
		wreg, fsr2l, fsr2h, status,2, status,0
 Tracked objects:
		On entry : 
		On exit  : 
		Unchanged: 
 Data sizes:     COMRAM   BANK0   BANK1   BANK2   BANK3   BANK4   BANK5   BANK6   BANK7
      Params:         2       0       0       0       0       0       0       0       0
      Locals:         1       0       0       0       0       0       0       0       0
      Temps:          0       0       0       0       0       0       0       0       0
      Totals:         3       0       0       0       0       0       0       0       0
Total ram usage:        3 bytes
 Hardware stack levels used:    1
 Hardware stack levels required when called:    5
 This function calls:
		Nothing
[...]
		None
 Return value:  Size  Location     Type
                  3   10[COMRAM] float 
 Registers used:
		wreg, status,2, status,0
 Tracked objects:
		On entry : 
		On exit  : 
		Unchanged: 
 Data sizes:     COMRAM   BANK0   BANK1   BANK2   BANK3   BANK4   BANK5   BANK6   BANK7
      Params:         5       0       0       0       0       0       0       0       0
      Locals:         0       0       0       0       0       0       0       0       0
      Temps:          3       0       0       0       0       0       0       0       0
      Totals:         8       0       0       0       0       0       0       0       0
Total ram usage:        8 bytes
 Hardware stack levels used:    1
 Hardware stack levels required when called:    5
 This function calls:
		Nothing
 This function is called by:
		___ftadd
		___ftmul
		___lwtoft
 This function uses a non-reentrant model


 *************** function _disp7s_modeDisp_off *****************
 Defined at:
		line 156 in file "display.c"
 Parameters:    Size  Location     Type
		None
 Auto vars:     Size  Location     Type
		None
 Return value:  Size  Location     Type
                  1    wreg      void 
 Registers used:
		wreg, fsr2l, fsr2h, status,2, status,0, tblptrl, tblptrh, tblptru, cstack
 Tracked objects:
		On entry : 
		On exit  : 
		Unchanged: 
 Data sizes:     COMRAM   BANK0   BANK1   BANK2   BANK3   BANK4   BANK5   BANK6   BANK7
      Params:         0       0       0       0       0       0       0       0       0
      Locals:         0       0       0       0       0       0       0       0       0
      Temps:          0       0       0       0       0       0       0       0       0
      Totals:         0       0       0       0       0       0       0       0       0
Total ram usage:        0 bytes
 Hardware stack levels used:    1
 Hardware stack levels required when called:    6
 This function calls:
		_disp7s_off
 This function is called by:
		_autoMode_init
 This function uses a non-reentrant model


 *************** function _disp7s_off *****************
 Defined at:
		line 150 in file "display.c"
 Parameters:    Size  Location     Type
  pDisp           2   10[COMRAM] PTR unsigned char 
		 -> pulsonic.disp7s(5), pulsonic(64), 
  NUM_OF_DISP     1   12[COMRAM] char 
 Auto vars:     Size  Location     Type
  i               1   15[COMRAM] char 
 Return value:  Size  Location     Type
                  1    wreg      void 
 Registers used:
		wreg, fsr2l, fsr2h, status,2, status,0, tblptrl, tblptrh, tblptru
 Tracked objects:
		On entry : 
		On exit  : 
		Unchanged: 
 Data sizes:     COMRAM   BANK0   BANK1   BANK2   BANK3   BANK4   BANK5   BANK6   BANK7
      Params:         3       0       0       0       0       0       0       0       0
      Locals:         1       0       0       0       0       0       0       0       0
      Temps:          2       0       0       0       0       0       0       0       0
      Totals:         6       0       0       0       0       0       0       0       0
Total ram usage:        6 bytes
 Hardware stack levels used:    1
 Hardware stack levels required when called:    5
 This function calls:
		Nothing
 This function is called by:
		_disp7s_modeDisp_off
		_disp7s_write_f
 This function uses a non-reentrant model


 *************** function _INTERRUPCION *****************
 Defined at:
		line 229 in file "main.c"
 Parameters:    Size  Location     Type
		None
 Auto vars:     Size  Location     Type
		None
 Return value:  Size  Location     Type
                  1    wreg      void 
 Registers used:
		wreg, fsr2l, fsr2h, status,2, status,0, pclath, tosl, prodl, prodh, cstack
 Tracked objects:
		On entry : 
		On exit  : 
		Unchanged: 
 Data sizes:     COMRAM   BANK0   BANK1   BANK2   BANK3   BANK4   BANK5   BANK6   BANK7
      Params:         0       0       0       0       0       0       0       0       0
      Locals:         0       0       0       0       0       0       0       0       0
      Temps:          6       0       0       0       0       0       0       0       0
      Totals:         6       0       0       0       0       0       0       0       0
Total ram usage:        6 bytes
 Hardware stack levels used:    1
 Hardware stack levels required when called:    4
 This function calls:
		_mpap_job
 This function is called by:
		Interrupt level 2
 This function uses a non-reentrant model


 *************** function _mpap_job *****************
 Defined at:
		line 140 in file "mpap.c"
 Parameters:    Size  Location     Type
		None
 Auto vars:     Size  Location     Type
  cod_ret         1    0        char 
 Return value:  Size  Location     Type
                  1    wreg      char 
 Registers used:
		wreg, fsr2l, fsr2h, status,2, status,0, pclath, tosl, prodl, prodh, cstack
 Tracked objects:
		On entry : 
		On exit  : 
		Unchanged: 
 Data sizes:     COMRAM   BANK0   BANK1   BANK2   BANK3   BANK4   BANK5   BANK6   BANK7
      Params:         0       0       0       0       0       0       0       0       0
      Locals:         1       0       0       0       0       0       0       0       0
      Temps:          0       0       0       0       0       0       0       0       0
      Totals:         1       0       0       0       0       0       0       0       0
Total ram usage:        1 bytes
 Hardware stack levels used:    1
 Hardware stack levels required when called:    3
 This function calls:
		__mpap_off
		_mpap_homming
		_mpap_normal_mode
 This function is called by:
		_INTERRUPCION
 This function uses a non-reentrant model


 *************** function _mpap_normal_mode *****************
 Defined at:
		line 120 in file "mpap.c"
 Parameters:    Size  Location     Type
		None
 Auto vars:     Size  Location     Type
  cod_ret         1    1[COMRAM] char 
 Return value:  Size  Location     Type
                  1    wreg      char 
 Registers used:
		wreg, fsr2l, fsr2h, status,2, status,0, pclath, tosl, prodl, prodh, cstack
 Tracked objects:
		On entry : 
		On exit  : 
		Unchanged: 
 Data sizes:     COMRAM   BANK0   BANK1   BANK2   BANK3   BANK4   BANK5   BANK6   BANK7
      Params:         0       0       0       0       0       0       0       0       0
      Locals:         1       0       0       0       0       0       0       0       0
      Temps:          0       0       0       0       0       0       0       0       0
      Totals:         1       0       0       0       0       0       0       0       0
Total ram usage:        1 bytes
 Hardware stack levels used:    1
 Hardware stack levels required when called:    2
 This function calls:
		_mpap_do1step
 This function is called by:
		_mpap_job
 This function uses a non-reentrant model


 *************** function _mpap_homming *****************
 Defined at:
		line 96 in file "mpap.c"
 Parameters:    Size  Location     Type
		None
 Auto vars:     Size  Location     Type
  cod_ret         1    2[COMRAM] char 
 Return value:  Size  Location     Type
                  1    wreg      char 
 Registers used:
		wreg, fsr2l, fsr2h, status,2, status,0, pclath, tosl, prodl, prodh, cstack
 Tracked objects:
		On entry : 
		On exit  : 
		Unchanged: 
 Data sizes:     COMRAM   BANK0   BANK1   BANK2   BANK3   BANK4   BANK5   BANK6   BANK7
      Params:         0       0       0       0       0       0       0       0       0
      Locals:         1       0       0       0       0       0       0       0       0
      Temps:          1       0       0       0       0       0       0       0       0
      Totals:         2       0       0       0       0       0       0       0       0
Total ram usage:        2 bytes
 Hardware stack levels used:    1
 Hardware stack levels required when called:    2
 This function calls:
		_mpap_do1step
 This function is called by:
		_mpap_job
 This function uses a non-reentrant model


 *************** function _mpap_do1step *****************
 Defined at:
		line 76 in file "mpap.c"
 Parameters:    Size  Location     Type
  KI              1    wreg     char 
 Auto vars:     Size  Location     Type
  KI              1    0[COMRAM] char 
 Return value:  Size  Location     Type
                  1    wreg      void 
 Registers used:
		wreg, fsr2l, fsr2h, status,2, status,0, pclath, tosl, prodl, prodh, cstack
 Tracked objects:
		On entry : 
		On exit  : 
		Unchanged: 
 Data sizes:     COMRAM   BANK0   BANK1   BANK2   BANK3   BANK4   BANK5   BANK6   BANK7
      Params:         0       0       0       0       0       0       0       0       0
      Locals:         1       0       0       0       0       0       0       0       0
      Temps:          0       0       0       0       0       0       0       0       0
      Totals:         1       0       0       0       0       0       0       0       0
Total ram usage:        1 bytes
 Hardware stack levels used:    1
 Hardware stack levels required when called:    1
 This function calls:
		__mpap_step1
		__mpap_step2
		__mpap_step3
		__mpap_step4
 This function is called by:
		_mpap_homming
		_mpap_normal_mode
 This function uses a non-reentrant model


 *************** function __mpap_step3 *****************
 Defined at:
		line 21 in file "mpap.c"
 Parameters:    Size  Location     Type
		None
 Auto vars:     Size  Location     Type
		None
 Return value:  Size  Location     Type
                  1    wreg      void 
 Registers used:
		status,2, status,0
 Tracked objects:
		On entry : 
		On exit  : 
		Unchanged: 
 Data sizes:     COMRAM   BANK0   BANK1   BANK2   BANK3   BANK4   BANK5   BANK6   BANK7
      Params:         0       0       0       0       0       0       0       0       0
      Locals:         0       0       0       0       0       0       0       0       0
      Temps:          0       0       0       0       0       0       0       0       0
      Totals:         0       0       0       0       0       0       0       0       0
Total ram usage:        0 bytes
 Hardware stack levels used:    1
 This function calls:
		Nothing
 This function is called by:
		_mpap_do1step
 This function uses a non-reentrant model


 *************** function __mpap_step2 *****************
 Defined at:
		line 13 in file "mpap.c"
 Parameters:    Size  Location     Type
		None
 Auto vars:     Size  Location     Type
		None
 Return value:  Size  Location     Type
                  1    wreg      void 
 Registers used:
		status,2, status,0
 Tracked objects:
		On entry : 
		On exit  : 
		Unchanged: 
 Data sizes:     COMRAM   BANK0   BANK1   BANK2   BANK3   BANK4   BANK5   BANK6   BANK7
      Params:         0       0       0       0       0       0       0       0       0
      Locals:         0       0       0       0       0       0       0       0       0
      Temps:          0       0       0       0       0       0       0       0       0
      Totals:         0       0       0       0       0       0       0       0       0
Total ram usage:        0 bytes
 Hardware stack levels used:    1
 This function calls:
		Nothing
 This function is called by:
		_mpap_do1step
 This function uses a non-reentrant model


 *************** function __mpap_step1 *****************
 Defined at:
		line 5 in file "mpap.c"
 Parameters:    Size  Location     Type
		None
 Auto vars:     Size  Location     Type
		None
 Return value:  Size  Location     Type
                  1    wreg      void 
 Registers used:
		status,2, status,0
 Tracked objects:
		On entry : 
		On exit  : 
		Unchanged: 
 Data sizes:     COMRAM   BANK0   BANK1   BANK2   BANK3   BANK4   BANK5   BANK6   BANK7
      Params:         0       0       0       0       0       0       0       0       0
      Locals:         0       0       0       0       0       0       0       0       0
      Temps:          0       0       0       0       0       0       0       0       0
      Totals:         0       0       0       0       0       0       0       0       0
Total ram usage:        0 bytes
 Hardware stack levels used:    1
 This function calls:
		Nothing
 This function is called by:
		_mpap_do1step
 This function uses a non-reentrant model


 *************** function __mpap_step4 *****************
 Defined at:
		line 29 in file "mpap.c"
 Parameters:    Size  Location     Type
		None
 Auto vars:     Size  Location     Type
		None
 Return value:  Size  Location     Type
                  1    wreg      void 
 Registers used:
		status,2, status,0
 Tracked objects:
		On entry : 
		On exit  : 
		Unchanged: 
 Data sizes:     COMRAM   BANK0   BANK1   BANK2   BANK3   BANK4   BANK5   BANK6   BANK7
      Params:         0       0       0       0       0       0       0       0       0
      Locals:         0       0       0       0       0       0       0       0       0
      Temps:          0       0       0       0       0       0       0       0       0
      Totals:         0       0       0       0       0       0       0       0       0
Total ram usage:        0 bytes
 Hardware stack levels used:    1
 This function calls:
		Nothing
 This function is called by:
		_mpap_do1step
 This function uses a non-reentrant model


 *************** function __mpap_off *****************
 Defined at:
		line 43 in file "mpap.c"
 Parameters:    Size  Location     Type
		None
 Auto vars:     Size  Location     Type
		None
 Return value:  Size  Location     Type
                  1    wreg      void 
 Registers used:
		status,2, status,0
 Tracked objects:
		On entry : 
		On exit  : 
		Unchanged: 
 Data sizes:     COMRAM   BANK0   BANK1   BANK2   BANK3   BANK4   BANK5   BANK6   BANK7
      Params:         0       0       0       0       0       0       0       0       0
      Locals:         0       0       0       0       0       0       0       0       0
      Temps:          0       0       0       0       0       0       0       0       0
      Totals:         0       0       0       0       0       0       0       0       0
Total ram usage:        0 bytes
 Hardware stack levels used:    1
 This function calls:
		Nothing
 This function is called by:
		_mpap_job
 This function uses a non-reentrant model



MODULE INFORMATION

Module		Function		Class		Link	Load	Size
pump.c
		_pump_job      		CODE           	1EA4	0000	101
		_pump_setTick  		CODE           	2548	0000	11
		_pump_isIdle   		CODE           	24F2	0000	17

pump.c estimated size: 129

/opt/microchip/xc8/v2.05/pic/sources/c90/common/ftadd.c
		___ftadd       		CODE           	105E	0000	425

/opt/microchip/xc8/v2.05/pic/sources/c90/common/ftadd.c estimated size: 425

visualizerMode.c
		_visMode_job   		CODE           	18EA	0000	163
		_visMode_disp  		CODE           	1C5E	0000	125
		_visMode_init  		CODE           	2502	0000	15

visualizerMode.c estimated size: 303

/opt/microchip/xc8/v2.05/pic/sources/c90/common/lwtoft.c
		___lwtoft      		CODE           	23D8	0000	37

/opt/microchip/xc8/v2.05/pic/sources/c90/common/lwtoft.c estimated size: 37

mpap.c
		_mpap_setupToTurn		CODE           	2354	0000	49
		_mpap_isIdle   		CODE           	2510	0000	15
		_mpap_normal_mode		CODE           	2196	0000	73
		_mpap_sych     		CODE           	1BDC	0000	131
		_mpap_job      		CODE           	214E	0000	73
		_mpap_do1step  		CODE           	2262	0000	67
		__mpap_step1   		CODE           	2566	0000	11
		__mpap_step2   		CODE           	255C	0000	11
		__mpap_step3   		CODE           	2552	0000	11
		__mpap_step4   		CODE           	2570	0000	11
		_mpap_setupToHomming		CODE           	24BE	0000	19
		__mpap_off     		CODE           	257A	0000	11
		_mpap_movetoNozzle		CODE           	2384	0000	47
		_mpap_homming  		CODE           	1FC6	0000	89

mpap.c estimated size: 618

automode.c
		_autoMode_kb   		CODE           	1CDA	0000	123
		_autoMode_job  		CODE           	1AC0	0000	143
		_autoMode_init 		CODE           	21DE	0000	67

automode.c estimated size: 333

/opt/microchip/xc8/v2.05/pic/sources/c90/common/ftge.c
		___ftge        		CODE           	1DCC	0000	117

/opt/microchip/xc8/v2.05/pic/sources/c90/common/ftge.c estimated size: 117

/opt/microchip/xc8/v2.05/pic/sources/c90/common/float.c
		___ftpack      		CODE           	183C	0000	175

/opt/microchip/xc8/v2.05/pic/sources/c90/common/float.c estimated size: 175

../../../../../../FIRWAR/eslibrary/ikb/ikb.c
		_ikb_init      		CODE           	1786	0000	183
		_keyRead_pin_key0		CODE           	2584	0000	9
		_keyRead_pin_key1		CODE           	253E	0000	11
		_keyRead_pin_key2		CODE           	2534	0000	11
		_keyRead_pin_key3		CODE           	2594	0000	7
		_keyRead_pin_key4		CODE           	258C	0000	9
		_ikey_is_accessible		CODE           	2070	0000	77
		_ikey_scan     		CODE           	1206	0000	417
		_ikb_key_is_ready2read		CODE           	245A	0000	29
		_ikb_key_was_read		CODE           	24AA	0000	21
		_ikb_job       		CODE           	252A	0000	11
		_ikey_parsing  		CODE           	0812	0000	1585

../../../../../../FIRWAR/eslibrary/ikb/ikb.c estimated size: 2370

/opt/microchip/xc8/v2.05/pic/sources/c90/common/lwmod.c
		___lwmod       		CODE           	2220	0000	67

/opt/microchip/xc8/v2.05/pic/sources/c90/common/lwmod.c estimated size: 67

/opt/microchip/xc8/v2.05/pic/sources/c90/common/ftmul.c
		___ftmul       		CODE           	15C0	0000	245

/opt/microchip/xc8/v2.05/pic/sources/c90/common/ftmul.c estimated size: 245

/opt/microchip/xc8/v2.05/pic/sources/c90/common/Umul16.c
		___wmul        		CODE           	23B2	0000	39

/opt/microchip/xc8/v2.05/pic/sources/c90/common/Umul16.c estimated size: 39

shared
		_OIL_VISCOSITY 		SMALLCONST     	080B	0000	5
		_DISP7S_NUMS   		SMALLCONST     	0801	0000	11
		_DISP7S_CHARS  		SMALLCONST     	080F	0000	3
		__initialization		CODE           	1E40	0000	87

shared estimated size: 106

/opt/microchip/xc8/v2.05/pic/sources/c90/common/fttol.c
		___fttol       		CODE           	16B4	0000	211

/opt/microchip/xc8/v2.05/pic/sources/c90/common/fttol.c estimated size: 211

nozzle.c
		_nozzle_isEnabled		CODE           	2106	0000	73

nozzle.c estimated size: 73

display.c
		_disp7s_modeDisp_off		CODE           	24D0	0000	19
		_disp7s_qtyDisp_writeFloat		CODE           	243C	0000	31
		_disp7s_job    		CODE           	1D54	0000	121
		_disp7s_off    		CODE           	22E4	0000	63
		_disp7s_init   		CODE           	1F68	0000	95
		_disp7s_mux_Q  		CODE           	198C	0000	161
		_disp7s_qtyDisp_writeText_OFF		CODE           	24E2	0000	17
		_disp7s_modeDisp_writeText_oil		CODE           	251E	0000	13
		_disp7s_write_f		CODE           	0E42	0000	541
		_disp7s_write_i		CODE           	14B6	0000	267
		_disp7s_mux0_on		CODE           	25B6	0000	5
		_disp7s_mux1_on		CODE           	25AE	0000	5
		_disp7s_mux2_on		CODE           	25A6	0000	5
		_disp7s_mux3_on		CODE           	259E	0000	5
		_disp7s_mux4_on		CODE           	25BE	0000	5
		_disp7s_modeDisp_writeInt		CODE           	2490	0000	27
		_disp7s_mux0_off		CODE           	25BA	0000	5
		_disp7s_mux1_off		CODE           	25B2	0000	5
		_disp7s_mux2_off		CODE           	25AA	0000	5
		_disp7s_mux3_off		CODE           	25A2	0000	5
		_disp7s_mux4_off		CODE           	259A	0000	5
		_disp7s_qtyDisp_writeInt		CODE           	2476	0000	27
		_disp7s_mux_init		CODE           	22A4	0000	65

display.c estimated size: 1497

/opt/microchip/xc8/v2.05/pic/sources/c90/common/lwdiv.c
		___lwdiv       		CODE           	201E	0000	83

/opt/microchip/xc8/v2.05/pic/sources/c90/common/lwdiv.c estimated size: 83

pulsonic.c
		_pulsonic_getTotalSum_mlh		CODE           	1B4E	0000	143
		_pulsonic_init 		CODE           	1F08	0000	97

pulsonic.c estimated size: 240

/opt/microchip/xc8/v2.05/pic/sources/c90/common/itoa.c
		_itoa          		CODE           	2322	0000	51
		_utoa          		CODE           	1A2C	0000	149

/opt/microchip/xc8/v2.05/pic/sources/c90/common/itoa.c estimated size: 200

main.c
		_main          		CODE           	13A6	0000	273
		_INTERRUPCION  		CODE           	0008	0000	81

main.c estimated size: 354

/opt/microchip/xc8/v2.05/pic/sources/c90/common/strlen.c
		_strlen        		CODE           	23FC	0000	35

/opt/microchip/xc8/v2.05/pic/sources/c90/common/strlen.c estimated size: 35

