Microchip MPLAB XC8 Compiler V2.05 ()

Linker command line:

-W-3 --edf=/opt/microchip/xc8/v2.05/pic/dat/en_msgs.txt -cs \
  -h+dist/default/production/pulsonic.X.production.sym \
  --cmf=dist/default/production/pulsonic.X.production.cmf -z -Q18F4550 \
  -o/tmp/xcXMcFHpB -Mdist/default/production/pulsonic.X.production.map -E1 \
  -ver=XC8 -ASTACK=0140h-07FFh -pstack=STACK -ACODE=00h-07FFFh \
  -ACONST=00h-07FFFh -ASMALLCONST=0800h-08FFhx120 \
  -AMEDIUMCONST=0800h-07FFFh -ACOMRAM=01h-05Fh -AABS1=00h-07FFh \
  -ABIGRAM=01h-07FFh -ARAM=060h-0FFh,0100h-01FFhx7 -ABANK0=060h-0FFh \
  -ABANK1=0100h-01FFh -ABANK2=0200h-02FFh -ABANK3=0300h-03FFh \
  -ABANK4=0400h-04FFh -ABANK5=0500h-05FFh -ABANK6=0600h-06FFh \
  -ABANK7=0700h-07FFh -ASFR=0F60h-0FFFh \
  -preset_vec=00h,intcode=08h,intcodelo,powerup,init -pramtop=0800h \
  -psmallconst=SMALLCONST -pmediumconst=MEDIUMCONST -pconst=CONST \
  -AFARRAM=00h-00h -ACONFIG=0300000h-030000Dh -pconfig=CONFIG \
  -AIDLOC=0200000h-0200007h -pidloc=IDLOC -AEEDATA=0F00000h-0F000FFh \
  -peeprom_data=EEDATA \
  -prdata=COMRAM,nvrram=COMRAM,nvbit=COMRAM,rbss=COMRAM,rbit=COMRAM \
  -pfarbss=FARRAM,fardata=FARRAM,nvFARRAM=FARRAM \
  -pintsave_regs=BIGRAM,bigbss=BIGRAM,bigdata=BIGRAM -pbss=RAM \
  -pidata=CODE,irdata=CODE,ibigdata=CODE,ifardata=CODE -prparam=COMRAM \
  /tmp/xcXBvcCW8.obj dist/default/production/pulsonic.X.production.obj 

Object code version is 3.11

Machine type is 18F4550

Call graph: (short form)




                Name                               Link     Load   Length Selector   Space Scale
/tmp/xcXBvcCW8.obj
                init                                  E        E        4        4       0
                reset_vec                             0        0        4        0       0
                idloc                            200000   200000        8   200000       0
                config                           300000   300000        E   300000       0
dist/default/production/pulsonic.X.production.obj
                intcode                               8        8        6        4       0
                temp                                 51       51        1        1       1
                smallconst                          800      800       12      400       0
                text75                             25A6     25A6        A      409       0
                text74                             259C     259C        A      409       0
                text73                             2592     2592        A      409       0
                text72                             2588     2588        A      409       0
                text71                             257E     257E        A      409       0
                text70                             2266     2266       42      409       0
                text69                             1FCA     1FCA       58      409       0
                text68                             219A     219A       48      409       0
                text67                             2152     2152       48      409       0
                intcode_body                       20C0     20C0       4A      409       0
                text65                             22E8     22E8       3E      409       0
                text64                             24FC     24FC       12      409       0
                text63                             183E     183E       AE      409       0
                text62                             105E     105E      1A8      409       0
                text61                             1DD0     1DD0       74      409       0
                text60                             15C2     15C2       F4      409       0
                text59                             16B6     16B6       D2      409       0
                text58                             2022     2022       52      409       0
                text57                             2224     2224       42      409       0
                text56                             1A32     1A32       94      409       0
                text55                             2326     2326       32      409       0
                text54                              E42      E42      21C      409       0
                text53                             2468     2468       1E      409       0
                text52                             2404     2404       24      409       0
                text51                             23DE     23DE       26      409       0
                text50                             1B56     1B56       8E      409       0
                text49                             21E2     21E2       42      409       0
                text48                             2486     2486       1C      409       0
                text47                             24D6     24D6       14      409       0
                text46                             253C     253C        E      409       0
                text45                             1D5A     1D5A       76      409       0
                text44                             252E     252E        E      409       0
                text43                             2358     2358       30      409       0
                text42                             2388     2388       2E      409       0
                text41                             24EA     24EA       12      409       0
                text40                             210A     210A       48      409       0
                text39                             251E     251E       10      409       0
                text38                             2574     2574        A      409       0
                text37                             18EC     18EC       A6      409       0
                text36                             25EA     25EA        4      409       0
                text35                             25E6     25E6        4      409       0
                text34                             25E2     25E2        4      409       0
                text33                             25DE     25DE        4      409       0
                text32                             25DA     25DA        4      409       0
                text31                             25D6     25D6        4      409       0
                text30                             25D2     25D2        4      409       0
                text29                             25CE     25CE        4      409       0
                text28                             25CA     25CA        4      409       0
                text27                             25C6     25C6        4      409       0
                text26                             22A8     22A8       40      409       0
                text25                             1F6C     1F6C       5E      409       0
                text24                             1992     1992       A0      409       0
                text23                             1CE2     1CE2       78      409       0
                text22                             1788     1788       B6      409       0
                text21                             2074     2074       4C      409       0
                text20                              812      812      630      409       0
                text19                             25B8     25B8        8      409       0
                text18                             25B0     25B0        8      409       0
                text17                             256A     256A        A      409       0
                text16                             2560     2560        A      409       0
                text15                             25C0     25C0        6      409       0
                text14                             1206     1206      1A0      409       0
                text13                             2556     2556        A      409       0
                text12                             1BE4     1BE4       82      409       0
                text11                             1F0C     1F0C       60      409       0
                text10                             1EA8     1EA8       64      409       0
                text9                              2428     2428       22      409       0
                text8                              14B8     14B8      10A      409       0
                text7                              24BC     24BC       1A      409       0
                text6                              254A     254A        C      409       0
                text5                              24A2     24A2       1A      409       0
                text4                              250E     250E       10      409       0
                text3                              1C66     1C66       7C      409       0
                text2                              1AC6     1AC6       90      409       0
                text1                              23B6     23B6       28      409       0
                text0                              13A6     13A6      112      409       0
                cstackCOMRAM                          1        1       46        1       1
                cstackBANK0                          EE       EE       11       60       1
                bssBANK1                            100      100       40      100       1
                dataBANK0                            D0       D0       1E       60       1
                bssBANK0                             60       60       70       60       1
                dataCOMRAM                           50       50        1        1       1
                bssCOMRAM                            47       47        9        1       1
                cinit                              1E44     1E44       64      409       0
                idataBANK0                         244A     244A       1E      409       0
                idataCOMRAM                        25EE     25EE        1      409       0

TOTAL           Name                               Link     Load   Length     Space
        CLASS   STACK          

        CLASS   CODE           
                intcode                               8        8        6         0
                init                                  E        E        4         0
                reset_vec                             0        0        4         0
                text75                             25A6     25A6        A         0
                text74                             259C     259C        A         0
                text73                             2592     2592        A         0
                text72                             2588     2588        A         0
                text71                             257E     257E        A         0
                text70                             2266     2266       42         0
                text69                             1FCA     1FCA       58         0
                text68                             219A     219A       48         0
                text67                             2152     2152       48         0
                intcode_body                       20C0     20C0       4A         0
                text65                             22E8     22E8       3E         0
                text64                             24FC     24FC       12         0
                text63                             183E     183E       AE         0
                text62                             105E     105E      1A8         0
                text61                             1DD0     1DD0       74         0
                text60                             15C2     15C2       F4         0
                text59                             16B6     16B6       D2         0
                text58                             2022     2022       52         0
                text57                             2224     2224       42         0
                text56                             1A32     1A32       94         0
                text55                             2326     2326       32         0
                text54                              E42      E42      21C         0
                text53                             2468     2468       1E         0
                text52                             2404     2404       24         0
                text51                             23DE     23DE       26         0
                text50                             1B56     1B56       8E         0
                text49                             21E2     21E2       42         0
                text48                             2486     2486       1C         0
                text47                             24D6     24D6       14         0
                text46                             253C     253C        E         0
                text45                             1D5A     1D5A       76         0
                text44                             252E     252E        E         0
                text43                             2358     2358       30         0
                text42                             2388     2388       2E         0
                text41                             24EA     24EA       12         0
                text40                             210A     210A       48         0
                text39                             251E     251E       10         0
                text38                             2574     2574        A         0
                text37                             18EC     18EC       A6         0
                text36                             25EA     25EA        4         0
                text35                             25E6     25E6        4         0
                text34                             25E2     25E2        4         0
                text33                             25DE     25DE        4         0
                text32                             25DA     25DA        4         0
                text31                             25D6     25D6        4         0
                text30                             25D2     25D2        4         0
                text29                             25CE     25CE        4         0
                text28                             25CA     25CA        4         0
                text27                             25C6     25C6        4         0
                text26                             22A8     22A8       40         0
                text25                             1F6C     1F6C       5E         0
                text24                             1992     1992       A0         0
                text23                             1CE2     1CE2       78         0
                text22                             1788     1788       B6         0
                text21                             2074     2074       4C         0
                text20                              812      812      630         0
                text19                             25B8     25B8        8         0
                text18                             25B0     25B0        8         0
                text17                             256A     256A        A         0
                text16                             2560     2560        A         0
                text15                             25C0     25C0        6         0
                text14                             1206     1206      1A0         0
                text13                             2556     2556        A         0
                text12                             1BE4     1BE4       82         0
                text11                             1F0C     1F0C       60         0
                text10                             1EA8     1EA8       64         0
                text9                              2428     2428       22         0
                text8                              14B8     14B8      10A         0
                text7                              24BC     24BC       1A         0
                text6                              254A     254A        C         0
                text5                              24A2     24A2       1A         0
                text4                              250E     250E       10         0
                text3                              1C66     1C66       7C         0
                text2                              1AC6     1AC6       90         0
                text1                              23B6     23B6       28         0
                text0                              13A6     13A6      112         0
                cinit                              1E44     1E44       64         0
                idataBANK0                         244A     244A       1E         0
                idataCOMRAM                        25EE     25EE        1         0

        CLASS   CONST          

        CLASS   SMALLCONST     
                smallconst                          800      800       12         0

        CLASS   MEDIUMCONST    

        CLASS   COMRAM         
                temp                                 51       51        1         1
                cstackCOMRAM                          1        1       46         1
                dataCOMRAM                           50       50        1         1
                bssCOMRAM                            47       47        9         1

        CLASS   ABS1           

        CLASS   BIGRAM         

        CLASS   RAM            

        CLASS   BANK0          
                cstackBANK0                          EE       EE       11         1
                dataBANK0                            D0       D0       1E         1
                bssBANK0                             60       60       70         1

        CLASS   BANK1          
                bssBANK1                            100      100       40         1

        CLASS   BANK2          

        CLASS   BANK3          

        CLASS   BANK4          

        CLASS   BANK5          

        CLASS   BANK6          

        CLASS   BANK7          

        CLASS   SFR            

        CLASS   FARRAM         

        CLASS   CONFIG         
                config                           300000   300000        E         0

        CLASS   IDLOC          
                idloc                            200000   200000        8         0

        CLASS   EEDATA         



SEGMENTS        Name                           Load    Length   Top    Selector   Space  Class

                reset_vec                      000000  000004  000004         0       0  CODE    
                cstackCOMRAM                   000001  000051  000052         1       1  COMRAM  
                intcode                        000008  00000A  000012         4       0  CODE    
                bssBANK0                       000060  00009F  0000FF        60       1  BANK0   
                bssBANK1                       000100  000040  000140       100       1  BANK1   
                smallconst                     000800  000012  000812       400       0  SMALLCON
                text20                         000812  001DDD  0025EF       409       0  CODE    
                idloc                          200000  000008  200008    200000       0  IDLOC   
                config                         300000  00000E  30000E    300000       0  CONFIG  


UNUSED ADDRESS RANGES

        Name                Unused          Largest block    Delta
        BANK0            0000FF-0000FF                1
        BANK1            000140-0001FF               C0
        BANK2            000200-0002FF              100
        BANK3            000300-0003FF              100
        BANK4            000400-0004FF              100
        BANK5            000500-0005FF              100
        BANK6            000600-0006FF              100
        BANK7            000700-0007FF              100
        BIGRAM           000052-00005F                E
                         0000FF-0000FF                1
                         000140-0007FF              6C0
        CODE             000004-000007                4
                         000012-0007FF              7EE
                         0025EF-007FFF             5A11
        COMRAM           000052-00005F                E
        CONST            000004-000007                4
                         000012-0007FF              7EE
                         0025EF-007FFF             5A11
        EEDATA           F00000-F000FF              100
        MEDIUMCONST      0025EF-007FFF             5A11
        RAM              0000FF-0000FF                1
                         000140-0007FF              100
        SFR              000F60-000FFF               A0
        SMALLCONST       0025EF-007FFF              100
        STACK            000140-0007FF              6C0

                                  Symbol Table

?___ftadd                               cstackCOMRAM 000016
?___ftmul                               cstackCOMRAM 000013
?___ftpack                              cstackCOMRAM 00000B
?___fttol                               cstackCOMRAM 000022
?___lwdiv                               cstackCOMRAM 00000B
?___lwmod                               cstackCOMRAM 00000B
?___lwtoft                              cstackCOMRAM 000013
?___wmul                                cstackCOMRAM 00000B
?_pulsonic_getTotalSum_mlh              cstackCOMRAM 000031
?_strlen                                cstackCOMRAM 00000B
_ADCON1                                 (abs)        000FC1
_CMCON                                  (abs)        000FB4
_DISP7S_CHARS                           smallconst   00080F
_DISP7S_NUMS                            smallconst   000801
_GIE                                    (abs)        007F97
_INTERRUPCION                           intcode      000008
_LATA                                   (abs)        000F89
_LATB                                   (abs)        000F8A
_LATC                                   (abs)        000F8B
_LATD                                   (abs)        000F8C
_LATE                                   (abs)        000F8D
_OIL_VISCOSITY                          smallconst   00080B
_PORTC                                  (abs)        000F82
_PORTD                                  (abs)        000F83
_PORTE                                  (abs)        000F84
_T0CON                                  (abs)        000FD5
_TMR0H                                  (abs)        000FD7
_TMR0IE                                 (abs)        007F95
_TMR0IF                                 (abs)        007F92
_TMR0L                                  (abs)        000FD6
_TRISA                                  (abs)        000F92
_TRISB                                  (abs)        000F93
_TRISC                                  (abs)        000F94
_TRISD                                  (abs)        000F95
_TRISE                                  (abs)        000F96
_UCFG                                   (abs)        000F6F
_UCON                                   (abs)        000F6D
__CFG_BOR$OFF                           (abs)        000000
__CFG_BORV$3                            (abs)        000000
__CFG_CPUDIV$OSC1_PLL2                  (abs)        000000
__CFG_FCMEN$OFF                         (abs)        000000
__CFG_FOSC$HSPLL_HS                     (abs)        000000
__CFG_IESO$OFF                          (abs)        000000
__CFG_LVP$OFF                           (abs)        000000
__CFG_MCLRE$ON                          (abs)        000000
__CFG_PBADEN$OFF                        (abs)        000000
__CFG_PLLDIV$5                          (abs)        000000
__CFG_PWRT$ON                           (abs)        000000
__CFG_USBDIV$2                          (abs)        000000
__CFG_VREGEN$ON                         (abs)        000000
__CFG_WDT$OFF                           (abs)        000000
__HRAM                                  (abs)        000000
__Habs1                                 abs1         000000
__Hbank0                                bank0        000000
__Hbank1                                bank1        000000
__Hbank2                                bank2        000000
__Hbank3                                bank3        000000
__Hbank4                                bank4        000000
__Hbank5                                bank5        000000
__Hbank6                                bank6        000000
__Hbank7                                bank7        000000
__Hbigbss                               bigbss       000000
__Hbigdata                              bigdata      000000
__Hbigram                               bigram       000000
__Hbss                                  bss          000000
__HbssBANK0                             bssBANK0     000000
__HbssBANK1                             bssBANK1     000000
__HbssCOMRAM                            bssCOMRAM    000000
__Hcinit                                cinit        000000
__Hclrtext                              clrtext      000000
__Hcomram                               comram       000000
__Hconfig                               config       30000E
__Hconst                                const        000000
__HcstackBANK0                          cstackBANK0  000000
__HcstackCOMRAM                         cstackCOMRAM 000000
__Hdata                                 data         000000
__HdataBANK0                            dataBANK0    000000
__HdataCOMRAM                           dataCOMRAM   000000
__Heeprom_data                          eeprom_data  000000
__Hfarbss                               farbss       000000
__Hfardata                              fardata      000000
__Hibigdata                             ibigdata     000000
__Hidata                                idata        000000
__HidataBANK0                           idataBANK0   000000
__HidataCOMRAM                          idataCOMRAM  000000
__Hidloc                                idloc        200008
__Hifardata                             ifardata     000000
__Hinit                                 init         000012
__Hintcode                              intcode      00000E
__Hintcode_body                         intcode_body 000000
__Hintcodelo                            intcodelo    00000E
__Hintentry                             intentry     000000
__Hintret                               intret       000000
__Hintsave_regs                         intsave_regs 000000
__Hirdata                               irdata       000000
__Hmediumconst                          mediumconst  000000
__HnvFARRAM                             nvFARRAM     000000
__Hnvbit                                nvbit        000000
__Hnvrram                               nvrram       000000
__Hparam                                rparam       000000
__Hpowerup                              powerup      00000E
__Hram                                  ram          000000
__Hramtop                               ramtop       000800
__Hrbit                                 rbit         000000
__Hrbss                                 rbss         000000
__Hrdata                                rdata        000000
__Hreset_vec                            reset_vec    000004
__Hrparam                               rparam       000000
__Hsfr                                  sfr          000000
__Hsmallconst                           smallconst   000812
__Hspace_0                              (abs)        30000E
__Hspace_1                              (abs)        000140
__Hspace_2                              (abs)        000000
__Hstack                                stack        000000
__Hstruct                               struct       000000
__Htemp                                 temp         000052
__Htext                                 text         000000
__Htext0                                text0        000000
__Htext1                                text1        000000
__Htext10                               text10       000000
__Htext11                               text11       000000
__Htext12                               text12       000000
__Htext13                               text13       000000
__Htext14                               text14       000000
__Htext15                               text15       000000
__Htext16                               text16       000000
__Htext17                               text17       000000
__Htext18                               text18       000000
__Htext19                               text19       000000
__Htext2                                text2        000000
__Htext20                               text20       000000
__Htext21                               text21       000000
__Htext22                               text22       000000
__Htext23                               text23       000000
__Htext24                               text24       000000
__Htext25                               text25       000000
__Htext26                               text26       000000
__Htext27                               text27       000000
__Htext28                               text28       000000
__Htext29                               text29       000000
__Htext3                                text3        000000
__Htext30                               text30       000000
__Htext31                               text31       000000
__Htext32                               text32       000000
__Htext33                               text33       000000
__Htext34                               text34       000000
__Htext35                               text35       000000
__Htext36                               text36       000000
__Htext37                               text37       000000
__Htext38                               text38       000000
__Htext39                               text39       000000
__Htext4                                text4        000000
__Htext40                               text40       000000
__Htext41                               text41       000000
__Htext42                               text42       000000
__Htext43                               text43       000000
__Htext44                               text44       000000
__Htext45                               text45       000000
__Htext46                               text46       000000
__Htext47                               text47       000000
__Htext48                               text48       000000
__Htext49                               text49       000000
__Htext5                                text5        000000
__Htext50                               text50       000000
__Htext51                               text51       000000
__Htext52                               text52       000000
__Htext53                               text53       000000
__Htext54                               text54       000000
__Htext55                               text55       000000
__Htext56                               text56       000000
__Htext57                               text57       000000
__Htext58                               text58       000000
__Htext59                               text59       000000
__Htext6                                text6        000000
__Htext60                               text60       000000
__Htext61                               text61       000000
__Htext62                               text62       000000
__Htext63                               text63       000000
__Htext64                               text64       000000
__Htext65                               text65       000000
__Htext67                               text67       000000
__Htext68                               text68       000000
__Htext69                               text69       000000
__Htext7                                text7        000000
__Htext70                               text70       000000
__Htext71                               text71       000000
__Htext72                               text72       000000
__Htext73                               text73       000000
__Htext74                               text74       000000
__Htext75                               text75       000000
__Htext76                               text76       000000
__Htext8                                text8        000000
__Htext9                                text9        000000
__LRAM                                  (abs)        000001
__Labs1                                 abs1         000000
__Lbank0                                bank0        000000
__Lbank1                                bank1        000000
__Lbank2                                bank2        000000
__Lbank3                                bank3        000000
__Lbank4                                bank4        000000
__Lbank5                                bank5        000000
__Lbank6                                bank6        000000
__Lbank7                                bank7        000000
__Lbigbss                               bigbss       000000
__Lbigdata                              bigdata      000000
__Lbigram                               bigram       000000
__Lbss                                  bss          000000
__LbssBANK0                             bssBANK0     000000
__LbssBANK1                             bssBANK1     000000
__LbssCOMRAM                            bssCOMRAM    000000
__Lcinit                                cinit        000000
__Lclrtext                              clrtext      000000
__Lcomram                               comram       000000
__Lconfig                               config       300000
__Lconst                                const        000000
__LcstackBANK0                          cstackBANK0  000000
__LcstackCOMRAM                         cstackCOMRAM 000000
__Ldata                                 data         000000
__LdataBANK0                            dataBANK0    000000
__LdataCOMRAM                           dataCOMRAM   000000
__Leeprom_data                          eeprom_data  000000
__Lfarbss                               farbss       000000
__Lfardata                              fardata      000000
__Libigdata                             ibigdata     000000
__Lidata                                idata        000000
__LidataBANK0                           idataBANK0   000000
__LidataCOMRAM                          idataCOMRAM  000000
__Lidloc                                idloc        200000
__Lifardata                             ifardata     000000
__Linit                                 init         00000E
__Lintcode                              intcode      000008
__Lintcode_body                         intcode_body 000000
__Lintcodelo                            intcodelo    00000E
__Lintentry                             intentry     000000
__Lintret                               intret       000000
__Lintsave_regs                         intsave_regs 000000
__Lirdata                               irdata       000000
__Lmediumconst                          mediumconst  000000
__LnvFARRAM                             nvFARRAM     000000
__Lnvbit                                nvbit        000000
__Lnvrram                               nvrram       000000
__Lparam                                rparam       000000
__Lpowerup                              powerup      00000E
__Lram                                  ram          000000
__Lramtop                               ramtop       000800
__Lrbit                                 rbit         000000
__Lrbss                                 rbss         000000
__Lrdata                                rdata        000000
__Lreset_vec                            reset_vec    000000
__Lrparam                               rparam       000000
__Lsfr                                  sfr          000000
__Lsmallconst                           smallconst   000800
__Lspace_0                              (abs)        000000
__Lspace_1                              (abs)        000000
__Lspace_2                              (abs)        000000
__Lstack                                stack        000000
__Lstruct                               struct       000000
__Ltemp                                 temp         000051
__Ltext                                 text         000000
__Ltext0                                text0        000000
__Ltext1                                text1        000000
__Ltext10                               text10       000000
__Ltext11                               text11       000000
__Ltext12                               text12       000000
__Ltext13                               text13       000000
__Ltext14                               text14       000000
__Ltext15                               text15       000000
__Ltext16                               text16       000000
__Ltext17                               text17       000000
__Ltext18                               text18       000000
__Ltext19                               text19       000000
__Ltext2                                text2        000000
__Ltext20                               text20       000000
__Ltext21                               text21       000000
__Ltext22                               text22       000000
__Ltext23                               text23       000000
__Ltext24                               text24       000000
__Ltext25                               text25       000000
__Ltext26                               text26       000000
__Ltext27                               text27       000000
__Ltext28                               text28       000000
__Ltext29                               text29       000000
__Ltext3                                text3        000000
__Ltext30                               text30       000000
__Ltext31                               text31       000000
__Ltext32                               text32       000000
__Ltext33                               text33       000000
__Ltext34                               text34       000000
__Ltext35                               text35       000000
__Ltext36                               text36       000000
__Ltext37                               text37       000000
__Ltext38                               text38       000000
__Ltext39                               text39       000000
__Ltext4                                text4        000000
__Ltext40                               text40       000000
__Ltext41                               text41       000000
__Ltext42                               text42       000000
__Ltext43                               text43       000000
__Ltext44                               text44       000000
__Ltext45                               text45       000000
__Ltext46                               text46       000000
__Ltext47                               text47       000000
__Ltext48                               text48       000000
__Ltext49                               text49       000000
__Ltext5                                text5        000000
__Ltext50                               text50       000000
__Ltext51                               text51       000000
__Ltext52                               text52       000000
__Ltext53                               text53       000000
__Ltext54                               text54       000000
__Ltext55                               text55       000000
__Ltext56                               text56       000000
__Ltext57                               text57       000000
__Ltext58                               text58       000000
__Ltext59                               text59       000000
__Ltext6                                text6        000000
__Ltext60                               text60       000000
__Ltext61                               text61       000000
__Ltext62                               text62       000000
__Ltext63                               text63       000000
__Ltext64                               text64       000000
__Ltext65                               text65       000000
__Ltext67                               text67       000000
__Ltext68                               text68       000000
__Ltext69                               text69       000000
__Ltext7                                text7        000000
__Ltext70                               text70       000000
__Ltext71                               text71       000000
__Ltext72                               text72       000000
__Ltext73                               text73       000000
__Ltext74                               text74       000000
__Ltext75                               text75       000000
__Ltext76                               text76       000000
__Ltext8                                text8        000000
__Ltext9                                text9        000000
__S0                                    (abs)        30000E
__S1                                    (abs)        000140
__S2                                    (abs)        000000
___ftadd                                text62       00105E
___ftadd@exp1                           cstackCOMRAM 000021
___ftadd@exp2                           cstackCOMRAM 000020
___ftadd@f1                             cstackCOMRAM 000016
___ftadd@f2                             cstackCOMRAM 000019
___ftadd@sign                           cstackCOMRAM 00001F
___ftge                                 text61       001DD0
___ftge@ff1                             cstackCOMRAM 000016
___ftge@ff2                             cstackCOMRAM 000019
___ftmul                                text60       0015C2
___ftmul@cntr                           cstackCOMRAM 000020
___ftmul@exp                            cstackCOMRAM 00001C
___ftmul@f1                             cstackCOMRAM 000013
___ftmul@f2                             cstackCOMRAM 000016
___ftmul@f3_as_product                  cstackCOMRAM 00001D
___ftmul@sign                           cstackCOMRAM 000021
___ftpack                               text63       00183E
___ftpack@arg                           cstackCOMRAM 00000B
___ftpack@exp                           cstackCOMRAM 00000E
___ftpack@sign                          cstackCOMRAM 00000F
___fttol                                text59       0016B6
___fttol@exp1                           cstackCOMRAM 000030
___fttol@f1                             cstackCOMRAM 000022
___fttol@lval                           cstackCOMRAM 00002C
___fttol@sign1                          cstackCOMRAM 00002B
___inthi_sp                             stack        000000
___intlo_sp                             stack        000000
___lwdiv                                text58       002022
___lwdiv@counter                        cstackCOMRAM 00000F
___lwdiv@dividend                       cstackCOMRAM 00000B
___lwdiv@divisor                        cstackCOMRAM 00000D
___lwdiv@quotient                       cstackCOMRAM 000010
___lwmod                                text57       002224
___lwmod@counter                        cstackCOMRAM 00000F
___lwmod@dividend                       cstackCOMRAM 00000B
___lwmod@divisor                        cstackCOMRAM 00000D
___lwtoft                               text52       002404
___lwtoft@c                             cstackCOMRAM 000013
___param_bank                           (abs)        000000
___rparam_used                          (abs)        000001
___sp                                   stack        000000
___wmul                                 text51       0023DE
___wmul@multiplicand                    cstackCOMRAM 00000D
___wmul@multiplier                      cstackCOMRAM 00000B
___wmul@product                         cstackCOMRAM 00000F
__accesstop                             (abs)        000060
__activetblptr                          (abs)        000002
__end_of_DISP7S_CHARS                   smallconst   000811
__end_of_DISP7S_NUMS                    smallconst   00080B
__end_of_INTERRUPCION                   intcode_body 00210A
__end_of_OIL_VISCOSITY                  smallconst   00080F
__end_of___ftadd                        text62       001206
__end_of___ftge                         text61       001E44
__end_of___ftmul                        text60       0016B6
__end_of___ftpack                       text63       0018EC
__end_of___fttol                        text59       001788
__end_of___lwdiv                        text58       002074
__end_of___lwmod                        text57       002266
__end_of___lwtoft                       text52       002428
__end_of___wmul                         text51       002404
__end_of__initialization                cinit        001E9A
__end_of__mpap_off                      text75       0025B0
__end_of__mpap_step1                    text73       00259C
__end_of__mpap_step2                    text72       002592
__end_of__mpap_step3                    text71       002588
__end_of__mpap_step4                    text74       0025A6
__end_of_autoMode_init                  text49       002224
__end_of_autoMode_job                   text37       001992
__end_of_autoMode_kb                    text45       001DD0
__end_of_disp7s_init                    text25       001FCA
__end_of_disp7s_job                     text23       001D5A
__end_of_disp7s_modeDisp_off            text64       00250E
__end_of_disp7s_modeDisp_writeInt       text7        0024D6
__end_of_disp7s_modeDisp_writeText_oil  text6        002556
__end_of_disp7s_mux0_off                text35       0025EA
__end_of_disp7s_mux0_on                 text34       0025E6
__end_of_disp7s_mux1_off                text33       0025E2
__end_of_disp7s_mux1_on                 text32       0025DE
__end_of_disp7s_mux2_off                text31       0025DA
__end_of_disp7s_mux2_on                 text30       0025D6
__end_of_disp7s_mux3_off                text29       0025D2
__end_of_disp7s_mux3_on                 text28       0025CE
__end_of_disp7s_mux4_off                text27       0025CA
__end_of_disp7s_mux4_on                 text36       0025EE
__end_of_disp7s_mux_Q                   text24       001A32
__end_of_disp7s_mux_init                text26       0022E8
__end_of_disp7s_off                     text65       002326
__end_of_disp7s_qtyDisp_writeFloat      text53       002486
__end_of_disp7s_qtyDisp_writeInt        text5        0024BC
__end_of_disp7s_qtyDisp_writeText_OFF   text4        00251E
__end_of_disp7s_write_f                 text54       00105E
__end_of_disp7s_write_i                 text8        0015C2
__end_of_ikb_init                       text22       00183E
__end_of_ikb_job                        text13       002560
__end_of_ikb_key_is_ready2read          text48       0024A2
__end_of_ikb_key_was_read               text47       0024EA
__end_of_ikey_is_accessible             text21       0020C0
__end_of_ikey_parsing                   text20       000E42
__end_of_ikey_scan                      text14       0013A6
__end_of_itoa                           text55       002358
__end_of_keyRead_pin_key0               text18       0025B8
__end_of_keyRead_pin_key1               text17       002574
__end_of_keyRead_pin_key2               text16       00256A
__end_of_keyRead_pin_key3               text15       0025C6
__end_of_keyRead_pin_key4               text19       0025C0
__end_of_main                           text0        0014B8
__end_of_mpap_do1step                   text70       0022A8
__end_of_mpap_homming                   text69       002022
__end_of_mpap_isIdle                    text44       00253C
__end_of_mpap_job                       text67       00219A
__end_of_mpap_movetoNozzle              text42       0023B6
__end_of_mpap_normal_mode               text68       0021E2
__end_of_mpap_setupToHomming            text41       0024FC
__end_of_mpap_setupToTurn               text43       002388
__end_of_mpap_sych                      text12       001C66
__end_of_nozzle_isEnabled               text40       002152
__end_of_pulsonic_getTotalSum_mlh       text50       001BE4
__end_of_pulsonic_init                  text11       001F6C
__end_of_pump_isIdle                    text39       00252E
__end_of_pump_job                       text10       001F0C
__end_of_pump_setTick                   text38       00257E
__end_of_strlen                         text9        00244A
__end_of_utoa                           text56       001AC6
__end_of_visMode_disp                   text3        001CE2
__end_of_visMode_init                   text46       00254A
__end_of_visMode_job                    text1        0023DE
__end_of_visMode_kb                     text2        001B56
__initialization                        cinit        001E44
__mediumconst                           mediumconst  000000
__mpap_off                              text75       0025A6
__mpap_step1                            text73       002592
__mpap_step2                            text72       002588
__mpap_step3                            text71       00257E
__mpap_step4                            text74       00259C
__pbssBANK0                             bssBANK0     000060
__pbssBANK1                             bssBANK1     000100
__pbssCOMRAM                            bssCOMRAM    000047
__pcinit                                cinit        001E44
__pcstackBANK0                          cstackBANK0  0000EE
__pcstackCOMRAM                         cstackCOMRAM 000001
__pdataBANK0                            dataBANK0    0000D0
__pdataCOMRAM                           dataCOMRAM   000050
__pidataBANK0                           idataBANK0   00244A
__pidataCOMRAM                          idataCOMRAM  0025EE
__pintcode                              intcode      000008
__pintcode_body                         intcode_body 0020C0
__psmallconst                           smallconst   000800
__ptext0                                text0        0013A6
__ptext1                                text1        0023B6
__ptext10                               text10       001EA8
__ptext11                               text11       001F0C
__ptext12                               text12       001BE4
__ptext13                               text13       002556
__ptext14                               text14       001206
__ptext15                               text15       0025C0
__ptext16                               text16       002560
__ptext17                               text17       00256A
__ptext18                               text18       0025B0
__ptext19                               text19       0025B8
__ptext2                                text2        001AC6
__ptext20                               text20       000812
__ptext21                               text21       002074
__ptext22                               text22       001788
__ptext23                               text23       001CE2
__ptext24                               text24       001992
__ptext25                               text25       001F6C
__ptext26                               text26       0022A8
__ptext27                               text27       0025C6
__ptext28                               text28       0025CA
__ptext29                               text29       0025CE
__ptext3                                text3        001C66
__ptext30                               text30       0025D2
__ptext31                               text31       0025D6
__ptext32                               text32       0025DA
__ptext33                               text33       0025DE
__ptext34                               text34       0025E2
__ptext35                               text35       0025E6
__ptext36                               text36       0025EA
__ptext37                               text37       0018EC
__ptext38                               text38       002574
__ptext39                               text39       00251E
__ptext4                                text4        00250E
__ptext40                               text40       00210A
__ptext41                               text41       0024EA
__ptext42                               text42       002388
__ptext43                               text43       002358
__ptext44                               text44       00252E
__ptext45                               text45       001D5A
__ptext46                               text46       00253C
__ptext47                               text47       0024D6
__ptext48                               text48       002486
__ptext49                               text49       0021E2
__ptext5                                text5        0024A2
__ptext50                               text50       001B56
__ptext51                               text51       0023DE
__ptext52                               text52       002404
__ptext53                               text53       002468
__ptext54                               text54       000E42
__ptext55                               text55       002326
__ptext56                               text56       001A32
__ptext57                               text57       002224
__ptext58                               text58       002022
__ptext59                               text59       0016B6
__ptext6                                text6        00254A
__ptext60                               text60       0015C2
__ptext61                               text61       001DD0
__ptext62                               text62       00105E
__ptext63                               text63       00183E
__ptext64                               text64       0024FC
__ptext65                               text65       0022E8
__ptext67                               text67       002152
__ptext68                               text68       00219A
__ptext69                               text69       001FCA
__ptext7                                text7        0024BC
__ptext70                               text70       002266
__ptext71                               text71       00257E
__ptext72                               text72       002588
__ptext73                               text73       002592
__ptext74                               text74       00259C
__ptext75                               text75       0025A6
__ptext76                               text76       000000
__ptext8                                text8        0014B8
__ptext9                                text9        002428
__ramtop                                ramtop       000800
__size_of_INTERRUPCION                  (abs)        000000
__size_of___ftadd                       (abs)        000000
__size_of___ftge                        (abs)        000000
__size_of___ftmul                       (abs)        000000
__size_of___ftpack                      (abs)        000000
__size_of___fttol                       (abs)        000000
__size_of___lwdiv                       (abs)        000000
__size_of___lwmod                       (abs)        000000
__size_of___lwtoft                      (abs)        000000
__size_of___wmul                        (abs)        000000
__size_of__mpap_off                     (abs)        000000
__size_of__mpap_step1                   (abs)        000000
__size_of__mpap_step2                   (abs)        000000
__size_of__mpap_step3                   (abs)        000000
__size_of__mpap_step4                   (abs)        000000
__size_of_autoMode_init                 (abs)        000000
__size_of_autoMode_job                  (abs)        000000
__size_of_autoMode_kb                   (abs)        000000
__size_of_disp7s_init                   (abs)        000000
__size_of_disp7s_job                    (abs)        000000
__size_of_disp7s_modeDisp_off           (abs)        000000
__size_of_disp7s_modeDisp_writeInt      (abs)        000000
__size_of_disp7s_modeDisp_writeText_oil (abs)        000000
__size_of_disp7s_mux0_off               (abs)        000000
__size_of_disp7s_mux0_on                (abs)        000000
__size_of_disp7s_mux1_off               (abs)        000000
__size_of_disp7s_mux1_on                (abs)        000000
__size_of_disp7s_mux2_off               (abs)        000000
__size_of_disp7s_mux2_on                (abs)        000000
__size_of_disp7s_mux3_off               (abs)        000000
__size_of_disp7s_mux3_on                (abs)        000000
__size_of_disp7s_mux4_off               (abs)        000000
__size_of_disp7s_mux4_on                (abs)        000000
__size_of_disp7s_mux_Q                  (abs)        000000
__size_of_disp7s_mux_init               (abs)        000000
__size_of_disp7s_off                    (abs)        000000
__size_of_disp7s_qtyDisp_writeFloat     (abs)        000000
__size_of_disp7s_qtyDisp_writeInt       (abs)        000000
__size_of_disp7s_qtyDisp_writeText_OFF  (abs)        000000
__size_of_disp7s_write_f                (abs)        000000
__size_of_disp7s_write_i                (abs)        000000
__size_of_ikb_init                      (abs)        000000
__size_of_ikb_job                       (abs)        000000
__size_of_ikb_key_is_ready2read         (abs)        000000
__size_of_ikb_key_was_read              (abs)        000000
__size_of_ikey_is_accessible            (abs)        000000
__size_of_ikey_parsing                  (abs)        000000
__size_of_ikey_scan                     (abs)        000000
__size_of_itoa                          (abs)        000000
__size_of_keyRead_pin_key0              (abs)        000000
__size_of_keyRead_pin_key1              (abs)        000000
__size_of_keyRead_pin_key2              (abs)        000000
__size_of_keyRead_pin_key3              (abs)        000000
__size_of_keyRead_pin_key4              (abs)        000000
__size_of_main                          (abs)        000000
__size_of_mpap_do1step                  (abs)        000000
__size_of_mpap_homming                  (abs)        000000
__size_of_mpap_isIdle                   (abs)        000000
__size_of_mpap_job                      (abs)        000000
__size_of_mpap_movetoNozzle             (abs)        000000
__size_of_mpap_normal_mode              (abs)        000000
__size_of_mpap_setupToHomming           (abs)        000000
__size_of_mpap_setupToTurn              (abs)        000000
__size_of_mpap_sych                     (abs)        000000
__size_of_nozzle_isEnabled              (abs)        000000
__size_of_pulsonic_getTotalSum_mlh      (abs)        000000
__size_of_pulsonic_init                 (abs)        000000
__size_of_pump_isIdle                   (abs)        000000
__size_of_pump_job                      (abs)        000000
__size_of_pump_setTick                  (abs)        000000
__size_of_strlen                        (abs)        000000
__size_of_utoa                          (abs)        000000
__size_of_visMode_disp                  (abs)        000000
__size_of_visMode_init                  (abs)        000000
__size_of_visMode_job                   (abs)        000000
__size_of_visMode_kb                    (abs)        000000
__smallconst                            smallconst   000800
_autoMode                               bssBANK0     0000BD
_autoMode_init                          text49       0021E2
_autoMode_init$1603                     cstackCOMRAM 000040
_autoMode_job                           text37       0018EC
_autoMode_kb                            text45       001D5A
_disp7s_init                            text25       001F6C
_disp7s_job                             text23       001CE2
_disp7s_modeDisp_off                    text64       0024FC
_disp7s_modeDisp_writeInt               text7        0024BC
_disp7s_modeDisp_writeText_oil          text6        00254A
_disp7s_mux                             dataBANK0    0000D0
_disp7s_mux0_off                        text35       0025E6
_disp7s_mux0_on                         text34       0025E2
_disp7s_mux1_off                        text33       0025DE
_disp7s_mux1_on                         text32       0025DA
_disp7s_mux2_off                        text31       0025D6
_disp7s_mux2_on                         text30       0025D2
_disp7s_mux3_off                        text29       0025CE
_disp7s_mux3_on                         text28       0025CA
_disp7s_mux4_off                        text27       0025C6
_disp7s_mux4_on                         text36       0025EA
_disp7s_mux_Q                           text24       001992
_disp7s_mux_init                        text26       0022A8
_disp7s_off                             text65       0022E8
_disp7s_qtyDisp_writeFloat              text53       002468
_disp7s_qtyDisp_writeInt                text5        0024A2
_disp7s_qtyDisp_writeText_OFF           text4        00250E
_disp7s_write_f                         text54       000E42
_disp7s_write_i                         text8        0014B8
_disp_owner                             bssBANK0     0000CC
_error_grantedToWriteDisp               bssBANK0     0000CA
_error_requestToWriteDisp               bssBANK0     0000CB
_group_x                                bssBANK0     0000B0
_ikb_init                               text22       001788
_ikb_job                                text13       002556
_ikb_key_is_ready2read                  text48       002486
_ikb_key_was_read                       text47       0024D6
_ikey_is_accessible                     text21       002074
_ikey_parsing                           text20       000812
_ikey_scan                              text14       001206
_isr_flag                               bssBANK0     0000CF
_itoa                                   text55       002326
_key                                    bssBANK0     000060
_keyRead_pin_key0                       text18       0025B0
_keyRead_pin_key1                       text17       00256A
_keyRead_pin_key2                       text16       002560
_keyRead_pin_key3                       text15       0025C0
_keyRead_pin_key4                       text19       0025B8
_machState                              bssBANK0     0000CD
_main                                   text0        0013A6
_mpap                                   bssCOMRAM    000047
_mpap_do1step                           text70       002266
_mpap_homming                           text69       001FCA
_mpap_isIdle                            text44       00252E
_mpap_job                               text67       002152
_mpap_movetoNozzle                      text42       002388
_mpap_normal_mode                       text68       00219A
_mpap_off                               dataBANK0    0000EC
_mpap_setupToHomming                    text41       0024EA
_mpap_setupToTurn                       text43       002358
_mpap_setupToTurn$450                   cstackCOMRAM 000013
_mpap_step                              dataBANK0    0000E4
_mpap_sych                              text12       001BE4
_nozzle_isEnabled                       text40       00210A
_pulsonic                               bssBANK1     000100
_pulsonic_getTotalSum_mlh               text50       001B56
_pulsonic_init                          text11       001F0C
_pump                                   bssBANK0     0000B5
_pump_isIdle                            text39       00251E
_pump_job                               text10       001EA8
_pump_setTick                           text38       002574
_smain                                  bssBANK0     0000B8
_strlen                                 text9        002428
_unlock                                 bssBANK0     0000CE
_utoa                                   text56       001A32
_visMode                                bssBANK0     0000BB
_visMode_disp                           text3        001C66
_visMode_init                           text46       00253C
_visMode_job                            text1        0023B6
_visMode_kb                             text2        001AC6
autoMode_init@init                      cstackCOMRAM 00003F
autoMode_job@cod_ret                    cstackCOMRAM 000021
autoMode_kb@cod_ret                     cstackCOMRAM 00000C
btemp                                   temp         000051
disp7s_init@i                           cstackCOMRAM 00000C
disp7s_job@pq                           cstackCOMRAM 000015
disp7s_job@q                            bssCOMRAM    00004F
disp7s_modeDisp_writeInt@num            cstackCOMRAM 000038
disp7s_mux_Q@i                          cstackCOMRAM 000012
disp7s_mux_Q@q                          cstackCOMRAM 000011
disp7s_mux_init@i                       cstackCOMRAM 00000B
disp7s_off@NUM_OF_DISP                  cstackCOMRAM 00000D
disp7s_off@i                            cstackCOMRAM 000010
disp7s_off@pDisp                        cstackCOMRAM 00000B
disp7s_qtyDisp_writeFloat@num           cstackCOMRAM 00003C
disp7s_qtyDisp_writeInt@num             cstackCOMRAM 000038
disp7s_write_f@I                        cstackBANK0  0000F8
disp7s_write_f@K10MULT                  cstackBANK0  0000FB
disp7s_write_f@NUM_OF_DISP              cstackCOMRAM 000033
disp7s_write_f@buff                     cstackBANK0  0000EE
disp7s_write_f@i                        cstackBANK0  0000FE
disp7s_write_f@num                      cstackCOMRAM 000034
disp7s_write_f@pDisp                    cstackCOMRAM 000031
disp7s_write_f@pi                       cstackBANK0  0000FA
disp7s_write_i@K10MULT                  cstackCOMRAM 000035
disp7s_write_i@NUM_OF_DISP              cstackCOMRAM 000022
disp7s_write_i@buff                     cstackCOMRAM 00002A
disp7s_write_i@i                        cstackCOMRAM 000037
disp7s_write_i@num                      cstackCOMRAM 000023
disp7s_write_i@pDisp                    cstackCOMRAM 000020
disp7s_write_i@pi                       cstackCOMRAM 000034
end_of_initialization                   cinit        001E9A
ikb_init@i                              cstackCOMRAM 00000B
ikb_key_is_ready2read@k                 cstackCOMRAM 00000B
ikb_key_was_read@k                      cstackCOMRAM 00000B
ikey_is_accessible@k                    cstackCOMRAM 00000D
ikey_parsing@k                          cstackCOMRAM 000023
ikey_scan@k                             cstackCOMRAM 00000C
int$flags                               temp         000051
int_func                                intcode_body 0020C0
intlevel0                               text         000000
intlevel1                               text         000000
intlevel2                               text         000000
intlevel3                               text         000000
itoa@base                               cstackCOMRAM 00001D
itoa@buf                                cstackCOMRAM 00001A
itoa@val                                cstackCOMRAM 00001B
main@c_access_disp                      cstackCOMRAM 000045
main@c_access_kb                        cstackCOMRAM 000044
main@codapp                             cstackCOMRAM 000046
mpap_do1step@KI                         cstackCOMRAM 000001
mpap_do1step@i                          dataCOMRAM   000050
mpap_homming@cod_ret                    cstackCOMRAM 000003
mpap_movetoNozzle@n                     cstackCOMRAM 000015
mpap_normal_mode@cod_ret                cstackCOMRAM 000002
mpap_setupToTurn@numSteps_tomove        cstackCOMRAM 000011
mpap_sych@c                             bssBANK0     0000C2
mpap_sych@sm0                           bssBANK0     0000C3
nozzle_isEnabled@n                      cstackCOMRAM 00001F
pulsonic_getTotalSum_mlh@acc            cstackCOMRAM 000033
pulsonic_getTotalSum_mlh@i              cstackCOMRAM 000035
pulsonic_init@i                         cstackCOMRAM 00000B
pump_job@c                              bssBANK0     0000C1
pump_setTick@ticks                      cstackCOMRAM 00000B
stackhi                                 (abs)        0007FF
stacklo                                 (abs)        000140
start                                   init         00000E
start_initialization                    cinit        001E44
strlen@cp                               cstackCOMRAM 00000D
strlen@s                                cstackCOMRAM 00000B
ttemp5                                  temp         000052
ttemp6                                  temp         000055
ttemp7                                  temp         000059
utoa@base                               cstackCOMRAM 000015
utoa@buf                                cstackCOMRAM 000012
utoa@c                                  cstackCOMRAM 000019
utoa@v                                  cstackCOMRAM 000017
utoa@val                                cstackCOMRAM 000013
visMode_disp@c                          cstackCOMRAM 000042
visMode_disp@qty                        cstackCOMRAM 00003F
visMode_init@numVista                   cstackCOMRAM 00000B
visMode_job@cod_ret                     cstackCOMRAM 000043
visMode_kb@cod_ret                      cstackCOMRAM 00000C
wtemp8                                  temp         000052


FUNCTION INFORMATION:

 *************** function _main *****************
 Defined at:
		line 81 in file "main.c"
 Parameters:    Size  Location     Type
		None
 Auto vars:     Size  Location     Type
  codapp          1   69[COMRAM] char 
  c_access_dis    1   68[COMRAM] char 
  c_access_kb     1   67[COMRAM] char 
 Return value:  Size  Location     Type
                  1    wreg      void 
 Registers used:
		wreg, fsr1l, fsr1h, fsr2l, fsr2h, status,2, status,0, pclath, tosl, tblptrl, tblptrh, tblptru, prodl, prodh, cstack
 Tracked objects:
		On entry : 
		On exit  : 
		Unchanged: 
 Data sizes:     COMRAM   BANK0   BANK1   BANK2   BANK3   BANK4   BANK5   BANK6   BANK7
      Params:         0       0       0       0       0       0       0       0       0
      Locals:         3       0       0       0       0       0       0       0       0
      Temps:          0       0       0       0       0       0       0       0       0
      Totals:         3       0       0       0       0       0       0       0       0
Total ram usage:        3 bytes
 Hardware stack levels required when called:   12
 This function calls:
		_autoMode_init
		_autoMode_job
		_disp7s_init
		_disp7s_job
		_ikb_init
		_ikb_job
		_mpap_sych
		_pulsonic_init
		_pump_job
		_visMode_job
 This function is called by:
		Startup code after reset
 This function uses a non-reentrant model


 *************** function _visMode_job *****************
 Defined at:
		line 26 in file "visualizerMode.c"
 Parameters:    Size  Location     Type
		None
 Auto vars:     Size  Location     Type
  cod_ret         1   66[COMRAM] char 
 Return value:  Size  Location     Type
                  1    wreg      char 
 Registers used:
		wreg, fsr2l, fsr2h, status,2, status,0, tblptrl, tblptrh, tblptru, prodl, prodh, cstack
 Tracked objects:
		On entry : 
		On exit  : 
		Unchanged: 
 Data sizes:     COMRAM   BANK0   BANK1   BANK2   BANK3   BANK4   BANK5   BANK6   BANK7
      Params:         0       0       0       0       0       0       0       0       0
      Locals:         1       0       0       0       0       0       0       0       0
      Temps:          0       0       0       0       0       0       0       0       0
      Totals:         1       0       0       0       0       0       0       0       0
Total ram usage:        1 bytes
 Hardware stack levels used:    1
 Hardware stack levels required when called:   11
 This function calls:
		_visMode_disp
		_visMode_kb
 This function is called by:
		_main
 This function uses a non-reentrant model


 *************** function _visMode_kb *****************
 Defined at:
		line 43 in file "visualizerMode.c"
 Parameters:    Size  Location     Type
		None
 Auto vars:     Size  Location     Type
  cod_ret         1   11[COMRAM] char 
 Return value:  Size  Location     Type
                  1    wreg      char 
 Registers used:
		wreg, fsr2l, fsr2h, status,2, status,0, prodl, prodh, cstack
 Tracked objects:
		On entry : 
		On exit  : 
		Unchanged: 
 Data sizes:     COMRAM   BANK0   BANK1   BANK2   BANK3   BANK4   BANK5   BANK6   BANK7
      Params:         0       0       0       0       0       0       0       0       0
      Locals:         1       0       0       0       0       0       0       0       0
      Temps:          0       0       0       0       0       0       0       0       0
      Totals:         1       0       0       0       0       0       0       0       0
Total ram usage:        1 bytes
 Hardware stack levels used:    1
 Hardware stack levels required when called:    6
 This function calls:
		_ikb_key_is_ready2read
		_ikb_key_was_read
 This function is called by:
		_visMode_job
 This function uses a non-reentrant model


 *************** function _visMode_disp *****************
 Defined at:
		line 93 in file "visualizerMode.c"
 Parameters:    Size  Location     Type
  c               1    wreg     char 
 Auto vars:     Size  Location     Type
  c               1   65[COMRAM] char 
  qty             3   62[COMRAM] char 
 Return value:  Size  Location     Type
                  1    wreg      void 
 Registers used:
		wreg, fsr2l, fsr2h, status,2, status,0, tblptrl, tblptrh, tblptru, prodl, prodh, cstack
 Tracked objects:
		On entry : 
		On exit  : 
		Unchanged: 
 Data sizes:     COMRAM   BANK0   BANK1   BANK2   BANK3   BANK4   BANK5   BANK6   BANK7
      Params:         0       0       0       0       0       0       0       0       0
      Locals:         4       0       0       0       0       0       0       0       0
      Temps:          0       0       0       0       0       0       0       0       0
      Totals:         4       0       0       0       0       0       0       0       0
Total ram usage:        4 bytes
 Hardware stack levels used:    1
 Hardware stack levels required when called:   10
 This function calls:
		_disp7s_modeDisp_writeInt
		_disp7s_modeDisp_writeText_oil
		_disp7s_qtyDisp_writeFloat
		_disp7s_qtyDisp_writeInt
		_disp7s_qtyDisp_writeText_OFF
 This function is called by:
		_visMode_job
 This function uses a non-reentrant model


 *************** function _disp7s_qtyDisp_writeText_OFF *****************
 Defined at:
		line 169 in file "display.c"
 Parameters:    Size  Location     Type
		None
 Auto vars:     Size  Location     Type
		None
 Return value:  Size  Location     Type
                  1    wreg      void 
 Registers used:
		wreg, status,2
 Tracked objects:
		On entry : 
		On exit  : 
		Unchanged: 
 Data sizes:     COMRAM   BANK0   BANK1   BANK2   BANK3   BANK4   BANK5   BANK6   BANK7
      Params:         0       0       0       0       0       0       0       0       0
      Locals:         0       0       0       0       0       0       0       0       0
      Temps:          0       0       0       0       0       0       0       0       0
      Totals:         0       0       0       0       0       0       0       0       0
Total ram usage:        0 bytes
 Hardware stack levels used:    1
 Hardware stack levels required when called:    5
 This function calls:
		Nothing
 This function is called by:
		_visMode_disp
 This function uses a non-reentrant model


 *************** function _disp7s_qtyDisp_writeInt *****************
 Defined at:
		line 281 in file "display.c"
 Parameters:    Size  Location     Type
  num             2   55[COMRAM] int 
 Auto vars:     Size  Location     Type
		None
 Return value:  Size  Location     Type
                  1    wreg      void 
 Registers used:
		wreg, fsr2l, fsr2h, status,2, status,0, tblptrl, tblptrh, tblptru, prodl, prodh, cstack
 Tracked objects:
		On entry : 
		On exit  : 
		Unchanged: 
 Data sizes:     COMRAM   BANK0   BANK1   BANK2   BANK3   BANK4   BANK5   BANK6   BANK7
      Params:         2       0       0       0       0       0       0       0       0
      Locals:         0       0       0       0       0       0       0       0       0
      Temps:          0       0       0       0       0       0       0       0       0
      Totals:         2       0       0       0       0       0       0       0       0
Total ram usage:        2 bytes
 Hardware stack levels used:    1
 Hardware stack levels required when called:    9
 This function calls:
		_disp7s_write_i
 This function is called by:
		_visMode_disp
 This function uses a non-reentrant model


 *************** function _disp7s_modeDisp_writeText_oil *****************
 Defined at:
		line 164 in file "display.c"
 Parameters:    Size  Location     Type
		None
 Auto vars:     Size  Location     Type
		None
 Return value:  Size  Location     Type
                  1    wreg      void 
 Registers used:
		wreg, status,2
 Tracked objects:
		On entry : 
		On exit  : 
		Unchanged: 
 Data sizes:     COMRAM   BANK0   BANK1   BANK2   BANK3   BANK4   BANK5   BANK6   BANK7
      Params:         0       0       0       0       0       0       0       0       0
      Locals:         0       0       0       0       0       0       0       0       0
      Temps:          0       0       0       0       0       0       0       0       0
      Totals:         0       0       0       0       0       0       0       0       0
Total ram usage:        0 bytes
 Hardware stack levels used:    1
 Hardware stack levels required when called:    5
 This function calls:
		Nothing
 This function is called by:
		_visMode_disp
 This function uses a non-reentrant model


 *************** function _disp7s_modeDisp_writeInt *****************
 Defined at:
		line 285 in file "display.c"
 Parameters:    Size  Location     Type
  num             2   55[COMRAM] int 
 Auto vars:     Size  Location     Type
		None
 Return value:  Size  Location     Type
                  1    wreg      void 
 Registers used:
		wreg, fsr2l, fsr2h, status,2, status,0, tblptrl, tblptrh, tblptru, prodl, prodh, cstack
 Tracked objects:
		On entry : 
		On exit  : 
		Unchanged: 
 Data sizes:     COMRAM   BANK0   BANK1   BANK2   BANK3   BANK4   BANK5   BANK6   BANK7
      Params:         2       0       0       0       0       0       0       0       0
      Locals:         0       0       0       0       0       0       0       0       0
      Temps:          0       0       0       0       0       0       0       0       0
      Totals:         2       0       0       0       0       0       0       0       0
Total ram usage:        2 bytes
 Hardware stack levels used:    1
 Hardware stack levels required when called:    9
 This function calls:
		_disp7s_write_i
 This function is called by:
		_visMode_disp
 This function uses a non-reentrant model


 *************** function _disp7s_write_i *****************
 Defined at:
		line 251 in file "display.c"
 Parameters:    Size  Location     Type
  pDisp           2   31[COMRAM] PTR unsigned char 
		 -> pulsonic.disp7s(5), pulsonic(64), 
  NUM_OF_DISP     1   33[COMRAM] char 
  num             2   34[COMRAM] int 
 Auto vars:     Size  Location     Type
  buff           10   41[COMRAM] unsigned char [10]
  K10MULT         2   52[COMRAM] int 
  i               1   54[COMRAM] char 
  pi              1   51[COMRAM] char 
 Return value:  Size  Location     Type
                  1    wreg      void 
 Registers used:
		wreg, fsr2l, fsr2h, status,2, status,0, tblptrl, tblptrh, tblptru, prodl, prodh, cstack
 Tracked objects:
		On entry : 
		On exit  : 
		Unchanged: 
 Data sizes:     COMRAM   BANK0   BANK1   BANK2   BANK3   BANK4   BANK5   BANK6   BANK7
      Params:         5       0       0       0       0       0       0       0       0
      Locals:        14       0       0       0       0       0       0       0       0
[...]
                  3   10[COMRAM] float 
 Registers used:
		wreg, status,2, status,0
 Tracked objects:
		On entry : 
		On exit  : 
		Unchanged: 
 Data sizes:     COMRAM   BANK0   BANK1   BANK2   BANK3   BANK4   BANK5   BANK6   BANK7
      Params:         5       0       0       0       0       0       0       0       0
      Locals:         0       0       0       0       0       0       0       0       0
      Temps:          3       0       0       0       0       0       0       0       0
      Totals:         8       0       0       0       0       0       0       0       0
Total ram usage:        8 bytes
 Hardware stack levels used:    1
 Hardware stack levels required when called:    5
 This function calls:
		Nothing
 This function is called by:
		___ftadd
		___ftmul
		___lwtoft
 This function uses a non-reentrant model


 *************** function _disp7s_modeDisp_off *****************
 Defined at:
		line 156 in file "display.c"
 Parameters:    Size  Location     Type
		None
 Auto vars:     Size  Location     Type
		None
 Return value:  Size  Location     Type
                  1    wreg      void 
 Registers used:
		wreg, fsr2l, fsr2h, status,2, status,0, tblptrl, tblptrh, tblptru, cstack
 Tracked objects:
		On entry : 
		On exit  : 
		Unchanged: 
 Data sizes:     COMRAM   BANK0   BANK1   BANK2   BANK3   BANK4   BANK5   BANK6   BANK7
      Params:         0       0       0       0       0       0       0       0       0
      Locals:         0       0       0       0       0       0       0       0       0
      Temps:          0       0       0       0       0       0       0       0       0
      Totals:         0       0       0       0       0       0       0       0       0
Total ram usage:        0 bytes
 Hardware stack levels used:    1
 Hardware stack levels required when called:    6
 This function calls:
		_disp7s_off
 This function is called by:
		_autoMode_init
 This function uses a non-reentrant model


 *************** function _disp7s_off *****************
 Defined at:
		line 150 in file "display.c"
 Parameters:    Size  Location     Type
  pDisp           2   10[COMRAM] PTR unsigned char 
		 -> pulsonic.disp7s(5), pulsonic(64), 
  NUM_OF_DISP     1   12[COMRAM] char 
 Auto vars:     Size  Location     Type
  i               1   15[COMRAM] char 
 Return value:  Size  Location     Type
                  1    wreg      void 
 Registers used:
		wreg, fsr2l, fsr2h, status,2, status,0, tblptrl, tblptrh, tblptru
 Tracked objects:
		On entry : 
		On exit  : 
		Unchanged: 
 Data sizes:     COMRAM   BANK0   BANK1   BANK2   BANK3   BANK4   BANK5   BANK6   BANK7
      Params:         3       0       0       0       0       0       0       0       0
      Locals:         1       0       0       0       0       0       0       0       0
      Temps:          2       0       0       0       0       0       0       0       0
      Totals:         6       0       0       0       0       0       0       0       0
Total ram usage:        6 bytes
 Hardware stack levels used:    1
 Hardware stack levels required when called:    5
 This function calls:
		Nothing
 This function is called by:
		_disp7s_modeDisp_off
		_disp7s_write_f
 This function uses a non-reentrant model


 *************** function _INTERRUPCION *****************
 Defined at:
		line 225 in file "main.c"
 Parameters:    Size  Location     Type
		None
 Auto vars:     Size  Location     Type
		None
 Return value:  Size  Location     Type
                  1    wreg      void 
 Registers used:
		wreg, fsr2l, fsr2h, status,2, status,0, pclath, tosl, prodl, prodh, cstack
 Tracked objects:
		On entry : 
		On exit  : 
		Unchanged: 
 Data sizes:     COMRAM   BANK0   BANK1   BANK2   BANK3   BANK4   BANK5   BANK6   BANK7
      Params:         0       0       0       0       0       0       0       0       0
      Locals:         0       0       0       0       0       0       0       0       0
      Temps:          6       0       0       0       0       0       0       0       0
      Totals:         6       0       0       0       0       0       0       0       0
Total ram usage:        6 bytes
 Hardware stack levels used:    1
 Hardware stack levels required when called:    4
 This function calls:
		_mpap_job
 This function is called by:
		Interrupt level 2
 This function uses a non-reentrant model


 *************** function _mpap_job *****************
 Defined at:
		line 140 in file "mpap.c"
 Parameters:    Size  Location     Type
		None
 Auto vars:     Size  Location     Type
  cod_ret         1    0        char 
 Return value:  Size  Location     Type
                  1    wreg      char 
 Registers used:
		wreg, fsr2l, fsr2h, status,2, status,0, pclath, tosl, prodl, prodh, cstack
 Tracked objects:
		On entry : 
		On exit  : 
		Unchanged: 
 Data sizes:     COMRAM   BANK0   BANK1   BANK2   BANK3   BANK4   BANK5   BANK6   BANK7
      Params:         0       0       0       0       0       0       0       0       0
      Locals:         1       0       0       0       0       0       0       0       0
      Temps:          0       0       0       0       0       0       0       0       0
      Totals:         1       0       0       0       0       0       0       0       0
Total ram usage:        1 bytes
 Hardware stack levels used:    1
 Hardware stack levels required when called:    3
 This function calls:
		__mpap_off
		_mpap_homming
		_mpap_normal_mode
 This function is called by:
		_INTERRUPCION
 This function uses a non-reentrant model


 *************** function _mpap_normal_mode *****************
 Defined at:
		line 120 in file "mpap.c"
 Parameters:    Size  Location     Type
		None
 Auto vars:     Size  Location     Type
  cod_ret         1    1[COMRAM] char 
 Return value:  Size  Location     Type
                  1    wreg      char 
 Registers used:
		wreg, fsr2l, fsr2h, status,2, status,0, pclath, tosl, prodl, prodh, cstack
 Tracked objects:
		On entry : 
		On exit  : 
		Unchanged: 
 Data sizes:     COMRAM   BANK0   BANK1   BANK2   BANK3   BANK4   BANK5   BANK6   BANK7
      Params:         0       0       0       0       0       0       0       0       0
      Locals:         1       0       0       0       0       0       0       0       0
      Temps:          0       0       0       0       0       0       0       0       0
      Totals:         1       0       0       0       0       0       0       0       0
Total ram usage:        1 bytes
 Hardware stack levels used:    1
 Hardware stack levels required when called:    2
 This function calls:
		_mpap_do1step
 This function is called by:
		_mpap_job
 This function uses a non-reentrant model


 *************** function _mpap_homming *****************
 Defined at:
		line 96 in file "mpap.c"
 Parameters:    Size  Location     Type
		None
 Auto vars:     Size  Location     Type
  cod_ret         1    2[COMRAM] char 
 Return value:  Size  Location     Type
                  1    wreg      char 
 Registers used:
		wreg, fsr2l, fsr2h, status,2, status,0, pclath, tosl, prodl, prodh, cstack
 Tracked objects:
		On entry : 
		On exit  : 
		Unchanged: 
 Data sizes:     COMRAM   BANK0   BANK1   BANK2   BANK3   BANK4   BANK5   BANK6   BANK7
      Params:         0       0       0       0       0       0       0       0       0
      Locals:         1       0       0       0       0       0       0       0       0
      Temps:          1       0       0       0       0       0       0       0       0
      Totals:         2       0       0       0       0       0       0       0       0
Total ram usage:        2 bytes
 Hardware stack levels used:    1
 Hardware stack levels required when called:    2
 This function calls:
		_mpap_do1step
 This function is called by:
		_mpap_job
 This function uses a non-reentrant model


 *************** function _mpap_do1step *****************
 Defined at:
		line 76 in file "mpap.c"
 Parameters:    Size  Location     Type
  KI              1    wreg     char 
 Auto vars:     Size  Location     Type
  KI              1    0[COMRAM] char 
 Return value:  Size  Location     Type
                  1    wreg      void 
 Registers used:
		wreg, fsr2l, fsr2h, status,2, status,0, pclath, tosl, prodl, prodh, cstack
 Tracked objects:
		On entry : 
		On exit  : 
		Unchanged: 
 Data sizes:     COMRAM   BANK0   BANK1   BANK2   BANK3   BANK4   BANK5   BANK6   BANK7
      Params:         0       0       0       0       0       0       0       0       0
      Locals:         1       0       0       0       0       0       0       0       0
      Temps:          0       0       0       0       0       0       0       0       0
      Totals:         1       0       0       0       0       0       0       0       0
Total ram usage:        1 bytes
 Hardware stack levels used:    1
 Hardware stack levels required when called:    1
 This function calls:
		__mpap_step1
		__mpap_step2
		__mpap_step3
		__mpap_step4
 This function is called by:
		_mpap_homming
		_mpap_normal_mode
 This function uses a non-reentrant model


 *************** function __mpap_step3 *****************
 Defined at:
		line 21 in file "mpap.c"
 Parameters:    Size  Location     Type
		None
 Auto vars:     Size  Location     Type
		None
 Return value:  Size  Location     Type
                  1    wreg      void 
 Registers used:
		status,2, status,0
 Tracked objects:
		On entry : 
		On exit  : 
		Unchanged: 
 Data sizes:     COMRAM   BANK0   BANK1   BANK2   BANK3   BANK4   BANK5   BANK6   BANK7
      Params:         0       0       0       0       0       0       0       0       0
      Locals:         0       0       0       0       0       0       0       0       0
      Temps:          0       0       0       0       0       0       0       0       0
      Totals:         0       0       0       0       0       0       0       0       0
Total ram usage:        0 bytes
 Hardware stack levels used:    1
 This function calls:
		Nothing
 This function is called by:
		_mpap_do1step
 This function uses a non-reentrant model


 *************** function __mpap_step2 *****************
 Defined at:
		line 13 in file "mpap.c"
 Parameters:    Size  Location     Type
		None
 Auto vars:     Size  Location     Type
		None
 Return value:  Size  Location     Type
                  1    wreg      void 
 Registers used:
		status,2, status,0
 Tracked objects:
		On entry : 
		On exit  : 
		Unchanged: 
 Data sizes:     COMRAM   BANK0   BANK1   BANK2   BANK3   BANK4   BANK5   BANK6   BANK7
      Params:         0       0       0       0       0       0       0       0       0
      Locals:         0       0       0       0       0       0       0       0       0
      Temps:          0       0       0       0       0       0       0       0       0
      Totals:         0       0       0       0       0       0       0       0       0
Total ram usage:        0 bytes
 Hardware stack levels used:    1
 This function calls:
		Nothing
 This function is called by:
		_mpap_do1step
 This function uses a non-reentrant model


 *************** function __mpap_step1 *****************
 Defined at:
		line 5 in file "mpap.c"
 Parameters:    Size  Location     Type
		None
 Auto vars:     Size  Location     Type
		None
 Return value:  Size  Location     Type
                  1    wreg      void 
 Registers used:
		status,2, status,0
 Tracked objects:
		On entry : 
		On exit  : 
		Unchanged: 
 Data sizes:     COMRAM   BANK0   BANK1   BANK2   BANK3   BANK4   BANK5   BANK6   BANK7
      Params:         0       0       0       0       0       0       0       0       0
      Locals:         0       0       0       0       0       0       0       0       0
      Temps:          0       0       0       0       0       0       0       0       0
      Totals:         0       0       0       0       0       0       0       0       0
Total ram usage:        0 bytes
 Hardware stack levels used:    1
 This function calls:
		Nothing
 This function is called by:
		_mpap_do1step
 This function uses a non-reentrant model


 *************** function __mpap_step4 *****************
 Defined at:
		line 29 in file "mpap.c"
 Parameters:    Size  Location     Type
		None
 Auto vars:     Size  Location     Type
		None
 Return value:  Size  Location     Type
                  1    wreg      void 
 Registers used:
		status,2, status,0
 Tracked objects:
		On entry : 
		On exit  : 
		Unchanged: 
 Data sizes:     COMRAM   BANK0   BANK1   BANK2   BANK3   BANK4   BANK5   BANK6   BANK7
      Params:         0       0       0       0       0       0       0       0       0
      Locals:         0       0       0       0       0       0       0       0       0
      Temps:          0       0       0       0       0       0       0       0       0
      Totals:         0       0       0       0       0       0       0       0       0
Total ram usage:        0 bytes
 Hardware stack levels used:    1
 This function calls:
		Nothing
 This function is called by:
		_mpap_do1step
 This function uses a non-reentrant model


 *************** function __mpap_off *****************
 Defined at:
		line 43 in file "mpap.c"
 Parameters:    Size  Location     Type
		None
 Auto vars:     Size  Location     Type
		None
 Return value:  Size  Location     Type
                  1    wreg      void 
 Registers used:
		status,2, status,0
 Tracked objects:
		On entry : 
		On exit  : 
		Unchanged: 
 Data sizes:     COMRAM   BANK0   BANK1   BANK2   BANK3   BANK4   BANK5   BANK6   BANK7
      Params:         0       0       0       0       0       0       0       0       0
      Locals:         0       0       0       0       0       0       0       0       0
      Temps:          0       0       0       0       0       0       0       0       0
      Totals:         0       0       0       0       0       0       0       0       0
Total ram usage:        0 bytes
 Hardware stack levels used:    1
 This function calls:
		Nothing
 This function is called by:
		_mpap_job
 This function uses a non-reentrant model



MODULE INFORMATION

Module		Function		Class		Link	Load	Size
pump.c
		_pump_job      		CODE           	1EA8	0000	101
		_pump_setTick  		CODE           	2574	0000	11
		_pump_isIdle   		CODE           	251E	0000	17

pump.c estimated size: 129

/opt/microchip/xc8/v2.05/pic/sources/c90/common/ftadd.c
		___ftadd       		CODE           	105E	0000	425

/opt/microchip/xc8/v2.05/pic/sources/c90/common/ftadd.c estimated size: 425

visualizerMode.c
		_visMode_kb    		CODE           	1AC6	0000	145
		_visMode_job   		CODE           	23B6	0000	41
		_visMode_disp  		CODE           	1C66	0000	125
		_visMode_init  		CODE           	253C	0000	15

visualizerMode.c estimated size: 326

/opt/microchip/xc8/v2.05/pic/sources/c90/common/lwtoft.c
		___lwtoft      		CODE           	2404	0000	37

/opt/microchip/xc8/v2.05/pic/sources/c90/common/lwtoft.c estimated size: 37

mpap.c
		_mpap_setupToTurn		CODE           	2358	0000	49
		_mpap_isIdle   		CODE           	252E	0000	15
		_mpap_normal_mode		CODE           	219A	0000	73
		_mpap_sych     		CODE           	1BE4	0000	131
		_mpap_job      		CODE           	2152	0000	73
		_mpap_do1step  		CODE           	2266	0000	67
		__mpap_step1   		CODE           	2592	0000	11
		__mpap_step2   		CODE           	2588	0000	11
		__mpap_step3   		CODE           	257E	0000	11
		__mpap_step4   		CODE           	259C	0000	11
		_mpap_setupToHomming		CODE           	24EA	0000	19
		__mpap_off     		CODE           	25A6	0000	11
		_mpap_movetoNozzle		CODE           	2388	0000	47
		_mpap_homming  		CODE           	1FCA	0000	89

mpap.c estimated size: 618

automode.c
		_autoMode_kb   		CODE           	1D5A	0000	119
		_autoMode_job  		CODE           	18EC	0000	167
		_autoMode_init 		CODE           	21E2	0000	67

automode.c estimated size: 353

/opt/microchip/xc8/v2.05/pic/sources/c90/common/ftge.c
		___ftge        		CODE           	1DD0	0000	117

/opt/microchip/xc8/v2.05/pic/sources/c90/common/ftge.c estimated size: 117

/opt/microchip/xc8/v2.05/pic/sources/c90/common/float.c
		___ftpack      		CODE           	183E	0000	175

/opt/microchip/xc8/v2.05/pic/sources/c90/common/float.c estimated size: 175

../../../../../../FIRWAR/eslibrary/ikb/ikb.c
		_ikb_init      		CODE           	1788	0000	183
		_keyRead_pin_key0		CODE           	25B0	0000	9
		_keyRead_pin_key1		CODE           	256A	0000	11
		_keyRead_pin_key2		CODE           	2560	0000	11
		_keyRead_pin_key3		CODE           	25C0	0000	7
		_keyRead_pin_key4		CODE           	25B8	0000	9
		_ikey_is_accessible		CODE           	2074	0000	77
		_ikey_scan     		CODE           	1206	0000	417
		_ikb_key_is_ready2read		CODE           	2486	0000	29
		_ikb_key_was_read		CODE           	24D6	0000	21
		_ikb_job       		CODE           	2556	0000	11
		_ikey_parsing  		CODE           	0812	0000	1585

../../../../../../FIRWAR/eslibrary/ikb/ikb.c estimated size: 2370

/opt/microchip/xc8/v2.05/pic/sources/c90/common/lwmod.c
		___lwmod       		CODE           	2224	0000	67

/opt/microchip/xc8/v2.05/pic/sources/c90/common/lwmod.c estimated size: 67

/opt/microchip/xc8/v2.05/pic/sources/c90/common/ftmul.c
		___ftmul       		CODE           	15C2	0000	245

/opt/microchip/xc8/v2.05/pic/sources/c90/common/ftmul.c estimated size: 245

/opt/microchip/xc8/v2.05/pic/sources/c90/common/Umul16.c
		___wmul        		CODE           	23DE	0000	39

/opt/microchip/xc8/v2.05/pic/sources/c90/common/Umul16.c estimated size: 39

shared
		_OIL_VISCOSITY 		SMALLCONST     	080B	0000	5
		_DISP7S_NUMS   		SMALLCONST     	0801	0000	11
		_DISP7S_CHARS  		SMALLCONST     	080F	0000	3
		__initialization		CODE           	1E44	0000	87

shared estimated size: 106

/opt/microchip/xc8/v2.05/pic/sources/c90/common/fttol.c
		___fttol       		CODE           	16B6	0000	211

/opt/microchip/xc8/v2.05/pic/sources/c90/common/fttol.c estimated size: 211

nozzle.c
		_nozzle_isEnabled		CODE           	210A	0000	73

nozzle.c estimated size: 73

display.c
		_disp7s_modeDisp_off		CODE           	24FC	0000	19
		_disp7s_qtyDisp_writeFloat		CODE           	2468	0000	31
		_disp7s_job    		CODE           	1CE2	0000	121
		_disp7s_off    		CODE           	22E8	0000	63
		_disp7s_init   		CODE           	1F6C	0000	95
		_disp7s_mux_Q  		CODE           	1992	0000	161
		_disp7s_qtyDisp_writeText_OFF		CODE           	250E	0000	17
		_disp7s_modeDisp_writeText_oil		CODE           	254A	0000	13
		_disp7s_write_f		CODE           	0E42	0000	541
		_disp7s_write_i		CODE           	14B8	0000	267
		_disp7s_mux0_on		CODE           	25E2	0000	5
		_disp7s_mux1_on		CODE           	25DA	0000	5
		_disp7s_mux2_on		CODE           	25D2	0000	5
		_disp7s_mux3_on		CODE           	25CA	0000	5
		_disp7s_mux4_on		CODE           	25EA	0000	5
		_disp7s_modeDisp_writeInt		CODE           	24BC	0000	27
		_disp7s_mux0_off		CODE           	25E6	0000	5
		_disp7s_mux1_off		CODE           	25DE	0000	5
		_disp7s_mux2_off		CODE           	25D6	0000	5
		_disp7s_mux3_off		CODE           	25CE	0000	5
		_disp7s_mux4_off		CODE           	25C6	0000	5
		_disp7s_qtyDisp_writeInt		CODE           	24A2	0000	27
		_disp7s_mux_init		CODE           	22A8	0000	65

display.c estimated size: 1497

/opt/microchip/xc8/v2.05/pic/sources/c90/common/lwdiv.c
		___lwdiv       		CODE           	2022	0000	83

/opt/microchip/xc8/v2.05/pic/sources/c90/common/lwdiv.c estimated size: 83

pulsonic.c
		_pulsonic_getTotalSum_mlh		CODE           	1B56	0000	143
		_pulsonic_init 		CODE           	1F0C	0000	97

pulsonic.c estimated size: 240

/opt/microchip/xc8/v2.05/pic/sources/c90/common/itoa.c
		_itoa          		CODE           	2326	0000	51
		_utoa          		CODE           	1A32	0000	149

/opt/microchip/xc8/v2.05/pic/sources/c90/common/itoa.c estimated size: 200

main.c
		_main          		CODE           	13A6	0000	275
		_INTERRUPCION  		CODE           	0008	0000	81

main.c estimated size: 356

/opt/microchip/xc8/v2.05/pic/sources/c90/common/strlen.c
		_strlen        		CODE           	2428	0000	35

/opt/microchip/xc8/v2.05/pic/sources/c90/common/strlen.c estimated size: 35

