Microchip MPLAB XC8 Compiler V2.05 ()

Linker command line:

-W-3 --edf=/opt/microchip/xc8/v2.05/pic/dat/en_msgs.txt -cs \
  -h+dist/default/production/pulsonic.X.production.sym \
  --cmf=dist/default/production/pulsonic.X.production.cmf -z -Q18F4550 \
  -o/tmp/xcXPfZJ38 -Mdist/default/production/pulsonic.X.production.map -E1 \
  -ver=XC8 -ASTACK=0144h-07FFh -pstack=STACK -ACODE=00h-07FFFh \
  -ACONST=00h-07FFFh -ASMALLCONST=0800h-08FFhx120 \
  -AMEDIUMCONST=0800h-07FFFh -ACOMRAM=01h-05Fh -AABS1=00h-07FFh \
  -ABIGRAM=01h-07FFh -ARAM=060h-0FFh,0100h-01FFhx7 -ABANK0=060h-0FFh \
  -ABANK1=0100h-01FFh -ABANK2=0200h-02FFh -ABANK3=0300h-03FFh \
  -ABANK4=0400h-04FFh -ABANK5=0500h-05FFh -ABANK6=0600h-06FFh \
  -ABANK7=0700h-07FFh -ASFR=0F60h-0FFFh \
  -preset_vec=00h,intcode=08h,intcodelo,powerup,init -pramtop=0800h \
  -psmallconst=SMALLCONST -pmediumconst=MEDIUMCONST -pconst=CONST \
  -AFARRAM=00h-00h -ACONFIG=0300000h-030000Dh -pconfig=CONFIG \
  -AIDLOC=0200000h-0200007h -pidloc=IDLOC -AEEDATA=0F00000h-0F000FFh \
  -peeprom_data=EEDATA \
  -prdata=COMRAM,nvrram=COMRAM,nvbit=COMRAM,rbss=COMRAM,rbit=COMRAM \
  -pfarbss=FARRAM,fardata=FARRAM,nvFARRAM=FARRAM \
  -pintsave_regs=BIGRAM,bigbss=BIGRAM,bigdata=BIGRAM -pbss=RAM \
  -pidata=CODE,irdata=CODE,ibigdata=CODE,ifardata=CODE -prparam=COMRAM \
  /tmp/xcX1bW7zq.obj dist/default/production/pulsonic.X.production.obj 

Object code version is 3.11

Machine type is 18F4550

Call graph: (short form)




                Name                               Link     Load   Length Selector   Space Scale
/tmp/xcX1bW7zq.obj
                init                                  E        E        4        4       0
                reset_vec                             0        0        4        0       0
                idloc                            200000   200000        8   200000       0
                config                           300000   300000        E   300000       0
dist/default/production/pulsonic.X.production.obj
                intcode                               8        8        6        4       0
                temp                                 53       53        1        1       1
                smallconst                          800      800       12      400       0
                text90                             2B78     2B78        A     14EC       0
                text89                             2B6E     2B6E        A     14EC       0
                text88                             2B64     2B64        A     14EC       0
                text87                             2B5A     2B5A        A     14EC       0
                text86                             2B50     2B50        A     14EC       0
                text85                             26D2     26D2       42      409       0
                text84                             2302     2302       62      409       0
                text83                             25B6     25B6       4A      409       0
                text82                             2648     2648       48      409       0
                intcode_body                       256C     256C       4A      409       0
                text80                             2A34     2A34       1C     14EC       0
                text79                             2A9C     2A9C       14     14EC       0
                text78                             2B02     2B02        E     14EC       0
                text77                             1FE0     1FE0       7A      409       0
                text76                             2AF4     2AF4        E     14EC       0
                text75                             2928     2928       26      409       0
                text74                             289C     289C       30      409       0
                text73                             286C     286C       30      409       0
                text72                             2AC2     2AC2       12     14EC       0
                text71                             21BA     21BA       74      409       0
                text70                             2600     2600       48      409       0
                text69                             2AE4     2AE4       10     14EC       0
                text68                             2B46     2B46        A     14EC       0
                text67                             1D12     1D12       9E      409       0
                text66                             2994     2994       22      409       0
                text65                             2B9E     2B9E        6     14EC       0
                text64                             2794     2794       3E      409       0
                text63                             2AB0     2AB0       12     14EC       0
                text62                             1B18     1B18       AE      409       0
                text61                             12FE     12FE      1A8      409       0
                text60                             189C     189C       F4      409       0
                text59                             1990     1990       D2      409       0
                text58                             24CE     24CE       52      409       0
                text57                             2690     2690       42      409       0
                text56                             1DB0     1DB0       94      409       0
                text55                             280A     280A       32      409       0
                text54                             10E2     10E2      21C      409       0
                text53                             2A16     2A16       1E     14EC       0
                text52                             1F62     1F62       7E      409       0
                text51                             283C     283C       30      409       0
                text50                             29F8     29F8       1E     14EC       0
                text49                             2B98     2B98        6     14EC       0
                text48                             29D8     29D8       20     14EC       0
                text47                             2478     2478       56      409       0
                text46                             2972     2972       22      409       0
                text45                             1792     1792      10A      409       0
                text44                             2A6A     2A6A       1A     14EC       0
                text43                             27D2     27D2       38      409       0
                text42                             2A84     2A84       18     14EC       0
                text41                             2422     2422       56      409       0
                text40                             2B1C     2B1C        C     14EC       0
                text39                             2B10     2B10        C     14EC       0
                text38                             2A50     2A50       1A     14EC       0
                text37                             2AD4     2AD4       10     14EC       0
                text36                             2146     2146       74      409       0
                text35                             2754     2754       40      409       0
                text34                              E42      E42      2A0      409       0
                text33                             28FA     28FA       2E      409       0
                text32                             2BC8     2BC8        4     14EC       0
                text31                             2BC4     2BC4        4     14EC       0
                text30                             2BC0     2BC0        4     14EC       0
                text29                             2BBC     2BBC        4     14EC       0
                text28                             2BB8     2BB8        4     14EC       0
                text27                             2BB4     2BB4        4     14EC       0
                text26                             2BB0     2BB0        4     14EC       0
                text25                             2BAC     2BAC        4     14EC       0
                text24                             2BA8     2BA8        4     14EC       0
                text23                             2BA4     2BA4        4     14EC       0
                text22                             2714     2714       40      409       0
                text21                             23C4     23C4       5E      409       0
                text20                             1C72     1C72       A0      409       0
                text19                             205A     205A       78      409       0
                text18                             1BC6     1BC6       AC      409       0
                text17                             1A62     1A62       B6      409       0
                text16                             294E     294E       24      409       0
                text15                             2520     2520       4C      409       0
                text14                              812      812      630      409       0
                text13                             2B8A     2B8A        8     14EC       0
                text12                             2B82     2B82        8     14EC       0
                text11                             2B3C     2B3C        A     14EC       0
                text10                             2B32     2B32        A     14EC       0
                text9                              2B92     2B92        6     14EC       0
                text8                              14A6     14A6      1A0      409       0
                text7                              2B28     2B28        A     14EC       0
                text6                              1ED4     1ED4       8E      409       0
                text5                              2364     2364       60      409       0
                text4                              2298     2298       6A      409       0
                text3                              20D2     20D2       74      409       0
                text2                              1E44     1E44       90      409       0
                text1                              28CC     28CC       2E      409       0
                text0                              1646     1646      14C      409       0
                cstackCOMRAM                          1        1       43        1       1
                cstackBANK0                          EE       EE       11       60       1
                cstackBANK1                         141      141        3      100       1
                bssBANK1                            100      100       41      100       1
                dataBANK0                            CD       CD       21       60       1
                bssBANK0                             60       60       6D       60       1
                dataCOMRAM                           51       51        2        1       1
                bssCOMRAM                            44       44        D        1       1
                cinit                              222E     222E       6A      409       0
                idataBANK0                         29B6     29B6       21      409       0
                idataCOMRAM                        2BCC     2BCC        2     14EC       0

TOTAL           Name                               Link     Load   Length     Space
        CLASS   STACK          

        CLASS   CODE           
                intcode                               8        8        6         0
                init                                  E        E        4         0
                reset_vec                             0        0        4         0
                text90                             2B78     2B78        A         0
                text89                             2B6E     2B6E        A         0
                text88                             2B64     2B64        A         0
                text87                             2B5A     2B5A        A         0
                text86                             2B50     2B50        A         0
                text85                             26D2     26D2       42         0
                text84                             2302     2302       62         0
                text83                             25B6     25B6       4A         0
                text82                             2648     2648       48         0
                intcode_body                       256C     256C       4A         0
                text80                             2A34     2A34       1C         0
                text79                             2A9C     2A9C       14         0
                text78                             2B02     2B02        E         0
                text77                             1FE0     1FE0       7A         0
                text76                             2AF4     2AF4        E         0
                text75                             2928     2928       26         0
                text74                             289C     289C       30         0
                text73                             286C     286C       30         0
                text72                             2AC2     2AC2       12         0
                text71                             21BA     21BA       74         0
                text70                             2600     2600       48         0
                text69                             2AE4     2AE4       10         0
                text68                             2B46     2B46        A         0
                text67                             1D12     1D12       9E         0
                text66                             2994     2994       22         0
                text65                             2B9E     2B9E        6         0
                text64                             2794     2794       3E         0
                text63                             2AB0     2AB0       12         0
                text62                             1B18     1B18       AE         0
                text61                             12FE     12FE      1A8         0
                text60                             189C     189C       F4         0
                text59                             1990     1990       D2         0
                text58                             24CE     24CE       52         0
                text57                             2690     2690       42         0
                text56                             1DB0     1DB0       94         0
                text55                             280A     280A       32         0
                text54                             10E2     10E2      21C         0
                text53                             2A16     2A16       1E         0
                text52                             1F62     1F62       7E         0
                text51                             283C     283C       30         0
                text50                             29F8     29F8       1E         0
                text49                             2B98     2B98        6         0
                text48                             29D8     29D8       20         0
                text47                             2478     2478       56         0
                text46                             2972     2972       22         0
                text45                             1792     1792      10A         0
                text44                             2A6A     2A6A       1A         0
                text43                             27D2     27D2       38         0
                text42                             2A84     2A84       18         0
                text41                             2422     2422       56         0
                text40                             2B1C     2B1C        C         0
                text39                             2B10     2B10        C         0
                text38                             2A50     2A50       1A         0
                text37                             2AD4     2AD4       10         0
                text36                             2146     2146       74         0
                text35                             2754     2754       40         0
                text34                              E42      E42      2A0         0
                text33                             28FA     28FA       2E         0
                text32                             2BC8     2BC8        4         0
                text31                             2BC4     2BC4        4         0
                text30                             2BC0     2BC0        4         0
                text29                             2BBC     2BBC        4         0
                text28                             2BB8     2BB8        4         0
                text27                             2BB4     2BB4        4         0
                text26                             2BB0     2BB0        4         0
                text25                             2BAC     2BAC        4         0
                text24                             2BA8     2BA8        4         0
                text23                             2BA4     2BA4        4         0
                text22                             2714     2714       40         0
                text21                             23C4     23C4       5E         0
                text20                             1C72     1C72       A0         0
                text19                             205A     205A       78         0
                text18                             1BC6     1BC6       AC         0
                text17                             1A62     1A62       B6         0
                text16                             294E     294E       24         0
                text15                             2520     2520       4C         0
                text14                              812      812      630         0
                text13                             2B8A     2B8A        8         0
                text12                             2B82     2B82        8         0
                text11                             2B3C     2B3C        A         0
                text10                             2B32     2B32        A         0
                text9                              2B92     2B92        6         0
                text8                              14A6     14A6      1A0         0
                text7                              2B28     2B28        A         0
                text6                              1ED4     1ED4       8E         0
                text5                              2364     2364       60         0
                text4                              2298     2298       6A         0
                text3                              20D2     20D2       74         0
                text2                              1E44     1E44       90         0
                text1                              28CC     28CC       2E         0
                text0                              1646     1646      14C         0
                cinit                              222E     222E       6A         0
                idataBANK0                         29B6     29B6       21         0
                idataCOMRAM                        2BCC     2BCC        2         0

        CLASS   CONST          

        CLASS   SMALLCONST     
                smallconst                          800      800       12         0

        CLASS   MEDIUMCONST    

        CLASS   COMRAM         
                temp                                 53       53        1         1
                cstackCOMRAM                          1        1       43         1
                dataCOMRAM                           51       51        2         1
                bssCOMRAM                            44       44        D         1

        CLASS   ABS1           

        CLASS   BIGRAM         

        CLASS   RAM            

        CLASS   BANK0          
                cstackBANK0                          EE       EE       11         1
                dataBANK0                            CD       CD       21         1
                bssBANK0                             60       60       6D         1

        CLASS   BANK1          
                cstackBANK1                         141      141        3         1
                bssBANK1                            100      100       41         1

        CLASS   BANK2          

        CLASS   BANK3          

        CLASS   BANK4          

        CLASS   BANK5          

        CLASS   BANK6          

        CLASS   BANK7          

        CLASS   SFR            

        CLASS   FARRAM         

        CLASS   CONFIG         
                config                           300000   300000        E         0

        CLASS   IDLOC          
                idloc                            200000   200000        8         0

        CLASS   EEDATA         



SEGMENTS        Name                           Load    Length   Top    Selector   Space  Class

                reset_vec                      000000  000004  000004         0       0  CODE    
                cstackCOMRAM                   000001  000053  000054         1       1  COMRAM  
                intcode                        000008  00000A  000012         4       0  CODE    
                bssBANK0                       000060  00009F  0000FF        60       1  BANK0   
                bssBANK1                       000100  000044  000144       100       1  BANK1   
                smallconst                     000800  000012  000812       400       0  SMALLCON
                text14                         000812  0021C5  0029D7       409       0  CODE    
                text48                         0029D8  0001F6  002BCE      14EC       0  CODE    
                idloc                          200000  000008  200008    200000       0  IDLOC   
                config                         300000  00000E  30000E    300000       0  CONFIG  


UNUSED ADDRESS RANGES

        Name                Unused          Largest block    Delta
        BANK0            0000FF-0000FF                1
        BANK1            000144-0001FF               BC
        BANK2            000200-0002FF              100
        BANK3            000300-0003FF              100
        BANK4            000400-0004FF              100
        BANK5            000500-0005FF              100
        BANK6            000600-0006FF              100
        BANK7            000700-0007FF              100
        BIGRAM           000054-00005F                C
                         0000FF-0000FF                1
                         000144-0007FF              6BC
        CODE             000004-000007                4
                         000012-0007FF              7EE
                         0029D7-0029D7                1
                         002BCE-007FFF             5432
        COMRAM           000054-00005F                C
        CONST            000004-000007                4
                         000012-0007FF              7EE
                         0029D7-0029D7                1
                         002BCE-007FFF             5432
        EEDATA           F00000-F000FF              100
        MEDIUMCONST      0029D7-0029D7                1
                         002BCE-007FFF             5432
        RAM              0000FF-0000FF                1
                         000144-0007FF              100
        SFR              000F60-000FFF               A0
        SMALLCONST       0029D7-0029D7                1
                         002BCE-007FFF              100
        STACK            000144-0007FF              6BC

                                  Symbol Table

?___ftadd                                    cstackCOMRAM 000013
?___ftmul                                    cstackCOMRAM 000013
?___ftpack                                   cstackCOMRAM 00000B
?___ftsub                                    cstackCOMRAM 00001F
?___fttol                                    cstackCOMRAM 000022
?___lwdiv                                    cstackCOMRAM 00000B
?___lwmod                                    cstackCOMRAM 00000B
?___lwtoft                                   cstackCOMRAM 000013
?___wmul                                     cstackCOMRAM 00000B
?_pulsonic_getTotalSum_mlh                   cstackCOMRAM 00001F
?_strlen                                     cstackCOMRAM 00000B
_ADCON1                                      (abs)        000FC1
_CMCON                                       (abs)        000FB4
_DISP7S_CHARS                                smallconst   00080F
_DISP7S_NUMS                                 smallconst   000801
_GIE                                         (abs)        007F97
_INTERRUPCION                                intcode      000008
_LATA                                        (abs)        000F89
_LATB                                        (abs)        000F8A
_LATC                                        (abs)        000F8B
_LATD                                        (abs)        000F8C
_LATE                                        (abs)        000F8D
_NOZZLE_QTY_DIFF                             dataBANK0    0000E9
_OIL_VISCOSITY                               smallconst   00080B
_PORTC                                       (abs)        000F82
_PORTD                                       (abs)        000F83
_PORTE                                       (abs)        000F84
_T0CON                                       (abs)        000FD5
_TMR0H                                       (abs)        000FD7
_TMR0IE                                      (abs)        007F95
_TMR0IF                                      (abs)        007F92
_TMR0L                                       (abs)        000FD6
_TRISA                                       (abs)        000F92
_TRISB                                       (abs)        000F93
_TRISC                                       (abs)        000F94
_TRISD                                       (abs)        000F95
_TRISE                                       (abs)        000F96
_UCFG                                        (abs)        000F6F
_UCON                                        (abs)        000F6D
__CFG_BOR$OFF                                (abs)        000000
__CFG_BORV$3                                 (abs)        000000
__CFG_CPUDIV$OSC1_PLL2                       (abs)        000000
__CFG_FCMEN$OFF                              (abs)        000000
__CFG_FOSC$HSPLL_HS                          (abs)        000000
__CFG_IESO$OFF                               (abs)        000000
__CFG_LVP$OFF                                (abs)        000000
__CFG_MCLRE$ON                               (abs)        000000
__CFG_PBADEN$OFF                             (abs)        000000
__CFG_PLLDIV$5                               (abs)        000000
__CFG_PWRT$ON                                (abs)        000000
__CFG_USBDIV$2                               (abs)        000000
__CFG_VREGEN$ON                              (abs)        000000
__CFG_WDT$OFF                                (abs)        000000
__HRAM                                       (abs)        000000
__Habs1                                      abs1         000000
__Hbank0                                     bank0        000000
__Hbank1                                     bank1        000000
__Hbank2                                     bank2        000000
__Hbank3                                     bank3        000000
__Hbank4                                     bank4        000000
__Hbank5                                     bank5        000000
__Hbank6                                     bank6        000000
__Hbank7                                     bank7        000000
__Hbigbss                                    bigbss       000000
__Hbigdata                                   bigdata      000000
__Hbigram                                    bigram       000000
__Hbss                                       bss          000000
__HbssBANK0                                  bssBANK0     000000
__HbssBANK1                                  bssBANK1     000000
__HbssCOMRAM                                 bssCOMRAM    000000
__Hcinit                                     cinit        000000
__Hclrtext                                   clrtext      000000
__Hcomram                                    comram       000000
__Hconfig                                    config       30000E
__Hconst                                     const        000000
__HcstackBANK0                               cstackBANK0  000000
__HcstackBANK1                               cstackBANK1  000000
__HcstackCOMRAM                              cstackCOMRAM 000000
__Hdata                                      data         000000
__HdataBANK0                                 dataBANK0    000000
__HdataCOMRAM                                dataCOMRAM   000000
__Heeprom_data                               eeprom_data  000000
__Hfarbss                                    farbss       000000
__Hfardata                                   fardata      000000
__Hibigdata                                  ibigdata     000000
__Hidata                                     idata        000000
__HidataBANK0                                idataBANK0   000000
__HidataCOMRAM                               idataCOMRAM  000000
__Hidloc                                     idloc        200008
__Hifardata                                  ifardata     000000
__Hinit                                      init         000012
__Hintcode                                   intcode      00000E
__Hintcode_body                              intcode_body 000000
__Hintcodelo                                 intcodelo    00000E
__Hintentry                                  intentry     000000
__Hintret                                    intret       000000
__Hintsave_regs                              intsave_regs 000000
__Hirdata                                    irdata       000000
__Hmediumconst                               mediumconst  000000
__HnvFARRAM                                  nvFARRAM     000000
__Hnvbit                                     nvbit        000000
__Hnvrram                                    nvrram       000000
__Hparam                                     rparam       000000
__Hpowerup                                   powerup      00000E
__Hram                                       ram          000000
__Hramtop                                    ramtop       000800
__Hrbit                                      rbit         000000
__Hrbss                                      rbss         000000
__Hrdata                                     rdata        000000
__Hreset_vec                                 reset_vec    000004
__Hrparam                                    rparam       000000
__Hsfr                                       sfr          000000
__Hsmallconst                                smallconst   000812
__Hspace_0                                   (abs)        30000E
__Hspace_1                                   (abs)        000144
__Hspace_2                                   (abs)        000000
__Hstack                                     stack        000000
__Hstruct                                    struct       000000
__Htemp                                      temp         000054
__Htext                                      text         000000
__Htext0                                     text0        000000
__Htext1                                     text1        000000
__Htext10                                    text10       000000
__Htext11                                    text11       000000
__Htext12                                    text12       000000
__Htext13                                    text13       000000
__Htext14                                    text14       000000
__Htext15                                    text15       000000
__Htext16                                    text16       000000
__Htext17                                    text17       000000
__Htext18                                    text18       000000
__Htext19                                    text19       000000
__Htext2                                     text2        000000
__Htext20                                    text20       000000
__Htext21                                    text21       000000
__Htext22                                    text22       000000
__Htext23                                    text23       000000
__Htext24                                    text24       000000
__Htext25                                    text25       000000
__Htext26                                    text26       000000
__Htext27                                    text27       000000
__Htext28                                    text28       000000
__Htext29                                    text29       000000
__Htext3                                     text3        000000
__Htext30                                    text30       000000
__Htext31                                    text31       000000
__Htext32                                    text32       000000
__Htext33                                    text33       000000
__Htext34                                    text34       000000
__Htext35                                    text35       000000
__Htext36                                    text36       000000
__Htext37                                    text37       000000
__Htext38                                    text38       000000
__Htext39                                    text39       000000
__Htext4                                     text4        000000
__Htext40                                    text40       000000
__Htext41                                    text41       000000
__Htext42                                    text42       000000
__Htext43                                    text43       000000
__Htext44                                    text44       000000
__Htext45                                    text45       000000
__Htext46                                    text46       000000
__Htext47                                    text47       000000
__Htext48                                    text48       000000
__Htext49                                    text49       000000
__Htext5                                     text5        000000
__Htext50                                    text50       000000
__Htext51                                    text51       000000
__Htext52                                    text52       000000
__Htext53                                    text53       000000
__Htext54                                    text54       000000
__Htext55                                    text55       000000
__Htext56                                    text56       000000
__Htext57                                    text57       000000
__Htext58                                    text58       000000
__Htext59                                    text59       000000
__Htext6                                     text6        000000
__Htext60                                    text60       000000
__Htext61                                    text61       000000
__Htext62                                    text62       000000
__Htext63                                    text63       000000
__Htext64                                    text64       000000
__Htext65                                    text65       000000
__Htext66                                    text66       000000
__Htext67                                    text67       000000
__Htext68                                    text68       000000
__Htext69                                    text69       000000
__Htext7                                     text7        000000
__Htext70                                    text70       000000
__Htext71                                    text71       000000
__Htext72                                    text72       000000
__Htext73                                    text73       000000
__Htext74                                    text74       000000
__Htext75                                    text75       000000
__Htext76                                    text76       000000
__Htext77                                    text77       000000
__Htext78                                    text78       000000
__Htext79                                    text79       000000
__Htext8                                     text8        000000
__Htext80                                    text80       000000
__Htext82                                    text82       000000
__Htext83                                    text83       000000
__Htext84                                    text84       000000
__Htext85                                    text85       000000
__Htext86                                    text86       000000
__Htext87                                    text87       000000
__Htext88                                    text88       000000
__Htext89                                    text89       000000
__Htext9                                     text9        000000
__Htext90                                    text90       000000
__Htext91                                    text91       000000
__LRAM                                       (abs)        000001
__Labs1                                      abs1         000000
__Lbank0                                     bank0        000000
__Lbank1                                     bank1        000000
__Lbank2                                     bank2        000000
__Lbank3                                     bank3        000000
__Lbank4                                     bank4        000000
__Lbank5                                     bank5        000000
__Lbank6                                     bank6        000000
__Lbank7                                     bank7        000000
__Lbigbss                                    bigbss       000000
__Lbigdata                                   bigdata      000000
__Lbigram                                    bigram       000000
__Lbss                                       bss          000000
__LbssBANK0                                  bssBANK0     000000
__LbssBANK1                                  bssBANK1     000000
__LbssCOMRAM                                 bssCOMRAM    000000
__Lcinit                                     cinit        000000
__Lclrtext                                   clrtext      000000
__Lcomram                                    comram       000000
__Lconfig                                    config       300000
__Lconst                                     const        000000
__LcstackBANK0                               cstackBANK0  000000
__LcstackBANK1                               cstackBANK1  000000
__LcstackCOMRAM                              cstackCOMRAM 000000
__Ldata                                      data         000000
__LdataBANK0                                 dataBANK0    000000
__LdataCOMRAM                                dataCOMRAM   000000
__Leeprom_data                               eeprom_data  000000
__Lfarbss                                    farbss       000000
__Lfardata                                   fardata      000000
__Libigdata                                  ibigdata     000000
__Lidata                                     idata        000000
__LidataBANK0                                idataBANK0   000000
__LidataCOMRAM                               idataCOMRAM  000000
__Lidloc                                     idloc        200000
__Lifardata                                  ifardata     000000
__Linit                                      init         00000E
__Lintcode                                   intcode      000008
__Lintcode_body                              intcode_body 000000
__Lintcodelo                                 intcodelo    00000E
__Lintentry                                  intentry     000000
__Lintret                                    intret       000000
__Lintsave_regs                              intsave_regs 000000
__Lirdata                                    irdata       000000
__Lmediumconst                               mediumconst  000000
__LnvFARRAM                                  nvFARRAM     000000
__Lnvbit                                     nvbit        000000
__Lnvrram                                    nvrram       000000
__Lparam                                     rparam       000000
__Lpowerup                                   powerup      00000E
__Lram                                       ram          000000
__Lramtop                                    ramtop       000800
__Lrbit                                      rbit         000000
__Lrbss                                      rbss         000000
__Lrdata                                     rdata        000000
__Lreset_vec                                 reset_vec    000000
__Lrparam                                    rparam       000000
__Lsfr                                       sfr          000000
__Lsmallconst                                smallconst   000800
__Lspace_0                                   (abs)        000000
__Lspace_1                                   (abs)        000000
__Lspace_2                                   (abs)        000000
__Lstack                                     stack        000000
__Lstruct                                    struct       000000
__Ltemp                                      temp         000053
__Ltext                                      text         000000
__Ltext0                                     text0        000000
__Ltext1                                     text1        000000
__Ltext10                                    text10       000000
__Ltext11                                    text11       000000
__Ltext12                                    text12       000000
__Ltext13                                    text13       000000
__Ltext14                                    text14       000000
__Ltext15                                    text15       000000
__Ltext16                                    text16       000000
__Ltext17                                    text17       000000
__Ltext18                                    text18       000000
__Ltext19                                    text19       000000
__Ltext2                                     text2        000000
__Ltext20                                    text20       000000
__Ltext21                                    text21       000000
__Ltext22                                    text22       000000
__Ltext23                                    text23       000000
__Ltext24                                    text24       000000
__Ltext25                                    text25       000000
__Ltext26                                    text26       000000
__Ltext27                                    text27       000000
__Ltext28                                    text28       000000
__Ltext29                                    text29       000000
__Ltext3                                     text3        000000
__Ltext30                                    text30       000000
__Ltext31                                    text31       000000
__Ltext32                                    text32       000000
__Ltext33                                    text33       000000
__Ltext34                                    text34       000000
__Ltext35                                    text35       000000
__Ltext36                                    text36       000000
__Ltext37                                    text37       000000
__Ltext38                                    text38       000000
__Ltext39                                    text39       000000
__Ltext4                                     text4        000000
__Ltext40                                    text40       000000
__Ltext41                                    text41       000000
__Ltext42                                    text42       000000
__Ltext43                                    text43       000000
__Ltext44                                    text44       000000
__Ltext45                                    text45       000000
__Ltext46                                    text46       000000
__Ltext47                                    text47       000000
__Ltext48                                    text48       000000
__Ltext49                                    text49       000000
__Ltext5                                     text5        000000
__Ltext50                                    text50       000000
__Ltext51                                    text51       000000
__Ltext52                                    text52       000000
__Ltext53                                    text53       000000
__Ltext54                                    text54       000000
__Ltext55                                    text55       000000
__Ltext56                                    text56       000000
__Ltext57                                    text57       000000
__Ltext58                                    text58       000000
__Ltext59                                    text59       000000
__Ltext6                                     text6        000000
__Ltext60                                    text60       000000
__Ltext61                                    text61       000000
__Ltext62                                    text62       000000
__Ltext63                                    text63       000000
__Ltext64                                    text64       000000
__Ltext65                                    text65       000000
__Ltext66                                    text66       000000
__Ltext67                                    text67       000000
__Ltext68                                    text68       000000
__Ltext69                                    text69       000000
__Ltext7                                     text7        000000
__Ltext70                                    text70       000000
__Ltext71                                    text71       000000
__Ltext72                                    text72       000000
__Ltext73                                    text73       000000
__Ltext74                                    text74       000000
__Ltext75                                    text75       000000
__Ltext76                                    text76       000000
__Ltext77                                    text77       000000
__Ltext78                                    text78       000000
__Ltext79                                    text79       000000
__Ltext8                                     text8        000000
__Ltext80                                    text80       000000
__Ltext82                                    text82       000000
__Ltext83                                    text83       000000
__Ltext84                                    text84       000000
__Ltext85                                    text85       000000
__Ltext86                                    text86       000000
__Ltext87                                    text87       000000
__Ltext88                                    text88       000000
__Ltext89                                    text89       000000
__Ltext9                                     text9        000000
__Ltext90                                    text90       000000
__Ltext91                                    text91       000000
__S0                                         (abs)        30000E
__S1                                         (abs)        000144
__S2                                         (abs)        000000
___ftadd                                     text61       0012FE
___ftadd@exp1                                cstackCOMRAM 00001E
___ftadd@exp2                                cstackCOMRAM 00001D
___ftadd@f1                                  cstackCOMRAM 000013
___ftadd@f2                                  cstackCOMRAM 000016
___ftadd@sign                                cstackCOMRAM 00001C
___ftge                                      text71       0021BA
___ftge@ff1                                  cstackCOMRAM 000016
___ftge@ff2                                  cstackCOMRAM 000019
___ftmul                                     text60       00189C
___ftmul@cntr                                cstackCOMRAM 000020
___ftmul@exp                                 cstackCOMRAM 00001C
___ftmul@f1                                  cstackCOMRAM 000013
___ftmul@f2                                  cstackCOMRAM 000016
___ftmul@f3_as_product                       cstackCOMRAM 00001D
___ftmul@sign                                cstackCOMRAM 000021
___ftpack                                    text62       001B18
___ftpack@arg                                cstackCOMRAM 00000B
___ftpack@exp                                cstackCOMRAM 00000E
___ftpack@sign                               cstackCOMRAM 00000F
___ftsub                                     text35       002754
___ftsub@f1                                  cstackCOMRAM 00001F
___ftsub@f2                                  cstackCOMRAM 000022
___fttol                                     text59       001990
___fttol@exp1                                cstackCOMRAM 000030
___fttol@f1                                  cstackCOMRAM 000022
___fttol@lval                                cstackCOMRAM 00002C
___fttol@sign1                               cstackCOMRAM 00002B
___inthi_sp                                  stack        000000
___intlo_sp                                  stack        000000
___lwdiv                                     text58       0024CE
___lwdiv@counter                             cstackCOMRAM 00000F
___lwdiv@dividend                            cstackCOMRAM 00000B
___lwdiv@divisor                             cstackCOMRAM 00000D
___lwdiv@quotient                            cstackCOMRAM 000010
___lwmod                                     text57       002690
___lwmod@counter                             cstackCOMRAM 00000F
___lwmod@dividend                            cstackCOMRAM 00000B
___lwmod@divisor                             cstackCOMRAM 00000D
___lwtoft                                    text16       00294E
___lwtoft@c                                  cstackCOMRAM 000013
___param_bank                                (abs)        000000
___rparam_used                               (abs)        000001
___sp                                        stack        000000
___wmul                                      text75       002928
___wmul@multiplicand                         cstackCOMRAM 00000D
___wmul@multiplier                           cstackCOMRAM 00000B
___wmul@product                              cstackCOMRAM 00000F
__accesstop                                  (abs)        000060
__activetblptr                               (abs)        000002
__end_of_DISP7S_CHARS                        smallconst   000811
__end_of_DISP7S_NUMS                         smallconst   00080B
__end_of_INTERRUPCION                        intcode_body 0025B6
__end_of_OIL_VISCOSITY                       smallconst   00080F
__end_of___ftadd                             text61       0014A6
__end_of___ftge                              text71       00222E
__end_of___ftmul                             text60       001990
__end_of___ftpack                            text62       001BC6
__end_of___ftsub                             text35       002794
__end_of___fttol                             text59       001A62
__end_of___lwdiv                             text58       002520
__end_of___lwmod                             text57       0026D2
__end_of___lwtoft                            text16       002972
__end_of___wmul                              text75       00294E
__end_of__initialization                     cinit        00228A
__end_of__mpap_off                           text90       002B82
__end_of__mpap_step1                         text88       002B6E
__end_of__mpap_step2                         text87       002B64
__end_of__mpap_step3                         text86       002B5A
__end_of__mpap_step4                         text89       002B78
__end_of_autoMode_init                       text51       00286C
__end_of_autoMode_job                        text67       001DB0
__end_of_autoMode_kb                         text77       00205A
__end_of_check_oilLevel                      text47       0024CE
__end_of_check_startSignal                   text41       002478
__end_of_configMode_disp                     text36       0021BA
__end_of_configMode_init                     text40       002B28
__end_of_configMode_job                      text33       002928
__end_of_configMode_kb                       text34       0010E2
__end_of_disp7s_init                         text21       002422
__end_of_disp7s_job                          text19       0020D2
__end_of_disp7s_modeDisp_off                 text63       002AC2
__end_of_disp7s_modeDisp_writeInt            text44       002A84
__end_of_disp7s_modeDisp_writeText_oil       text39       002B1C
__end_of_disp7s_mux0_off                     text31       002BC8
__end_of_disp7s_mux0_on                      text30       002BC4
__end_of_disp7s_mux1_off                     text29       002BC0
__end_of_disp7s_mux1_on                      text28       002BBC
__end_of_disp7s_mux2_off                     text27       002BB8
__end_of_disp7s_mux2_on                      text26       002BB4
__end_of_disp7s_mux3_off                     text25       002BB0
__end_of_disp7s_mux3_on                      text24       002BAC
__end_of_disp7s_mux4_off                     text23       002BA8
__end_of_disp7s_mux4_on                      text32       002BCC
__end_of_disp7s_mux_Q                        text20       001D12
__end_of_disp7s_mux_init                     text22       002754
__end_of_disp7s_off                          text64       0027D2
__end_of_disp7s_qtyDisp_writeFloat           text53       002A34
__end_of_disp7s_qtyDisp_writeInt             text38       002A6A
__end_of_disp7s_qtyDisp_writeText_20_3RAYAS  text43       00280A
__end_of_disp7s_qtyDisp_writeText_NO_OIL     text66       0029B6
__end_of_disp7s_qtyDisp_writeText_OFF        text37       002AE4
__end_of_disp7s_write_f                      text54       0012FE
__end_of_disp7s_write_i                      text45       00189C
__end_of_errorHandler_queue                  text18       001C72
__end_of_ikb_flush                           text49       002B9E
__end_of_ikb_init                            text17       001B18
__end_of_ikb_job                             text7        002B32
__end_of_ikb_key_is_ready2read               text80       002A50
__end_of_ikb_key_was_read                    text79       002AB0
__end_of_ikey_clear_all_flag                 text50       002A16
__end_of_ikey_is_accessible                  text15       00256C
__end_of_ikey_parsing                        text14       000E42
__end_of_ikey_scan                           text8        001646
__end_of_is_oilLevel                         text65       002BA4
__end_of_is_startSignal                      text42       002A9C
__end_of_itoa                                text55       00283C
__end_of_keyRead_pin_key0                    text12       002B8A
__end_of_keyRead_pin_key1                    text11       002B46
__end_of_keyRead_pin_key2                    text10       002B3C
__end_of_keyRead_pin_key3                    text9        002B98
__end_of_keyRead_pin_key4                    text13       002B92
__end_of_main                                text0        001792
__end_of_mpap_do1step                        text85       002714
__end_of_mpap_homming                        text84       002364
__end_of_mpap_isIdle                         text76       002B02
__end_of_mpap_job                            text82       002690
__end_of_mpap_movetoNozzle                   text73       00289C
__end_of_mpap_normal_mode                    text83       002600
__end_of_mpap_setupToHomming                 text72       002AD4
__end_of_mpap_setupToTurn                    text74       0028CC
__end_of_mpap_sych                           text6        001F62
__end_of_nozzle_isEnabled                    text70       002648
__end_of_ps_autoMode_start                   text48       0029F8
__end_of_pulsonic_getTotalSum_mlh            text52       001FE0
__end_of_pulsonic_init                       text5        0023C4
__end_of_pump_isIdle                         text69       002AF4
__end_of_pump_job                            text4        002302
__end_of_pump_setTick                        text68       002B50
__end_of_strlen                              text46       002994
__end_of_utoa                                text56       001E44
__end_of_visMode_disp                        text3        002146
__end_of_visMode_init                        text78       002B10
__end_of_visMode_job                         text1        0028FA
__end_of_visMode_kb                          text2        001ED4
__initialization                             cinit        00222E
__mediumconst                                mediumconst  000000
__mpap_off                                   text90       002B78
__mpap_step1                                 text88       002B64
__mpap_step2                                 text87       002B5A
__mpap_step3                                 text86       002B50
__mpap_step4                                 text89       002B6E
__pbssBANK0                                  bssBANK0     000060
__pbssBANK1                                  bssBANK1     000100
__pbssCOMRAM                                 bssCOMRAM    000044
__pcinit                                     cinit        00222E
__pcstackBANK0                               cstackBANK0  0000EE
__pcstackBANK1                               cstackBANK1  000141
__pcstackCOMRAM                              cstackCOMRAM 000001
__pdataBANK0                                 dataBANK0    0000CD
__pdataCOMRAM                                dataCOMRAM   000051
__pidataBANK0                                idataBANK0   0029B6
__pidataCOMRAM                               idataCOMRAM  002BCC
__pintcode                                   intcode      000008
__pintcode_body                              intcode_body 00256C
__psmallconst                                smallconst   000800
__ptext0                                     text0        001646
__ptext1                                     text1        0028CC
__ptext10                                    text10       002B32
__ptext11                                    text11       002B3C
__ptext12                                    text12       002B82
__ptext13                                    text13       002B8A
__ptext14                                    text14       000812
__ptext15                                    text15       002520
__ptext16                                    text16       00294E
__ptext17                                    text17       001A62
__ptext18                                    text18       001BC6
__ptext19                                    text19       00205A
__ptext2                                     text2        001E44
__ptext20                                    text20       001C72
__ptext21                                    text21       0023C4
__ptext22                                    text22       002714
__ptext23                                    text23       002BA4
__ptext24                                    text24       002BA8
__ptext25                                    text25       002BAC
__ptext26                                    text26       002BB0
__ptext27                                    text27       002BB4
__ptext28                                    text28       002BB8
__ptext29                                    text29       002BBC
__ptext3                                     text3        0020D2
__ptext30                                    text30       002BC0
__ptext31                                    text31       002BC4
__ptext32                                    text32       002BC8
__ptext33                                    text33       0028FA
__ptext34                                    text34       000E42
__ptext35                                    text35       002754
__ptext36                                    text36       002146
__ptext37                                    text37       002AD4
__ptext38                                    text38       002A50
__ptext39                                    text39       002B10
__ptext4                                     text4        002298
__ptext40                                    text40       002B1C
__ptext41                                    text41       002422
__ptext42                                    text42       002A84
__ptext43                                    text43       0027D2
__ptext44                                    text44       002A6A
__ptext45                                    text45       001792
__ptext46                                    text46       002972
__ptext47                                    text47       002478
__ptext48                                    text48       0029D8
__ptext49                                    text49       002B98
__ptext5                                     text5        002364
__ptext50                                    text50       0029F8
__ptext51                                    text51       00283C
__ptext52                                    text52       001F62
__ptext53                                    text53       002A16
__ptext54                                    text54       0010E2
__ptext55                                    text55       00280A
__ptext56                                    text56       001DB0
__ptext57                                    text57       002690
__ptext58                                    text58       0024CE
__ptext59                                    text59       001990
__ptext6                                     text6        001ED4
__ptext60                                    text60       00189C
__ptext61                                    text61       0012FE
__ptext62                                    text62       001B18
__ptext63                                    text63       002AB0
__ptext64                                    text64       002794
__ptext65                                    text65       002B9E
__ptext66                                    text66       002994
__ptext67                                    text67       001D12
__ptext68                                    text68       002B46
__ptext69                                    text69       002AE4
__ptext7                                     text7        002B28
__ptext70                                    text70       002600
__ptext71                                    text71       0021BA
__ptext72                                    text72       002AC2
__ptext73                                    text73       00286C
__ptext74                                    text74       00289C
__ptext75                                    text75       002928
__ptext76                                    text76       002AF4
__ptext77                                    text77       001FE0
__ptext78                                    text78       002B02
__ptext79                                    text79       002A9C
__ptext8                                     text8        0014A6
__ptext80                                    text80       002A34
__ptext82                                    text82       002648
__ptext83                                    text83       0025B6
__ptext84                                    text84       002302
__ptext85                                    text85       0026D2
__ptext86                                    text86       002B50
__ptext87                                    text87       002B5A
__ptext88                                    text88       002B64
__ptext89                                    text89       002B6E
__ptext9                                     text9        002B92
__ptext90                                    text90       002B78
__ptext91                                    text91       000000
__ramtop                                     ramtop       000800
__size_of_INTERRUPCION                       (abs)        000000
__size_of___ftadd                            (abs)        000000
__size_of___ftge                             (abs)        000000
__size_of___ftmul                            (abs)        000000
__size_of___ftpack                           (abs)        000000
__size_of___ftsub                            (abs)        000000
__size_of___fttol                            (abs)        000000
__size_of___lwdiv                            (abs)        000000
__size_of___lwmod                            (abs)        000000
__size_of___lwtoft                           (abs)        000000
__size_of___wmul                             (abs)        000000
__size_of__mpap_off                          (abs)        000000
__size_of__mpap_step1                        (abs)        000000
__size_of__mpap_step2                        (abs)        000000
__size_of__mpap_step3                        (abs)        000000
__size_of__mpap_step4                        (abs)        000000
__size_of_autoMode_init                      (abs)        000000
__size_of_autoMode_job                       (abs)        000000
__size_of_autoMode_kb                        (abs)        000000
__size_of_check_oilLevel                     (abs)        000000
__size_of_check_startSignal                  (abs)        000000
__size_of_configMode_disp                    (abs)        000000
__size_of_configMode_init                    (abs)        000000
__size_of_configMode_job                     (abs)        000000
__size_of_configMode_kb                      (abs)        000000
__size_of_disp7s_init                        (abs)        000000
__size_of_disp7s_job                         (abs)        000000
__size_of_disp7s_modeDisp_off                (abs)        000000
__size_of_disp7s_modeDisp_writeInt           (abs)        000000
__size_of_disp7s_modeDisp_writeText_oil      (abs)        000000
__size_of_disp7s_mux0_off                    (abs)        000000
__size_of_disp7s_mux0_on                     (abs)        000000
__size_of_disp7s_mux1_off                    (abs)        000000
__size_of_disp7s_mux1_on                     (abs)        000000
__size_of_disp7s_mux2_off                    (abs)        000000
__size_of_disp7s_mux2_on                     (abs)        000000
__size_of_disp7s_mux3_off                    (abs)        000000
__size_of_disp7s_mux3_on                     (abs)        000000
__size_of_disp7s_mux4_off                    (abs)        000000
__size_of_disp7s_mux4_on                     (abs)        000000
__size_of_disp7s_mux_Q                       (abs)        000000
__size_of_disp7s_mux_init                    (abs)        000000
__size_of_disp7s_off                         (abs)        000000
__size_of_disp7s_qtyDisp_writeFloat          (abs)        000000
__size_of_disp7s_qtyDisp_writeInt            (abs)        000000
__size_of_disp7s_qtyDisp_writeText_20_3RAYAS (abs)        000000
__size_of_disp7s_qtyDisp_writeText_NO_OIL    (abs)        000000
__size_of_disp7s_qtyDisp_writeText_OFF       (abs)        000000
__size_of_disp7s_write_f                     (abs)        000000
__size_of_disp7s_write_i                     (abs)        000000
__size_of_errorHandler_queue                 (abs)        000000
__size_of_ikb_flush                          (abs)        000000
__size_of_ikb_init                           (abs)        000000
__size_of_ikb_job                            (abs)        000000
__size_of_ikb_key_is_ready2read              (abs)        000000
__size_of_ikb_key_was_read                   (abs)        000000
__size_of_ikey_clear_all_flag                (abs)        000000
__size_of_ikey_is_accessible                 (abs)        000000
__size_of_ikey_parsing                       (abs)        000000
__size_of_ikey_scan                          (abs)        000000
__size_of_is_oilLevel                        (abs)        000000
__size_of_is_startSignal                     (abs)        000000
__size_of_itoa                               (abs)        000000
__size_of_keyRead_pin_key0                   (abs)        000000
__size_of_keyRead_pin_key1                   (abs)        000000
__size_of_keyRead_pin_key2                   (abs)        000000
__size_of_keyRead_pin_key3                   (abs)        000000
__size_of_keyRead_pin_key4                   (abs)        000000
__size_of_main                               (abs)        000000
__size_of_mpap_do1step                       (abs)        000000
__size_of_mpap_homming                       (abs)        000000
__size_of_mpap_isIdle                        (abs)        000000
__size_of_mpap_job                           (abs)        000000
__size_of_mpap_movetoNozzle                  (abs)        000000
__size_of_mpap_normal_mode                   (abs)        000000
__size_of_mpap_setupToHomming                (abs)        000000
__size_of_mpap_setupToTurn                   (abs)        000000
__size_of_mpap_sych                          (abs)        000000
__size_of_nozzle_isEnabled                   (abs)        000000
__size_of_ps_autoMode_start                  (abs)        000000
__size_of_pulsonic_getTotalSum_mlh           (abs)        000000
__size_of_pulsonic_init                      (abs)        000000
__size_of_pump_isIdle                        (abs)        000000
__size_of_pump_job                           (abs)        000000
__size_of_pump_setTick                       (abs)        000000
__size_of_strlen                             (abs)        000000
__size_of_utoa                               (abs)        000000
__size_of_visMode_disp                       (abs)        000000
__size_of_visMode_init                       (abs)        000000
__size_of_visMode_job                        (abs)        000000
__size_of_visMode_kb                         (abs)        000000
__smallconst                                 smallconst   000800
_autoMode                                    bssCOMRAM    00004C
_autoMode_init                               text51       00283C
_autoMode_job                                text67       001D12
_autoMode_kb                                 text77       001FE0
_check_oilLevel                              text47       002478
_check_startSignal                           text41       002422
_configMode                                  bssCOMRAM    00004A
_configMode_disp                             text36       002146
_configMode_init                             text40       002B1C
_configMode_job                              text33       0028FA
_configMode_kb                               text34       000E42
_disp7s_init                                 text21       0023C4
_disp7s_job                                  text19       00205A
_disp7s_modeDisp_off                         text63       002AB0
_disp7s_modeDisp_writeInt                    text44       002A6A
_disp7s_modeDisp_writeText_oil               text39       002B10
_disp7s_mux                                  dataBANK0    0000CD
_disp7s_mux0_off                             text31       002BC4
_disp7s_mux0_on                              text30       002BC0
_disp7s_mux1_off                             text29       002BBC
_disp7s_mux1_on                              text28       002BB8
_disp7s_mux2_off                             text27       002BB4
_disp7s_mux2_on                              text26       002BB0
_disp7s_mux3_off                             text25       002BAC
_disp7s_mux3_on                              text24       002BA8
_disp7s_mux4_off                             text23       002BA4
_disp7s_mux4_on                              text32       002BC8
_disp7s_mux_Q                                text20       001C72
_disp7s_mux_init                             text22       002714
_disp7s_off                                  text64       002794
_disp7s_qtyDisp_writeFloat                   text53       002A16
_disp7s_qtyDisp_writeInt                     text38       002A50
_disp7s_qtyDisp_writeText_20_3RAYAS          text43       0027D2
_disp7s_qtyDisp_writeText_NO_OIL             text66       002994
_disp7s_qtyDisp_writeText_OFF                text37       002AD4
_disp7s_write_f                              text54       0010E2
_disp7s_write_i                              text45       001792
_disp_owner                                  bssCOMRAM    000050
_errorHandler_queue                          text18       001BC6
_error_grantedToWriteDisp                    bssBANK0     0000C8
_error_requestToWriteDisp                    bssBANK0     0000C9
_group_x                                     bssBANK0     0000B8
_ikb_flush                                   text49       002B98
_ikb_init                                    text17       001A62
_ikb_job                                     text7        002B28
_ikb_key_is_ready2read                       text80       002A34
_ikb_key_was_read                            text79       002A9C
_ikey_clear_all_flag                         text50       0029F8
_ikey_is_accessible                          text15       002520
_ikey_parsing                                text14       000812
_ikey_scan                                   text8        0014A6
_is_oilLevel                                 text65       002B9E
_is_startSignal                              text42       002A84
_isr_flag                                    bssBANK0     0000CC
_itoa                                        text55       00280A
_key                                         bssBANK0     000060
_keyRead_pin_key0                            text12       002B82
_keyRead_pin_key1                            text11       002B3C
_keyRead_pin_key2                            text10       002B32
_keyRead_pin_key3                            text9        002B92
_keyRead_pin_key4                            text13       002B8A
_machState                                   bssBANK0     0000CA
_main                                        text0        001646
_mpap                                        bssBANK0     0000B0
_mpap_do1step                                text85       0026D2
_mpap_homming                                text84       002302
_mpap_isIdle                                 text76       002AF4
_mpap_job                                    text82       002648
_mpap_movetoNozzle                           text73       00286C
_mpap_normal_mode                            text83       0025B6
_mpap_off                                    dataBANK0    0000EC
_mpap_setupToHomming                         text72       002AC2
_mpap_setupToTurn                            text74       00289C
_mpap_setupToTurn$500                        cstackCOMRAM 000013
_mpap_step                                   dataBANK0    0000E1
_mpap_sych                                   text6        001ED4
_nozzle_isEnabled                            text70       002600
_ps_autoMode_start                           text48       0029D8
_pulsonic                                    bssBANK1     000100
_pulsonic_getTotalSum_mlh                    text52       001F62
_pulsonic_init                               text5        002364
_pump                                        bssCOMRAM    000044
_pump_isIdle                                 text69       002AE4
_pump_job                                    text4        002298
_pump_setTick                                text68       002B46
_smain                                       bssCOMRAM    000047
_strlen                                      text46       002972
_unlock                                      bssBANK0     0000CB
_utoa                                        text56       001DB0
_visMode                                     bssBANK0     0000BD
_visMode_disp                                text3        0020D2
_visMode_init                                text78       002B02
_visMode_job                                 text1        0028CC
_visMode_kb                                  text2        001E44
autoMode_init@init                           cstackCOMRAM 00003C
autoMode_job@cod_ret                         cstackCOMRAM 000021
autoMode_kb@cod_ret                          cstackCOMRAM 00000C
btemp                                        temp         000053
check_oilLevel@sm0                           bssBANK0     0000C5
check_oilLevel@sm1                           bssBANK0     0000C4
check_startSignal@sm0                        bssBANK0     0000C7
check_startSignal@sm1                        bssBANK0     0000C6
configMode_disp@numRegistro                  cstackCOMRAM 00003F
configMode_disp@qty                          cstackCOMRAM 00003C
configMode_init@numRegistro                  cstackCOMRAM 00000B
configMode_job@cod_ret                       cstackCOMRAM 000040
configMode_kb@cod_ret                        cstackCOMRAM 000028
disp7s_init@i                                cstackCOMRAM 00000C
disp7s_job@pq                                cstackCOMRAM 000015
disp7s_job@q                                 bssCOMRAM    00004E
disp7s_modeDisp_writeInt@num                 cstackCOMRAM 000038
disp7s_mux_Q@i                               cstackCOMRAM 000012
disp7s_mux_Q@q                               cstackCOMRAM 000011
disp7s_mux_init@i                            cstackCOMRAM 00000B
disp7s_off@NUM_OF_DISP                       cstackCOMRAM 00000D
disp7s_off@i                                 cstackCOMRAM 000010
disp7s_off@pDisp                             cstackCOMRAM 00000B
disp7s_qtyDisp_writeFloat@num                cstackBANK1  000141
disp7s_qtyDisp_writeInt@num                  cstackCOMRAM 000038
disp7s_write_f@I                             cstackBANK0  0000F8
disp7s_write_f@K10MULT                       cstackBANK0  0000FB
disp7s_write_f@NUM_OF_DISP                   cstackCOMRAM 000033
disp7s_write_f@buff                          cstackBANK0  0000EE
disp7s_write_f@i                             cstackBANK0  0000FE
disp7s_write_f@num                           cstackCOMRAM 000034
disp7s_write_f@pDisp                         cstackCOMRAM 000031
disp7s_write_f@pi                            cstackBANK0  0000FA
disp7s_write_i@K10MULT                       cstackCOMRAM 000035
disp7s_write_i@NUM_OF_DISP                   cstackCOMRAM 000022
disp7s_write_i@buff                          cstackCOMRAM 00002A
disp7s_write_i@i                             cstackCOMRAM 000037
disp7s_write_i@num                           cstackCOMRAM 000023
disp7s_write_i@pDisp                         cstackCOMRAM 000020
[...]
 Auto vars:     Size  Location     Type
  k               1   10[COMRAM] unsigned char 
 Return value:  Size  Location     Type
                  1    wreg      void 
 Registers used:
		wreg, fsr2l, fsr2h, status,2, status,0, prodl, prodh
 Tracked objects:
		On entry : 
		On exit  : 
		Unchanged: 
 Data sizes:     COMRAM   BANK0   BANK1   BANK2   BANK3   BANK4   BANK5   BANK6   BANK7
      Params:         0       0       0       0       0       0       0       0       0
      Locals:         1       0       0       0       0       0       0       0       0
      Temps:          0       0       0       0       0       0       0       0       0
      Totals:         1       0       0       0       0       0       0       0       0
Total ram usage:        1 bytes
 Hardware stack levels used:    1
 Hardware stack levels required when called:    5
 This function calls:
		Nothing
 This function is called by:
		_autoMode_kb
		_visMode_kb
		_configMode_kb
 This function uses a non-reentrant model


 *************** function _ikb_key_is_ready2read *****************
 Defined at:
		line 426 in file "../../../../../../FIRWAR/eslibrary/ikb/ikb.c"
 Parameters:    Size  Location     Type
  k               1    wreg     unsigned char 
 Auto vars:     Size  Location     Type
  k               1   10[COMRAM] unsigned char 
 Return value:  Size  Location     Type
                  1    wreg      unsigned char 
 Registers used:
		wreg, fsr2l, fsr2h, status,2, status,0, prodl, prodh
 Tracked objects:
		On entry : 
		On exit  : 
		Unchanged: 
 Data sizes:     COMRAM   BANK0   BANK1   BANK2   BANK3   BANK4   BANK5   BANK6   BANK7
      Params:         0       0       0       0       0       0       0       0       0
      Locals:         1       0       0       0       0       0       0       0       0
      Temps:          0       0       0       0       0       0       0       0       0
      Totals:         1       0       0       0       0       0       0       0       0
Total ram usage:        1 bytes
 Hardware stack levels used:    1
 Hardware stack levels required when called:    5
 This function calls:
		Nothing
 This function is called by:
		_autoMode_kb
		_visMode_kb
		_configMode_kb
 This function uses a non-reentrant model


 *************** function _INTERRUPCION *****************
 Defined at:
		line 242 in file "main.c"
 Parameters:    Size  Location     Type
		None
 Auto vars:     Size  Location     Type
		None
 Return value:  Size  Location     Type
                  1    wreg      void 
 Registers used:
		wreg, fsr2l, fsr2h, status,2, status,0, pclath, tosl, prodl, prodh, cstack
 Tracked objects:
		On entry : 
		On exit  : 
		Unchanged: 
 Data sizes:     COMRAM   BANK0   BANK1   BANK2   BANK3   BANK4   BANK5   BANK6   BANK7
      Params:         0       0       0       0       0       0       0       0       0
      Locals:         0       0       0       0       0       0       0       0       0
      Temps:          6       0       0       0       0       0       0       0       0
      Totals:         6       0       0       0       0       0       0       0       0
Total ram usage:        6 bytes
 Hardware stack levels used:    1
 Hardware stack levels required when called:    4
 This function calls:
		_mpap_job
 This function is called by:
		Interrupt level 2
 This function uses a non-reentrant model


 *************** function _mpap_job *****************
 Defined at:
		line 139 in file "mpap.c"
 Parameters:    Size  Location     Type
		None
 Auto vars:     Size  Location     Type
  cod_ret         1    0        char 
 Return value:  Size  Location     Type
                  1    wreg      char 
 Registers used:
		wreg, fsr2l, fsr2h, status,2, status,0, pclath, tosl, prodl, prodh, cstack
 Tracked objects:
		On entry : 
		On exit  : 
		Unchanged: 
 Data sizes:     COMRAM   BANK0   BANK1   BANK2   BANK3   BANK4   BANK5   BANK6   BANK7
      Params:         0       0       0       0       0       0       0       0       0
      Locals:         1       0       0       0       0       0       0       0       0
      Temps:          0       0       0       0       0       0       0       0       0
      Totals:         1       0       0       0       0       0       0       0       0
Total ram usage:        1 bytes
 Hardware stack levels used:    1
 Hardware stack levels required when called:    3
 This function calls:
		__mpap_off
		_mpap_homming
		_mpap_normal_mode
 This function is called by:
		_INTERRUPCION
 This function uses a non-reentrant model


 *************** function _mpap_normal_mode *****************
 Defined at:
		line 119 in file "mpap.c"
 Parameters:    Size  Location     Type
		None
 Auto vars:     Size  Location     Type
  cod_ret         1    1[COMRAM] char 
 Return value:  Size  Location     Type
                  1    wreg      char 
 Registers used:
		wreg, fsr2l, fsr2h, status,2, status,0, pclath, tosl, prodl, prodh, cstack
 Tracked objects:
		On entry : 
		On exit  : 
		Unchanged: 
 Data sizes:     COMRAM   BANK0   BANK1   BANK2   BANK3   BANK4   BANK5   BANK6   BANK7
      Params:         0       0       0       0       0       0       0       0       0
      Locals:         1       0       0       0       0       0       0       0       0
      Temps:          0       0       0       0       0       0       0       0       0
      Totals:         1       0       0       0       0       0       0       0       0
Total ram usage:        1 bytes
 Hardware stack levels used:    1
 Hardware stack levels required when called:    2
 This function calls:
		_mpap_do1step
 This function is called by:
		_mpap_job
 This function uses a non-reentrant model


 *************** function _mpap_homming *****************
 Defined at:
		line 94 in file "mpap.c"
 Parameters:    Size  Location     Type
		None
 Auto vars:     Size  Location     Type
  cod_ret         1    2[COMRAM] char 
 Return value:  Size  Location     Type
                  1    wreg      char 
 Registers used:
		wreg, fsr2l, fsr2h, status,2, status,0, pclath, tosl, prodl, prodh, cstack
 Tracked objects:
		On entry : 
		On exit  : 
		Unchanged: 
 Data sizes:     COMRAM   BANK0   BANK1   BANK2   BANK3   BANK4   BANK5   BANK6   BANK7
      Params:         0       0       0       0       0       0       0       0       0
      Locals:         1       0       0       0       0       0       0       0       0
      Temps:          1       0       0       0       0       0       0       0       0
      Totals:         2       0       0       0       0       0       0       0       0
Total ram usage:        2 bytes
 Hardware stack levels used:    1
 Hardware stack levels required when called:    2
 This function calls:
		_mpap_do1step
 This function is called by:
		_mpap_job
 This function uses a non-reentrant model


 *************** function _mpap_do1step *****************
 Defined at:
		line 75 in file "mpap.c"
 Parameters:    Size  Location     Type
  KI              1    wreg     char 
 Auto vars:     Size  Location     Type
  KI              1    0[COMRAM] char 
 Return value:  Size  Location     Type
                  1    wreg      void 
 Registers used:
		wreg, fsr2l, fsr2h, status,2, status,0, pclath, tosl, prodl, prodh, cstack
 Tracked objects:
		On entry : 
		On exit  : 
		Unchanged: 
 Data sizes:     COMRAM   BANK0   BANK1   BANK2   BANK3   BANK4   BANK5   BANK6   BANK7
      Params:         0       0       0       0       0       0       0       0       0
      Locals:         1       0       0       0       0       0       0       0       0
      Temps:          0       0       0       0       0       0       0       0       0
      Totals:         1       0       0       0       0       0       0       0       0
Total ram usage:        1 bytes
 Hardware stack levels used:    1
 Hardware stack levels required when called:    1
 This function calls:
		__mpap_step1
		__mpap_step2
		__mpap_step3
		__mpap_step4
 This function is called by:
		_mpap_homming
		_mpap_normal_mode
 This function uses a non-reentrant model


 *************** function __mpap_step3 *****************
 Defined at:
		line 21 in file "mpap.c"
 Parameters:    Size  Location     Type
		None
 Auto vars:     Size  Location     Type
		None
 Return value:  Size  Location     Type
                  1    wreg      void 
 Registers used:
		status,2, status,0
 Tracked objects:
		On entry : 
		On exit  : 
		Unchanged: 
 Data sizes:     COMRAM   BANK0   BANK1   BANK2   BANK3   BANK4   BANK5   BANK6   BANK7
      Params:         0       0       0       0       0       0       0       0       0
      Locals:         0       0       0       0       0       0       0       0       0
      Temps:          0       0       0       0       0       0       0       0       0
      Totals:         0       0       0       0       0       0       0       0       0
Total ram usage:        0 bytes
 Hardware stack levels used:    1
 This function calls:
		Nothing
 This function is called by:
		_mpap_do1step
 This function uses a non-reentrant model


 *************** function __mpap_step2 *****************
 Defined at:
		line 13 in file "mpap.c"
 Parameters:    Size  Location     Type
		None
 Auto vars:     Size  Location     Type
		None
 Return value:  Size  Location     Type
                  1    wreg      void 
 Registers used:
		status,2, status,0
 Tracked objects:
		On entry : 
		On exit  : 
		Unchanged: 
 Data sizes:     COMRAM   BANK0   BANK1   BANK2   BANK3   BANK4   BANK5   BANK6   BANK7
      Params:         0       0       0       0       0       0       0       0       0
      Locals:         0       0       0       0       0       0       0       0       0
      Temps:          0       0       0       0       0       0       0       0       0
      Totals:         0       0       0       0       0       0       0       0       0
Total ram usage:        0 bytes
 Hardware stack levels used:    1
 This function calls:
		Nothing
 This function is called by:
		_mpap_do1step
 This function uses a non-reentrant model


 *************** function __mpap_step1 *****************
 Defined at:
		line 5 in file "mpap.c"
 Parameters:    Size  Location     Type
		None
 Auto vars:     Size  Location     Type
		None
 Return value:  Size  Location     Type
                  1    wreg      void 
 Registers used:
		status,2, status,0
 Tracked objects:
		On entry : 
		On exit  : 
		Unchanged: 
 Data sizes:     COMRAM   BANK0   BANK1   BANK2   BANK3   BANK4   BANK5   BANK6   BANK7
      Params:         0       0       0       0       0       0       0       0       0
      Locals:         0       0       0       0       0       0       0       0       0
      Temps:          0       0       0       0       0       0       0       0       0
      Totals:         0       0       0       0       0       0       0       0       0
Total ram usage:        0 bytes
 Hardware stack levels used:    1
 This function calls:
		Nothing
 This function is called by:
		_mpap_do1step
 This function uses a non-reentrant model


 *************** function __mpap_step4 *****************
 Defined at:
		line 29 in file "mpap.c"
 Parameters:    Size  Location     Type
		None
 Auto vars:     Size  Location     Type
		None
 Return value:  Size  Location     Type
                  1    wreg      void 
 Registers used:
		status,2, status,0
 Tracked objects:
		On entry : 
		On exit  : 
		Unchanged: 
 Data sizes:     COMRAM   BANK0   BANK1   BANK2   BANK3   BANK4   BANK5   BANK6   BANK7
      Params:         0       0       0       0       0       0       0       0       0
      Locals:         0       0       0       0       0       0       0       0       0
      Temps:          0       0       0       0       0       0       0       0       0
      Totals:         0       0       0       0       0       0       0       0       0
Total ram usage:        0 bytes
 Hardware stack levels used:    1
 This function calls:
		Nothing
 This function is called by:
		_mpap_do1step
 This function uses a non-reentrant model


 *************** function __mpap_off *****************
 Defined at:
		line 43 in file "mpap.c"
 Parameters:    Size  Location     Type
		None
 Auto vars:     Size  Location     Type
		None
 Return value:  Size  Location     Type
                  1    wreg      void 
 Registers used:
		status,2, status,0
 Tracked objects:
		On entry : 
		On exit  : 
		Unchanged: 
 Data sizes:     COMRAM   BANK0   BANK1   BANK2   BANK3   BANK4   BANK5   BANK6   BANK7
      Params:         0       0       0       0       0       0       0       0       0
      Locals:         0       0       0       0       0       0       0       0       0
      Temps:          0       0       0       0       0       0       0       0       0
      Totals:         0       0       0       0       0       0       0       0       0
Total ram usage:        0 bytes
 Hardware stack levels used:    1
 This function calls:
		Nothing
 This function is called by:
		_mpap_job
 This function uses a non-reentrant model



MODULE INFORMATION

Module		Function		Class		Link	Load	Size
pump.c
		_pump_job      		CODE           	2298	0000	107
		_pump_setTick  		CODE           	2B46	0000	11
		_pump_isIdle   		CODE           	2AE4	0000	17

pump.c estimated size: 135

/opt/microchip/xc8/v2.05/pic/sources/c90/common/ftadd.c
		___ftadd       		CODE           	12FE	0000	425

/opt/microchip/xc8/v2.05/pic/sources/c90/common/ftadd.c estimated size: 425

/opt/microchip/xc8/v2.05/pic/sources/c90/common/ftsub.c
		___ftsub       		CODE           	2754	0000	65

/opt/microchip/xc8/v2.05/pic/sources/c90/common/ftsub.c estimated size: 65

visualizerMode.c
		_visMode_kb    		CODE           	1E44	0000	145
		_visMode_job   		CODE           	28CC	0000	47
		_visMode_disp  		CODE           	20D2	0000	117
		_visMode_init  		CODE           	2B02	0000	15

visualizerMode.c estimated size: 324

/opt/microchip/xc8/v2.05/pic/sources/c90/common/lwtoft.c
		___lwtoft      		CODE           	294E	0000	37

/opt/microchip/xc8/v2.05/pic/sources/c90/common/lwtoft.c estimated size: 37

mpap.c
		_mpap_setupToTurn		CODE           	289C	0000	49
		_mpap_isIdle   		CODE           	2AF4	0000	15
		_mpap_normal_mode		CODE           	25B6	0000	75
		_mpap_sych     		CODE           	1ED4	0000	143
		_mpap_job      		CODE           	2648	0000	73
		_mpap_do1step  		CODE           	26D2	0000	67
		__mpap_step1   		CODE           	2B64	0000	11
		__mpap_step2   		CODE           	2B5A	0000	11
		__mpap_step3   		CODE           	2B50	0000	11
		__mpap_step4   		CODE           	2B6E	0000	11
		_mpap_setupToHomming		CODE           	2AC2	0000	19
		__mpap_off     		CODE           	2B78	0000	11
		_mpap_movetoNozzle		CODE           	286C	0000	49
		_mpap_homming  		CODE           	2302	0000	99

mpap.c estimated size: 644

automode.c
		_autoMode_kb   		CODE           	1FE0	0000	123
		_autoMode_job  		CODE           	1D12	0000	159
		_autoMode_init 		CODE           	283C	0000	49

automode.c estimated size: 331

/opt/microchip/xc8/v2.05/pic/sources/c90/common/ftge.c
		___ftge        		CODE           	21BA	0000	117

/opt/microchip/xc8/v2.05/pic/sources/c90/common/ftge.c estimated size: 117

configMode.c
		_configMode_disp		CODE           	2146	0000	117
		_configMode_init		CODE           	2B1C	0000	13
		_configMode_kb 		CODE           	0E42	0000	673
		_configMode_job		CODE           	28FA	0000	47

configMode.c estimated size: 850

/opt/microchip/xc8/v2.05/pic/sources/c90/common/float.c
		___ftpack      		CODE           	1B18	0000	175

/opt/microchip/xc8/v2.05/pic/sources/c90/common/float.c estimated size: 175

../../../../../../FIRWAR/eslibrary/ikb/ikb.c
		_ikb_init      		CODE           	1A62	0000	183
		_keyRead_pin_key0		CODE           	2B82	0000	9
		_keyRead_pin_key1		CODE           	2B3C	0000	11
		_keyRead_pin_key2		CODE           	2B32	0000	11
		_keyRead_pin_key3		CODE           	2B92	0000	7
		_keyRead_pin_key4		CODE           	2B8A	0000	9
		_ikb_flush     		CODE           	2B98	0000	7
		_ikey_is_accessible		CODE           	2520	0000	77
		_ikey_scan     		CODE           	14A6	0000	417
		_ikb_key_is_ready2read		CODE           	2A34	0000	29
		_ikb_key_was_read		CODE           	2A9C	0000	21
		_ikey_clear_all_flag		CODE           	29F8	0000	31
		_ikb_job       		CODE           	2B28	0000	11
		_ikey_parsing  		CODE           	0812	0000	1585

../../../../../../FIRWAR/eslibrary/ikb/ikb.c estimated size: 2408

/opt/microchip/xc8/v2.05/pic/sources/c90/common/lwmod.c
		___lwmod       		CODE           	2690	0000	67

/opt/microchip/xc8/v2.05/pic/sources/c90/common/lwmod.c estimated size: 67

/opt/microchip/xc8/v2.05/pic/sources/c90/common/ftmul.c
		___ftmul       		CODE           	189C	0000	245

/opt/microchip/xc8/v2.05/pic/sources/c90/common/ftmul.c estimated size: 245

/opt/microchip/xc8/v2.05/pic/sources/c90/common/Umul16.c
		___wmul        		CODE           	2928	0000	39

/opt/microchip/xc8/v2.05/pic/sources/c90/common/Umul16.c estimated size: 39

shared
		_OIL_VISCOSITY 		SMALLCONST     	080B	0000	5
		_DISP7S_NUMS   		SMALLCONST     	0801	0000	11
		_DISP7S_CHARS  		SMALLCONST     	080F	0000	3
		__initialization		CODE           	222E	0000	93

shared estimated size: 112

/opt/microchip/xc8/v2.05/pic/sources/c90/common/fttol.c
		___fttol       		CODE           	1990	0000	211

/opt/microchip/xc8/v2.05/pic/sources/c90/common/fttol.c estimated size: 211

nozzle.c
		_nozzle_isEnabled		CODE           	2600	0000	73

nozzle.c estimated size: 73

display.c
		_disp7s_modeDisp_off		CODE           	2AB0	0000	19
		_disp7s_qtyDisp_writeFloat		CODE           	2A16	0000	31
		_disp7s_job    		CODE           	205A	0000	121
		_disp7s_off    		CODE           	2794	0000	63
		_disp7s_init   		CODE           	23C4	0000	95
		_disp7s_mux_Q  		CODE           	1C72	0000	161
		_disp7s_qtyDisp_writeText_OFF		CODE           	2AD4	0000	17
		_disp7s_modeDisp_writeText_oil		CODE           	2B10	0000	13
		_disp7s_write_f		CODE           	10E2	0000	541
		_disp7s_write_i		CODE           	1792	0000	267
		_disp7s_mux0_on		CODE           	2BC0	0000	5
		_disp7s_mux1_on		CODE           	2BB8	0000	5
		_disp7s_mux2_on		CODE           	2BB0	0000	5
		_disp7s_mux3_on		CODE           	2BA8	0000	5
		_disp7s_mux4_on		CODE           	2BC8	0000	5
		_disp7s_qtyDisp_writeText_20_3RAYAS		CODE           	27D2	0000	57
		_disp7s_modeDisp_writeInt		CODE           	2A6A	0000	27
		_disp7s_qtyDisp_writeText_NO_OIL		CODE           	2994	0000	35
		_disp7s_mux0_off		CODE           	2BC4	0000	5
		_disp7s_mux1_off		CODE           	2BBC	0000	5
		_disp7s_mux2_off		CODE           	2BB4	0000	5
		_disp7s_mux3_off		CODE           	2BAC	0000	5
		_disp7s_mux4_off		CODE           	2BA4	0000	5
		_disp7s_qtyDisp_writeInt		CODE           	2A50	0000	27
		_disp7s_mux_init		CODE           	2714	0000	65

display.c estimated size: 1589

/opt/microchip/xc8/v2.05/pic/sources/c90/common/lwdiv.c
		___lwdiv       		CODE           	24CE	0000	83

/opt/microchip/xc8/v2.05/pic/sources/c90/common/lwdiv.c estimated size: 83

pulsonic.c
		_pulsonic_getTotalSum_mlh		CODE           	1F62	0000	127
		_pulsonic_init 		CODE           	2364	0000	97

pulsonic.c estimated size: 224

/opt/microchip/xc8/v2.05/pic/sources/c90/common/itoa.c
		_itoa          		CODE           	280A	0000	51
		_utoa          		CODE           	1DB0	0000	149

/opt/microchip/xc8/v2.05/pic/sources/c90/common/itoa.c estimated size: 200

main.c
		_main          		CODE           	1646	0000	333
		_check_startSignal		CODE           	2422	0000	87
		_errorHandler_queue		CODE           	1BC6	0000	173
		_INTERRUPCION  		CODE           	0008	0000	81
		_check_oilLevel		CODE           	2478	0000	87
		_ps_autoMode_start		CODE           	29D8	0000	33

main.c estimated size: 794

/opt/microchip/xc8/v2.05/pic/sources/c90/common/strlen.c
		_strlen        		CODE           	2972	0000	35

/opt/microchip/xc8/v2.05/pic/sources/c90/common/strlen.c estimated size: 35

inputs.c
		_is_startSignal		CODE           	2A84	0000	25
		_is_oilLevel   		CODE           	2B9E	0000	7

inputs.c estimated size: 32

