Microchip MPLAB XC8 Compiler V2.05 ()

Linker command line:

-W-3 --edf=/opt/microchip/xc8/v2.05/pic/dat/en_msgs.txt -cs \
  -h+dist/default/production/pulsonic.X.production.sym \
  --cmf=dist/default/production/pulsonic.X.production.cmf -z -Q18F4550 \
  -o/tmp/xcXbb5k6D -Mdist/default/production/pulsonic.X.production.map -E1 \
  -ver=XC8 -ASTACK=017Bh-07FFh -pstack=STACK -ACODE=00h-07FFFh \
  -ACONST=00h-07FFFh -ASMALLCONST=0800h-08FFhx120 \
  -AMEDIUMCONST=0800h-07FFFh -ACOMRAM=01h-05Fh -AABS1=00h-07FFh \
  -ABIGRAM=01h-07FFh -ARAM=060h-0FFh,0100h-01FFhx7 -ABANK0=060h-0FFh \
  -ABANK1=0100h-01FFh -ABANK2=0200h-02FFh -ABANK3=0300h-03FFh \
  -ABANK4=0400h-04FFh -ABANK5=0500h-05FFh -ABANK6=0600h-06FFh \
  -ABANK7=0700h-07FFh -ASFR=0F60h-0FFFh \
  -preset_vec=00h,intcode=08h,intcodelo,powerup,init -pramtop=0800h \
  -psmallconst=SMALLCONST -pmediumconst=MEDIUMCONST -pconst=CONST \
  -AFARRAM=00h-00h -ACONFIG=0300000h-030000Dh -pconfig=CONFIG \
  -AIDLOC=0200000h-0200007h -pidloc=IDLOC -AEEDATA=0F00000h-0F000FFh \
  -peeprom_data=EEDATA \
  -prdata=COMRAM,nvrram=COMRAM,nvbit=COMRAM,rbss=COMRAM,rbit=COMRAM \
  -pfarbss=FARRAM,fardata=FARRAM,nvFARRAM=FARRAM \
  -pintsave_regs=BIGRAM,bigbss=BIGRAM,bigdata=BIGRAM -pbss=RAM \
  -pidata=CODE,irdata=CODE,ibigdata=CODE,ifardata=CODE -prparam=COMRAM \
  /tmp/xcXCZ9141.obj dist/default/production/pulsonic.X.production.obj 

Object code version is 3.11

Machine type is 18F4550

Call graph: (short form)




                Name                               Link     Load   Length Selector   Space Scale
/tmp/xcXCZ9141.obj
                init                                  E        E        4        4       0
                reset_vec                             0        0        4        0       0
                idloc                            200000   200000        8   200000       0
                config                           300000   300000        E   300000       0
dist/default/production/pulsonic.X.production.obj
                intcode                               8        8        6        4       0
                temp                                 5D       5D        1        1       1
                smallconst                          800      800        E      400       0
                intcode_body                       1E94     1E94       14      407       0
                text54                             1790     1790       AE      407       0
                text53                             1CEA     1CEA       38      407       0
                text52                             1972     1972       74      407       0
                text51                             1514     1514       F4      407       0
                text50                             10D8     10D8      1A8      407       0
                text49                             1CAA     1CAA       40      407       0
                text48                             1608     1608       D2      407       0
                text47                             1AB0     1AB0       52      407       0
                text46                             1C28     1C28       42      407       0
                text45                             18DE     18DE       94      407       0
                text44                             1D22     1D22       32      407       0
                text43                              E3E      E3E      29A      407       0
                text42                             1F62     1F62        4      407       0
                text41                             1F5E     1F5E        4      407       0
                text40                             1F5A     1F5A        4      407       0
                text39                             1F56     1F56        4      407       0
                text38                             1F52     1F52        4      407       0
                text37                             1F4E     1F4E        4      407       0
                text36                             1F4A     1F4A        4      407       0
                text35                             1F46     1F46        4      407       0
                text34                             1F42     1F42        4      407       0
                text33                             1F3E     1F3E        4      407       0
                text32                             1C6A     1C6A       40      407       0
                text31                             1B02     1B02       50      407       0
                text30                             183E     183E       A0      407       0
                text29                             1DFC     1DFC       26      407       0
                text28                             1E46     1E46       1E      407       0
                text27                             1F38     1F38        6      407       0
                text26                             16DA     16DA       B6      407       0
                text25                             1E22     1E22       24      407       0
                text24                             1B52     1B52       4C      407       0
                text23                              80E      80E      630      407       0
                text22                             1F2A     1F2A        8      407       0
                text21                             1F22     1F22        8      407       0
                text20                             1F18     1F18        A      407       0
                text19                             1F0E     1F0E        A      407       0
                text18                             1F32     1F32        6      407       0
                text17                             1280     1280      1A0      407       0
                text16                             1F04     1F04        A      407       0
                text15                             1E64     1E64       1C      407       0
                text14                             1EFA     1EFA        A      407       0
                text13                             1EF0     1EF0        A      407       0
                text12                             1EE6     1EE6        A      407       0
                text11                             1EDC     1EDC        A      407       0
                text10                             1BE6     1BE6       42      407       0
                text9                              1A58     1A58       58      407       0
                text8                              1B9E     1B9E       48      407       0
                text7                              1DAE     1DAE       28      407       0
                text6                              1D54     1D54       30      407       0
                text5                              1EA8     1EA8       12      407       0
                text4                              1ED2     1ED2        A      407       0
                text3                              1EBA     1EBA        E      407       0
                text2                              1DD6     1DD6       26      407       0
                text1                              1D84     1D84       2A      407       0
                text0                              1420     1420       F4      407       0
                cstackCOMRAM                          1        1       3F        1       1
                bssBANK1                            100      100       7B      100       1
                dataBANK0                            B0       B0       14       60       1
                bssBANK0                             60       60       50       60       1
                dataCOMRAM                           51       51        A        1       1
                bssCOMRAM                            40       40       11        1       1
                cinit                              19E6     19E6       72      407       0
                nvCOMRAM                             5B       5B        2        1       1
                idataBANK0                         1E80     1E80       14      407       0
                idataCOMRAM                        1EC8     1EC8        A      407       0

TOTAL           Name                               Link     Load   Length     Space
        CLASS   STACK          

        CLASS   CODE           
                intcode                               8        8        6         0
                init                                  E        E        4         0
                reset_vec                             0        0        4         0
                intcode_body                       1E94     1E94       14         0
                text54                             1790     1790       AE         0
                text53                             1CEA     1CEA       38         0
                text52                             1972     1972       74         0
                text51                             1514     1514       F4         0
                text50                             10D8     10D8      1A8         0
                text49                             1CAA     1CAA       40         0
                text48                             1608     1608       D2         0
                text47                             1AB0     1AB0       52         0
                text46                             1C28     1C28       42         0
                text45                             18DE     18DE       94         0
                text44                             1D22     1D22       32         0
                text43                              E3E      E3E      29A         0
                text42                             1F62     1F62        4         0
                text41                             1F5E     1F5E        4         0
                text40                             1F5A     1F5A        4         0
                text39                             1F56     1F56        4         0
                text38                             1F52     1F52        4         0
                text37                             1F4E     1F4E        4         0
                text36                             1F4A     1F4A        4         0
                text35                             1F46     1F46        4         0
                text34                             1F42     1F42        4         0
                text33                             1F3E     1F3E        4         0
                text32                             1C6A     1C6A       40         0
                text31                             1B02     1B02       50         0
                text30                             183E     183E       A0         0
                text29                             1DFC     1DFC       26         0
                text28                             1E46     1E46       1E         0
                text27                             1F38     1F38        6         0
                text26                             16DA     16DA       B6         0
                text25                             1E22     1E22       24         0
                text24                             1B52     1B52       4C         0
                text23                              80E      80E      630         0
                text22                             1F2A     1F2A        8         0
                text21                             1F22     1F22        8         0
                text20                             1F18     1F18        A         0
                text19                             1F0E     1F0E        A         0
                text18                             1F32     1F32        6         0
                text17                             1280     1280      1A0         0
                text16                             1F04     1F04        A         0
                text15                             1E64     1E64       1C         0
                text14                             1EFA     1EFA        A         0
                text13                             1EF0     1EF0        A         0
                text12                             1EE6     1EE6        A         0
                text11                             1EDC     1EDC        A         0
                text10                             1BE6     1BE6       42         0
                text9                              1A58     1A58       58         0
                text8                              1B9E     1B9E       48         0
                text7                              1DAE     1DAE       28         0
                text6                              1D54     1D54       30         0
                text5                              1EA8     1EA8       12         0
                text4                              1ED2     1ED2        A         0
                text3                              1EBA     1EBA        E         0
                text2                              1DD6     1DD6       26         0
                text1                              1D84     1D84       2A         0
                text0                              1420     1420       F4         0
                cinit                              19E6     19E6       72         0
                idataBANK0                         1E80     1E80       14         0
                idataCOMRAM                        1EC8     1EC8        A         0

        CLASS   CONST          

        CLASS   SMALLCONST     
                smallconst                          800      800        E         0

        CLASS   MEDIUMCONST    

        CLASS   COMRAM         
                temp                                 5D       5D        1         1
                cstackCOMRAM                          1        1       3F         1
                dataCOMRAM                           51       51        A         1
                bssCOMRAM                            40       40       11         1
                nvCOMRAM                             5B       5B        2         1

        CLASS   ABS1           

        CLASS   BIGRAM         

        CLASS   RAM            

        CLASS   BANK0          
                dataBANK0                            B0       B0       14         1
                bssBANK0                             60       60       50         1

        CLASS   BANK1          
                bssBANK1                            100      100       7B         1

        CLASS   BANK2          

        CLASS   BANK3          

        CLASS   BANK4          

        CLASS   BANK5          

        CLASS   BANK6          

        CLASS   BANK7          

        CLASS   SFR            

        CLASS   FARRAM         

        CLASS   CONFIG         
                config                           300000   300000        E         0

        CLASS   IDLOC          
                idloc                            200000   200000        8         0

        CLASS   EEDATA         



SEGMENTS        Name                           Load    Length   Top    Selector   Space  Class

                reset_vec                      000000  000004  000004         0       0  CODE    
                cstackCOMRAM                   000001  00005D  00005E         1       1  COMRAM  
                intcode                        000008  00000A  000012         4       0  CODE    
                bssBANK0                       000060  000064  0000C4        60       1  BANK0   
                bssBANK1                       000100  00007B  00017B       100       1  BANK1   
                smallconst                     000800  00000E  00080E       400       0  SMALLCON
                text23                         00080E  001758  001F66       407       0  CODE    
                idloc                          200000  000008  200008    200000       0  IDLOC   
                config                         300000  00000E  30000E    300000       0  CONFIG  


UNUSED ADDRESS RANGES

        Name                Unused          Largest block    Delta
        BANK0            0000C4-0000FF               3C
        BANK1            00017B-0001FF               85
        BANK2            000200-0002FF              100
        BANK3            000300-0003FF              100
        BANK4            000400-0004FF              100
        BANK5            000500-0005FF              100
        BANK6            000600-0006FF              100
        BANK7            000700-0007FF              100
        BIGRAM           00005E-00005F                2
                         0000C4-0000FF               3C
                         00017B-0007FF              685
        CODE             000004-000007                4
                         000012-0007FF              7EE
                         001F66-007FFF             609A
        COMRAM           00005E-00005F                2
        CONST            000004-000007                4
                         000012-0007FF              7EE
                         001F66-007FFF             609A
        EEDATA           F00000-F000FF              100
        MEDIUMCONST      001F66-007FFF             609A
        RAM              0000C4-0000FF               3C
                         00017B-0007FF              100
        SFR              000F60-000FFF               A0
        SMALLCONST       001F66-007FFF              100
        STACK            00017B-0007FF              685

                                  Symbol Table

?___awtoft                       cstackCOMRAM 000009
?___ftadd                        cstackCOMRAM 000009
?___ftmul                        cstackCOMRAM 000009
?___ftpack                       cstackCOMRAM 000001
?___ftsub                        cstackCOMRAM 000015
?___fttol                        cstackCOMRAM 000018
?___lwdiv                        cstackCOMRAM 000001
?___lwmod                        cstackCOMRAM 000001
?___lwtoft                       cstackCOMRAM 000009
?___wmul                         cstackCOMRAM 000001
_ADCON1                          (abs)        000FC1
_CMCON                           (abs)        000FB4
_DISP7S_CHARS                    smallconst   00080B
_DISP7S_NUMS                     smallconst   000801
_GIE                             (abs)        007F97
_INTERRUPCION                    intcode      000008
_LATA                            (abs)        000F89
_LATB                            (abs)        000F8A
_LATC                            (abs)        000F8B
_LATD                            (abs)        000F8C
_LATE                            (abs)        000F8D
_PORTC                           (abs)        000F82
_PORTD                           (abs)        000F83
_PORTE                           (abs)        000F84
_T0CON                           (abs)        000FD5
_TMR0H                           (abs)        000FD7
_TMR0IE                          (abs)        007F95
_TMR0IF                          (abs)        007F92
_TMR0L                           (abs)        000FD6
_TRISA                           (abs)        000F92
_TRISB                           (abs)        000F93
_TRISC                           (abs)        000F94
_TRISD                           (abs)        000F95
_TRISE                           (abs)        000F96
_UCFG                            (abs)        000F6F
_UCON                            (abs)        000F6D
__CFG_BOR$OFF                    (abs)        000000
__CFG_BORV$3                     (abs)        000000
__CFG_CPUDIV$OSC1_PLL2           (abs)        000000
__CFG_FCMEN$OFF                  (abs)        000000
__CFG_FOSC$HSPLL_HS              (abs)        000000
__CFG_IESO$OFF                   (abs)        000000
__CFG_LVP$OFF                    (abs)        000000
__CFG_MCLRE$ON                   (abs)        000000
__CFG_PBADEN$OFF                 (abs)        000000
__CFG_PLLDIV$5                   (abs)        000000
__CFG_PWRT$ON                    (abs)        000000
__CFG_USBDIV$2                   (abs)        000000
__CFG_VREGEN$ON                  (abs)        000000
__CFG_WDT$OFF                    (abs)        000000
__HRAM                           (abs)        000000
__Habs1                          abs1         000000
__Hbank0                         bank0        000000
__Hbank1                         bank1        000000
__Hbank2                         bank2        000000
__Hbank3                         bank3        000000
__Hbank4                         bank4        000000
__Hbank5                         bank5        000000
__Hbank6                         bank6        000000
__Hbank7                         bank7        000000
__Hbigbss                        bigbss       000000
__Hbigdata                       bigdata      000000
__Hbigram                        bigram       000000
__Hbss                           bss          000000
__HbssBANK0                      bssBANK0     000000
__HbssBANK1                      bssBANK1     000000
__HbssCOMRAM                     bssCOMRAM    000000
__Hcinit                         cinit        000000
__Hclrtext                       clrtext      000000
__Hcomram                        comram       000000
__Hconfig                        config       30000E
__Hconst                         const        000000
__HcstackCOMRAM                  cstackCOMRAM 000000
__Hdata                          data         000000
__HdataBANK0                     dataBANK0    000000
__HdataCOMRAM                    dataCOMRAM   000000
__Heeprom_data                   eeprom_data  000000
__Hfarbss                        farbss       000000
__Hfardata                       fardata      000000
__Hibigdata                      ibigdata     000000
__Hidata                         idata        000000
__HidataBANK0                    idataBANK0   000000
__HidataCOMRAM                   idataCOMRAM  000000
__Hidloc                         idloc        200008
__Hifardata                      ifardata     000000
__Hinit                          init         000012
__Hintcode                       intcode      00000E
__Hintcode_body                  intcode_body 000000
__Hintcodelo                     intcodelo    00000E
__Hintentry                      intentry     000000
__Hintret                        intret       000000
__Hintsave_regs                  intsave_regs 000000
__Hirdata                        irdata       000000
__Hmediumconst                   mediumconst  000000
__HnvCOMRAM                      nvCOMRAM     000000
__HnvFARRAM                      nvFARRAM     000000
__Hnvbit                         nvbit        000000
__Hnvrram                        nvrram       000000
__Hparam                         rparam       000000
__Hpowerup                       powerup      00000E
__Hram                           ram          000000
__Hramtop                        ramtop       000800
__Hrbit                          rbit         000000
__Hrbss                          rbss         000000
__Hrdata                         rdata        000000
__Hreset_vec                     reset_vec    000004
__Hrparam                        rparam       000000
__Hsfr                           sfr          000000
__Hsmallconst                    smallconst   00080E
__Hspace_0                       (abs)        30000E
__Hspace_1                       (abs)        00017B
__Hspace_2                       (abs)        000000
__Hstack                         stack        000000
__Hstruct                        struct       000000
__Htemp                          temp         00005E
__Htext                          text         000000
__Htext0                         text0        000000
__Htext1                         text1        000000
__Htext10                        text10       000000
__Htext11                        text11       000000
__Htext12                        text12       000000
__Htext13                        text13       000000
__Htext14                        text14       000000
__Htext15                        text15       000000
__Htext16                        text16       000000
__Htext17                        text17       000000
__Htext18                        text18       000000
__Htext19                        text19       000000
__Htext2                         text2        000000
__Htext20                        text20       000000
__Htext21                        text21       000000
__Htext22                        text22       000000
__Htext23                        text23       000000
__Htext24                        text24       000000
__Htext25                        text25       000000
__Htext26                        text26       000000
__Htext27                        text27       000000
__Htext28                        text28       000000
__Htext29                        text29       000000
__Htext3                         text3        000000
__Htext30                        text30       000000
__Htext31                        text31       000000
__Htext32                        text32       000000
__Htext33                        text33       000000
__Htext34                        text34       000000
__Htext35                        text35       000000
__Htext36                        text36       000000
__Htext37                        text37       000000
__Htext38                        text38       000000
__Htext39                        text39       000000
__Htext4                         text4        000000
__Htext40                        text40       000000
__Htext41                        text41       000000
__Htext42                        text42       000000
__Htext43                        text43       000000
__Htext44                        text44       000000
__Htext45                        text45       000000
__Htext46                        text46       000000
__Htext47                        text47       000000
__Htext48                        text48       000000
__Htext49                        text49       000000
__Htext5                         text5        000000
__Htext50                        text50       000000
__Htext51                        text51       000000
__Htext52                        text52       000000
__Htext53                        text53       000000
__Htext54                        text54       000000
__Htext6                         text6        000000
__Htext7                         text7        000000
__Htext8                         text8        000000
__Htext9                         text9        000000
__LRAM                           (abs)        000001
__Labs1                          abs1         000000
__Lbank0                         bank0        000000
__Lbank1                         bank1        000000
__Lbank2                         bank2        000000
__Lbank3                         bank3        000000
__Lbank4                         bank4        000000
__Lbank5                         bank5        000000
__Lbank6                         bank6        000000
__Lbank7                         bank7        000000
__Lbigbss                        bigbss       000000
__Lbigdata                       bigdata      000000
__Lbigram                        bigram       000000
__Lbss                           bss          000000
__LbssBANK0                      bssBANK0     000000
__LbssBANK1                      bssBANK1     000000
__LbssCOMRAM                     bssCOMRAM    000000
__Lcinit                         cinit        000000
__Lclrtext                       clrtext      000000
__Lcomram                        comram       000000
__Lconfig                        config       300000
__Lconst                         const        000000
__LcstackCOMRAM                  cstackCOMRAM 000000
__Ldata                          data         000000
__LdataBANK0                     dataBANK0    000000
__LdataCOMRAM                    dataCOMRAM   000000
__Leeprom_data                   eeprom_data  000000
__Lfarbss                        farbss       000000
__Lfardata                       fardata      000000
__Libigdata                      ibigdata     000000
__Lidata                         idata        000000
__LidataBANK0                    idataBANK0   000000
__LidataCOMRAM                   idataCOMRAM  000000
__Lidloc                         idloc        200000
__Lifardata                      ifardata     000000
__Linit                          init         00000E
__Lintcode                       intcode      000008
__Lintcode_body                  intcode_body 000000
__Lintcodelo                     intcodelo    00000E
__Lintentry                      intentry     000000
__Lintret                        intret       000000
__Lintsave_regs                  intsave_regs 000000
__Lirdata                        irdata       000000
__Lmediumconst                   mediumconst  000000
__LnvCOMRAM                      nvCOMRAM     000000
__LnvFARRAM                      nvFARRAM     000000
__Lnvbit                         nvbit        000000
__Lnvrram                        nvrram       000000
__Lparam                         rparam       000000
__Lpowerup                       powerup      00000E
__Lram                           ram          000000
__Lramtop                        ramtop       000800
__Lrbit                          rbit         000000
__Lrbss                          rbss         000000
__Lrdata                         rdata        000000
__Lreset_vec                     reset_vec    000000
__Lrparam                        rparam       000000
__Lsfr                           sfr          000000
__Lsmallconst                    smallconst   000800
__Lspace_0                       (abs)        000000
__Lspace_1                       (abs)        000000
__Lspace_2                       (abs)        000000
__Lstack                         stack        000000
__Lstruct                        struct       000000
__Ltemp                          temp         00005D
__Ltext                          text         000000
__Ltext0                         text0        000000
__Ltext1                         text1        000000
__Ltext10                        text10       000000
__Ltext11                        text11       000000
__Ltext12                        text12       000000
__Ltext13                        text13       000000
__Ltext14                        text14       000000
__Ltext15                        text15       000000
__Ltext16                        text16       000000
__Ltext17                        text17       000000
__Ltext18                        text18       000000
__Ltext19                        text19       000000
__Ltext2                         text2        000000
__Ltext20                        text20       000000
__Ltext21                        text21       000000
__Ltext22                        text22       000000
__Ltext23                        text23       000000
__Ltext24                        text24       000000
__Ltext25                        text25       000000
__Ltext26                        text26       000000
__Ltext27                        text27       000000
__Ltext28                        text28       000000
__Ltext29                        text29       000000
__Ltext3                         text3        000000
__Ltext30                        text30       000000
__Ltext31                        text31       000000
__Ltext32                        text32       000000
__Ltext33                        text33       000000
__Ltext34                        text34       000000
__Ltext35                        text35       000000
__Ltext36                        text36       000000
__Ltext37                        text37       000000
__Ltext38                        text38       000000
__Ltext39                        text39       000000
__Ltext4                         text4        000000
__Ltext40                        text40       000000
__Ltext41                        text41       000000
__Ltext42                        text42       000000
__Ltext43                        text43       000000
__Ltext44                        text44       000000
__Ltext45                        text45       000000
__Ltext46                        text46       000000
__Ltext47                        text47       000000
__Ltext48                        text48       000000
__Ltext49                        text49       000000
__Ltext5                         text5        000000
__Ltext50                        text50       000000
__Ltext51                        text51       000000
__Ltext52                        text52       000000
__Ltext53                        text53       000000
__Ltext54                        text54       000000
__Ltext6                         text6        000000
__Ltext7                         text7        000000
__Ltext8                         text8        000000
__Ltext9                         text9        000000
__S0                             (abs)        30000E
__S1                             (abs)        00017B
__S2                             (abs)        000000
___awtoft                        text53       001CEA
___awtoft@c                      cstackCOMRAM 000009
___awtoft@sign                   cstackCOMRAM 00000C
___ftadd                         text50       0010D8
___ftadd@exp1                    cstackCOMRAM 000014
___ftadd@exp2                    cstackCOMRAM 000013
___ftadd@f1                      cstackCOMRAM 000009
___ftadd@f2                      cstackCOMRAM 00000C
___ftadd@sign                    cstackCOMRAM 000012
___ftge                          text52       001972
___ftge@ff1                      cstackCOMRAM 00000C
___ftge@ff2                      cstackCOMRAM 00000F
___ftmul                         text51       001514
___ftmul@cntr                    cstackCOMRAM 000016
___ftmul@exp                     cstackCOMRAM 000012
___ftmul@f1                      cstackCOMRAM 000009
___ftmul@f2                      cstackCOMRAM 00000C
___ftmul@f3_as_product           cstackCOMRAM 000013
___ftmul@sign                    cstackCOMRAM 000017
___ftpack                        text54       001790
___ftpack@arg                    cstackCOMRAM 000001
___ftpack@exp                    cstackCOMRAM 000004
___ftpack@sign                   cstackCOMRAM 000005
___ftsub                         text49       001CAA
___ftsub@f1                      cstackCOMRAM 000015
___ftsub@f2                      cstackCOMRAM 000018
___fttol                         text48       001608
___fttol@exp1                    cstackCOMRAM 000026
___fttol@f1                      cstackCOMRAM 000018
___fttol@lval                    cstackCOMRAM 000022
___fttol@sign1                   cstackCOMRAM 000021
___inthi_sp                      stack        000000
___intlo_sp                      stack        000000
___lwdiv                         text47       001AB0
___lwdiv@counter                 cstackCOMRAM 000007
___lwdiv@dividend                cstackCOMRAM 000001
___lwdiv@divisor                 cstackCOMRAM 000003
___lwdiv@quotient                cstackCOMRAM 000005
___lwmod                         text46       001C28
___lwmod@counter                 cstackCOMRAM 000005
___lwmod@dividend                cstackCOMRAM 000001
___lwmod@divisor                 cstackCOMRAM 000003
___lwtoft                        text25       001E22
___lwtoft@c                      cstackCOMRAM 000009
___param_bank                    (abs)        000000
___rparam_used                   (abs)        000001
___sp                            stack        000000
___wmul                          text2        001DD6
___wmul@multiplicand             cstackCOMRAM 000003
___wmul@multiplier               cstackCOMRAM 000001
___wmul@product                  cstackCOMRAM 000005
__accesstop                      (abs)        000060
__activetblptr                   (abs)        000002
__end_of_DISP7S_CHARS            smallconst   00080D
__end_of_DISP7S_NUMS             smallconst   00080B
__end_of_INTERRUPCION            intcode_body 001EA8
__end_of___awtoft                text53       001D22
__end_of___ftadd                 text50       001280
__end_of___ftge                  text52       0019E6
__end_of___ftmul                 text51       001608
__end_of___ftpack                text54       00183E
__end_of___ftsub                 text49       001CEA
__end_of___fttol                 text48       0016DA
__end_of___lwdiv                 text47       001B02
__end_of___lwmod                 text46       001C6A
__end_of___lwtoft                text25       001E46
__end_of___wmul                  text2        001DFC
__end_of__initialization         cinit        001A4A
__end_of__mpap_off               text4        001EDC
__end_of__mpap_step1             text13       001EFA
__end_of__mpap_step2             text12       001EF0
__end_of__mpap_step3             text11       001EE6
__end_of__mpap_step4             text14       001F04
__end_of_disp_show_quantity      text43       0010D8
__end_of_display7s_init          text31       001B52
__end_of_display7s_job           text29       001E22
__end_of_ikb_flush               text27       001F3E
__end_of_ikb_init                text26       001790
__end_of_ikb_job                 text16       001F0E
__end_of_ikb_key_is_ready2read   text15       001E80
__end_of_ikey_clear_all_flag     text28       001E64
__end_of_ikey_is_accessible      text24       001B9E
__end_of_ikey_parsing            text23       000E3E
__end_of_ikey_scan               text17       001420
__end_of_itoa                    text44       001D54
__end_of_keyRead_pin_key1        text21       001F2A
__end_of_keyRead_pin_key2        text20       001F22
__end_of_keyRead_pin_key3        text19       001F18
__end_of_keyRead_pin_key4        text18       001F38
__end_of_keyRead_pin_key5        text22       001F32
__end_of_main                    text0        001514
__end_of_mpap_do1step            text10       001C28
__end_of_mpap_homming            text9        001AB0
__end_of_mpap_job                text7        001DD6
__end_of_mpap_normal_mode        text8        001BE6
__end_of_mpap_setupToHomming     text5        001EBA
__end_of_mpap_setupToTurn        text6        001D84
__end_of_mpap_stop               text3        001EC8
__end_of_multiplexedDisp0_off    text41       001F62
__end_of_multiplexedDisp0_on     text40       001F5E
__end_of_multiplexedDisp1_off    text39       001F5A
__end_of_multiplexedDisp1_on     text38       001F56
__end_of_multiplexedDisp2_off    text37       001F52
__end_of_multiplexedDisp2_on     text36       001F4E
__end_of_multiplexedDisp3_off    text35       001F4A
__end_of_multiplexedDisp3_on     text34       001F46
__end_of_multiplexedDisp4_off    text33       001F42
__end_of_multiplexedDisp4_on     text42       001F66
__end_of_multiplexedDisp_init    text32       001CAA
__end_of_multiplexedDisp_job     text30       0018DE
__end_of_nozzle_moveto           text1        001DAE
__end_of_utoa                    text45       001972
__initialization                 cinit        0019E6
__mediumconst                    mediumconst  000000
__mpap_off                       text4        001ED2
__mpap_step1                     text13       001EF0
__mpap_step2                     text12       001EE6
__mpap_step3                     text11       001EDC
__mpap_step4                     text14       001EFA
__pbssBANK0                      bssBANK0     000060
__pbssBANK1                      bssBANK1     000100
__pbssCOMRAM                     bssCOMRAM    000040
__pcinit                         cinit        0019E6
__pcstackCOMRAM                  cstackCOMRAM 000001
__pdataBANK0                     dataBANK0    0000B0
__pdataCOMRAM                    dataCOMRAM   000051
__pidataBANK0                    idataBANK0   001E80
__pidataCOMRAM                   idataCOMRAM  001EC8
__pintcode                       intcode      000008
__pintcode_body                  intcode_body 001E94
__pnvCOMRAM                      nvCOMRAM     00005B
__psmallconst                    smallconst   000800
__ptext0                         text0        001420
__ptext1                         text1        001D84
__ptext10                        text10       001BE6
__ptext11                        text11       001EDC
__ptext12                        text12       001EE6
__ptext13                        text13       001EF0
__ptext14                        text14       001EFA
__ptext15                        text15       001E64
__ptext16                        text16       001F04
__ptext17                        text17       001280
__ptext18                        text18       001F32
__ptext19                        text19       001F0E
__ptext2                         text2        001DD6
__ptext20                        text20       001F18
__ptext21                        text21       001F22
__ptext22                        text22       001F2A
__ptext23                        text23       00080E
__ptext24                        text24       001B52
__ptext25                        text25       001E22
__ptext26                        text26       0016DA
__ptext27                        text27       001F38
__ptext28                        text28       001E46
__ptext29                        text29       001DFC
__ptext3                         text3        001EBA
__ptext30                        text30       00183E
__ptext31                        text31       001B02
__ptext32                        text32       001C6A
__ptext33                        text33       001F3E
__ptext34                        text34       001F42
__ptext35                        text35       001F46
__ptext36                        text36       001F4A
__ptext37                        text37       001F4E
__ptext38                        text38       001F52
__ptext39                        text39       001F56
__ptext4                         text4        001ED2
__ptext40                        text40       001F5A
__ptext41                        text41       001F5E
__ptext42                        text42       001F62
__ptext43                        text43       000E3E
__ptext44                        text44       001D22
__ptext45                        text45       0018DE
__ptext46                        text46       001C28
__ptext47                        text47       001AB0
__ptext48                        text48       001608
__ptext49                        text49       001CAA
__ptext5                         text5        001EA8
__ptext50                        text50       0010D8
__ptext51                        text51       001514
__ptext52                        text52       001972
__ptext53                        text53       001CEA
__ptext54                        text54       001790
__ptext6                         text6        001D54
__ptext7                         text7        001DAE
__ptext8                         text8        001B9E
__ptext9                         text9        001A58
__ramtop                         ramtop       000800
__size_of_INTERRUPCION           (abs)        000000
__size_of___awtoft               (abs)        000000
__size_of___ftadd                (abs)        000000
__size_of___ftge                 (abs)        000000
__size_of___ftmul                (abs)        000000
__size_of___ftpack               (abs)        000000
__size_of___ftsub                (abs)        000000
__size_of___fttol                (abs)        000000
__size_of___lwdiv                (abs)        000000
__size_of___lwmod                (abs)        000000
__size_of___lwtoft               (abs)        000000
__size_of___wmul                 (abs)        000000
__size_of__mpap_off              (abs)        000000
__size_of__mpap_step1            (abs)        000000
__size_of__mpap_step2            (abs)        000000
__size_of__mpap_step3            (abs)        000000
__size_of__mpap_step4            (abs)        000000
__size_of_disp_show_quantity     (abs)        000000
__size_of_display7s_init         (abs)        000000
__size_of_display7s_job          (abs)        000000
__size_of_ikb_flush              (abs)        000000
__size_of_ikb_init               (abs)        000000
__size_of_ikb_job                (abs)        000000
__size_of_ikb_key_is_ready2read  (abs)        000000
__size_of_ikey_clear_all_flag    (abs)        000000
__size_of_ikey_is_accessible     (abs)        000000
__size_of_ikey_parsing           (abs)        000000
__size_of_ikey_scan              (abs)        000000
__size_of_itoa                   (abs)        000000
__size_of_keyRead_pin_key1       (abs)        000000
__size_of_keyRead_pin_key2       (abs)        000000
__size_of_keyRead_pin_key3       (abs)        000000
__size_of_keyRead_pin_key4       (abs)        000000
__size_of_keyRead_pin_key5       (abs)        000000
__size_of_main                   (abs)        000000
__size_of_mpap_do1step           (abs)        000000
__size_of_mpap_homming           (abs)        000000
__size_of_mpap_job               (abs)        000000
__size_of_mpap_normal_mode       (abs)        000000
__size_of_mpap_setupToHomming    (abs)        000000
__size_of_mpap_setupToTurn       (abs)        000000
__size_of_mpap_stop              (abs)        000000
__size_of_multiplexedDisp0_off   (abs)        000000
__size_of_multiplexedDisp0_on    (abs)        000000
__size_of_multiplexedDisp1_off   (abs)        000000
__size_of_multiplexedDisp1_on    (abs)        000000
__size_of_multiplexedDisp2_off   (abs)        000000
__size_of_multiplexedDisp2_on    (abs)        000000
__size_of_multiplexedDisp3_off   (abs)        000000
__size_of_multiplexedDisp3_on    (abs)        000000
__size_of_multiplexedDisp4_off   (abs)        000000
__size_of_multiplexedDisp4_on    (abs)        000000
__size_of_multiplexedDisp_init   (abs)        000000
__size_of_multiplexedDisp_job    (abs)        000000
__size_of_nozzle_moveto          (abs)        000000
__size_of_utoa                   (abs)        000000
__smallconst                     smallconst   000800
_disp_show_quantity              text43       000E3E
_display7s_init                  text31       001B02
_display7s_job                   text29       001DFC
_group_x                         bssCOMRAM    000048
_ikb_flush                       text27       001F38
_ikb_init                        text26       0016DA
_ikb_job                         text16       001F04
_ikb_key_is_ready2read           text15       001E64
_ikey_clear_all_flag             text28       001E46
_ikey_is_accessible              text24       001B52
_ikey_parsing                    text23       00080E
_ikey_scan                       text17       001280
_isr_flag                        bssCOMRAM    000050
_itoa                            text44       001D22
_key                             bssBANK0     000060
_keyRead_pin_key1                text21       001F22
_keyRead_pin_key2                text20       001F18
_keyRead_pin_key3                text19       001F0E
_keyRead_pin_key4                text18       001F32
_keyRead_pin_key5                text22       001F2A
_main                            text0        001420
_main_flag                       bssCOMRAM    00004F
_mpap                            bssCOMRAM    000040
_mpap_do1step                    text10       001BE6
_mpap_homming                    text9        001A58
_mpap_job                        text7        001DAE
_mpap_normal_mode                text8        001B9E
_mpap_off                        dataCOMRAM   000059
_mpap_setupToHomming             text5        001EA8
_mpap_setupToTurn                text6        001D54
_mpap_setupToTurn$149            cstackCOMRAM 000009
_mpap_step                       dataCOMRAM   000051
_mpap_stop                       text3        001EBA
_multiplexedDisp                 dataBANK0    0000B0
_multiplexedDisp0_off            text41       001F5E
_multiplexedDisp0_on             text40       001F5A
_multiplexedDisp1_off            text39       001F56
_multiplexedDisp1_on             text38       001F52
_multiplexedDisp2_off            text37       001F4E
_multiplexedDisp2_on             text36       001F4A
_multiplexedDisp3_off            text35       001F46
_multiplexedDisp3_on             text34       001F42
_multiplexedDisp4_off            text33       001F3E
_multiplexedDisp4_on             text42       001F62
_multiplexedDisp_init            text32       001C6A
_multiplexedDisp_job             text30       00183E
_nozzle_moveto                   text1        001D84
_pulsonic                        bssBANK1     000100
_t                               nvCOMRAM     00005B
_utoa                            text45       0018DE
btemp                            temp         00005D
disp_show_quantity@I             cstackCOMRAM 00003B
disp_show_quantity@buff          cstackCOMRAM 00002B
disp_show_quantity@f             cstackCOMRAM 000027
disp_show_quantity@i             cstackCOMRAM 00003D
disp_show_quantity@last_pos      cstackCOMRAM 00003A
disp_show_quantity@num           cstackCOMRAM 000038
disp_show_quantity@q             cstackCOMRAM 000039
disp_show_quantity@real          cstackCOMRAM 000035
display7s_job@q                  bssCOMRAM    00004D
end_of_initialization            cinit        001A4A
ikb_init@i                       cstackCOMRAM 000001
ikb_key_is_ready2read@k          cstackCOMRAM 000001
ikey_clear_all_flag@i            cstackCOMRAM 000001
ikey_is_accessible@k             cstackCOMRAM 000003
ikey_parsing@k                   cstackCOMRAM 000019
ikey_scan@k                      cstackCOMRAM 000002
int$flags                        temp         00005D
int_func                         intcode_body 001E94
intlevel0                        text         000000
intlevel1                        text         000000
intlevel2                        text         000000
intlevel3                        text         000000
itoa@base                        cstackCOMRAM 000013
itoa@buf                         cstackCOMRAM 000010
itoa@val                         cstackCOMRAM 000011
main@c                           cstackCOMRAM 00003E
main@c_disp                      cstackCOMRAM 00003F
mpap_do1step@KI                  cstackCOMRAM 000001
mpap_do1step@i                   bssCOMRAM    00004E
mpap_homming@cod_ret             cstackCOMRAM 000003
mpap_normal_mode@cod_ret         cstackCOMRAM 000002
mpap_setupToTurn@numSteps_tomove cstackCOMRAM 000007
multiplexedDisp_init@i           cstackCOMRAM 000001
multiplexedDisp_job@i            cstackCOMRAM 000008
multiplexedDisp_job@q            cstackCOMRAM 000007
nozzle_moveto@nozzle             cstackCOMRAM 00000B
stackhi                          (abs)        0007FF
stacklo                          (abs)        00017B
start                            init         00000E
start_initialization             cinit        0019E6
ttemp5                           temp         00005E
ttemp6                           temp         000061
ttemp7                           temp         000065
utoa@base                        cstackCOMRAM 00000B
utoa@buf                         cstackCOMRAM 000008
utoa@c                           cstackCOMRAM 00000F
utoa@v                           cstackCOMRAM 00000D
utoa@val                         cstackCOMRAM 000009
wtemp8                           temp         00005E


FUNCTION INFORMATION:

 *************** function _main *****************
 Defined at:
		line 281 in file "main.c"
 Parameters:    Size  Location     Type
		None
 Auto vars:     Size  Location     Type
  c_disp          1   62[COMRAM] char 
  c               1   61[COMRAM] char 
 Return value:  Size  Location     Type
                  1    wreg      void 
 Registers used:
		wreg, fsr1l, fsr1h, fsr2l, fsr2h, status,2, status,0, pclath, tosl, tblptrl, tblptrh, tblptru, prodl, prodh, cstack
 Tracked objects:
		On entry : 
		On exit  : 
		Unchanged: 
 Data sizes:     COMRAM   BANK0   BANK1   BANK2   BANK3   BANK4   BANK5   BANK6   BANK7
      Params:         0       0       0       0       0       0       0       0       0
      Locals:         2       0       0       0       0       0       0       0       0
      Temps:          0       0       0       0       0       0       0       0       0
      Totals:         2       0       0       0       0       0       0       0       0
Total ram usage:        2 bytes
 Hardware stack levels required when called:    5
 This function calls:
		_disp_show_quantity
		_display7s_init
		_display7s_job
		_ikb_flush
		_ikb_init
		_ikb_job
		_ikb_key_is_ready2read
		_mpap_job
		_mpap_setupToHomming
		_mpap_stop
		_nozzle_moveto
 This function is called by:
		Startup code after reset
 This function uses a non-reentrant model


 *************** function _nozzle_moveto *****************
 Defined at:
		line 180 in file "main.c"
 Parameters:    Size  Location     Type
  nozzle          1    wreg     char 
 Auto vars:     Size  Location     Type
  nozzle          1   10[COMRAM] char 
 Return value:  Size  Location     Type
                  1    wreg      void 
 Registers used:
		wreg, status,2, status,0, prodl, prodh, cstack
 Tracked objects:
		On entry : 
		On exit  : 
		Unchanged: 
 Data sizes:     COMRAM   BANK0   BANK1   BANK2   BANK3   BANK4   BANK5   BANK6   BANK7
      Params:         0       0       0       0       0       0       0       0       0
      Locals:         1       0       0       0       0       0       0       0       0
      Temps:          0       0       0       0       0       0       0       0       0
      Totals:         1       0       0       0       0       0       0       0       0
Total ram usage:        1 bytes
 Hardware stack levels used:    1
 Hardware stack levels required when called:    2
 This function calls:
		___wmul
		_mpap_setupToTurn
 This function is called by:
		_main
 This function uses a non-reentrant model


 *************** function ___wmul *****************
 Defined at:
		line 15 in file "/opt/microchip/xc8/v2.05/pic/sources/c90/common/Umul16.c"
 Parameters:    Size  Location     Type
  multiplier      2    0[COMRAM] unsigned int 
  multiplicand    2    2[COMRAM] unsigned int 
 Auto vars:     Size  Location     Type
  product         2    4[COMRAM] unsigned int 
 Return value:  Size  Location     Type
                  2    0[COMRAM] unsigned int 
 Registers used:
		wreg, status,2, status,0, prodl, prodh
 Tracked objects:
		On entry : 
		On exit  : 
		Unchanged: 
 Data sizes:     COMRAM   BANK0   BANK1   BANK2   BANK3   BANK4   BANK5   BANK6   BANK7
      Params:         4       0       0       0       0       0       0       0       0
      Locals:         2       0       0       0       0       0       0       0       0
      Temps:          0       0       0       0       0       0       0       0       0
      Totals:         6       0       0       0       0       0       0       0       0
Total ram usage:        6 bytes
 Hardware stack levels used:    1
 Hardware stack levels required when called:    1
 This function calls:
		Nothing
 This function is called by:
		_nozzle_moveto
 This function uses a non-reentrant model


 *************** function _mpap_stop *****************
 Defined at:
		line 192 in file "main.c"
 Parameters:    Size  Location     Type
		None
 Auto vars:     Size  Location     Type
		None
 Return value:  Size  Location     Type
                  1    wreg      void 
 Registers used:
		wreg, status,2, status,0, cstack
 Tracked objects:
		On entry : 
		On exit  : 
		Unchanged: 
 Data sizes:     COMRAM   BANK0   BANK1   BANK2   BANK3   BANK4   BANK5   BANK6   BANK7
      Params:         0       0       0       0       0       0       0       0       0
      Locals:         0       0       0       0       0       0       0       0       0
      Temps:          0       0       0       0       0       0       0       0       0
      Totals:         0       0       0       0       0       0       0       0       0
Total ram usage:        0 bytes
 Hardware stack levels used:    1
 Hardware stack levels required when called:    2
 This function calls:
		__mpap_off
 This function is called by:
		_main
 This function uses a non-reentrant model


 *************** function __mpap_off *****************
 Defined at:
		line 123 in file "main.c"
 Parameters:    Size  Location     Type
		None
 Auto vars:     Size  Location     Type
		None
 Return value:  Size  Location     Type
                  1    wreg      void 
 Registers used:
		status,2, status,0
 Tracked objects:
		On entry : 
		On exit  : 
		Unchanged: 
 Data sizes:     COMRAM   BANK0   BANK1   BANK2   BANK3   BANK4   BANK5   BANK6   BANK7
      Params:         0       0       0       0       0       0       0       0       0
      Locals:         0       0       0       0       0       0       0       0       0
      Temps:          0       0       0       0       0       0       0       0       0
      Totals:         0       0       0       0       0       0       0       0       0
Total ram usage:        0 bytes
 Hardware stack levels used:    1
 Hardware stack levels required when called:    1
 This function calls:
		Nothing
 This function is called by:
		_mpap_stop
 This function uses a non-reentrant model


 *************** function _mpap_setupToHomming *****************
 Defined at:
		line 173 in file "main.c"
 Parameters:    Size  Location     Type
		None
 Auto vars:     Size  Location     Type
		None
 Return value:  Size  Location     Type
                  1    wreg      void 
 Registers used:
		wreg, status,2, status,0, cstack
 Tracked objects:
		On entry : 
		On exit  : 
		Unchanged: 
 Data sizes:     COMRAM   BANK0   BANK1   BANK2   BANK3   BANK4   BANK5   BANK6   BANK7
      Params:         0       0       0       0       0       0       0       0       0
      Locals:         0       0       0       0       0       0       0       0       0
      Temps:          0       0       0       0       0       0       0       0       0
      Totals:         0       0       0       0       0       0       0       0       0
Total ram usage:        0 bytes
 Hardware stack levels used:    1
 Hardware stack levels required when called:    2
 This function calls:
		_mpap_setupToTurn
 This function is called by:
		_main
 This function uses a non-reentrant model


 *************** function _mpap_setupToTurn *****************
 Defined at:
		line 161 in file "main.c"
 Parameters:    Size  Location     Type
  numSteps_tom    2    6[COMRAM] int 
 Auto vars:     Size  Location     Type
		None
 Return value:  Size  Location     Type
                  1    wreg      void 
 Registers used:
		wreg, status,2, status,0
 Tracked objects:
		On entry : 
		On exit  : 
		Unchanged: 
 Data sizes:     COMRAM   BANK0   BANK1   BANK2   BANK3   BANK4   BANK5   BANK6   BANK7
      Params:         2       0       0       0       0       0       0       0       0
      Locals:         2       0       0       0       0       0       0       0       0
      Temps:          0       0       0       0       0       0       0       0       0
      Totals:         4       0       0       0       0       0       0       0       0
Total ram usage:        4 bytes
 Hardware stack levels used:    1
 Hardware stack levels required when called:    1
 This function calls:
		Nothing
 This function is called by:
		_mpap_setupToHomming
		_nozzle_moveto
 This function uses a non-reentrant model


 *************** function _mpap_job *****************
 Defined at:
		line 263 in file "main.c"
 Parameters:    Size  Location     Type
		None
 Auto vars:     Size  Location     Type
  cod_ret         1    0        char 
 Return value:  Size  Location     Type
                  1    wreg      char 
 Registers used:
		wreg, fsr2l, fsr2h, status,2, status,0, pclath, tosl, prodl, prodh, cstack
 Tracked objects:
		On entry : 
		On exit  : 
		Unchanged: 
 Data sizes:     COMRAM   BANK0   BANK1   BANK2   BANK3   BANK4   BANK5   BANK6   BANK7
      Params:         0       0       0       0       0       0       0       0       0
      Locals:         1       0       0       0       0       0       0       0       0
      Temps:          0       0       0       0       0       0       0       0       0
      Totals:         1       0       0       0       0       0       0       0       0
Total ram usage:        1 bytes
 Hardware stack levels used:    1
 Hardware stack levels required when called:    4
 This function calls:
		_mpap_homming
		_mpap_normal_mode
 This function is called by:
		_main
 This function uses a non-reentrant model


 *************** function _mpap_normal_mode *****************
 Defined at:
		line 243 in file "main.c"
 Parameters:    Size  Location     Type
		None
 Auto vars:     Size  Location     Type
  cod_ret         1    1[COMRAM] char 
 Return value:  Size  Location     Type
                  1    wreg      char 
 Registers used:
		wreg, fsr2l, fsr2h, status,2, status,0, pclath, tosl, prodl, prodh, cstack
 Tracked objects:
		On entry : 
		On exit  : 
		Unchanged: 
 Data sizes:     COMRAM   BANK0   BANK1   BANK2   BANK3   BANK4   BANK5   BANK6   BANK7
      Params:         0       0       0       0       0       0       0       0       0
      Locals:         1       0       0       0       0       0       0       0       0
      Temps:          0       0       0       0       0       0       0       0       0
      Totals:         1       0       0       0       0       0       0       0       0
Total ram usage:        1 bytes
 Hardware stack levels used:    1
 Hardware stack levels required when called:    3
 This function calls:
		_mpap_do1step
 This function is called by:
		_mpap_job
 This function uses a non-reentrant model


 *************** function _mpap_homming *****************
 Defined at:
		line 220 in file "main.c"
 Parameters:    Size  Location     Type
		None
 Auto vars:     Size  Location     Type
  cod_ret         1    2[COMRAM] char 
 Return value:  Size  Location     Type
                  1    wreg      char 
 Registers used:
		wreg, fsr2l, fsr2h, status,2, status,0, pclath, tosl, prodl, prodh, cstack
 Tracked objects:
		On entry : 
		On exit  : 
		Unchanged: 
 Data sizes:     COMRAM   BANK0   BANK1   BANK2   BANK3   BANK4   BANK5   BANK6   BANK7
      Params:         0       0       0       0       0       0       0       0       0
      Locals:         1       0       0       0       0       0       0       0       0
      Temps:          1       0       0       0       0       0       0       0       0
      Totals:         2       0       0       0       0       0       0       0       0
Total ram usage:        2 bytes
 Hardware stack levels used:    1
 Hardware stack levels required when called:    3
 This function calls:
		_mpap_do1step
 This function is called by:
		_mpap_job
 This function uses a non-reentrant model


 *************** function _mpap_do1step *****************
 Defined at:
		line 200 in file "main.c"
 Parameters:    Size  Location     Type
  KI              1    wreg     char 
 Auto vars:     Size  Location     Type
  KI              1    0[COMRAM] char 
 Return value:  Size  Location     Type
                  1    wreg      void 
 Registers used:
		wreg, fsr2l, fsr2h, status,2, status,0, pclath, tosl, prodl, prodh, cstack
 Tracked objects:
		On entry : 
		On exit  : 
		Unchanged: 
 Data sizes:     COMRAM   BANK0   BANK1   BANK2   BANK3   BANK4   BANK5   BANK6   BANK7
      Params:         0       0       0       0       0       0       0       0       0
      Locals:         1       0       0       0       0       0       0       0       0
      Temps:          0       0       0       0       0       0       0       0       0
      Totals:         1       0       0       0       0       0       0       0       0
Total ram usage:        1 bytes
 Hardware stack levels used:    1
 Hardware stack levels required when called:    2
 This function calls:
		__mpap_step1
		__mpap_step2
		__mpap_step3
		__mpap_step4
 This function is called by:
		_mpap_homming
		_mpap_normal_mode
 This function uses a non-reentrant model


 *************** function __mpap_step3 *****************
 Defined at:
		line 99 in file "main.c"
 Parameters:    Size  Location     Type
		None
 Auto vars:     Size  Location     Type
		None
 Return value:  Size  Location     Type
                  1    wreg      void 
 Registers used:
		status,2, status,0
 Tracked objects:
		On entry : 
		On exit  : 
		Unchanged: 
 Data sizes:     COMRAM   BANK0   BANK1   BANK2   BANK3   BANK4   BANK5   BANK6   BANK7
      Params:         0       0       0       0       0       0       0       0       0
      Locals:         0       0       0       0       0       0       0       0       0
      Temps:          0       0       0       0       0       0       0       0       0
      Totals:         0       0       0       0       0       0       0       0       0
Total ram usage:        0 bytes
 Hardware stack levels used:    1
 Hardware stack levels required when called:    1
 This function calls:
		Nothing
 This function is called by:
		_mpap_do1step
 This function uses a non-reentrant model


 *************** function __mpap_step2 *****************
 Defined at:
		line 92 in file "main.c"
 Parameters:    Size  Location     Type
		None
 Auto vars:     Size  Location     Type
		None
 Return value:  Size  Location     Type
                  1    wreg      void 
 Registers used:
		status,2, status,0
 Tracked objects:
		On entry : 
		On exit  : 
		Unchanged: 
 Data sizes:     COMRAM   BANK0   BANK1   BANK2   BANK3   BANK4   BANK5   BANK6   BANK7
      Params:         0       0       0       0       0       0       0       0       0
      Locals:         0       0       0       0       0       0       0       0       0
      Temps:          0       0       0       0       0       0       0       0       0
      Totals:         0       0       0       0       0       0       0       0       0
Total ram usage:        0 bytes
 Hardware stack levels used:    1
 Hardware stack levels required when called:    1
 This function calls:
		Nothing
 This function is called by:
		_mpap_do1step
 This function uses a non-reentrant model


 *************** function __mpap_step1 *****************
 Defined at:
		line 85 in file "main.c"
 Parameters:    Size  Location     Type
		None
 Auto vars:     Size  Location     Type
		None
 Return value:  Size  Location     Type
                  1    wreg      void 
 Registers used:
		status,2, status,0
 Tracked objects:
		On entry : 
		On exit  : 
		Unchanged: 
 Data sizes:     COMRAM   BANK0   BANK1   BANK2   BANK3   BANK4   BANK5   BANK6   BANK7
      Params:         0       0       0       0       0       0       0       0       0
      Locals:         0       0       0       0       0       0       0       0       0
      Temps:          0       0       0       0       0       0       0       0       0
      Totals:         0       0       0       0       0       0       0       0       0
Total ram usage:        0 bytes
 Hardware stack levels used:    1
 Hardware stack levels required when called:    1
 This function calls:
		Nothing
 This function is called by:
		_mpap_do1step
 This function uses a non-reentrant model


 *************** function __mpap_step4 *****************
 Defined at:
		line 106 in file "main.c"
 Parameters:    Size  Location     Type
		None
 Auto vars:     Size  Location     Type
		None
 Return value:  Size  Location     Type
                  1    wreg      void 
 Registers used:
		status,2, status,0
 Tracked objects:
		On entry : 
		On exit  : 
		Unchanged: 
 Data sizes:     COMRAM   BANK0   BANK1   BANK2   BANK3   BANK4   BANK5   BANK6   BANK7
      Params:         0       0       0       0       0       0       0       0       0
      Locals:         0       0       0       0       0       0       0       0       0
      Temps:          0       0       0       0       0       0       0       0       0
      Totals:         0       0       0       0       0       0       0       0       0
Total ram usage:        0 bytes
 Hardware stack levels used:    1
 Hardware stack levels required when called:    1
 This function calls:
		Nothing
 This function is called by:
		_mpap_do1step
 This function uses a non-reentrant model


 *************** function _ikb_key_is_ready2read *****************
 Defined at:
		line 427 in file "../../../../../../FIRWAR/eslibrary/ikb/ikb.c"
 Parameters:    Size  Location     Type
  k               1    wreg     unsigned char 
 Auto vars:     Size  Location     Type
  k               1    0[COMRAM] unsigned char 
 Return value:  Size  Location     Type
                  1    wreg      unsigned char 
 Registers used:
		wreg, fsr2l, fsr2h, status,2, status,0, prodl, prodh
 Tracked objects:
		On entry : 
		On exit  : 
		Unchanged: 
 Data sizes:     COMRAM   BANK0   BANK1   BANK2   BANK3   BANK4   BANK5   BANK6   BANK7
      Params:         0       0       0       0       0       0       0       0       0
      Locals:         1       0       0       0       0       0       0       0       0
      Temps:          0       0       0       0       0       0       0       0       0
      Totals:         1       0       0       0       0       0       0       0       0
Total ram usage:        1 bytes
 Hardware stack levels used:    1
 Hardware stack levels required when called:    1
 This function calls:
		Nothing
 This function is called by:
		_main
 This function uses a non-reentrant model


 *************** function _ikb_job *****************
 Defined at:
		line 414 in file "../../../../../../FIRWAR/eslibrary/ikb/ikb.c"
 Parameters:    Size  Location     Type
		None
 Auto vars:     Size  Location     Type
		None
 Return value:  Size  Location     Type
                  1    wreg      void 
 Registers used:
		wreg, fsr1l, fsr1h, fsr2l, fsr2h, status,2, status,0, pclath, tosl, prodl, prodh, cstack
 Tracked objects:
		On entry : 
		On exit  : 
		Unchanged: 
 Data sizes:     COMRAM   BANK0   BANK1   BANK2   BANK3   BANK4   BANK5   BANK6   BANK7
      Params:         0       0       0       0       0       0       0       0       0
      Locals:         0       0       0       0       0       0       0       0       0
      Temps:          0       0       0       0       0       0       0       0       0
      Totals:         0       0       0       0       0       0       0       0       0
Total ram usage:        0 bytes
 Hardware stack levels used:    1
 Hardware stack levels required when called:    4
 This function calls:
		_ikey_parsing
		_ikey_scan
 This function is called by:
		_main
 This function uses a non-reentrant model


 *************** function _ikey_scan *****************
 Defined at:
		line 449 in file "../../../../../../FIRWAR/eslibrary/ikb/ikb.c"
 Parameters:    Size  Location     Type
		None
 Auto vars:     Size  Location     Type
  k               1    1[COMRAM] char 
 Return value:  Size  Location     Type
                  1    wreg      void 
 Registers used:
		wreg, fsr2l, fsr2h, status,2, status,0, pclath, tosl, prodl, prodh, cstack
 Tracked objects:
		On entry : 
		On exit  : 
		Unchanged: 
 Data sizes:     COMRAM   BANK0   BANK1   BANK2   BANK3   BANK4   BANK5   BANK6   BANK7
      Params:         0       0       0       0       0       0       0       0       0
      Locals:         1       0       0       0       0       0       0       0       0
      Temps:          1       0       0       0       0       0       0       0       0
      Totals:         2       0       0       0       0       0       0       0       0
Total ram usage:        2 bytes
 Hardware stack levels used:    1
 Hardware stack levels required when called:    2
 This function calls:
		_keyRead_pin_key1
		_keyRead_pin_key2
		_keyRead_pin_key3
		_keyRead_pin_key4
		_keyRead_pin_key5
 This function is called by:
		_ikb_job
 This function uses a non-reentrant model


 *************** function _keyRead_pin_key4 *****************
 Defined at:
		line 206 in file "../../../../../../FIRWAR/eslibrary/ikb/ikb.c"
 Parameters:    Size  Location     Type
		None
 Auto vars:     Size  Location     Type
		None
 Return value:  Size  Location     Type
                  1    wreg      unsigned char 
 Registers used:
		wreg, status,2, status,0
 Tracked objects:
		On entry : 
		On exit  : 
		Unchanged: 
 Data sizes:     COMRAM   BANK0   BANK1   BANK2   BANK3   BANK4   BANK5   BANK6   BANK7
      Params:         0       0       0       0       0       0       0       0       0
      Locals:         0       0       0       0       0       0       0       0       0
      Temps:          0       0       0       0       0       0       0       0       0
      Totals:         0       0       0       0       0       0       0       0       0
Total ram usage:        0 bytes
 Hardware stack levels used:    1
 Hardware stack levels required when called:    1
 This function calls:
		Nothing
 This function is called by:
		_ikb_init
		_ikey_scan
 This function uses a non-reentrant model


 *************** function _keyRead_pin_key3 *****************
 Defined at:
		line 202 in file "../../../../../../FIRWAR/eslibrary/ikb/ikb.c"
 Parameters:    Size  Location     Type
		None
 Auto vars:     Size  Location     Type
		None
 Return value:  Size  Location     Type
                  1    wreg      unsigned char 
 Registers used:
		wreg, status,2, status,0
 Tracked objects:
		On entry : 
		On exit  : 
		Unchanged: 
 Data sizes:     COMRAM   BANK0   BANK1   BANK2   BANK3   BANK4   BANK5   BANK6   BANK7
      Params:         0       0       0       0       0       0       0       0       0
      Locals:         0       0       0       0       0       0       0       0       0
      Temps:          0       0       0       0       0       0       0       0       0
      Totals:         0       0       0       0       0       0       0       0       0
Total ram usage:        0 bytes
 Hardware stack levels used:    1
 Hardware stack levels required when called:    1
 This function calls:
		Nothing
 This function is called by:
		_ikb_init
		_ikey_scan
 This function uses a non-reentrant model


 *************** function _keyRead_pin_key2 *****************
 Defined at:
		line 198 in file "../../../../../../FIRWAR/eslibrary/ikb/ikb.c"
 Parameters:    Size  Location     Type
		None
 Auto vars:     Size  Location     Type
		None
 Return value:  Size  Location     Type
                  1    wreg      unsigned char 
 Registers used:
		wreg, status,2, status,0
 Tracked objects:
		On entry : 
		On exit  : 
		Unchanged: 
 Data sizes:     COMRAM   BANK0   BANK1   BANK2   BANK3   BANK4   BANK5   BANK6   BANK7
      Params:         0       0       0       0       0       0       0       0       0
      Locals:         0       0       0       0       0       0       0       0       0
      Temps:          0       0       0       0       0       0       0       0       0
      Totals:         0       0       0       0       0       0       0       0       0
Total ram usage:        0 bytes
 Hardware stack levels used:    1
 Hardware stack levels required when called:    1
 This function calls:
		Nothing
 This function is called by:
		_ikb_init
		_ikey_scan
 This function uses a non-reentrant model


 *************** function _keyRead_pin_key1 *****************
 Defined at:
		line 194 in file "../../../../../../FIRWAR/eslibrary/ikb/ikb.c"
 Parameters:    Size  Location     Type
		None
 Auto vars:     Size  Location     Type
		None
 Return value:  Size  Location     Type
                  1    wreg      unsigned char 
 Registers used:
		wreg, status,2, status,0
 Tracked objects:
		On entry : 
		On exit  : 
		Unchanged: 
 Data sizes:     COMRAM   BANK0   BANK1   BANK2   BANK3   BANK4   BANK5   BANK6   BANK7
      Params:         0       0       0       0       0       0       0       0       0
      Locals:         0       0       0       0       0       0       0       0       0
      Temps:          0       0       0       0       0       0       0       0       0
      Totals:         0       0       0       0       0       0       0       0       0
Total ram usage:        0 bytes
 Hardware stack levels used:    1
 Hardware stack levels required when called:    1
 This function calls:
		Nothing
 This function is called by:
		_ikb_init
		_ikey_scan
 This function uses a non-reentrant model


 *************** function _keyRead_pin_key5 *****************
 Defined at:
		line 210 in file "../../../../../../FIRWAR/eslibrary/ikb/ikb.c"
 Parameters:    Size  Location     Type
		None
 Auto vars:     Size  Location     Type
		None
 Return value:  Size  Location     Type
                  1    wreg      unsigned char 
 Registers used:
		wreg, status,2, status,0
 Tracked objects:
		On entry : 
		On exit  : 
		Unchanged: 
 Data sizes:     COMRAM   BANK0   BANK1   BANK2   BANK3   BANK4   BANK5   BANK6   BANK7
      Params:         0       0       0       0       0       0       0       0       0
      Locals:         0       0       0       0       0       0       0       0       0
      Temps:          0       0       0       0       0       0       0       0       0
      Totals:         0       0       0       0       0       0       0       0       0
Total ram usage:        0 bytes
 Hardware stack levels used:    1
 Hardware stack levels required when called:    1
 This function calls:
		Nothing
 This function is called by:
		_ikb_init
		_ikey_scan
 This function uses a non-reentrant model


 *************** function _ikey_parsing *****************
 Defined at:
		line 545 in file "../../../../../../FIRWAR/eslibrary/ikb/ikb.c"
 Parameters:    Size  Location     Type
		None
 Auto vars:     Size  Location     Type
  k               1   24[COMRAM] unsigned char 
 Return value:  Size  Location     Type
                  1    wreg      void 
 Registers used:
		wreg, fsr1l, fsr1h, fsr2l, fsr2h, status,2, status,0, prodl, prodh, cstack
 Tracked objects:
		On entry : 
		On exit  : 
		Unchanged: 
 Data sizes:     COMRAM   BANK0   BANK1   BANK2   BANK3   BANK4   BANK5   BANK6   BANK7
      Params:         0       0       0       0       0       0       0       0       0
      Locals:         1       0       0       0       0       0       0       0       0
      Temps:          4       0       0       0       0       0       0       0       0
      Totals:         5       0       0       0       0       0       0       0       0
Total ram usage:        5 bytes
 Hardware stack levels used:    1
 Hardware stack levels required when called:    3
 This function calls:
		___ftge
		___lwtoft
		_ikey_is_accessible
 This function is called by:
		_ikb_job
 This function uses a non-reentrant model


 *************** function _ikey_is_accessible *****************
 Defined at:
		line 510 in file "../../../../../../FIRWAR/eslibrary/ikb/ikb.c"
 Parameters:    Size  Location     Type
  k               1    wreg     unsigned char 
 Auto vars:     Size  Location     Type
  k               1    2[COMRAM] unsigned char 
 Return value:  Size  Location     Type
                  1    wreg      unsigned char 
 Registers used:
		wreg, fsr2l, fsr2h, status,2, status,0, prodl, prodh
 Tracked objects:
		On entry : 
		On exit  : 
		Unchanged: 
 Data sizes:     COMRAM   BANK0   BANK1   BANK2   BANK3   BANK4   BANK5   BANK6   BANK7
      Params:         0       0       0       0       0       0       0       0       0
      Locals:         1       0       0       0       0       0       0       0       0
      Temps:          2       0       0       0       0       0       0       0       0
      Totals:         3       0       0       0       0       0       0       0       0
Total ram usage:        3 bytes
[...]
		___awtoft
		___ftge
		___ftmul
		___ftsub
		___fttol
		_itoa
 This function is called by:
		_main
 This function uses a non-reentrant model


 *************** function _itoa *****************
 Defined at:
		line 4 in file "/opt/microchip/xc8/v2.05/pic/sources/c90/common/itoa.c"
 Parameters:    Size  Location     Type
  buf             1   15[COMRAM] PTR unsigned char 
		 -> disp_show_quantity@buff(10), 
  val             2   16[COMRAM] int 
  base            2   18[COMRAM] int 
 Auto vars:     Size  Location     Type
  cp              1    0        PTR unsigned char 
		 -> disp_show_quantity@buff(10), 
 Return value:  Size  Location     Type
                  1    wreg      PTR unsigned char 
 Registers used:
		wreg, fsr2l, fsr2h, status,2, status,0, cstack
 Tracked objects:
		On entry : 
		On exit  : 
		Unchanged: 
 Data sizes:     COMRAM   BANK0   BANK1   BANK2   BANK3   BANK4   BANK5   BANK6   BANK7
      Params:         5       0       0       0       0       0       0       0       0
      Locals:         1       0       0       0       0       0       0       0       0
      Temps:          0       0       0       0       0       0       0       0       0
      Totals:         6       0       0       0       0       0       0       0       0
Total ram usage:        6 bytes
 Hardware stack levels used:    1
 Hardware stack levels required when called:    3
 This function calls:
		_utoa
 This function is called by:
		_disp_show_quantity
 This function uses a non-reentrant model


 *************** function _utoa *****************
 Defined at:
		line 17 in file "/opt/microchip/xc8/v2.05/pic/sources/c90/common/itoa.c"
 Parameters:    Size  Location     Type
  buf             1    7[COMRAM] PTR unsigned char 
		 -> disp_show_quantity@buff(10), 
  val             2    8[COMRAM] unsigned int 
  base            2   10[COMRAM] int 
 Auto vars:     Size  Location     Type
  v               2   12[COMRAM] unsigned int 
  c               1   14[COMRAM] unsigned char 
 Return value:  Size  Location     Type
                  1    wreg      PTR unsigned char 
 Registers used:
		wreg, fsr2l, fsr2h, status,2, status,0, cstack
 Tracked objects:
		On entry : 
		On exit  : 
		Unchanged: 
 Data sizes:     COMRAM   BANK0   BANK1   BANK2   BANK3   BANK4   BANK5   BANK6   BANK7
      Params:         5       0       0       0       0       0       0       0       0
      Locals:         3       0       0       0       0       0       0       0       0
      Temps:          0       0       0       0       0       0       0       0       0
      Totals:         8       0       0       0       0       0       0       0       0
Total ram usage:        8 bytes
 Hardware stack levels used:    1
 Hardware stack levels required when called:    2
 This function calls:
		___lwdiv
		___lwmod
 This function is called by:
		_itoa
 This function uses a non-reentrant model


 *************** function ___lwmod *****************
 Defined at:
		line 7 in file "/opt/microchip/xc8/v2.05/pic/sources/c90/common/lwmod.c"
 Parameters:    Size  Location     Type
  dividend        2    0[COMRAM] unsigned int 
  divisor         2    2[COMRAM] unsigned int 
 Auto vars:     Size  Location     Type
  counter         1    4[COMRAM] unsigned char 
 Return value:  Size  Location     Type
                  2    0[COMRAM] unsigned int 
 Registers used:
		wreg, status,2, status,0
 Tracked objects:
		On entry : 
		On exit  : 
		Unchanged: 
 Data sizes:     COMRAM   BANK0   BANK1   BANK2   BANK3   BANK4   BANK5   BANK6   BANK7
      Params:         4       0       0       0       0       0       0       0       0
      Locals:         1       0       0       0       0       0       0       0       0
      Temps:          0       0       0       0       0       0       0       0       0
      Totals:         5       0       0       0       0       0       0       0       0
Total ram usage:        5 bytes
 Hardware stack levels used:    1
 Hardware stack levels required when called:    1
 This function calls:
		Nothing
 This function is called by:
		_utoa
 This function uses a non-reentrant model


 *************** function ___lwdiv *****************
 Defined at:
		line 7 in file "/opt/microchip/xc8/v2.05/pic/sources/c90/common/lwdiv.c"
 Parameters:    Size  Location     Type
  dividend        2    0[COMRAM] unsigned int 
  divisor         2    2[COMRAM] unsigned int 
 Auto vars:     Size  Location     Type
  quotient        2    4[COMRAM] unsigned int 
  counter         1    6[COMRAM] unsigned char 
 Return value:  Size  Location     Type
                  2    0[COMRAM] unsigned int 
 Registers used:
		wreg, status,2, status,0
 Tracked objects:
		On entry : 
		On exit  : 
		Unchanged: 
 Data sizes:     COMRAM   BANK0   BANK1   BANK2   BANK3   BANK4   BANK5   BANK6   BANK7
      Params:         4       0       0       0       0       0       0       0       0
      Locals:         3       0       0       0       0       0       0       0       0
      Temps:          0       0       0       0       0       0       0       0       0
      Totals:         7       0       0       0       0       0       0       0       0
Total ram usage:        7 bytes
 Hardware stack levels used:    1
 Hardware stack levels required when called:    1
 This function calls:
		Nothing
 This function is called by:
		_utoa
 This function uses a non-reentrant model


 *************** function ___fttol *****************
 Defined at:
		line 44 in file "/opt/microchip/xc8/v2.05/pic/sources/c90/common/fttol.c"
 Parameters:    Size  Location     Type
  f1              3   23[COMRAM] float 
 Auto vars:     Size  Location     Type
  lval            4   33[COMRAM] unsigned long 
  exp1            1   37[COMRAM] unsigned char 
  sign1           1   32[COMRAM] unsigned char 
 Return value:  Size  Location     Type
                  4   23[COMRAM] long 
 Registers used:
		wreg, status,2, status,0
 Tracked objects:
		On entry : 
		On exit  : 
		Unchanged: 
 Data sizes:     COMRAM   BANK0   BANK1   BANK2   BANK3   BANK4   BANK5   BANK6   BANK7
      Params:         4       0       0       0       0       0       0       0       0
      Locals:         6       0       0       0       0       0       0       0       0
      Temps:          5       0       0       0       0       0       0       0       0
      Totals:        15       0       0       0       0       0       0       0       0
Total ram usage:       15 bytes
 Hardware stack levels used:    1
 Hardware stack levels required when called:    1
 This function calls:
		Nothing
 This function is called by:
		_disp_show_quantity
 This function uses a non-reentrant model


 *************** function ___ftsub *****************
 Defined at:
		line 19 in file "/opt/microchip/xc8/v2.05/pic/sources/c90/common/ftsub.c"
 Parameters:    Size  Location     Type
  f1              3   20[COMRAM] float 
  f2              3   23[COMRAM] float 
 Auto vars:     Size  Location     Type
		None
 Return value:  Size  Location     Type
                  3   20[COMRAM] float 
 Registers used:
		wreg, status,2, status,0, cstack
 Tracked objects:
		On entry : 
		On exit  : 
		Unchanged: 
 Data sizes:     COMRAM   BANK0   BANK1   BANK2   BANK3   BANK4   BANK5   BANK6   BANK7
      Params:         6       0       0       0       0       0       0       0       0
      Locals:         0       0       0       0       0       0       0       0       0
      Temps:          0       0       0       0       0       0       0       0       0
      Totals:         6       0       0       0       0       0       0       0       0
Total ram usage:        6 bytes
 Hardware stack levels used:    1
 Hardware stack levels required when called:    3
 This function calls:
		___ftadd
 This function is called by:
		_disp_show_quantity
 This function uses a non-reentrant model


 *************** function ___ftadd *****************
 Defined at:
		line 86 in file "/opt/microchip/xc8/v2.05/pic/sources/c90/common/ftadd.c"
 Parameters:    Size  Location     Type
  f1              3    8[COMRAM] float 
  f2              3   11[COMRAM] float 
 Auto vars:     Size  Location     Type
  exp1            1   19[COMRAM] unsigned char 
  exp2            1   18[COMRAM] unsigned char 
  sign            1   17[COMRAM] unsigned char 
 Return value:  Size  Location     Type
                  3    8[COMRAM] float 
 Registers used:
		wreg, status,2, status,0, cstack
 Tracked objects:
		On entry : 
		On exit  : 
		Unchanged: 
 Data sizes:     COMRAM   BANK0   BANK1   BANK2   BANK3   BANK4   BANK5   BANK6   BANK7
      Params:         6       0       0       0       0       0       0       0       0
      Locals:         3       0       0       0       0       0       0       0       0
      Temps:          3       0       0       0       0       0       0       0       0
      Totals:        12       0       0       0       0       0       0       0       0
Total ram usage:       12 bytes
 Hardware stack levels used:    1
 Hardware stack levels required when called:    2
 This function calls:
		___ftpack
 This function is called by:
		___ftsub
 This function uses a non-reentrant model


 *************** function ___ftmul *****************
 Defined at:
		line 62 in file "/opt/microchip/xc8/v2.05/pic/sources/c90/common/ftmul.c"
 Parameters:    Size  Location     Type
  f1              3    8[COMRAM] float 
  f2              3   11[COMRAM] float 
 Auto vars:     Size  Location     Type
  f3_as_produc    3   18[COMRAM] unsigned um
  sign            1   22[COMRAM] unsigned char 
  cntr            1   21[COMRAM] unsigned char 
  exp             1   17[COMRAM] unsigned char 
 Return value:  Size  Location     Type
                  3    8[COMRAM] float 
 Registers used:
		wreg, status,2, status,0, cstack
 Tracked objects:
		On entry : 
		On exit  : 
		Unchanged: 
 Data sizes:     COMRAM   BANK0   BANK1   BANK2   BANK3   BANK4   BANK5   BANK6   BANK7
      Params:         6       0       0       0       0       0       0       0       0
      Locals:         6       0       0       0       0       0       0       0       0
      Temps:          3       0       0       0       0       0       0       0       0
      Totals:        15       0       0       0       0       0       0       0       0
Total ram usage:       15 bytes
 Hardware stack levels used:    1
 Hardware stack levels required when called:    2
 This function calls:
		___ftpack
 This function is called by:
		_disp_show_quantity
 This function uses a non-reentrant model


 *************** function ___ftge *****************
 Defined at:
		line 4 in file "/opt/microchip/xc8/v2.05/pic/sources/c90/common/ftge.c"
 Parameters:    Size  Location     Type
  ff1             3   11[COMRAM] float 
  ff2             3   14[COMRAM] float 
 Auto vars:     Size  Location     Type
		None
 Return value:  Size  Location     Type
		None               void
 Registers used:
		wreg, status,2, status,0
 Tracked objects:
		On entry : 
		On exit  : 
		Unchanged: 
 Data sizes:     COMRAM   BANK0   BANK1   BANK2   BANK3   BANK4   BANK5   BANK6   BANK7
      Params:         6       0       0       0       0       0       0       0       0
      Locals:         0       0       0       0       0       0       0       0       0
      Temps:          3       0       0       0       0       0       0       0       0
      Totals:         9       0       0       0       0       0       0       0       0
Total ram usage:        9 bytes
 Hardware stack levels used:    1
 Hardware stack levels required when called:    1
 This function calls:
		Nothing
 This function is called by:
		_ikey_parsing
		_disp_show_quantity
 This function uses a non-reentrant model


 *************** function ___awtoft *****************
 Defined at:
		line 32 in file "/opt/microchip/xc8/v2.05/pic/sources/c90/common/awtoft.c"
 Parameters:    Size  Location     Type
  c               2    8[COMRAM] int 
 Auto vars:     Size  Location     Type
  sign            1   11[COMRAM] unsigned char 
 Return value:  Size  Location     Type
                  3    8[COMRAM] float 
 Registers used:
		wreg, status,2, status,0, cstack
 Tracked objects:
		On entry : 
		On exit  : 
		Unchanged: 
 Data sizes:     COMRAM   BANK0   BANK1   BANK2   BANK3   BANK4   BANK5   BANK6   BANK7
      Params:         3       0       0       0       0       0       0       0       0
      Locals:         1       0       0       0       0       0       0       0       0
      Temps:          0       0       0       0       0       0       0       0       0
      Totals:         4       0       0       0       0       0       0       0       0
Total ram usage:        4 bytes
 Hardware stack levels used:    1
 Hardware stack levels required when called:    2
 This function calls:
		___ftpack
 This function is called by:
		_disp_show_quantity
 This function uses a non-reentrant model


 *************** function ___ftpack *****************
 Defined at:
		line 62 in file "/opt/microchip/xc8/v2.05/pic/sources/c90/common/float.c"
 Parameters:    Size  Location     Type
  arg             3    0[COMRAM] unsigned um
  exp             1    3[COMRAM] unsigned char 
  sign            1    4[COMRAM] unsigned char 
 Auto vars:     Size  Location     Type
		None
 Return value:  Size  Location     Type
                  3    0[COMRAM] float 
 Registers used:
		wreg, status,2, status,0
 Tracked objects:
		On entry : 
		On exit  : 
		Unchanged: 
 Data sizes:     COMRAM   BANK0   BANK1   BANK2   BANK3   BANK4   BANK5   BANK6   BANK7
      Params:         5       0       0       0       0       0       0       0       0
      Locals:         0       0       0       0       0       0       0       0       0
      Temps:          3       0       0       0       0       0       0       0       0
      Totals:         8       0       0       0       0       0       0       0       0
Total ram usage:        8 bytes
 Hardware stack levels used:    1
 Hardware stack levels required when called:    1
 This function calls:
		Nothing
 This function is called by:
		___awtoft
		___ftadd
		___ftmul
		___lwtoft
 This function uses a non-reentrant model


 *************** function _INTERRUPCION *****************
 Defined at:
		line 453 in file "main.c"
 Parameters:    Size  Location     Type
		None
 Auto vars:     Size  Location     Type
		None
 Return value:  Size  Location     Type
                  1    wreg      void 
 Registers used:
		wreg, status,2
 Tracked objects:
		On entry : 
		On exit  : 
		Unchanged: 
 Data sizes:     COMRAM   BANK0   BANK1   BANK2   BANK3   BANK4   BANK5   BANK6   BANK7
      Params:         0       0       0       0       0       0       0       0       0
      Locals:         0       0       0       0       0       0       0       0       0
      Temps:          0       0       0       0       0       0       0       0       0
      Totals:         0       0       0       0       0       0       0       0       0
Total ram usage:        0 bytes
 Hardware stack levels used:    1
 This function calls:
		Nothing
 This function is called by:
		Interrupt level 2
 This function uses a non-reentrant model



MODULE INFORMATION

Module		Function		Class		Link	Load	Size
/opt/microchip/xc8/v2.05/pic/sources/c90/common/ftadd.c
		___ftadd       		CODE           	10D8	0000	425

/opt/microchip/xc8/v2.05/pic/sources/c90/common/ftadd.c estimated size: 425

/opt/microchip/xc8/v2.05/pic/sources/c90/common/ftsub.c
		___ftsub       		CODE           	1CAA	0000	65

/opt/microchip/xc8/v2.05/pic/sources/c90/common/ftsub.c estimated size: 65

/opt/microchip/xc8/v2.05/pic/sources/c90/common/lwtoft.c
		___lwtoft      		CODE           	1E22	0000	37

/opt/microchip/xc8/v2.05/pic/sources/c90/common/lwtoft.c estimated size: 37

/opt/microchip/xc8/v2.05/pic/sources/c90/common/ftge.c
		___ftge        		CODE           	1972	0000	117

/opt/microchip/xc8/v2.05/pic/sources/c90/common/ftge.c estimated size: 117

/opt/microchip/xc8/v2.05/pic/sources/c90/common/float.c
		___ftpack      		CODE           	1790	0000	175

/opt/microchip/xc8/v2.05/pic/sources/c90/common/float.c estimated size: 175

../../../../../../FIRWAR/eslibrary/ikb/ikb.c
		_ikb_init      		CODE           	16DA	0000	183
		_keyRead_pin_key1		CODE           	1F22	0000	9
		_keyRead_pin_key2		CODE           	1F18	0000	11
		_keyRead_pin_key3		CODE           	1F0E	0000	11
		_keyRead_pin_key4		CODE           	1F32	0000	7
		_keyRead_pin_key5		CODE           	1F2A	0000	9
		_ikb_flush     		CODE           	1F38	0000	7
		_ikey_is_accessible		CODE           	1B52	0000	77
		_ikey_scan     		CODE           	1280	0000	417
		_ikb_key_is_ready2read		CODE           	1E64	0000	29
		_ikey_clear_all_flag		CODE           	1E46	0000	31
		_ikb_job       		CODE           	1F04	0000	11
		_ikey_parsing  		CODE           	080E	0000	1585

../../../../../../FIRWAR/eslibrary/ikb/ikb.c estimated size: 2387

/opt/microchip/xc8/v2.05/pic/sources/c90/common/lwmod.c
		___lwmod       		CODE           	1C28	0000	67

/opt/microchip/xc8/v2.05/pic/sources/c90/common/lwmod.c estimated size: 67

/opt/microchip/xc8/v2.05/pic/sources/c90/common/ftmul.c
		___ftmul       		CODE           	1514	0000	245

/opt/microchip/xc8/v2.05/pic/sources/c90/common/ftmul.c estimated size: 245

/opt/microchip/xc8/v2.05/pic/sources/c90/common/Umul16.c
		___wmul        		CODE           	1DD6	0000	39

/opt/microchip/xc8/v2.05/pic/sources/c90/common/Umul16.c estimated size: 39

shared
		_DISP7S_NUMS   		SMALLCONST     	0801	0000	11
		_DISP7S_CHARS  		SMALLCONST     	080B	0000	3
		__initialization		CODE           	19E6	0000	101

shared estimated size: 115

/opt/microchip/xc8/v2.05/pic/sources/c90/common/fttol.c
		___fttol       		CODE           	1608	0000	211

/opt/microchip/xc8/v2.05/pic/sources/c90/common/fttol.c estimated size: 211

/opt/microchip/xc8/v2.05/pic/sources/c90/common/lwdiv.c
		___lwdiv       		CODE           	1AB0	0000	83

/opt/microchip/xc8/v2.05/pic/sources/c90/common/lwdiv.c estimated size: 83

pulsonic.c
		_multiplexedDisp_job		CODE           	183E	0000	161
		_multiplexedDisp0_on		CODE           	1F5A	0000	5
		_multiplexedDisp1_on		CODE           	1F52	0000	5
		_multiplexedDisp2_on		CODE           	1F4A	0000	5
		_multiplexedDisp3_on		CODE           	1F42	0000	5
		_multiplexedDisp4_on		CODE           	1F62	0000	5
		_display7s_job 		CODE           	1DFC	0000	39
		_multiplexedDisp_init		CODE           	1C6A	0000	65
		_disp_show_quantity		CODE           	0E3E	0000	667
		_display7s_init		CODE           	1B02	0000	81
		_multiplexedDisp0_off		CODE           	1F5E	0000	5
		_multiplexedDisp1_off		CODE           	1F56	0000	5
		_multiplexedDisp2_off		CODE           	1F4E	0000	5
		_multiplexedDisp3_off		CODE           	1F46	0000	5
		_multiplexedDisp4_off		CODE           	1F3E	0000	5

pulsonic.c estimated size: 1063

/opt/microchip/xc8/v2.05/pic/sources/c90/common/itoa.c
		_itoa          		CODE           	1D22	0000	51
		_utoa          		CODE           	18DE	0000	149

/opt/microchip/xc8/v2.05/pic/sources/c90/common/itoa.c estimated size: 200

main.c
		_mpap_setupToTurn		CODE           	1D54	0000	49
		_mpap_normal_mode		CODE           	1B9E	0000	73
		_mpap_stop     		CODE           	1EBA	0000	15
		_nozzle_moveto 		CODE           	1D84	0000	43
		_main          		CODE           	1420	0000	245
		_mpap_job      		CODE           	1DAE	0000	41
		_mpap_do1step  		CODE           	1BE6	0000	67
		__mpap_step1   		CODE           	1EF0	0000	11
		__mpap_step2   		CODE           	1EE6	0000	11
		__mpap_step3   		CODE           	1EDC	0000	11
		__mpap_step4   		CODE           	1EFA	0000	11
		_mpap_setupToHomming		CODE           	1EA8	0000	19
		__mpap_off     		CODE           	1ED2	0000	11
		_INTERRUPCION  		CODE           	0008	0000	27
		_mpap_homming  		CODE           	1A58	0000	89

main.c estimated size: 723

/opt/microchip/xc8/v2.05/pic/sources/c90/common/awtoft.c
		___awtoft      		CODE           	1CEA	0000	57

/opt/microchip/xc8/v2.05/pic/sources/c90/common/awtoft.c estimated size: 57

