Microchip MPLAB XC8 Compiler V2.05 ()

Linker command line:

-W-3 --edf=/opt/microchip/xc8/v2.05/pic/dat/en_msgs.txt -cs \
  -h+dist/default/production/pulsonic.X.production.sym \
  --cmf=dist/default/production/pulsonic.X.production.cmf -z -Q18F4550 \
  -o/tmp/xcXHpMsED -Mdist/default/production/pulsonic.X.production.map -E1 \
  -ver=XC8 -ASTACK=017Bh-07FFh -pstack=STACK -ACODE=00h-07FFFh \
  -ACONST=00h-07FFFh -ASMALLCONST=0800h-08FFhx120 \
  -AMEDIUMCONST=0800h-07FFFh -ACOMRAM=01h-05Fh -AABS1=00h-07FFh \
  -ABIGRAM=01h-07FFh -ARAM=060h-0FFh,0100h-01FFhx7 -ABANK0=060h-0FFh \
  -ABANK1=0100h-01FFh -ABANK2=0200h-02FFh -ABANK3=0300h-03FFh \
  -ABANK4=0400h-04FFh -ABANK5=0500h-05FFh -ABANK6=0600h-06FFh \
  -ABANK7=0700h-07FFh -ASFR=0F60h-0FFFh \
  -preset_vec=00h,intcode=08h,intcodelo,powerup,init -pramtop=0800h \
  -psmallconst=SMALLCONST -pmediumconst=MEDIUMCONST -pconst=CONST \
  -AFARRAM=00h-00h -ACONFIG=0300000h-030000Dh -pconfig=CONFIG \
  -AIDLOC=0200000h-0200007h -pidloc=IDLOC -AEEDATA=0F00000h-0F000FFh \
  -peeprom_data=EEDATA \
  -prdata=COMRAM,nvrram=COMRAM,nvbit=COMRAM,rbss=COMRAM,rbit=COMRAM \
  -pfarbss=FARRAM,fardata=FARRAM,nvFARRAM=FARRAM \
  -pintsave_regs=BIGRAM,bigbss=BIGRAM,bigdata=BIGRAM -pbss=RAM \
  -pidata=CODE,irdata=CODE,ibigdata=CODE,ifardata=CODE -prparam=COMRAM \
  /tmp/xcXHd78Xb.obj dist/default/production/pulsonic.X.production.obj 

Object code version is 3.11

Machine type is 18F4550

Call graph: (short form)




                Name                               Link     Load   Length Selector   Space Scale
/tmp/xcXHd78Xb.obj
                init                                  E        E        4        4       0
                reset_vec                             0        0        4        0       0
                idloc                            200000   200000        8   200000       0
                config                           300000   300000        E   300000       0
dist/default/production/pulsonic.X.production.obj
                intcode                               8        8        6        4       0
                temp                                 47       47        1        1       1
                smallconst                          800      800        E      400       0
                text55                             1FC6     1FC6        A      407       0
                text54                             1FFE     1FFE        6      407       0
                text53                             1FF8     1FF8        6      407       0
                text52                             1FF2     1FF2        6      407       0
                text51                             1FEC     1FEC        6      407       0
                text50                             1D46     1D46       42      407       0
                text49                             1AE6     1AE6       58      407       0
                text48                             1CBC     1CBC       48      407       0
                text47                             1C74     1C74       48      407       0
                intcode_body                       1C2C     1C2C       48      407       0
                text45                             17A0     17A0       AE      407       0
                text44                             1E08     1E08       38      407       0
                text43                             1A02     1A02       74      407       0
                text42                             1524     1524       F4      407       0
                text41                             10DE     10DE      1A8      407       0
                text40                             1DC8     1DC8       40      407       0
                text39                             1618     1618       D2      407       0
                text38                             1B3E     1B3E       52      407       0
                text37                             1D04     1D04       42      407       0
                text36                             18EE     18EE       94      407       0
                text35                             1E40     1E40       32      407       0
                text34                              E3E      E3E      2A0      407       0
                text33                             2028     2028        4      407       0
                text32                             2024     2024        4      407       0
                text31                             2020     2020        4      407       0
                text30                             201C     201C        4      407       0
                text29                             2018     2018        4      407       0
                text28                             2014     2014        4      407       0
                text27                             2010     2010        4      407       0
                text26                             200C     200C        4      407       0
                text25                             2008     2008        4      407       0
                text24                             2004     2004        4      407       0
                text23                             1D88     1D88       40      407       0
                text22                             1B90     1B90       50      407       0
                text21                             184E     184E       A0      407       0
                text20                             1EF6     1EF6       26      407       0
                text19                             1F40     1F40       1E      407       0
                text18                             1FE6     1FE6        6      407       0
                text17                             16EA     16EA       B6      407       0
                text16                             1F1C     1F1C       24      407       0
                text15                             1BE0     1BE0       4C      407       0
                text14                              80E      80E      630      407       0
                text13                             1FD8     1FD8        8      407       0
                text12                             1FD0     1FD0        8      407       0
                text11                             1FBC     1FBC        A      407       0
                text10                             1FB2     1FB2        A      407       0
                text9                              1FE0     1FE0        6      407       0
                text8                              1286     1286      1A0      407       0
                text7                              1FA8     1FA8        A      407       0
                text6                              1F7A     1F7A       1C      407       0
                text5                              1E72     1E72       30      407       0
                text4                              1F96     1F96       12      407       0
                text3                              1982     1982       80      407       0
                text2                              1ED0     1ED0       26      407       0
                text1                              1EA2     1EA2       2E      407       0
                text0                              1426     1426       FE      407       0
                cstackCOMRAM                          1        1       36        1       1
                cstackBANK0                          D1       D1       13       60       1
                bssBANK1                            100      100       7B      100       1
                dataBANK0                            B5       B5       1C       60       1
                bssBANK0                             60       60       55       60       1
                dataCOMRAM                           44       44        3        1       1
                bssCOMRAM                            37       37        D        1       1
                cinit                              1A76     1A76       70      407       0
                idataBANK0                         1F5E     1F5E       1C      407       0
                idataCOMRAM                        202C     202C        3      407       0

TOTAL           Name                               Link     Load   Length     Space
        CLASS   STACK          

        CLASS   CODE           
                intcode                               8        8        6         0
                init                                  E        E        4         0
                reset_vec                             0        0        4         0
                text55                             1FC6     1FC6        A         0
                text54                             1FFE     1FFE        6         0
                text53                             1FF8     1FF8        6         0
                text52                             1FF2     1FF2        6         0
                text51                             1FEC     1FEC        6         0
                text50                             1D46     1D46       42         0
                text49                             1AE6     1AE6       58         0
                text48                             1CBC     1CBC       48         0
                text47                             1C74     1C74       48         0
                intcode_body                       1C2C     1C2C       48         0
                text45                             17A0     17A0       AE         0
                text44                             1E08     1E08       38         0
                text43                             1A02     1A02       74         0
                text42                             1524     1524       F4         0
                text41                             10DE     10DE      1A8         0
                text40                             1DC8     1DC8       40         0
                text39                             1618     1618       D2         0
                text38                             1B3E     1B3E       52         0
                text37                             1D04     1D04       42         0
                text36                             18EE     18EE       94         0
                text35                             1E40     1E40       32         0
                text34                              E3E      E3E      2A0         0
                text33                             2028     2028        4         0
                text32                             2024     2024        4         0
                text31                             2020     2020        4         0
                text30                             201C     201C        4         0
                text29                             2018     2018        4         0
                text28                             2014     2014        4         0
                text27                             2010     2010        4         0
                text26                             200C     200C        4         0
                text25                             2008     2008        4         0
                text24                             2004     2004        4         0
                text23                             1D88     1D88       40         0
                text22                             1B90     1B90       50         0
                text21                             184E     184E       A0         0
                text20                             1EF6     1EF6       26         0
                text19                             1F40     1F40       1E         0
                text18                             1FE6     1FE6        6         0
                text17                             16EA     16EA       B6         0
                text16                             1F1C     1F1C       24         0
                text15                             1BE0     1BE0       4C         0
                text14                              80E      80E      630         0
                text13                             1FD8     1FD8        8         0
                text12                             1FD0     1FD0        8         0
                text11                             1FBC     1FBC        A         0
                text10                             1FB2     1FB2        A         0
                text9                              1FE0     1FE0        6         0
                text8                              1286     1286      1A0         0
                text7                              1FA8     1FA8        A         0
                text6                              1F7A     1F7A       1C         0
                text5                              1E72     1E72       30         0
                text4                              1F96     1F96       12         0
                text3                              1982     1982       80         0
                text2                              1ED0     1ED0       26         0
                text1                              1EA2     1EA2       2E         0
                text0                              1426     1426       FE         0
                cinit                              1A76     1A76       70         0
                idataBANK0                         1F5E     1F5E       1C         0
                idataCOMRAM                        202C     202C        3         0

        CLASS   CONST          

        CLASS   SMALLCONST     
                smallconst                          800      800        E         0

        CLASS   MEDIUMCONST    

        CLASS   COMRAM         
                temp                                 47       47        1         1
                cstackCOMRAM                          1        1       36         1
                dataCOMRAM                           44       44        3         1
                bssCOMRAM                            37       37        D         1

        CLASS   ABS1           

        CLASS   BIGRAM         

        CLASS   RAM            

        CLASS   BANK0          
                cstackBANK0                          D1       D1       13         1
                dataBANK0                            B5       B5       1C         1
                bssBANK0                             60       60       55         1

        CLASS   BANK1          
                bssBANK1                            100      100       7B         1

        CLASS   BANK2          

        CLASS   BANK3          

        CLASS   BANK4          

        CLASS   BANK5          

        CLASS   BANK6          

        CLASS   BANK7          

        CLASS   SFR            

        CLASS   FARRAM         

        CLASS   CONFIG         
                config                           300000   300000        E         0

        CLASS   IDLOC          
                idloc                            200000   200000        8         0

        CLASS   EEDATA         



SEGMENTS        Name                           Load    Length   Top    Selector   Space  Class

                reset_vec                      000000  000004  000004         0       0  CODE    
                cstackCOMRAM                   000001  000047  000048         1       1  COMRAM  
                intcode                        000008  00000A  000012         4       0  CODE    
                bssBANK0                       000060  000084  0000E4        60       1  BANK0   
                bssBANK1                       000100  00007B  00017B       100       1  BANK1   
                smallconst                     000800  00000E  00080E       400       0  SMALLCON
                text14                         00080E  001821  00202F       407       0  CODE    
                idloc                          200000  000008  200008    200000       0  IDLOC   
                config                         300000  00000E  30000E    300000       0  CONFIG  


UNUSED ADDRESS RANGES

        Name                Unused          Largest block    Delta
        BANK0            0000E4-0000FF               1C
        BANK1            00017B-0001FF               85
        BANK2            000200-0002FF              100
        BANK3            000300-0003FF              100
        BANK4            000400-0004FF              100
        BANK5            000500-0005FF              100
        BANK6            000600-0006FF              100
        BANK7            000700-0007FF              100
        BIGRAM           000048-00005F               18
                         0000E4-0000FF               1C
                         00017B-0007FF              685
        CODE             000004-000007                4
                         000012-0007FF              7EE
                         00202F-007FFF             5FD1
        COMRAM           000048-00005F               18
        CONST            000004-000007                4
                         000012-0007FF              7EE
                         00202F-007FFF             5FD1
        EEDATA           F00000-F000FF              100
        MEDIUMCONST      00202F-007FFF             5FD1
        RAM              0000E4-0000FF               1C
                         00017B-0007FF              100
        SFR              000F60-000FFF               A0
        SMALLCONST       00202F-007FFF              100
        STACK            00017B-0007FF              685

                                  Symbol Table

?___awtoft                       cstackCOMRAM 000013
?___ftadd                        cstackCOMRAM 000013
?___ftmul                        cstackCOMRAM 000013
?___ftpack                       cstackCOMRAM 00000B
?___ftsub                        cstackCOMRAM 00001F
?___fttol                        cstackCOMRAM 000022
?___lwdiv                        cstackCOMRAM 00000B
?___lwmod                        cstackCOMRAM 00000B
?___lwtoft                       cstackCOMRAM 000013
?___wmul                         cstackCOMRAM 00000B
_ADCON1                          (abs)        000FC1
_CMCON                           (abs)        000FB4
_DISP7S_CHARS                    smallconst   00080B
_DISP7S_NUMS                     smallconst   000801
_GIE                             (abs)        007F97
_INTERRUPCION                    intcode      000008
_LATA                            (abs)        000F89
_LATB                            (abs)        000F8A
_LATC                            (abs)        000F8B
_LATD                            (abs)        000F8C
_LATE                            (abs)        000F8D
_PORTC                           (abs)        000F82
_PORTD                           (abs)        000F83
_PORTE                           (abs)        000F84
_T0CON                           (abs)        000FD5
_TMR0H                           (abs)        000FD7
_TMR0IE                          (abs)        007F95
_TMR0IF                          (abs)        007F92
_TMR0L                           (abs)        000FD6
_TRISA                           (abs)        000F92
_TRISB                           (abs)        000F93
_TRISC                           (abs)        000F94
_TRISD                           (abs)        000F95
_TRISE                           (abs)        000F96
_UCFG                            (abs)        000F6F
_UCON                            (abs)        000F6D
__CFG_BOR$OFF                    (abs)        000000
__CFG_BORV$3                     (abs)        000000
__CFG_CPUDIV$OSC1_PLL2           (abs)        000000
__CFG_FCMEN$OFF                  (abs)        000000
__CFG_FOSC$HSPLL_HS              (abs)        000000
__CFG_IESO$OFF                   (abs)        000000
__CFG_LVP$OFF                    (abs)        000000
__CFG_MCLRE$ON                   (abs)        000000
__CFG_PBADEN$OFF                 (abs)        000000
__CFG_PLLDIV$5                   (abs)        000000
__CFG_PWRT$ON                    (abs)        000000
__CFG_USBDIV$2                   (abs)        000000
__CFG_VREGEN$ON                  (abs)        000000
__CFG_WDT$OFF                    (abs)        000000
__HRAM                           (abs)        000000
__Habs1                          abs1         000000
__Hbank0                         bank0        000000
__Hbank1                         bank1        000000
__Hbank2                         bank2        000000
__Hbank3                         bank3        000000
__Hbank4                         bank4        000000
__Hbank5                         bank5        000000
__Hbank6                         bank6        000000
__Hbank7                         bank7        000000
__Hbigbss                        bigbss       000000
__Hbigdata                       bigdata      000000
__Hbigram                        bigram       000000
__Hbss                           bss          000000
__HbssBANK0                      bssBANK0     000000
__HbssBANK1                      bssBANK1     000000
__HbssCOMRAM                     bssCOMRAM    000000
__Hcinit                         cinit        000000
__Hclrtext                       clrtext      000000
__Hcomram                        comram       000000
__Hconfig                        config       30000E
__Hconst                         const        000000
__HcstackBANK0                   cstackBANK0  000000
__HcstackCOMRAM                  cstackCOMRAM 000000
__Hdata                          data         000000
__HdataBANK0                     dataBANK0    000000
__HdataCOMRAM                    dataCOMRAM   000000
__Heeprom_data                   eeprom_data  000000
__Hfarbss                        farbss       000000
__Hfardata                       fardata      000000
__Hibigdata                      ibigdata     000000
__Hidata                         idata        000000
__HidataBANK0                    idataBANK0   000000
__HidataCOMRAM                   idataCOMRAM  000000
__Hidloc                         idloc        200008
__Hifardata                      ifardata     000000
__Hinit                          init         000012
__Hintcode                       intcode      00000E
__Hintcode_body                  intcode_body 000000
__Hintcodelo                     intcodelo    00000E
__Hintentry                      intentry     000000
__Hintret                        intret       000000
__Hintsave_regs                  intsave_regs 000000
__Hirdata                        irdata       000000
__Hmediumconst                   mediumconst  000000
__HnvFARRAM                      nvFARRAM     000000
__Hnvbit                         nvbit        000000
__Hnvrram                        nvrram       000000
__Hparam                         rparam       000000
__Hpowerup                       powerup      00000E
__Hram                           ram          000000
__Hramtop                        ramtop       000800
__Hrbit                          rbit         000000
__Hrbss                          rbss         000000
__Hrdata                         rdata        000000
__Hreset_vec                     reset_vec    000004
__Hrparam                        rparam       000000
__Hsfr                           sfr          000000
__Hsmallconst                    smallconst   00080E
__Hspace_0                       (abs)        30000E
__Hspace_1                       (abs)        00017B
__Hspace_2                       (abs)        000000
__Hstack                         stack        000000
__Hstruct                        struct       000000
__Htemp                          temp         000048
__Htext                          text         000000
__Htext0                         text0        000000
__Htext1                         text1        000000
__Htext10                        text10       000000
__Htext11                        text11       000000
__Htext12                        text12       000000
__Htext13                        text13       000000
__Htext14                        text14       000000
__Htext15                        text15       000000
__Htext16                        text16       000000
__Htext17                        text17       000000
__Htext18                        text18       000000
__Htext19                        text19       000000
__Htext2                         text2        000000
__Htext20                        text20       000000
__Htext21                        text21       000000
__Htext22                        text22       000000
__Htext23                        text23       000000
__Htext24                        text24       000000
__Htext25                        text25       000000
__Htext26                        text26       000000
__Htext27                        text27       000000
__Htext28                        text28       000000
__Htext29                        text29       000000
__Htext3                         text3        000000
__Htext30                        text30       000000
__Htext31                        text31       000000
__Htext32                        text32       000000
__Htext33                        text33       000000
__Htext34                        text34       000000
__Htext35                        text35       000000
__Htext36                        text36       000000
__Htext37                        text37       000000
__Htext38                        text38       000000
__Htext39                        text39       000000
__Htext4                         text4        000000
__Htext40                        text40       000000
__Htext41                        text41       000000
__Htext42                        text42       000000
__Htext43                        text43       000000
__Htext44                        text44       000000
__Htext45                        text45       000000
__Htext47                        text47       000000
__Htext48                        text48       000000
__Htext49                        text49       000000
__Htext5                         text5        000000
__Htext50                        text50       000000
__Htext51                        text51       000000
__Htext52                        text52       000000
__Htext53                        text53       000000
__Htext54                        text54       000000
__Htext55                        text55       000000
__Htext56                        text56       000000
__Htext6                         text6        000000
__Htext7                         text7        000000
__Htext8                         text8        000000
__Htext9                         text9        000000
__LRAM                           (abs)        000001
__Labs1                          abs1         000000
__Lbank0                         bank0        000000
__Lbank1                         bank1        000000
__Lbank2                         bank2        000000
__Lbank3                         bank3        000000
__Lbank4                         bank4        000000
__Lbank5                         bank5        000000
__Lbank6                         bank6        000000
__Lbank7                         bank7        000000
__Lbigbss                        bigbss       000000
__Lbigdata                       bigdata      000000
__Lbigram                        bigram       000000
__Lbss                           bss          000000
__LbssBANK0                      bssBANK0     000000
__LbssBANK1                      bssBANK1     000000
__LbssCOMRAM                     bssCOMRAM    000000
__Lcinit                         cinit        000000
__Lclrtext                       clrtext      000000
__Lcomram                        comram       000000
__Lconfig                        config       300000
__Lconst                         const        000000
__LcstackBANK0                   cstackBANK0  000000
__LcstackCOMRAM                  cstackCOMRAM 000000
__Ldata                          data         000000
__LdataBANK0                     dataBANK0    000000
__LdataCOMRAM                    dataCOMRAM   000000
__Leeprom_data                   eeprom_data  000000
__Lfarbss                        farbss       000000
__Lfardata                       fardata      000000
__Libigdata                      ibigdata     000000
__Lidata                         idata        000000
__LidataBANK0                    idataBANK0   000000
__LidataCOMRAM                   idataCOMRAM  000000
__Lidloc                         idloc        200000
__Lifardata                      ifardata     000000
__Linit                          init         00000E
__Lintcode                       intcode      000008
__Lintcode_body                  intcode_body 000000
__Lintcodelo                     intcodelo    00000E
__Lintentry                      intentry     000000
__Lintret                        intret       000000
__Lintsave_regs                  intsave_regs 000000
__Lirdata                        irdata       000000
__Lmediumconst                   mediumconst  000000
__LnvFARRAM                      nvFARRAM     000000
__Lnvbit                         nvbit        000000
__Lnvrram                        nvrram       000000
__Lparam                         rparam       000000
__Lpowerup                       powerup      00000E
__Lram                           ram          000000
__Lramtop                        ramtop       000800
__Lrbit                          rbit         000000
__Lrbss                          rbss         000000
__Lrdata                         rdata        000000
__Lreset_vec                     reset_vec    000000
__Lrparam                        rparam       000000
__Lsfr                           sfr          000000
__Lsmallconst                    smallconst   000800
__Lspace_0                       (abs)        000000
__Lspace_1                       (abs)        000000
__Lspace_2                       (abs)        000000
__Lstack                         stack        000000
__Lstruct                        struct       000000
__Ltemp                          temp         000047
__Ltext                          text         000000
__Ltext0                         text0        000000
__Ltext1                         text1        000000
__Ltext10                        text10       000000
__Ltext11                        text11       000000
__Ltext12                        text12       000000
__Ltext13                        text13       000000
__Ltext14                        text14       000000
__Ltext15                        text15       000000
__Ltext16                        text16       000000
__Ltext17                        text17       000000
__Ltext18                        text18       000000
__Ltext19                        text19       000000
__Ltext2                         text2        000000
__Ltext20                        text20       000000
__Ltext21                        text21       000000
__Ltext22                        text22       000000
__Ltext23                        text23       000000
__Ltext24                        text24       000000
__Ltext25                        text25       000000
__Ltext26                        text26       000000
__Ltext27                        text27       000000
__Ltext28                        text28       000000
__Ltext29                        text29       000000
__Ltext3                         text3        000000
__Ltext30                        text30       000000
__Ltext31                        text31       000000
__Ltext32                        text32       000000
__Ltext33                        text33       000000
__Ltext34                        text34       000000
__Ltext35                        text35       000000
__Ltext36                        text36       000000
__Ltext37                        text37       000000
__Ltext38                        text38       000000
__Ltext39                        text39       000000
__Ltext4                         text4        000000
__Ltext40                        text40       000000
__Ltext41                        text41       000000
__Ltext42                        text42       000000
__Ltext43                        text43       000000
__Ltext44                        text44       000000
__Ltext45                        text45       000000
__Ltext47                        text47       000000
__Ltext48                        text48       000000
__Ltext49                        text49       000000
__Ltext5                         text5        000000
__Ltext50                        text50       000000
__Ltext51                        text51       000000
__Ltext52                        text52       000000
__Ltext53                        text53       000000
__Ltext54                        text54       000000
__Ltext55                        text55       000000
__Ltext56                        text56       000000
__Ltext6                         text6        000000
__Ltext7                         text7        000000
__Ltext8                         text8        000000
__Ltext9                         text9        000000
__S0                             (abs)        30000E
__S1                             (abs)        00017B
__S2                             (abs)        000000
___awtoft                        text44       001E08
___awtoft@c                      cstackCOMRAM 000013
___awtoft@sign                   cstackCOMRAM 000016
___ftadd                         text41       0010DE
___ftadd@exp1                    cstackCOMRAM 00001E
___ftadd@exp2                    cstackCOMRAM 00001D
___ftadd@f1                      cstackCOMRAM 000013
___ftadd@f2                      cstackCOMRAM 000016
___ftadd@sign                    cstackCOMRAM 00001C
___ftge                          text43       001A02
___ftge@ff1                      cstackCOMRAM 000016
___ftge@ff2                      cstackCOMRAM 000019
___ftmul                         text42       001524
___ftmul@cntr                    cstackCOMRAM 000020
___ftmul@exp                     cstackCOMRAM 00001C
___ftmul@f1                      cstackCOMRAM 000013
___ftmul@f2                      cstackCOMRAM 000016
___ftmul@f3_as_product           cstackCOMRAM 00001D
___ftmul@sign                    cstackCOMRAM 000021
___ftpack                        text45       0017A0
___ftpack@arg                    cstackCOMRAM 00000B
___ftpack@exp                    cstackCOMRAM 00000E
___ftpack@sign                   cstackCOMRAM 00000F
___ftsub                         text40       001DC8
___ftsub@f1                      cstackCOMRAM 00001F
___ftsub@f2                      cstackCOMRAM 000022
___fttol                         text39       001618
___fttol@exp1                    cstackCOMRAM 000030
___fttol@f1                      cstackCOMRAM 000022
___fttol@lval                    cstackCOMRAM 00002C
___fttol@sign1                   cstackCOMRAM 00002B
___inthi_sp                      stack        000000
___intlo_sp                      stack        000000
___lwdiv                         text38       001B3E
___lwdiv@counter                 cstackCOMRAM 00000F
___lwdiv@dividend                cstackCOMRAM 00000B
___lwdiv@divisor                 cstackCOMRAM 00000D
___lwdiv@quotient                cstackCOMRAM 000010
___lwmod                         text37       001D04
___lwmod@counter                 cstackCOMRAM 00000F
___lwmod@dividend                cstackCOMRAM 00000B
___lwmod@divisor                 cstackCOMRAM 00000D
___lwtoft                        text16       001F1C
___lwtoft@c                      cstackCOMRAM 000013
___param_bank                    (abs)        000000
___rparam_used                   (abs)        000001
___sp                            stack        000000
___wmul                          text2        001ED0
___wmul@multiplicand             cstackCOMRAM 00000D
___wmul@multiplier               cstackCOMRAM 00000B
___wmul@product                  cstackCOMRAM 00000F
__accesstop                      (abs)        000060
__activetblptr                   (abs)        000002
__end_of_DISP7S_CHARS            smallconst   00080D
__end_of_DISP7S_NUMS             smallconst   00080B
__end_of_INTERRUPCION            intcode_body 001C74
__end_of___awtoft                text44       001E40
__end_of___ftadd                 text41       001286
__end_of___ftge                  text43       001A76
__end_of___ftmul                 text42       001618
__end_of___ftpack                text45       00184E
__end_of___ftsub                 text40       001E08
__end_of___fttol                 text39       0016EA
__end_of___lwdiv                 text38       001B90
__end_of___lwmod                 text37       001D46
__end_of___lwtoft                text16       001F40
__end_of___wmul                  text2        001EF6
__end_of__initialization         cinit        001AD8
__end_of__mpap_off               text55       001FD0
__end_of__mpap_step1             text53       001FFE
__end_of__mpap_step2             text52       001FF8
__end_of__mpap_step3             text51       001FF2
__end_of__mpap_step4             text54       002004
__end_of_disp_show_quantity      text34       0010DE
__end_of_display7s_init          text22       001BE0
__end_of_display7s_job           text20       001F1C
__end_of_ikb_flush               text18       001FEC
__end_of_ikb_init                text17       0017A0
__end_of_ikb_job                 text7        001FB2
__end_of_ikb_key_is_ready2read   text6        001F96
__end_of_ikey_clear_all_flag     text19       001F5E
__end_of_ikey_is_accessible      text15       001C2C
__end_of_ikey_parsing            text14       000E3E
__end_of_ikey_scan               text8        001426
__end_of_itoa                    text35       001E72
__end_of_keyRead_pin_key1        text12       001FD8
__end_of_keyRead_pin_key2        text11       001FC6
__end_of_keyRead_pin_key3        text10       001FBC
__end_of_keyRead_pin_key4        text9        001FE6
__end_of_keyRead_pin_key5        text13       001FE0
__end_of_main                    text0        001524
__end_of_mpap_do1step            text50       001D88
__end_of_mpap_homming            text49       001B3E
__end_of_mpap_job                text47       001CBC
__end_of_mpap_normal_mode        text48       001D04
__end_of_mpap_setupToHomming     text4        001FA8
__end_of_mpap_setupToTurn        text5        001EA2
__end_of_mpap_sych               text3        001A02
__end_of_multiplexedDisp0_off    text32       002028
__end_of_multiplexedDisp0_on     text31       002024
__end_of_multiplexedDisp1_off    text30       002020
__end_of_multiplexedDisp1_on     text29       00201C
__end_of_multiplexedDisp2_off    text28       002018
__end_of_multiplexedDisp2_on     text27       002014
__end_of_multiplexedDisp3_off    text26       002010
__end_of_multiplexedDisp3_on     text25       00200C
__end_of_multiplexedDisp4_off    text24       002008
__end_of_multiplexedDisp4_on     text33       00202C
__end_of_multiplexedDisp_init    text23       001DC8
__end_of_multiplexedDisp_job     text21       0018EE
__end_of_nozzle_moveto           text1        001ED0
__end_of_utoa                    text36       001982
__initialization                 cinit        001A76
__mediumconst                    mediumconst  000000
__mpap_off                       text55       001FC6
__mpap_step1                     text53       001FF8
__mpap_step2                     text52       001FF2
__mpap_step3                     text51       001FEC
__mpap_step4                     text54       001FFE
__pbssBANK0                      bssBANK0     000060
__pbssBANK1                      bssBANK1     000100
__pbssCOMRAM                     bssCOMRAM    000037
__pcinit                         cinit        001A76
__pcstackBANK0                   cstackBANK0  0000D1
__pcstackCOMRAM                  cstackCOMRAM 000001
__pdataBANK0                     dataBANK0    0000B5
__pdataCOMRAM                    dataCOMRAM   000044
__pidataBANK0                    idataBANK0   001F5E
__pidataCOMRAM                   idataCOMRAM  00202C
__pintcode                       intcode      000008
__pintcode_body                  intcode_body 001C2C
__psmallconst                    smallconst   000800
__ptext0                         text0        001426
__ptext1                         text1        001EA2
__ptext10                        text10       001FB2
__ptext11                        text11       001FBC
__ptext12                        text12       001FD0
__ptext13                        text13       001FD8
__ptext14                        text14       00080E
__ptext15                        text15       001BE0
__ptext16                        text16       001F1C
__ptext17                        text17       0016EA
__ptext18                        text18       001FE6
__ptext19                        text19       001F40
__ptext2                         text2        001ED0
__ptext20                        text20       001EF6
__ptext21                        text21       00184E
__ptext22                        text22       001B90
__ptext23                        text23       001D88
__ptext24                        text24       002004
__ptext25                        text25       002008
__ptext26                        text26       00200C
__ptext27                        text27       002010
__ptext28                        text28       002014
__ptext29                        text29       002018
__ptext3                         text3        001982
__ptext30                        text30       00201C
__ptext31                        text31       002020
__ptext32                        text32       002024
__ptext33                        text33       002028
__ptext34                        text34       000E3E
__ptext35                        text35       001E40
__ptext36                        text36       0018EE
__ptext37                        text37       001D04
__ptext38                        text38       001B3E
__ptext39                        text39       001618
__ptext4                         text4        001F96
__ptext40                        text40       001DC8
__ptext41                        text41       0010DE
__ptext42                        text42       001524
__ptext43                        text43       001A02
__ptext44                        text44       001E08
__ptext45                        text45       0017A0
__ptext47                        text47       001C74
__ptext48                        text48       001CBC
__ptext49                        text49       001AE6
__ptext5                         text5        001E72
__ptext50                        text50       001D46
__ptext51                        text51       001FEC
__ptext52                        text52       001FF2
__ptext53                        text53       001FF8
__ptext54                        text54       001FFE
__ptext55                        text55       001FC6
__ptext56                        text56       000000
__ptext6                         text6        001F7A
__ptext7                         text7        001FA8
__ptext8                         text8        001286
__ptext9                         text9        001FE0
__ramtop                         ramtop       000800
__size_of_INTERRUPCION           (abs)        000000
__size_of___awtoft               (abs)        000000
__size_of___ftadd                (abs)        000000
__size_of___ftge                 (abs)        000000
__size_of___ftmul                (abs)        000000
__size_of___ftpack               (abs)        000000
__size_of___ftsub                (abs)        000000
__size_of___fttol                (abs)        000000
__size_of___lwdiv                (abs)        000000
__size_of___lwmod                (abs)        000000
__size_of___lwtoft               (abs)        000000
__size_of___wmul                 (abs)        000000
__size_of__mpap_off              (abs)        000000
__size_of__mpap_step1            (abs)        000000
__size_of__mpap_step2            (abs)        000000
__size_of__mpap_step3            (abs)        000000
__size_of__mpap_step4            (abs)        000000
__size_of_disp_show_quantity     (abs)        000000
__size_of_display7s_init         (abs)        000000
__size_of_display7s_job          (abs)        000000
__size_of_ikb_flush              (abs)        000000
__size_of_ikb_init               (abs)        000000
__size_of_ikb_job                (abs)        000000
__size_of_ikb_key_is_ready2read  (abs)        000000
__size_of_ikey_clear_all_flag    (abs)        000000
__size_of_ikey_is_accessible     (abs)        000000
__size_of_ikey_parsing           (abs)        000000
__size_of_ikey_scan              (abs)        000000
__size_of_itoa                   (abs)        000000
__size_of_keyRead_pin_key1       (abs)        000000
__size_of_keyRead_pin_key2       (abs)        000000
__size_of_keyRead_pin_key3       (abs)        000000
__size_of_keyRead_pin_key4       (abs)        000000
__size_of_keyRead_pin_key5       (abs)        000000
__size_of_main                   (abs)        000000
__size_of_mpap_do1step           (abs)        000000
__size_of_mpap_homming           (abs)        000000
__size_of_mpap_job               (abs)        000000
__size_of_mpap_normal_mode       (abs)        000000
__size_of_mpap_setupToHomming    (abs)        000000
__size_of_mpap_setupToTurn       (abs)        000000
__size_of_mpap_sych              (abs)        000000
__size_of_multiplexedDisp0_off   (abs)        000000
__size_of_multiplexedDisp0_on    (abs)        000000
__size_of_multiplexedDisp1_off   (abs)        000000
__size_of_multiplexedDisp1_on    (abs)        000000
__size_of_multiplexedDisp2_off   (abs)        000000
__size_of_multiplexedDisp2_on    (abs)        000000
__size_of_multiplexedDisp3_off   (abs)        000000
__size_of_multiplexedDisp3_on    (abs)        000000
__size_of_multiplexedDisp4_off   (abs)        000000
__size_of_multiplexedDisp4_on    (abs)        000000
__size_of_multiplexedDisp_init   (abs)        000000
__size_of_multiplexedDisp_job    (abs)        000000
__size_of_nozzle_moveto          (abs)        000000
__size_of_utoa                   (abs)        000000
__smallconst                     smallconst   000800
_disp_show_quantity              text34       000E3E
_display7s_init                  text22       001B90
_display7s_job                   text20       001EF6
_group_x                         bssBANK0     0000B0
_ikb_flush                       text18       001FE6
_ikb_init                        text17       0016EA
_ikb_job                         text7        001FA8
_ikb_key_is_ready2read           text6        001F7A
_ikey_clear_all_flag             text19       001F40
_ikey_is_accessible              text15       001BE0
_ikey_parsing                    text14       00080E
_ikey_scan                       text8        001286
_isr_flag                        bssCOMRAM    000043
_itoa                            text35       001E40
_key                             bssBANK0     000060
_keyRead_pin_key1                text12       001FD0
_keyRead_pin_key2                text11       001FBC
_keyRead_pin_key3                text10       001FB2
_keyRead_pin_key4                text9        001FE0
_keyRead_pin_key5                text13       001FD8
_main                            text0        001426
_main_flag                       bssCOMRAM    000042
_mpap                            bssCOMRAM    000037
_mpap_do1step                    text50       001D46
_mpap_homming                    text49       001AE6
_mpap_job                        text47       001C74
_mpap_normal_mode                text48       001CBC
_mpap_off                        dataCOMRAM   000044
_mpap_setupToHomming             text4        001F96
_mpap_setupToTurn                text5        001E72
_mpap_setupToTurn$413            cstackCOMRAM 000013
_mpap_step                       dataBANK0    0000C9
_mpap_sych                       text3        001982
_multiplexedDisp                 dataBANK0    0000B5
_multiplexedDisp0_off            text32       002024
_multiplexedDisp0_on             text31       002020
_multiplexedDisp1_off            text30       00201C
_multiplexedDisp1_on             text29       002018
_multiplexedDisp2_off            text28       002014
_multiplexedDisp2_on             text27       002010
_multiplexedDisp3_off            text26       00200C
_multiplexedDisp3_on             text25       002008
_multiplexedDisp4_off            text24       002004
_multiplexedDisp4_on             text33       002028
_multiplexedDisp_init            text23       001D88
_multiplexedDisp_job             text21       00184E
_nozzle_moveto                   text1        001EA2
_pulsonic                        bssBANK1     000100
_utoa                            text36       0018EE
btemp                            temp         000047
disp_show_quantity@I             cstackBANK0  0000E1
disp_show_quantity@buff          cstackBANK0  0000D1
disp_show_quantity@f             cstackCOMRAM 000031
disp_show_quantity@i             cstackBANK0  0000E3
disp_show_quantity@last_pos      cstackBANK0  0000E0
disp_show_quantity@num           cstackBANK0  0000DE
disp_show_quantity@q             cstackBANK0  0000DF
disp_show_quantity@real          cstackBANK0  0000DB
display7s_job@q                  bssCOMRAM    00003F
end_of_initialization            cinit        001AD8
ikb_init@i                       cstackCOMRAM 00000B
ikb_key_is_ready2read@k          cstackCOMRAM 00000B
ikey_clear_all_flag@i            cstackCOMRAM 00000B
ikey_is_accessible@k             cstackCOMRAM 00000D
ikey_parsing@k                   cstackCOMRAM 000023
ikey_scan@k                      cstackCOMRAM 00000C
int$flags                        temp         000047
int_func                         intcode_body 001C2C
intlevel0                        text         000000
intlevel1                        text         000000
intlevel2                        text         000000
intlevel3                        text         000000
itoa@base                        cstackCOMRAM 00001D
itoa@buf                         cstackCOMRAM 00001A
itoa@val                         cstackCOMRAM 00001B
main@c_access_disp               cstackCOMRAM 000036
main@c_access_kb                 cstackCOMRAM 000035
mpap_do1step@KI                  cstackCOMRAM 000001
mpap_do1step@i                   dataCOMRAM   000046
mpap_homming@cod_ret             cstackCOMRAM 000003
mpap_normal_mode@cod_ret         cstackCOMRAM 000002
mpap_setupToTurn@numSteps_tomove cstackCOMRAM 000011
mpap_sych@c                      bssCOMRAM    000040
mpap_sych@sm0                    bssCOMRAM    000041
multiplexedDisp_init@i           cstackCOMRAM 00000B
multiplexedDisp_job@i            cstackCOMRAM 000012
multiplexedDisp_job@q            cstackCOMRAM 000011
nozzle_moveto@nozzle             cstackCOMRAM 000015
stackhi                          (abs)        0007FF
stacklo                          (abs)        00017B
start                            init         00000E
start_initialization             cinit        001A76
ttemp5                           temp         000048
ttemp6                           temp         00004B
ttemp7                           temp         00004F
utoa@base                        cstackCOMRAM 000015
utoa@buf                         cstackCOMRAM 000012
utoa@c                           cstackCOMRAM 000019
utoa@v                           cstackCOMRAM 000017
utoa@val                         cstackCOMRAM 000013
wtemp8                           temp         000048


FUNCTION INFORMATION:

 *************** function _main *****************
 Defined at:
		line 49 in file "main.c"
 Parameters:    Size  Location     Type
		None
 Auto vars:     Size  Location     Type
  c_access_dis    1   53[COMRAM] char 
  c_access_kb     1   52[COMRAM] char 
 Return value:  Size  Location     Type
                  1    wreg      void 
 Registers used:
		wreg, fsr1l, fsr1h, fsr2l, fsr2h, status,2, status,0, pclath, tosl, tblptrl, tblptrh, tblptru, prodl, prodh, cstack
 Tracked objects:
		On entry : 
		On exit  : 
		Unchanged: 
 Data sizes:     COMRAM   BANK0   BANK1   BANK2   BANK3   BANK4   BANK5   BANK6   BANK7
      Params:         0       0       0       0       0       0       0       0       0
      Locals:         2       0       0       0       0       0       0       0       0
      Temps:          0       0       0       0       0       0       0       0       0
      Totals:         2       0       0       0       0       0       0       0       0
Total ram usage:        2 bytes
 Hardware stack levels required when called:    9
 This function calls:
		_disp_show_quantity
		_display7s_init
		_display7s_job
		_ikb_flush
		_ikb_init
		_ikb_job
		_ikb_key_is_ready2read
		_mpap_setupToHomming
		_mpap_sych
		_nozzle_moveto
 This function is called by:
		Startup code after reset
 This function uses a non-reentrant model


 *************** function _nozzle_moveto *****************
 Defined at:
		line 111 in file "mpap.c"
 Parameters:    Size  Location     Type
  nozzle          1    wreg     char 
 Auto vars:     Size  Location     Type
  nozzle          1   20[COMRAM] char 
 Return value:  Size  Location     Type
                  1    wreg      void 
 Registers used:
		wreg, status,2, status,0, prodl, prodh, cstack
 Tracked objects:
		On entry : 
		On exit  : 
		Unchanged: 
 Data sizes:     COMRAM   BANK0   BANK1   BANK2   BANK3   BANK4   BANK5   BANK6   BANK7
      Params:         0       0       0       0       0       0       0       0       0
      Locals:         1       0       0       0       0       0       0       0       0
      Temps:          0       0       0       0       0       0       0       0       0
      Totals:         1       0       0       0       0       0       0       0       0
Total ram usage:        1 bytes
 Hardware stack levels used:    1
 Hardware stack levels required when called:    6
 This function calls:
		___wmul
		_mpap_setupToTurn
 This function is called by:
		_main
 This function uses a non-reentrant model


 *************** function ___wmul *****************
 Defined at:
		line 15 in file "/opt/microchip/xc8/v2.05/pic/sources/c90/common/Umul16.c"
 Parameters:    Size  Location     Type
  multiplier      2   10[COMRAM] unsigned int 
  multiplicand    2   12[COMRAM] unsigned int 
 Auto vars:     Size  Location     Type
  product         2   14[COMRAM] unsigned int 
 Return value:  Size  Location     Type
                  2   10[COMRAM] unsigned int 
 Registers used:
		wreg, status,2, status,0, prodl, prodh
 Tracked objects:
		On entry : 
		On exit  : 
		Unchanged: 
 Data sizes:     COMRAM   BANK0   BANK1   BANK2   BANK3   BANK4   BANK5   BANK6   BANK7
      Params:         4       0       0       0       0       0       0       0       0
      Locals:         2       0       0       0       0       0       0       0       0
      Temps:          0       0       0       0       0       0       0       0       0
      Totals:         6       0       0       0       0       0       0       0       0
Total ram usage:        6 bytes
 Hardware stack levels used:    1
 Hardware stack levels required when called:    5
 This function calls:
		Nothing
 This function is called by:
		_nozzle_moveto
 This function uses a non-reentrant model


 *************** function _mpap_sych *****************
 Defined at:
		line 160 in file "main.c"
 Parameters:    Size  Location     Type
		None
 Auto vars:     Size  Location     Type
		None
 Return value:  Size  Location     Type
                  1    wreg      void 
 Registers used:
		wreg, status,2, status,0
 Tracked objects:
		On entry : 
		On exit  : 
		Unchanged: 
 Data sizes:     COMRAM   BANK0   BANK1   BANK2   BANK3   BANK4   BANK5   BANK6   BANK7
      Params:         0       0       0       0       0       0       0       0       0
      Locals:         0       0       0       0       0       0       0       0       0
      Temps:          0       0       0       0       0       0       0       0       0
      Totals:         0       0       0       0       0       0       0       0       0
Total ram usage:        0 bytes
 Hardware stack levels used:    1
 Hardware stack levels required when called:    5
 This function calls:
		Nothing
 This function is called by:
		_main
 This function uses a non-reentrant model


 *************** function _mpap_setupToHomming *****************
 Defined at:
		line 101 in file "mpap.c"
 Parameters:    Size  Location     Type
		None
 Auto vars:     Size  Location     Type
		None
 Return value:  Size  Location     Type
                  1    wreg      void 
 Registers used:
		wreg, status,2, status,0, cstack
 Tracked objects:
		On entry : 
		On exit  : 
		Unchanged: 
 Data sizes:     COMRAM   BANK0   BANK1   BANK2   BANK3   BANK4   BANK5   BANK6   BANK7
      Params:         0       0       0       0       0       0       0       0       0
      Locals:         0       0       0       0       0       0       0       0       0
      Temps:          0       0       0       0       0       0       0       0       0
      Totals:         0       0       0       0       0       0       0       0       0
Total ram usage:        0 bytes
 Hardware stack levels used:    1
 Hardware stack levels required when called:    6
 This function calls:
		_mpap_setupToTurn
 This function is called by:
		_main
 This function uses a non-reentrant model


 *************** function _mpap_setupToTurn *****************
 Defined at:
		line 89 in file "mpap.c"
 Parameters:    Size  Location     Type
  numSteps_tom    2   16[COMRAM] int 
 Auto vars:     Size  Location     Type
		None
 Return value:  Size  Location     Type
                  1    wreg      void 
 Registers used:
		wreg, status,2, status,0
 Tracked objects:
		On entry : 
		On exit  : 
		Unchanged: 
 Data sizes:     COMRAM   BANK0   BANK1   BANK2   BANK3   BANK4   BANK5   BANK6   BANK7
      Params:         2       0       0       0       0       0       0       0       0
      Locals:         2       0       0       0       0       0       0       0       0
      Temps:          0       0       0       0       0       0       0       0       0
      Totals:         4       0       0       0       0       0       0       0       0
Total ram usage:        4 bytes
 Hardware stack levels used:    1
 Hardware stack levels required when called:    5
 This function calls:
		Nothing
 This function is called by:
		_mpap_setupToHomming
		_nozzle_moveto
 This function uses a non-reentrant model


 *************** function _ikb_key_is_ready2read *****************
 Defined at:
		line 427 in file "../../../../../../FIRWAR/eslibrary/ikb/ikb.c"
 Parameters:    Size  Location     Type
  k               1    wreg     unsigned char 
 Auto vars:     Size  Location     Type
  k               1   10[COMRAM] unsigned char 
 Return value:  Size  Location     Type
                  1    wreg      unsigned char 
 Registers used:
		wreg, fsr2l, fsr2h, status,2, status,0, prodl, prodh
 Tracked objects:
		On entry : 
		On exit  : 
		Unchanged: 
 Data sizes:     COMRAM   BANK0   BANK1   BANK2   BANK3   BANK4   BANK5   BANK6   BANK7
      Params:         0       0       0       0       0       0       0       0       0
      Locals:         1       0       0       0       0       0       0       0       0
      Temps:          0       0       0       0       0       0       0       0       0
      Totals:         1       0       0       0       0       0       0       0       0
Total ram usage:        1 bytes
 Hardware stack levels used:    1
 Hardware stack levels required when called:    5
 This function calls:
		Nothing
 This function is called by:
		_main
 This function uses a non-reentrant model


 *************** function _ikb_job *****************
 Defined at:
		line 414 in file "../../../../../../FIRWAR/eslibrary/ikb/ikb.c"
 Parameters:    Size  Location     Type
		None
 Auto vars:     Size  Location     Type
		None
 Return value:  Size  Location     Type
                  1    wreg      void 
 Registers used:
		wreg, fsr1l, fsr1h, fsr2l, fsr2h, status,2, status,0, pclath, tosl, prodl, prodh, cstack
 Tracked objects:
		On entry : 
		On exit  : 
		Unchanged: 
 Data sizes:     COMRAM   BANK0   BANK1   BANK2   BANK3   BANK4   BANK5   BANK6   BANK7
      Params:         0       0       0       0       0       0       0       0       0
      Locals:         0       0       0       0       0       0       0       0       0
      Temps:          0       0       0       0       0       0       0       0       0
      Totals:         0       0       0       0       0       0       0       0       0
Total ram usage:        0 bytes
 Hardware stack levels used:    1
 Hardware stack levels required when called:    8
 This function calls:
		_ikey_parsing
		_ikey_scan
 This function is called by:
		_main
 This function uses a non-reentrant model


 *************** function _ikey_scan *****************
 Defined at:
		line 449 in file "../../../../../../FIRWAR/eslibrary/ikb/ikb.c"
 Parameters:    Size  Location     Type
		None
 Auto vars:     Size  Location     Type
  k               1   11[COMRAM] char 
 Return value:  Size  Location     Type
                  1    wreg      void 
 Registers used:
		wreg, fsr2l, fsr2h, status,2, status,0, pclath, tosl, prodl, prodh, cstack
 Tracked objects:
		On entry : 
		On exit  : 
		Unchanged: 
 Data sizes:     COMRAM   BANK0   BANK1   BANK2   BANK3   BANK4   BANK5   BANK6   BANK7
      Params:         0       0       0       0       0       0       0       0       0
      Locals:         1       0       0       0       0       0       0       0       0
      Temps:          1       0       0       0       0       0       0       0       0
      Totals:         2       0       0       0       0       0       0       0       0
Total ram usage:        2 bytes
 Hardware stack levels used:    1
 Hardware stack levels required when called:    6
 This function calls:
		_keyRead_pin_key1
		_keyRead_pin_key2
		_keyRead_pin_key3
		_keyRead_pin_key4
		_keyRead_pin_key5
 This function is called by:
		_ikb_job
 This function uses a non-reentrant model


 *************** function _keyRead_pin_key4 *****************
 Defined at:
		line 206 in file "../../../../../../FIRWAR/eslibrary/ikb/ikb.c"
 Parameters:    Size  Location     Type
		None
 Auto vars:     Size  Location     Type
		None
 Return value:  Size  Location     Type
                  1    wreg      unsigned char 
 Registers used:
		wreg, status,2, status,0
 Tracked objects:
		On entry : 
		On exit  : 
		Unchanged: 
 Data sizes:     COMRAM   BANK0   BANK1   BANK2   BANK3   BANK4   BANK5   BANK6   BANK7
      Params:         0       0       0       0       0       0       0       0       0
      Locals:         0       0       0       0       0       0       0       0       0
      Temps:          0       0       0       0       0       0       0       0       0
      Totals:         0       0       0       0       0       0       0       0       0
Total ram usage:        0 bytes
 Hardware stack levels used:    1
 Hardware stack levels required when called:    5
 This function calls:
		Nothing
 This function is called by:
		_ikb_init
		_ikey_scan
 This function uses a non-reentrant model


 *************** function _keyRead_pin_key3 *****************
 Defined at:
		line 202 in file "../../../../../../FIRWAR/eslibrary/ikb/ikb.c"
 Parameters:    Size  Location     Type
		None
 Auto vars:     Size  Location     Type
		None
 Return value:  Size  Location     Type
                  1    wreg      unsigned char 
 Registers used:
		wreg, status,2, status,0
 Tracked objects:
		On entry : 
		On exit  : 
		Unchanged: 
 Data sizes:     COMRAM   BANK0   BANK1   BANK2   BANK3   BANK4   BANK5   BANK6   BANK7
      Params:         0       0       0       0       0       0       0       0       0
      Locals:         0       0       0       0       0       0       0       0       0
      Temps:          0       0       0       0       0       0       0       0       0
      Totals:         0       0       0       0       0       0       0       0       0
Total ram usage:        0 bytes
 Hardware stack levels used:    1
 Hardware stack levels required when called:    5
 This function calls:
		Nothing
 This function is called by:
		_ikb_init
		_ikey_scan
 This function uses a non-reentrant model


 *************** function _keyRead_pin_key2 *****************
 Defined at:
		line 198 in file "../../../../../../FIRWAR/eslibrary/ikb/ikb.c"
 Parameters:    Size  Location     Type
		None
 Auto vars:     Size  Location     Type
		None
 Return value:  Size  Location     Type
                  1    wreg      unsigned char 
 Registers used:
		wreg, status,2, status,0
 Tracked objects:
		On entry : 
		On exit  : 
		Unchanged: 
 Data sizes:     COMRAM   BANK0   BANK1   BANK2   BANK3   BANK4   BANK5   BANK6   BANK7
      Params:         0       0       0       0       0       0       0       0       0
      Locals:         0       0       0       0       0       0       0       0       0
      Temps:          0       0       0       0       0       0       0       0       0
      Totals:         0       0       0       0       0       0       0       0       0
Total ram usage:        0 bytes
 Hardware stack levels used:    1
 Hardware stack levels required when called:    5
 This function calls:
		Nothing
 This function is called by:
		_ikb_init
		_ikey_scan
 This function uses a non-reentrant model


 *************** function _keyRead_pin_key1 *****************
 Defined at:
		line 194 in file "../../../../../../FIRWAR/eslibrary/ikb/ikb.c"
 Parameters:    Size  Location     Type
		None
 Auto vars:     Size  Location     Type
		None
 Return value:  Size  Location     Type
                  1    wreg      unsigned char 
 Registers used:
		wreg, status,2, status,0
 Tracked objects:
		On entry : 
		On exit  : 
		Unchanged: 
 Data sizes:     COMRAM   BANK0   BANK1   BANK2   BANK3   BANK4   BANK5   BANK6   BANK7
      Params:         0       0       0       0       0       0       0       0       0
      Locals:         0       0       0       0       0       0       0       0       0
      Temps:          0       0       0       0       0       0       0       0       0
      Totals:         0       0       0       0       0       0       0       0       0
Total ram usage:        0 bytes
 Hardware stack levels used:    1
 Hardware stack levels required when called:    5
 This function calls:
		Nothing
 This function is called by:
		_ikb_init
		_ikey_scan
 This function uses a non-reentrant model


 *************** function _keyRead_pin_key5 *****************
 Defined at:
		line 210 in file "../../../../../../FIRWAR/eslibrary/ikb/ikb.c"
 Parameters:    Size  Location     Type
		None
 Auto vars:     Size  Location     Type
		None
 Return value:  Size  Location     Type
                  1    wreg      unsigned char 
 Registers used:
		wreg, status,2, status,0
 Tracked objects:
		On entry : 
		On exit  : 
		Unchanged: 
 Data sizes:     COMRAM   BANK0   BANK1   BANK2   BANK3   BANK4   BANK5   BANK6   BANK7
      Params:         0       0       0       0       0       0       0       0       0
      Locals:         0       0       0       0       0       0       0       0       0
      Temps:          0       0       0       0       0       0       0       0       0
      Totals:         0       0       0       0       0       0       0       0       0
Total ram usage:        0 bytes
 Hardware stack levels used:    1
 Hardware stack levels required when called:    5
 This function calls:
		Nothing
 This function is called by:
		_ikb_init
		_ikey_scan
 This function uses a non-reentrant model


 *************** function _ikey_parsing *****************
 Defined at:
		line 545 in file "../../../../../../FIRWAR/eslibrary/ikb/ikb.c"
 Parameters:    Size  Location     Type
		None
 Auto vars:     Size  Location     Type
  k               1   34[COMRAM] unsigned char 
 Return value:  Size  Location     Type
                  1    wreg      void 
 Registers used:
		wreg, fsr1l, fsr1h, fsr2l, fsr2h, status,2, status,0, prodl, prodh, cstack
 Tracked objects:
		On entry : 
		On exit  : 
		Unchanged: 
 Data sizes:     COMRAM   BANK0   BANK1   BANK2   BANK3   BANK4   BANK5   BANK6   BANK7
      Params:         0       0       0       0       0       0       0       0       0
      Locals:         1       0       0       0       0       0       0       0       0
      Temps:          4       0       0       0       0       0       0       0       0
      Totals:         5       0       0       0       0       0       0       0       0
Total ram usage:        5 bytes
 Hardware stack levels used:    1
 Hardware stack levels required when called:    7
 This function calls:
		___ftge
		___lwtoft
		_ikey_is_accessible
 This function is called by:
		_ikb_job
 This function uses a non-reentrant model


 *************** function _ikey_is_accessible *****************
 Defined at:
		line 510 in file "../../../../../../FIRWAR/eslibrary/ikb/ikb.c"
 Parameters:    Size  Location     Type
  k               1    wreg     unsigned char 
 Auto vars:     Size  Location     Type
  k               1   12[COMRAM] unsigned char 
 Return value:  Size  Location     Type
                  1    wreg      unsigned char 
 Registers used:
		wreg, fsr2l, fsr2h, status,2, status,0, prodl, prodh
 Tracked objects:
		On entry : 
		On exit  : 
		Unchanged: 
 Data sizes:     COMRAM   BANK0   BANK1   BANK2   BANK3   BANK4   BANK5   BANK6   BANK7
      Params:         0       0       0       0       0       0       0       0       0
      Locals:         1       0       0       0       0       0       0       0       0
      Temps:          2       0       0       0       0       0       0       0       0
      Totals:         3       0       0       0       0       0       0       0       0
Total ram usage:        3 bytes
 Hardware stack levels used:    1
 Hardware stack levels required when called:    5
 This function calls:
		Nothing
 This function is called by:
		_ikey_parsing
 This function uses a non-reentrant model


 *************** function ___lwtoft *****************
 Defined at:
		line 28 in file "/opt/microchip/xc8/v2.05/pic/sources/c90/common/lwtoft.c"
 Parameters:    Size  Location     Type
  c               2   18[COMRAM] unsigned int 
 Auto vars:     Size  Location     Type
		None
 Return value:  Size  Location     Type
                  3   18[COMRAM] float 
 Registers used:
		wreg, status,2, status,0, cstack
 Tracked objects:
		On entry : 
		On exit  : 
		Unchanged: 
 Data sizes:     COMRAM   BANK0   BANK1   BANK2   BANK3   BANK4   BANK5   BANK6   BANK7
      Params:         3       0       0       0       0       0       0       0       0
      Locals:         0       0       0       0       0       0       0       0       0
      Temps:          0       0       0       0       0       0       0       0       0
      Totals:         3       0       0       0       0       0       0       0       0
Total ram usage:        3 bytes
 Hardware stack levels used:    1
 Hardware stack levels required when called:    6
 This function calls:
		___ftpack
 This function is called by:
		_ikey_parsing
 This function uses a non-reentrant model


 *************** function _ikb_init *****************
 Defined at:
		line 217 in file "../../../../../../FIRWAR/eslibrary/ikb/ikb.c"
 Parameters:    Size  Location     Type
		None
 Auto vars:     Size  Location     Type
  i               1   10[COMRAM] char 
 Return value:  Size  Location     Type
                  1    wreg      void 
 Registers used:
		wreg, fsr2l, fsr2h, status,2, status,0, prodl, prodh
 Tracked objects:
		On entry : 
		On exit  : 
		Unchanged: 
 Data sizes:     COMRAM   BANK0   BANK1   BANK2   BANK3   BANK4   BANK5   BANK6   BANK7
      Params:         0       0       0       0       0       0       0       0       0
      Locals:         1       0       0       0       0       0       0       0       0
      Temps:          0       0       0       0       0       0       0       0       0
      Totals:         1       0       0       0       0       0       0       0       0
Total ram usage:        1 bytes
 Hardware stack levels used:    1
 Hardware stack levels required when called:    5
 This function calls:
		Nothing
 This function is called by:
		_main
 This function uses a non-reentrant model


 *************** function _ikb_flush *****************
 Defined at:
		line 419 in file "../../../../../../FIRWAR/eslibrary/ikb/ikb.c"
 Parameters:    Size  Location     Type
		None
 Auto vars:     Size  Location     Type
		None
 Return value:  Size  Location     Type
                  1    wreg      void 
 Registers used:
		wreg, fsr2l, fsr2h, status,2, status,0, prodl, prodh, cstack
 Tracked objects:
		On entry : 
		On exit  : 
		Unchanged: 
 Data sizes:     COMRAM   BANK0   BANK1   BANK2   BANK3   BANK4   BANK5   BANK6   BANK7
      Params:         0       0       0       0       0       0       0       0       0
      Locals:         0       0       0       0       0       0       0       0       0
      Temps:          0       0       0       0       0       0       0       0       0
      Totals:         0       0       0       0       0       0       0       0       0
Total ram usage:        0 bytes
 Hardware stack levels used:    1
 Hardware stack levels required when called:    6
 This function calls:
		_ikey_clear_all_flag
 This function is called by:
		_main
 This function uses a non-reentrant model


 *************** function _ikey_clear_all_flag *****************
 Defined at:
		line 761 in file "../../../../../../FIRWAR/eslibrary/ikb/ikb.c"
 Parameters:    Size  Location     Type
		None
 Auto vars:     Size  Location     Type
  i               1   10[COMRAM] unsigned char 
 Return value:  Size  Location     Type
                  1    wreg      void 
 Registers used:
		wreg, fsr2l, fsr2h, status,2, status,0, prodl, prodh
 Tracked objects:
		On entry : 
		On exit  : 
		Unchanged: 
 Data sizes:     COMRAM   BANK0   BANK1   BANK2   BANK3   BANK4   BANK5   BANK6   BANK7
      Params:         0       0       0       0       0       0       0       0       0
      Locals:         1       0       0       0       0       0       0       0       0
      Temps:          0       0       0       0       0       0       0       0       0
      Totals:         1       0       0       0       0       0       0       0       0
Total ram usage:        1 bytes
 Hardware stack levels used:    1
 Hardware stack levels required when called:    5
 This function calls:
		Nothing
 This function is called by:
		_ikb_flush
 This function uses a non-reentrant model


 *************** function _display7s_job *****************
 Defined at:
		line 178 in file "pulsonic.c"
 Parameters:    Size  Location     Type
		None
 Auto vars:     Size  Location     Type
		None
 Return value:  Size  Location     Type
                  1    wreg      void 
 Registers used:
		wreg, fsr2l, fsr2h, status,2, status,0, pclath, tosl, prodl, prodh, cstack
 Tracked objects:
		On entry : 
		On exit  : 
		Unchanged: 
 Data sizes:     COMRAM   BANK0   BANK1   BANK2   BANK3   BANK4   BANK5   BANK6   BANK7
      Params:         0       0       0       0       0       0       0       0       0
      Locals:         0       0       0       0       0       0       0       0       0
      Temps:          0       0       0       0       0       0       0       0       0
      Totals:         0       0       0       0       0       0       0       0       0
Total ram usage:        0 bytes
 Hardware stack levels used:    1
 Hardware stack levels required when called:    7
 This function calls:
		_multiplexedDisp_job
 This function is called by:
		_main
 This function uses a non-reentrant model


 *************** function _multiplexedDisp_job *****************
 Defined at:
		line 149 in file "pulsonic.c"
 Parameters:    Size  Location     Type
  q               1    wreg     char 
 Auto vars:     Size  Location     Type
  q               1   16[COMRAM] char 
  i               1   17[COMRAM] char 
 Return value:  Size  Location     Type
                  1    wreg      void 
 Registers used:
		wreg, fsr2l, fsr2h, status,2, status,0, pclath, tosl, prodl, prodh, cstack
 Tracked objects:
		On entry : 
		On exit  : 
		Unchanged: 
 Data sizes:     COMRAM   BANK0   BANK1   BANK2   BANK3   BANK4   BANK5   BANK6   BANK7
      Params:         0       0       0       0       0       0       0       0       0
      Locals:         2       0       0       0       0       0       0       0       0
      Temps:          6       0       0       0       0       0       0       0       0
      Totals:         8       0       0       0       0       0       0       0       0
Total ram usage:        8 bytes
 Hardware stack levels used:    1
 Hardware stack levels required when called:    6
 This function calls:
		_multiplexedDisp0_off
		_multiplexedDisp0_on
		_multiplexedDisp1_off
		_multiplexedDisp1_on
		_multiplexedDisp2_off
		_multiplexedDisp2_on
		_multiplexedDisp3_off
		_multiplexedDisp3_on
		_multiplexedDisp4_off
		_multiplexedDisp4_on
 This function is called by:
		_display7s_job
 This function uses a non-reentrant model


 *************** function _display7s_init *****************
 Defined at:
		line 165 in file "pulsonic.c"
 Parameters:    Size  Location     Type
		None
 Auto vars:     Size  Location     Type
		None
 Return value:  Size  Location     Type
                  1    wreg      void 
 Registers used:
		wreg, fsr2l, fsr2h, status,2, status,0, pclath, tosl, tblptrl, tblptrh, tblptru, prodl, prodh, cstack
 Tracked objects:
		On entry : 
		On exit  : 
		Unchanged: 
 Data sizes:     COMRAM   BANK0   BANK1   BANK2   BANK3   BANK4   BANK5   BANK6   BANK7
      Params:         0       0       0       0       0       0       0       0       0
      Locals:         0       0       0       0       0       0       0       0       0
      Temps:          0       0       0       0       0       0       0       0       0
      Totals:         0       0       0       0       0       0       0       0       0
Total ram usage:        0 bytes
 Hardware stack levels used:    1
 Hardware stack levels required when called:    7
 This function calls:
		_multiplexedDisp_init
 This function is called by:
		_main
 This function uses a non-reentrant model


 *************** function _multiplexedDisp_init *****************
 Defined at:
		line 134 in file "pulsonic.c"
 Parameters:    Size  Location     Type
		None
 Auto vars:     Size  Location     Type
  i               1   10[COMRAM] char 
 Return value:  Size  Location     Type
                  1    wreg      void 
 Registers used:
		wreg, fsr2l, fsr2h, status,2, status,0, pclath, tosl, prodl, prodh, cstack
 Tracked objects:
		On entry : 
		On exit  : 
		Unchanged: 
 Data sizes:     COMRAM   BANK0   BANK1   BANK2   BANK3   BANK4   BANK5   BANK6   BANK7
      Params:         0       0       0       0       0       0       0       0       0
      Locals:         1       0       0       0       0       0       0       0       0
      Temps:          0       0       0       0       0       0       0       0       0
      Totals:         1       0       0       0       0       0       0       0       0
Total ram usage:        1 bytes
 Hardware stack levels used:    1
 Hardware stack levels required when called:    6
 This function calls:
		_multiplexedDisp0_off
		_multiplexedDisp0_on
		_multiplexedDisp1_off
		_multiplexedDisp1_on
		_multiplexedDisp2_off
		_multiplexedDisp2_on
		_multiplexedDisp3_off
		_multiplexedDisp3_on
[...]
 Tracked objects:
		On entry : 
		On exit  : 
		Unchanged: 
 Data sizes:     COMRAM   BANK0   BANK1   BANK2   BANK3   BANK4   BANK5   BANK6   BANK7
      Params:         6       0       0       0       0       0       0       0       0
      Locals:         6       0       0       0       0       0       0       0       0
      Temps:          3       0       0       0       0       0       0       0       0
      Totals:        15       0       0       0       0       0       0       0       0
Total ram usage:       15 bytes
 Hardware stack levels used:    1
 Hardware stack levels required when called:    6
 This function calls:
		___ftpack
 This function is called by:
		_disp_show_quantity
 This function uses a non-reentrant model


 *************** function ___ftge *****************
 Defined at:
		line 4 in file "/opt/microchip/xc8/v2.05/pic/sources/c90/common/ftge.c"
 Parameters:    Size  Location     Type
  ff1             3   21[COMRAM] float 
  ff2             3   24[COMRAM] float 
 Auto vars:     Size  Location     Type
		None
 Return value:  Size  Location     Type
		None               void
 Registers used:
		wreg, status,2, status,0
 Tracked objects:
		On entry : 
		On exit  : 
		Unchanged: 
 Data sizes:     COMRAM   BANK0   BANK1   BANK2   BANK3   BANK4   BANK5   BANK6   BANK7
      Params:         6       0       0       0       0       0       0       0       0
      Locals:         0       0       0       0       0       0       0       0       0
      Temps:          3       0       0       0       0       0       0       0       0
      Totals:         9       0       0       0       0       0       0       0       0
Total ram usage:        9 bytes
 Hardware stack levels used:    1
 Hardware stack levels required when called:    5
 This function calls:
		Nothing
 This function is called by:
		_ikey_parsing
		_disp_show_quantity
 This function uses a non-reentrant model


 *************** function ___awtoft *****************
 Defined at:
		line 32 in file "/opt/microchip/xc8/v2.05/pic/sources/c90/common/awtoft.c"
 Parameters:    Size  Location     Type
  c               2   18[COMRAM] int 
 Auto vars:     Size  Location     Type
  sign            1   21[COMRAM] unsigned char 
 Return value:  Size  Location     Type
                  3   18[COMRAM] float 
 Registers used:
		wreg, status,2, status,0, cstack
 Tracked objects:
		On entry : 
		On exit  : 
		Unchanged: 
 Data sizes:     COMRAM   BANK0   BANK1   BANK2   BANK3   BANK4   BANK5   BANK6   BANK7
      Params:         3       0       0       0       0       0       0       0       0
      Locals:         1       0       0       0       0       0       0       0       0
      Temps:          0       0       0       0       0       0       0       0       0
      Totals:         4       0       0       0       0       0       0       0       0
Total ram usage:        4 bytes
 Hardware stack levels used:    1
 Hardware stack levels required when called:    6
 This function calls:
		___ftpack
 This function is called by:
		_disp_show_quantity
 This function uses a non-reentrant model


 *************** function ___ftpack *****************
 Defined at:
		line 62 in file "/opt/microchip/xc8/v2.05/pic/sources/c90/common/float.c"
 Parameters:    Size  Location     Type
  arg             3   10[COMRAM] unsigned um
  exp             1   13[COMRAM] unsigned char 
  sign            1   14[COMRAM] unsigned char 
 Auto vars:     Size  Location     Type
		None
 Return value:  Size  Location     Type
                  3   10[COMRAM] float 
 Registers used:
		wreg, status,2, status,0
 Tracked objects:
		On entry : 
		On exit  : 
		Unchanged: 
 Data sizes:     COMRAM   BANK0   BANK1   BANK2   BANK3   BANK4   BANK5   BANK6   BANK7
      Params:         5       0       0       0       0       0       0       0       0
      Locals:         0       0       0       0       0       0       0       0       0
      Temps:          3       0       0       0       0       0       0       0       0
      Totals:         8       0       0       0       0       0       0       0       0
Total ram usage:        8 bytes
 Hardware stack levels used:    1
 Hardware stack levels required when called:    5
 This function calls:
		Nothing
 This function is called by:
		___awtoft
		___ftadd
		___ftmul
		___lwtoft
 This function uses a non-reentrant model


 *************** function _INTERRUPCION *****************
 Defined at:
		line 216 in file "main.c"
 Parameters:    Size  Location     Type
		None
 Auto vars:     Size  Location     Type
		None
 Return value:  Size  Location     Type
                  1    wreg      void 
 Registers used:
		wreg, fsr2l, fsr2h, status,2, status,0, pclath, tosl, prodl, prodh, cstack
 Tracked objects:
		On entry : 
		On exit  : 
		Unchanged: 
 Data sizes:     COMRAM   BANK0   BANK1   BANK2   BANK3   BANK4   BANK5   BANK6   BANK7
      Params:         0       0       0       0       0       0       0       0       0
      Locals:         0       0       0       0       0       0       0       0       0
      Temps:          6       0       0       0       0       0       0       0       0
      Totals:         6       0       0       0       0       0       0       0       0
Total ram usage:        6 bytes
 Hardware stack levels used:    1
 Hardware stack levels required when called:    4
 This function calls:
		_mpap_job
 This function is called by:
		Interrupt level 2
 This function uses a non-reentrant model


 *************** function _mpap_job *****************
 Defined at:
		line 193 in file "mpap.c"
 Parameters:    Size  Location     Type
		None
 Auto vars:     Size  Location     Type
  cod_ret         1    0        char 
 Return value:  Size  Location     Type
                  1    wreg      char 
 Registers used:
		wreg, fsr2l, fsr2h, status,2, status,0, pclath, tosl, prodl, prodh, cstack
 Tracked objects:
		On entry : 
		On exit  : 
		Unchanged: 
 Data sizes:     COMRAM   BANK0   BANK1   BANK2   BANK3   BANK4   BANK5   BANK6   BANK7
      Params:         0       0       0       0       0       0       0       0       0
      Locals:         1       0       0       0       0       0       0       0       0
      Temps:          0       0       0       0       0       0       0       0       0
      Totals:         1       0       0       0       0       0       0       0       0
Total ram usage:        1 bytes
 Hardware stack levels used:    1
 Hardware stack levels required when called:    3
 This function calls:
		__mpap_off
		_mpap_homming
		_mpap_normal_mode
 This function is called by:
		_INTERRUPCION
 This function uses a non-reentrant model


 *************** function _mpap_normal_mode *****************
 Defined at:
		line 173 in file "mpap.c"
 Parameters:    Size  Location     Type
		None
 Auto vars:     Size  Location     Type
  cod_ret         1    1[COMRAM] char 
 Return value:  Size  Location     Type
                  1    wreg      char 
 Registers used:
		wreg, fsr2l, fsr2h, status,2, status,0, pclath, tosl, prodl, prodh, cstack
 Tracked objects:
		On entry : 
		On exit  : 
		Unchanged: 
 Data sizes:     COMRAM   BANK0   BANK1   BANK2   BANK3   BANK4   BANK5   BANK6   BANK7
      Params:         0       0       0       0       0       0       0       0       0
      Locals:         1       0       0       0       0       0       0       0       0
      Temps:          0       0       0       0       0       0       0       0       0
      Totals:         1       0       0       0       0       0       0       0       0
Total ram usage:        1 bytes
 Hardware stack levels used:    1
 Hardware stack levels required when called:    2
 This function calls:
		_mpap_do1step
 This function is called by:
		_mpap_job
 This function uses a non-reentrant model


 *************** function _mpap_homming *****************
 Defined at:
		line 150 in file "mpap.c"
 Parameters:    Size  Location     Type
		None
 Auto vars:     Size  Location     Type
  cod_ret         1    2[COMRAM] char 
 Return value:  Size  Location     Type
                  1    wreg      char 
 Registers used:
		wreg, fsr2l, fsr2h, status,2, status,0, pclath, tosl, prodl, prodh, cstack
 Tracked objects:
		On entry : 
		On exit  : 
		Unchanged: 
 Data sizes:     COMRAM   BANK0   BANK1   BANK2   BANK3   BANK4   BANK5   BANK6   BANK7
      Params:         0       0       0       0       0       0       0       0       0
      Locals:         1       0       0       0       0       0       0       0       0
      Temps:          1       0       0       0       0       0       0       0       0
      Totals:         2       0       0       0       0       0       0       0       0
Total ram usage:        2 bytes
 Hardware stack levels used:    1
 Hardware stack levels required when called:    2
 This function calls:
		_mpap_do1step
 This function is called by:
		_mpap_job
 This function uses a non-reentrant model


 *************** function _mpap_do1step *****************
 Defined at:
		line 130 in file "mpap.c"
 Parameters:    Size  Location     Type
  KI              1    wreg     char 
 Auto vars:     Size  Location     Type
  KI              1    0[COMRAM] char 
 Return value:  Size  Location     Type
                  1    wreg      void 
 Registers used:
		wreg, fsr2l, fsr2h, status,2, status,0, pclath, tosl, prodl, prodh, cstack
 Tracked objects:
		On entry : 
		On exit  : 
		Unchanged: 
 Data sizes:     COMRAM   BANK0   BANK1   BANK2   BANK3   BANK4   BANK5   BANK6   BANK7
      Params:         0       0       0       0       0       0       0       0       0
      Locals:         1       0       0       0       0       0       0       0       0
      Temps:          0       0       0       0       0       0       0       0       0
      Totals:         1       0       0       0       0       0       0       0       0
Total ram usage:        1 bytes
 Hardware stack levels used:    1
 Hardware stack levels required when called:    1
 This function calls:
		__mpap_step1
		__mpap_step2
		__mpap_step3
		__mpap_step4
 This function is called by:
		_mpap_homming
		_mpap_normal_mode
 This function uses a non-reentrant model


 *************** function __mpap_step3 *****************
 Defined at:
		line 51 in file "mpap.c"
 Parameters:    Size  Location     Type
		None
 Auto vars:     Size  Location     Type
		None
 Return value:  Size  Location     Type
                  1    wreg      void 
 Registers used:
		wreg, status,2
 Tracked objects:
		On entry : 
		On exit  : 
		Unchanged: 
 Data sizes:     COMRAM   BANK0   BANK1   BANK2   BANK3   BANK4   BANK5   BANK6   BANK7
      Params:         0       0       0       0       0       0       0       0       0
      Locals:         0       0       0       0       0       0       0       0       0
      Temps:          0       0       0       0       0       0       0       0       0
      Totals:         0       0       0       0       0       0       0       0       0
Total ram usage:        0 bytes
 Hardware stack levels used:    1
 This function calls:
		Nothing
 This function is called by:
		_mpap_do1step
 This function uses a non-reentrant model


 *************** function __mpap_step2 *****************
 Defined at:
		line 42 in file "mpap.c"
 Parameters:    Size  Location     Type
		None
 Auto vars:     Size  Location     Type
		None
 Return value:  Size  Location     Type
                  1    wreg      void 
 Registers used:
		wreg, status,2
 Tracked objects:
		On entry : 
		On exit  : 
		Unchanged: 
 Data sizes:     COMRAM   BANK0   BANK1   BANK2   BANK3   BANK4   BANK5   BANK6   BANK7
      Params:         0       0       0       0       0       0       0       0       0
      Locals:         0       0       0       0       0       0       0       0       0
      Temps:          0       0       0       0       0       0       0       0       0
      Totals:         0       0       0       0       0       0       0       0       0
Total ram usage:        0 bytes
 Hardware stack levels used:    1
 This function calls:
		Nothing
 This function is called by:
		_mpap_do1step
 This function uses a non-reentrant model


 *************** function __mpap_step1 *****************
 Defined at:
		line 33 in file "mpap.c"
 Parameters:    Size  Location     Type
		None
 Auto vars:     Size  Location     Type
		None
 Return value:  Size  Location     Type
                  1    wreg      void 
 Registers used:
		wreg, status,2
 Tracked objects:
		On entry : 
		On exit  : 
		Unchanged: 
 Data sizes:     COMRAM   BANK0   BANK1   BANK2   BANK3   BANK4   BANK5   BANK6   BANK7
      Params:         0       0       0       0       0       0       0       0       0
      Locals:         0       0       0       0       0       0       0       0       0
      Temps:          0       0       0       0       0       0       0       0       0
      Totals:         0       0       0       0       0       0       0       0       0
Total ram usage:        0 bytes
 Hardware stack levels used:    1
 This function calls:
		Nothing
 This function is called by:
		_mpap_do1step
 This function uses a non-reentrant model


 *************** function __mpap_step4 *****************
 Defined at:
		line 60 in file "mpap.c"
 Parameters:    Size  Location     Type
		None
 Auto vars:     Size  Location     Type
		None
 Return value:  Size  Location     Type
                  1    wreg      void 
 Registers used:
		wreg, status,2
 Tracked objects:
		On entry : 
		On exit  : 
		Unchanged: 
 Data sizes:     COMRAM   BANK0   BANK1   BANK2   BANK3   BANK4   BANK5   BANK6   BANK7
      Params:         0       0       0       0       0       0       0       0       0
      Locals:         0       0       0       0       0       0       0       0       0
      Temps:          0       0       0       0       0       0       0       0       0
      Totals:         0       0       0       0       0       0       0       0       0
Total ram usage:        0 bytes
 Hardware stack levels used:    1
 This function calls:
		Nothing
 This function is called by:
		_mpap_do1step
 This function uses a non-reentrant model


 *************** function __mpap_off *****************
 Defined at:
		line 75 in file "mpap.c"
 Parameters:    Size  Location     Type
		None
 Auto vars:     Size  Location     Type
		None
 Return value:  Size  Location     Type
                  1    wreg      void 
 Registers used:
		status,2, status,0
 Tracked objects:
		On entry : 
		On exit  : 
		Unchanged: 
 Data sizes:     COMRAM   BANK0   BANK1   BANK2   BANK3   BANK4   BANK5   BANK6   BANK7
      Params:         0       0       0       0       0       0       0       0       0
      Locals:         0       0       0       0       0       0       0       0       0
      Temps:          0       0       0       0       0       0       0       0       0
      Totals:         0       0       0       0       0       0       0       0       0
Total ram usage:        0 bytes
 Hardware stack levels used:    1
 This function calls:
		Nothing
 This function is called by:
		_mpap_job
 This function uses a non-reentrant model



MODULE INFORMATION

Module		Function		Class		Link	Load	Size
/opt/microchip/xc8/v2.05/pic/sources/c90/common/ftadd.c
		___ftadd       		CODE           	10DE	0000	425

/opt/microchip/xc8/v2.05/pic/sources/c90/common/ftadd.c estimated size: 425

/opt/microchip/xc8/v2.05/pic/sources/c90/common/ftsub.c
		___ftsub       		CODE           	1DC8	0000	65

/opt/microchip/xc8/v2.05/pic/sources/c90/common/ftsub.c estimated size: 65

/opt/microchip/xc8/v2.05/pic/sources/c90/common/lwtoft.c
		___lwtoft      		CODE           	1F1C	0000	37

/opt/microchip/xc8/v2.05/pic/sources/c90/common/lwtoft.c estimated size: 37

mpap.c
		_mpap_setupToTurn		CODE           	1E72	0000	49
		_mpap_normal_mode		CODE           	1CBC	0000	73
		_nozzle_moveto 		CODE           	1EA2	0000	47
		_mpap_job      		CODE           	1C74	0000	73
		_mpap_do1step  		CODE           	1D46	0000	67
		__mpap_step1   		CODE           	1FF8	0000	7
		__mpap_step2   		CODE           	1FF2	0000	7
		__mpap_step3   		CODE           	1FEC	0000	7
		__mpap_step4   		CODE           	1FFE	0000	7
		_mpap_setupToHomming		CODE           	1F96	0000	19
		__mpap_off     		CODE           	1FC6	0000	11
		_mpap_homming  		CODE           	1AE6	0000	89

mpap.c estimated size: 456

/opt/microchip/xc8/v2.05/pic/sources/c90/common/ftge.c
		___ftge        		CODE           	1A02	0000	117

/opt/microchip/xc8/v2.05/pic/sources/c90/common/ftge.c estimated size: 117

/opt/microchip/xc8/v2.05/pic/sources/c90/common/float.c
		___ftpack      		CODE           	17A0	0000	175

/opt/microchip/xc8/v2.05/pic/sources/c90/common/float.c estimated size: 175

../../../../../../FIRWAR/eslibrary/ikb/ikb.c
		_ikb_init      		CODE           	16EA	0000	183
		_keyRead_pin_key1		CODE           	1FD0	0000	9
		_keyRead_pin_key2		CODE           	1FBC	0000	11
		_keyRead_pin_key3		CODE           	1FB2	0000	11
		_keyRead_pin_key4		CODE           	1FE0	0000	7
		_keyRead_pin_key5		CODE           	1FD8	0000	9
		_ikb_flush     		CODE           	1FE6	0000	7
		_ikey_is_accessible		CODE           	1BE0	0000	77
		_ikey_scan     		CODE           	1286	0000	417
		_ikb_key_is_ready2read		CODE           	1F7A	0000	29
		_ikey_clear_all_flag		CODE           	1F40	0000	31
		_ikb_job       		CODE           	1FA8	0000	11
		_ikey_parsing  		CODE           	080E	0000	1585

../../../../../../FIRWAR/eslibrary/ikb/ikb.c estimated size: 2387

/opt/microchip/xc8/v2.05/pic/sources/c90/common/lwmod.c
		___lwmod       		CODE           	1D04	0000	67

/opt/microchip/xc8/v2.05/pic/sources/c90/common/lwmod.c estimated size: 67

/opt/microchip/xc8/v2.05/pic/sources/c90/common/ftmul.c
		___ftmul       		CODE           	1524	0000	245

/opt/microchip/xc8/v2.05/pic/sources/c90/common/ftmul.c estimated size: 245

/opt/microchip/xc8/v2.05/pic/sources/c90/common/Umul16.c
		___wmul        		CODE           	1ED0	0000	39

/opt/microchip/xc8/v2.05/pic/sources/c90/common/Umul16.c estimated size: 39

shared
		_DISP7S_NUMS   		SMALLCONST     	0801	0000	11
		_DISP7S_CHARS  		SMALLCONST     	080B	0000	3
		__initialization		CODE           	1A76	0000	99

shared estimated size: 113

/opt/microchip/xc8/v2.05/pic/sources/c90/common/fttol.c
		___fttol       		CODE           	1618	0000	211

/opt/microchip/xc8/v2.05/pic/sources/c90/common/fttol.c estimated size: 211

/opt/microchip/xc8/v2.05/pic/sources/c90/common/lwdiv.c
		___lwdiv       		CODE           	1B3E	0000	83

/opt/microchip/xc8/v2.05/pic/sources/c90/common/lwdiv.c estimated size: 83

pulsonic.c
		_multiplexedDisp_job		CODE           	184E	0000	161
		_multiplexedDisp0_on		CODE           	2020	0000	5
		_multiplexedDisp1_on		CODE           	2018	0000	5
		_multiplexedDisp2_on		CODE           	2010	0000	5
		_multiplexedDisp3_on		CODE           	2008	0000	5
		_multiplexedDisp4_on		CODE           	2028	0000	5
		_display7s_job 		CODE           	1EF6	0000	39
		_multiplexedDisp_init		CODE           	1D88	0000	65
		_disp_show_quantity		CODE           	0E3E	0000	673
		_display7s_init		CODE           	1B90	0000	81
		_multiplexedDisp0_off		CODE           	2024	0000	5
		_multiplexedDisp1_off		CODE           	201C	0000	5
		_multiplexedDisp2_off		CODE           	2014	0000	5
		_multiplexedDisp3_off		CODE           	200C	0000	5
		_multiplexedDisp4_off		CODE           	2004	0000	5

pulsonic.c estimated size: 1069

/opt/microchip/xc8/v2.05/pic/sources/c90/common/itoa.c
		_itoa          		CODE           	1E40	0000	51
		_utoa          		CODE           	18EE	0000	149

/opt/microchip/xc8/v2.05/pic/sources/c90/common/itoa.c estimated size: 200

main.c
		_main          		CODE           	1426	0000	255
		_mpap_sych     		CODE           	1982	0000	129
		_INTERRUPCION  		CODE           	0008	0000	79

main.c estimated size: 463

/opt/microchip/xc8/v2.05/pic/sources/c90/common/awtoft.c
		___awtoft      		CODE           	1E08	0000	57

/opt/microchip/xc8/v2.05/pic/sources/c90/common/awtoft.c estimated size: 57

